WM_CMS
WM_PCG
WM_FTR
WM_SE
WM_FE
WM_CTL
WM_SO
WM_WEC
WM_PNW
WM_SRE
WM_ED
WM_ES
WM_DUK
WM_DTE
WM_RSG
WM_NRG
WM_EXC
WM_AWK
WM_LVLT
WM_AEP
WM_AEE
WM_ETR
WM_KMI
WM_PEG
WM_EIX
WM_PPL
WM_OKE
WM_D
WM_VZ
WM_T
WM_WMB
WM_SCG
WM_NEE
WM_NI
WM_XEL
WM_CNP
CMS_PCG
CMS_FTR
CMS_SE
CMS_FE
CMS_CTL
CMS_SO
CMS_WEC
CMS_PNW
CMS_SRE
CMS_ED
CMS_ES
CMS_DUK
CMS_DTE
CMS_RSG
CMS_NRG
CMS_EXC
CMS_AWK
CMS_LVLT
CMS_AEP
CMS_AEE
CMS_ETR
CMS_KMI
CMS_PEG
CMS_EIX
CMS_PPL
CMS_OKE
CMS_D
CMS_VZ
CMS_T
CMS_WMB
CMS_SCG
CMS_NEE
CMS_NI
CMS_XEL
CMS_CNP
PCG_FTR
PCG_SE
PCG_FE
PCG_CTL
PCG_SO
PCG_WEC
PCG_PNW
PCG_SRE
PCG_ED
PCG_ES
PCG_DUK
PCG_DTE
PCG_RSG
PCG_NRG
PCG_EXC
PCG_AWK
PCG_LVLT
PCG_AEP
PCG_AEE
PCG_ETR
PCG_KMI
PCG_PEG
PCG_EIX
PCG_PPL
PCG_OKE
PCG_D
PCG_VZ
PCG_T
PCG_WMB
PCG_SCG
PCG_NEE
PCG_NI
PCG_XEL
PCG_CNP
FTR_SE
FTR_FE
FTR_CTL
FTR_SO
FTR_WEC
FTR_PNW
FTR_SRE
FTR_ED
FTR_ES
FTR_DUK
FTR_DTE
FTR_RSG
FTR_NRG
FTR_EXC
FTR_AWK
FTR_LVLT
FTR_AEP
FTR_AEE
FTR_ETR
FTR_KMI
FTR_PEG
FTR_EIX
FTR_PPL
FTR_OKE
FTR_D
FTR_VZ
FTR_T
FTR_WMB
FTR_SCG
FTR_NEE
FTR_NI
FTR_XEL
FTR_CNP
SE_FE
SE_CTL
SE_SO
SE_WEC
SE_PNW
SE_SRE
SE_ED
SE_ES
SE_DUK
SE_DTE
SE_RSG
SE_NRG
SE_EXC
SE_AWK
SE_LVLT
SE_AEP
SE_AEE
SE_ETR
SE_KMI
SE_PEG
SE_EIX
SE_PPL
SE_OKE
SE_D
SE_VZ
SE_T
SE_WMB
SE_SCG
SE_NEE
SE_NI
SE_XEL
SE_CNP
FE_CTL
FE_SO
FE_WEC
FE_PNW
FE_SRE
FE_ED
FE_ES
FE_DUK
FE_DTE
FE_RSG
FE_NRG
FE_EXC
FE_AWK
FE_LVLT
FE_AEP
FE_AEE
FE_ETR
FE_KMI
FE_PEG
FE_EIX
FE_PPL
FE_OKE
FE_D
FE_VZ
FE_T
FE_WMB
FE_SCG
FE_NEE
FE_NI
FE_XEL
FE_CNP
CTL_SO
CTL_WEC
CTL_PNW
CTL_SRE
CTL_ED
CTL_ES
CTL_DUK
CTL_DTE
CTL_RSG
CTL_NRG
CTL_EXC
CTL_AWK
CTL_LVLT
CTL_AEP
CTL_AEE
CTL_ETR
CTL_KMI
CTL_PEG
CTL_EIX
CTL_PPL
CTL_OKE
CTL_D
CTL_VZ
CTL_T
CTL_WMB
CTL_SCG
CTL_NEE
CTL_NI
CTL_XEL
CTL_CNP
SO_WEC
SO_PNW
SO_SRE
SO_ED
SO_ES
SO_DUK
SO_DTE
SO_RSG
SO_NRG
SO_EXC
SO_AWK
SO_LVLT
SO_AEP
SO_AEE
SO_ETR
SO_KMI
SO_PEG
SO_EIX
SO_PPL
SO_OKE
SO_D
SO_VZ
SO_T
SO_WMB
SO_SCG
SO_NEE
SO_NI
SO_XEL
SO_CNP
WEC_PNW
WEC_SRE
WEC_ED
WEC_ES
WEC_DUK
WEC_DTE
WEC_RSG
WEC_NRG
WEC_EXC
WEC_AWK
WEC_LVLT
WEC_AEP
WEC_AEE
WEC_ETR
WEC_KMI
WEC_PEG
WEC_EIX
WEC_PPL
WEC_OKE
WEC_D
WEC_VZ
WEC_T
WEC_WMB
WEC_SCG
WEC_NEE
WEC_NI
WEC_XEL
WEC_CNP
PNW_SRE
PNW_ED
PNW_ES
PNW_DUK
PNW_DTE
PNW_RSG
PNW_NRG
PNW_EXC
PNW_AWK
PNW_LVLT
PNW_AEP
PNW_AEE
PNW_ETR
PNW_KMI
PNW_PEG
PNW_EIX
PNW_PPL
PNW_OKE
PNW_D
PNW_VZ
PNW_T
PNW_WMB
PNW_SCG
PNW_NEE
PNW_NI
PNW_XEL
PNW_CNP
SRE_ED
SRE_ES
SRE_DUK
SRE_DTE
SRE_RSG
SRE_NRG
SRE_EXC
SRE_AWK
SRE_LVLT
SRE_AEP
SRE_AEE
SRE_ETR
SRE_KMI
SRE_PEG
SRE_EIX
SRE_PPL
SRE_OKE
SRE_D
SRE_VZ
SRE_T
SRE_WMB
SRE_SCG
SRE_NEE
SRE_NI
SRE_XEL
SRE_CNP
ED_ES
ED_DUK
ED_DTE
ED_RSG
ED_NRG
ED_EXC
ED_AWK
ED_LVLT
ED_AEP
ED_AEE
ED_ETR
ED_KMI
ED_PEG
ED_EIX
ED_PPL
ED_OKE
ED_D
ED_VZ
ED_T
ED_WMB
ED_SCG
ED_NEE
ED_NI
ED_XEL
ED_CNP
ES_DUK
ES_DTE
ES_RSG
ES_NRG
ES_EXC
ES_AWK
ES_LVLT
ES_AEP
ES_AEE
ES_ETR
ES_KMI
ES_PEG
ES_EIX
ES_PPL
ES_OKE
ES_D
ES_VZ
ES_T
ES_WMB
ES_SCG
ES_NEE
ES_NI
ES_XEL
ES_CNP
DUK_DTE
DUK_RSG
DUK_NRG
DUK_EXC
DUK_AWK
DUK_LVLT
DUK_AEP
DUK_AEE
DUK_ETR
DUK_KMI
DUK_PEG
DUK_EIX
DUK_PPL
DUK_OKE
DUK_D
DUK_VZ
DUK_T
DUK_WMB
DUK_SCG
DUK_NEE
DUK_NI
DUK_XEL
DUK_CNP
DTE_RSG
DTE_NRG
DTE_EXC
DTE_AWK
DTE_LVLT
DTE_AEP
DTE_AEE
DTE_ETR
DTE_KMI
DTE_PEG
DTE_EIX
DTE_PPL
DTE_OKE
DTE_D
DTE_VZ
DTE_T
DTE_WMB
DTE_SCG
DTE_NEE
DTE_NI
DTE_XEL
DTE_CNP
RSG_NRG
RSG_EXC
RSG_AWK
RSG_LVLT
RSG_AEP
RSG_AEE
RSG_ETR
RSG_KMI
RSG_PEG
RSG_EIX
RSG_PPL
RSG_OKE
RSG_D
RSG_VZ
RSG_T
RSG_WMB
RSG_SCG
RSG_NEE
RSG_NI
RSG_XEL
RSG_CNP
NRG_EXC
NRG_AWK
NRG_LVLT
NRG_AEP
NRG_AEE
NRG_ETR
NRG_KMI
NRG_PEG
NRG_EIX
NRG_PPL
NRG_OKE
NRG_D
NRG_VZ
NRG_T
NRG_WMB
NRG_SCG
NRG_NEE
NRG_NI
NRG_XEL
NRG_CNP
EXC_AWK
EXC_LVLT
EXC_AEP
EXC_AEE
EXC_ETR
EXC_KMI
EXC_PEG
EXC_EIX
EXC_PPL
EXC_OKE
EXC_D
EXC_VZ
EXC_T
EXC_WMB
EXC_SCG
EXC_NEE
EXC_NI
EXC_XEL
EXC_CNP
AWK_LVLT
AWK_AEP
AWK_AEE
AWK_ETR
AWK_KMI
AWK_PEG
AWK_EIX
AWK_PPL
AWK_OKE
AWK_D
AWK_VZ
AWK_T
AWK_WMB
AWK_SCG
AWK_NEE
AWK_NI
AWK_XEL
AWK_CNP
LVLT_AEP
LVLT_AEE
LVLT_ETR
LVLT_KMI
LVLT_PEG
LVLT_EIX
LVLT_PPL
LVLT_OKE
LVLT_D
LVLT_VZ
LVLT_T
LVLT_WMB
LVLT_SCG
LVLT_NEE
LVLT_NI
LVLT_XEL
LVLT_CNP
AEP_AEE
AEP_ETR
AEP_KMI
AEP_PEG
AEP_EIX
AEP_PPL
AEP_OKE
AEP_D
AEP_VZ
AEP_T
AEP_WMB
AEP_SCG
AEP_NEE
AEP_NI
AEP_XEL
AEP_CNP
AEE_ETR
AEE_KMI
AEE_PEG
AEE_EIX
AEE_PPL
AEE_OKE
AEE_D
AEE_VZ
AEE_T
AEE_WMB
AEE_SCG
AEE_NEE
AEE_NI
AEE_XEL
AEE_CNP
ETR_KMI
ETR_PEG
ETR_EIX
ETR_PPL
ETR_OKE
ETR_D
ETR_VZ
ETR_T
ETR_WMB
ETR_SCG
ETR_NEE
ETR_NI
ETR_XEL
ETR_CNP
KMI_PEG
KMI_EIX
KMI_PPL
KMI_OKE
KMI_D
KMI_VZ
KMI_T
KMI_WMB
KMI_SCG
KMI_NEE
KMI_NI
KMI_XEL
KMI_CNP
PEG_EIX
PEG_PPL
PEG_OKE
PEG_D
PEG_VZ
PEG_T
PEG_WMB
PEG_SCG
PEG_NEE
PEG_NI
PEG_XEL
PEG_CNP
EIX_PPL
EIX_OKE
EIX_D
EIX_VZ
EIX_T
EIX_WMB
EIX_SCG
EIX_NEE
EIX_NI
EIX_XEL
EIX_CNP
PPL_OKE
PPL_D
PPL_VZ
PPL_T
PPL_WMB
PPL_SCG
PPL_NEE
PPL_NI
PPL_XEL
PPL_CNP
OKE_D
OKE_VZ
OKE_T
OKE_WMB
OKE_SCG
OKE_NEE
OKE_NI
OKE_XEL
OKE_CNP
D_VZ
D_T
D_WMB
D_SCG
D_NEE
D_NI
D_XEL
D_CNP
VZ_T
VZ_WMB
VZ_SCG
VZ_NEE
VZ_NI
VZ_XEL
VZ_CNP
T_WMB
T_SCG
T_NEE
T_NI
T_XEL
T_CNP
WMB_SCG
WMB_NEE
WMB_NI
WMB_XEL
WMB_CNP
SCG_NEE
SCG_NI
SCG_XEL
SCG_CNP
NEE_NI
NEE_XEL
NEE_CNP
NI_XEL
NI_CNP
XEL_CNP
