AGN_VRTX
AGN_ENDP
AGN_VAR
AGN_XRAY
AGN_JNJ
AGN_HUM
AGN_HCA
AGN_PRGO
AGN_AMGN
AGN_BSX
AGN_MDT
AGN_MMM
AGN_BAX
AGN_CAH
AGN_LH
AGN_CELG
AGN_ABC
AGN_STJ
AGN_ANTM
AGN_ABT
AGN_MRK
AGN_BMY
AGN_EW
AGN_DGX
AGN_UNH
AGN_WBA
AGN_BIIB
AGN_HOLX
AGN_ALXN
AGN_MCK
AGN_SYK
AGN_AET
AGN_ESRX
AGN_DVA
AGN_BCR
AGN_ZBH
AGN_CI
AGN_ZTS
AGN_PDCO
AGN_CVS
AGN_UHS
AGN_MYL
AGN_HSIC
AGN_REGN
AGN_LLY
AGN_MNK
AGN_BDX
AGN_GILD
AGN_ABBV
AGN_CNC
AGN_ISRG
AGN_PFE
VRTX_ENDP
VRTX_VAR
VRTX_XRAY
VRTX_JNJ
VRTX_HUM
VRTX_HCA
VRTX_PRGO
VRTX_AMGN
VRTX_BSX
VRTX_MDT
VRTX_MMM
VRTX_BAX
VRTX_CAH
VRTX_LH
VRTX_CELG
VRTX_ABC
VRTX_STJ
VRTX_ANTM
VRTX_ABT
VRTX_MRK
VRTX_BMY
VRTX_EW
VRTX_DGX
VRTX_UNH
VRTX_WBA
VRTX_BIIB
VRTX_HOLX
VRTX_ALXN
VRTX_MCK
VRTX_SYK
VRTX_AET
VRTX_ESRX
VRTX_DVA
VRTX_BCR
VRTX_ZBH
VRTX_CI
VRTX_ZTS
VRTX_PDCO
VRTX_CVS
VRTX_UHS
VRTX_MYL
VRTX_HSIC
VRTX_REGN
VRTX_LLY
VRTX_MNK
VRTX_BDX
VRTX_GILD
VRTX_ABBV
VRTX_CNC
VRTX_ISRG
VRTX_PFE
ENDP_VAR
ENDP_XRAY
ENDP_JNJ
ENDP_HUM
ENDP_HCA
ENDP_PRGO
ENDP_AMGN
ENDP_BSX
ENDP_MDT
ENDP_MMM
ENDP_BAX
ENDP_CAH
ENDP_LH
ENDP_CELG
ENDP_ABC
ENDP_STJ
ENDP_ANTM
ENDP_ABT
ENDP_MRK
ENDP_BMY
ENDP_EW
ENDP_DGX
ENDP_UNH
ENDP_WBA
ENDP_BIIB
ENDP_HOLX
ENDP_ALXN
ENDP_MCK
ENDP_SYK
ENDP_AET
ENDP_ESRX
ENDP_DVA
ENDP_BCR
ENDP_ZBH
ENDP_CI
ENDP_ZTS
ENDP_PDCO
ENDP_CVS
ENDP_UHS
ENDP_MYL
ENDP_HSIC
ENDP_REGN
ENDP_LLY
ENDP_MNK
ENDP_BDX
ENDP_GILD
ENDP_ABBV
ENDP_CNC
ENDP_ISRG
ENDP_PFE
VAR_XRAY
VAR_JNJ
VAR_HUM
VAR_HCA
VAR_PRGO
VAR_AMGN
VAR_BSX
VAR_MDT
VAR_MMM
VAR_BAX
VAR_CAH
VAR_LH
VAR_CELG
VAR_ABC
VAR_STJ
VAR_ANTM
VAR_ABT
VAR_MRK
VAR_BMY
VAR_EW
VAR_DGX
VAR_UNH
VAR_WBA
VAR_BIIB
VAR_HOLX
VAR_ALXN
VAR_MCK
VAR_SYK
VAR_AET
VAR_ESRX
VAR_DVA
VAR_BCR
VAR_ZBH
VAR_CI
VAR_ZTS
VAR_PDCO
VAR_CVS
VAR_UHS
VAR_MYL
VAR_HSIC
VAR_REGN
VAR_LLY
VAR_MNK
VAR_BDX
VAR_GILD
VAR_ABBV
VAR_CNC
VAR_ISRG
VAR_PFE
XRAY_JNJ
XRAY_HUM
XRAY_HCA
XRAY_PRGO
XRAY_AMGN
XRAY_BSX
XRAY_MDT
XRAY_MMM
XRAY_BAX
XRAY_CAH
XRAY_LH
XRAY_CELG
XRAY_ABC
XRAY_STJ
XRAY_ANTM
XRAY_ABT
XRAY_MRK
XRAY_BMY
XRAY_EW
XRAY_DGX
XRAY_UNH
XRAY_WBA
XRAY_BIIB
XRAY_HOLX
XRAY_ALXN
XRAY_MCK
XRAY_SYK
XRAY_AET
XRAY_ESRX
XRAY_DVA
XRAY_BCR
XRAY_ZBH
XRAY_CI
XRAY_ZTS
XRAY_PDCO
XRAY_CVS
XRAY_UHS
XRAY_MYL
XRAY_HSIC
XRAY_REGN
XRAY_LLY
XRAY_MNK
XRAY_BDX
XRAY_GILD
XRAY_ABBV
XRAY_CNC
XRAY_ISRG
XRAY_PFE
JNJ_HUM
JNJ_HCA
JNJ_PRGO
JNJ_AMGN
JNJ_BSX
JNJ_MDT
JNJ_MMM
JNJ_BAX
JNJ_CAH
JNJ_LH
JNJ_CELG
JNJ_ABC
JNJ_STJ
JNJ_ANTM
JNJ_ABT
JNJ_MRK
JNJ_BMY
JNJ_EW
JNJ_DGX
JNJ_UNH
JNJ_WBA
JNJ_BIIB
JNJ_HOLX
JNJ_ALXN
JNJ_MCK
JNJ_SYK
JNJ_AET
JNJ_ESRX
JNJ_DVA
JNJ_BCR
JNJ_ZBH
JNJ_CI
JNJ_ZTS
JNJ_PDCO
JNJ_CVS
JNJ_UHS
JNJ_MYL
JNJ_HSIC
JNJ_REGN
JNJ_LLY
JNJ_MNK
JNJ_BDX
JNJ_GILD
JNJ_ABBV
JNJ_CNC
JNJ_ISRG
JNJ_PFE
HUM_HCA
HUM_PRGO
HUM_AMGN
HUM_BSX
HUM_MDT
HUM_MMM
HUM_BAX
HUM_CAH
HUM_LH
HUM_CELG
HUM_ABC
HUM_STJ
HUM_ANTM
HUM_ABT
HUM_MRK
HUM_BMY
HUM_EW
HUM_DGX
HUM_UNH
HUM_WBA
HUM_BIIB
HUM_HOLX
HUM_ALXN
HUM_MCK
HUM_SYK
HUM_AET
HUM_ESRX
HUM_DVA
HUM_BCR
HUM_ZBH
HUM_CI
HUM_ZTS
HUM_PDCO
HUM_CVS
HUM_UHS
HUM_MYL
HUM_HSIC
HUM_REGN
HUM_LLY
HUM_MNK
HUM_BDX
HUM_GILD
HUM_ABBV
HUM_CNC
HUM_ISRG
HUM_PFE
HCA_PRGO
HCA_AMGN
HCA_BSX
HCA_MDT
HCA_MMM
HCA_BAX
HCA_CAH
HCA_LH
HCA_CELG
HCA_ABC
HCA_STJ
HCA_ANTM
HCA_ABT
HCA_MRK
HCA_BMY
HCA_EW
HCA_DGX
HCA_UNH
HCA_WBA
HCA_BIIB
HCA_HOLX
HCA_ALXN
HCA_MCK
HCA_SYK
HCA_AET
HCA_ESRX
HCA_DVA
HCA_BCR
HCA_ZBH
HCA_CI
HCA_ZTS
HCA_PDCO
HCA_CVS
HCA_UHS
HCA_MYL
HCA_HSIC
HCA_REGN
HCA_LLY
HCA_MNK
HCA_BDX
HCA_GILD
HCA_ABBV
HCA_CNC
HCA_ISRG
HCA_PFE
PRGO_AMGN
PRGO_BSX
PRGO_MDT
PRGO_MMM
PRGO_BAX
PRGO_CAH
PRGO_LH
PRGO_CELG
PRGO_ABC
PRGO_STJ
PRGO_ANTM
PRGO_ABT
PRGO_MRK
PRGO_BMY
PRGO_EW
PRGO_DGX
PRGO_UNH
PRGO_WBA
PRGO_BIIB
PRGO_HOLX
PRGO_ALXN
PRGO_MCK
PRGO_SYK
PRGO_AET
PRGO_ESRX
PRGO_DVA
PRGO_BCR
PRGO_ZBH
PRGO_CI
PRGO_ZTS
PRGO_PDCO
PRGO_CVS
PRGO_UHS
PRGO_MYL
PRGO_HSIC
PRGO_REGN
PRGO_LLY
PRGO_MNK
PRGO_BDX
PRGO_GILD
PRGO_ABBV
PRGO_CNC
PRGO_ISRG
PRGO_PFE
AMGN_BSX
AMGN_MDT
AMGN_MMM
AMGN_BAX
AMGN_CAH
AMGN_LH
AMGN_CELG
AMGN_ABC
AMGN_STJ
AMGN_ANTM
AMGN_ABT
AMGN_MRK
AMGN_BMY
AMGN_EW
AMGN_DGX
AMGN_UNH
AMGN_WBA
AMGN_BIIB
AMGN_HOLX
AMGN_ALXN
AMGN_MCK
AMGN_SYK
AMGN_AET
AMGN_ESRX
AMGN_DVA
AMGN_BCR
AMGN_ZBH
AMGN_CI
AMGN_ZTS
AMGN_PDCO
AMGN_CVS
AMGN_UHS
AMGN_MYL
AMGN_HSIC
AMGN_REGN
AMGN_LLY
AMGN_MNK
AMGN_BDX
AMGN_GILD
AMGN_ABBV
AMGN_CNC
AMGN_ISRG
AMGN_PFE
BSX_MDT
BSX_MMM
BSX_BAX
BSX_CAH
BSX_LH
BSX_CELG
BSX_ABC
BSX_STJ
BSX_ANTM
BSX_ABT
BSX_MRK
BSX_BMY
BSX_EW
BSX_DGX
BSX_UNH
BSX_WBA
BSX_BIIB
BSX_HOLX
BSX_ALXN
BSX_MCK
BSX_SYK
BSX_AET
BSX_ESRX
BSX_DVA
BSX_BCR
BSX_ZBH
BSX_CI
BSX_ZTS
BSX_PDCO
BSX_CVS
BSX_UHS
BSX_MYL
BSX_HSIC
BSX_REGN
BSX_LLY
BSX_MNK
BSX_BDX
BSX_GILD
BSX_ABBV
BSX_CNC
BSX_ISRG
BSX_PFE
MDT_MMM
MDT_BAX
MDT_CAH
MDT_LH
MDT_CELG
MDT_ABC
MDT_STJ
MDT_ANTM
MDT_ABT
MDT_MRK
MDT_BMY
MDT_EW
MDT_DGX
MDT_UNH
MDT_WBA
MDT_BIIB
MDT_HOLX
MDT_ALXN
MDT_MCK
MDT_SYK
MDT_AET
MDT_ESRX
MDT_DVA
MDT_BCR
MDT_ZBH
MDT_CI
MDT_ZTS
MDT_PDCO
MDT_CVS
MDT_UHS
MDT_MYL
MDT_HSIC
MDT_REGN
MDT_LLY
MDT_MNK
MDT_BDX
MDT_GILD
MDT_ABBV
MDT_CNC
MDT_ISRG
MDT_PFE
MMM_BAX
MMM_CAH
MMM_LH
MMM_CELG
MMM_ABC
MMM_STJ
MMM_ANTM
MMM_ABT
MMM_MRK
MMM_BMY
MMM_EW
MMM_DGX
MMM_UNH
MMM_WBA
MMM_BIIB
MMM_HOLX
MMM_ALXN
MMM_MCK
MMM_SYK
MMM_AET
MMM_ESRX
MMM_DVA
MMM_BCR
MMM_ZBH
MMM_CI
MMM_ZTS
MMM_PDCO
MMM_CVS
MMM_UHS
MMM_MYL
MMM_HSIC
MMM_REGN
MMM_LLY
MMM_MNK
MMM_BDX
MMM_GILD
MMM_ABBV
MMM_CNC
MMM_ISRG
MMM_PFE
BAX_CAH
BAX_LH
BAX_CELG
BAX_ABC
BAX_STJ
BAX_ANTM
BAX_ABT
BAX_MRK
BAX_BMY
BAX_EW
BAX_DGX
BAX_UNH
BAX_WBA
BAX_BIIB
BAX_HOLX
BAX_ALXN
BAX_MCK
BAX_SYK
BAX_AET
BAX_ESRX
BAX_DVA
BAX_BCR
BAX_ZBH
BAX_CI
BAX_ZTS
BAX_PDCO
BAX_CVS
BAX_UHS
BAX_MYL
BAX_HSIC
BAX_REGN
BAX_LLY
BAX_MNK
BAX_BDX
BAX_GILD
BAX_ABBV
BAX_CNC
BAX_ISRG
BAX_PFE
CAH_LH
CAH_CELG
CAH_ABC
CAH_STJ
CAH_ANTM
CAH_ABT
CAH_MRK
CAH_BMY
CAH_EW
CAH_DGX
CAH_UNH
CAH_WBA
CAH_BIIB
CAH_HOLX
CAH_ALXN
CAH_MCK
CAH_SYK
CAH_AET
CAH_ESRX
CAH_DVA
CAH_BCR
CAH_ZBH
CAH_CI
CAH_ZTS
CAH_PDCO
CAH_CVS
CAH_UHS
CAH_MYL
CAH_HSIC
CAH_REGN
CAH_LLY
CAH_MNK
CAH_BDX
CAH_GILD
CAH_ABBV
CAH_CNC
CAH_ISRG
CAH_PFE
LH_CELG
LH_ABC
LH_STJ
LH_ANTM
LH_ABT
LH_MRK
LH_BMY
LH_EW
LH_DGX
LH_UNH
LH_WBA
LH_BIIB
LH_HOLX
LH_ALXN
LH_MCK
LH_SYK
LH_AET
LH_ESRX
LH_DVA
LH_BCR
LH_ZBH
LH_CI
LH_ZTS
LH_PDCO
LH_CVS
LH_UHS
LH_MYL
LH_HSIC
LH_REGN
LH_LLY
LH_MNK
LH_BDX
LH_GILD
LH_ABBV
LH_CNC
LH_ISRG
LH_PFE
CELG_ABC
CELG_STJ
CELG_ANTM
CELG_ABT
CELG_MRK
CELG_BMY
CELG_EW
CELG_DGX
CELG_UNH
CELG_WBA
CELG_BIIB
CELG_HOLX
CELG_ALXN
CELG_MCK
CELG_SYK
CELG_AET
CELG_ESRX
CELG_DVA
CELG_BCR
CELG_ZBH
CELG_CI
CELG_ZTS
CELG_PDCO
CELG_CVS
CELG_UHS
CELG_MYL
CELG_HSIC
CELG_REGN
CELG_LLY
CELG_MNK
CELG_BDX
CELG_GILD
CELG_ABBV
CELG_CNC
CELG_ISRG
CELG_PFE
ABC_STJ
ABC_ANTM
ABC_ABT
ABC_MRK
ABC_BMY
ABC_EW
ABC_DGX
ABC_UNH
ABC_WBA
ABC_BIIB
ABC_HOLX
ABC_ALXN
ABC_MCK
ABC_SYK
ABC_AET
ABC_ESRX
ABC_DVA
ABC_BCR
ABC_ZBH
ABC_CI
ABC_ZTS
ABC_PDCO
ABC_CVS
ABC_UHS
ABC_MYL
ABC_HSIC
ABC_REGN
ABC_LLY
ABC_MNK
ABC_BDX
ABC_GILD
ABC_ABBV
ABC_CNC
ABC_ISRG
ABC_PFE
STJ_ANTM
STJ_ABT
STJ_MRK
STJ_BMY
STJ_EW
STJ_DGX
STJ_UNH
STJ_WBA
STJ_BIIB
STJ_HOLX
STJ_ALXN
STJ_MCK
STJ_SYK
STJ_AET
STJ_ESRX
STJ_DVA
STJ_BCR
STJ_ZBH
STJ_CI
STJ_ZTS
STJ_PDCO
STJ_CVS
STJ_UHS
STJ_MYL
STJ_HSIC
STJ_REGN
STJ_LLY
STJ_MNK
STJ_BDX
STJ_GILD
STJ_ABBV
STJ_CNC
STJ_ISRG
STJ_PFE
ANTM_ABT
ANTM_MRK
ANTM_BMY
ANTM_EW
ANTM_DGX
ANTM_UNH
ANTM_WBA
ANTM_BIIB
ANTM_HOLX
ANTM_ALXN
ANTM_MCK
ANTM_SYK
ANTM_AET
ANTM_ESRX
ANTM_DVA
ANTM_BCR
ANTM_ZBH
ANTM_CI
ANTM_ZTS
ANTM_PDCO
ANTM_CVS
ANTM_UHS
ANTM_MYL
ANTM_HSIC
ANTM_REGN
ANTM_LLY
ANTM_MNK
ANTM_BDX
ANTM_GILD
ANTM_ABBV
ANTM_CNC
ANTM_ISRG
ANTM_PFE
ABT_MRK
ABT_BMY
ABT_EW
ABT_DGX
ABT_UNH
ABT_WBA
ABT_BIIB
ABT_HOLX
ABT_ALXN
ABT_MCK
ABT_SYK
ABT_AET
ABT_ESRX
ABT_DVA
ABT_BCR
ABT_ZBH
ABT_CI
ABT_ZTS
ABT_PDCO
ABT_CVS
ABT_UHS
ABT_MYL
ABT_HSIC
ABT_REGN
ABT_LLY
ABT_MNK
ABT_BDX
ABT_GILD
ABT_ABBV
ABT_CNC
ABT_ISRG
ABT_PFE
MRK_BMY
MRK_EW
MRK_DGX
MRK_UNH
MRK_WBA
MRK_BIIB
MRK_HOLX
MRK_ALXN
MRK_MCK
MRK_SYK
MRK_AET
MRK_ESRX
MRK_DVA
MRK_BCR
MRK_ZBH
MRK_CI
MRK_ZTS
MRK_PDCO
MRK_CVS
MRK_UHS
MRK_MYL
MRK_HSIC
MRK_REGN
MRK_LLY
MRK_MNK
MRK_BDX
MRK_GILD
MRK_ABBV
MRK_CNC
MRK_ISRG
MRK_PFE
BMY_EW
BMY_DGX
BMY_UNH
BMY_WBA
BMY_BIIB
BMY_HOLX
BMY_ALXN
BMY_MCK
BMY_SYK
BMY_AET
BMY_ESRX
BMY_DVA
BMY_BCR
BMY_ZBH
BMY_CI
BMY_ZTS
BMY_PDCO
BMY_CVS
BMY_UHS
BMY_MYL
BMY_HSIC
BMY_REGN
BMY_LLY
BMY_MNK
BMY_BDX
BMY_GILD
BMY_ABBV
BMY_CNC
BMY_ISRG
BMY_PFE
EW_DGX
EW_UNH
EW_WBA
EW_BIIB
EW_HOLX
EW_ALXN
EW_MCK
EW_SYK
EW_AET
EW_ESRX
EW_DVA
EW_BCR
EW_ZBH
EW_CI
EW_ZTS
EW_PDCO
EW_CVS
EW_UHS
EW_MYL
EW_HSIC
EW_REGN
EW_LLY
EW_MNK
EW_BDX
EW_GILD
EW_ABBV
EW_CNC
EW_ISRG
EW_PFE
DGX_UNH
DGX_WBA
DGX_BIIB
DGX_HOLX
DGX_ALXN
DGX_MCK
DGX_SYK
DGX_AET
DGX_ESRX
DGX_DVA
DGX_BCR
DGX_ZBH
DGX_CI
DGX_ZTS
DGX_PDCO
DGX_CVS
DGX_UHS
DGX_MYL
DGX_HSIC
DGX_REGN
DGX_LLY
DGX_MNK
DGX_BDX
DGX_GILD
DGX_ABBV
DGX_CNC
DGX_ISRG
DGX_PFE
UNH_WBA
UNH_BIIB
UNH_HOLX
UNH_ALXN
UNH_MCK
UNH_SYK
UNH_AET
UNH_ESRX
UNH_DVA
UNH_BCR
UNH_ZBH
UNH_CI
UNH_ZTS
UNH_PDCO
UNH_CVS
UNH_UHS
UNH_MYL
UNH_HSIC
UNH_REGN
UNH_LLY
UNH_MNK
UNH_BDX
UNH_GILD
UNH_ABBV
UNH_CNC
UNH_ISRG
UNH_PFE
WBA_BIIB
WBA_HOLX
WBA_ALXN
WBA_MCK
WBA_SYK
WBA_AET
WBA_ESRX
WBA_DVA
WBA_BCR
WBA_ZBH
WBA_CI
WBA_ZTS
WBA_PDCO
WBA_CVS
WBA_UHS
WBA_MYL
WBA_HSIC
WBA_REGN
WBA_LLY
WBA_MNK
WBA_BDX
WBA_GILD
WBA_ABBV
WBA_CNC
WBA_ISRG
WBA_PFE
BIIB_HOLX
BIIB_ALXN
BIIB_MCK
BIIB_SYK
BIIB_AET
BIIB_ESRX
BIIB_DVA
BIIB_BCR
BIIB_ZBH
BIIB_CI
BIIB_ZTS
BIIB_PDCO
BIIB_CVS
BIIB_UHS
BIIB_MYL
BIIB_HSIC
BIIB_REGN
BIIB_LLY
BIIB_MNK
BIIB_BDX
BIIB_GILD
BIIB_ABBV
BIIB_CNC
BIIB_ISRG
BIIB_PFE
HOLX_ALXN
HOLX_MCK
HOLX_SYK
HOLX_AET
HOLX_ESRX
HOLX_DVA
HOLX_BCR
HOLX_ZBH
HOLX_CI
HOLX_ZTS
HOLX_PDCO
HOLX_CVS
HOLX_UHS
HOLX_MYL
HOLX_HSIC
HOLX_REGN
HOLX_LLY
HOLX_MNK
HOLX_BDX
HOLX_GILD
HOLX_ABBV
HOLX_CNC
HOLX_ISRG
HOLX_PFE
ALXN_MCK
ALXN_SYK
ALXN_AET
ALXN_ESRX
ALXN_DVA
ALXN_BCR
ALXN_ZBH
ALXN_CI
ALXN_ZTS
ALXN_PDCO
ALXN_CVS
ALXN_UHS
ALXN_MYL
ALXN_HSIC
ALXN_REGN
ALXN_LLY
ALXN_MNK
ALXN_BDX
ALXN_GILD
ALXN_ABBV
ALXN_CNC
ALXN_ISRG
ALXN_PFE
MCK_SYK
MCK_AET
MCK_ESRX
MCK_DVA
MCK_BCR
MCK_ZBH
MCK_CI
MCK_ZTS
MCK_PDCO
MCK_CVS
MCK_UHS
MCK_MYL
MCK_HSIC
MCK_REGN
MCK_LLY
MCK_MNK
MCK_BDX
MCK_GILD
MCK_ABBV
MCK_CNC
MCK_ISRG
MCK_PFE
SYK_AET
SYK_ESRX
SYK_DVA
SYK_BCR
SYK_ZBH
SYK_CI
SYK_ZTS
SYK_PDCO
SYK_CVS
SYK_UHS
SYK_MYL
SYK_HSIC
SYK_REGN
SYK_LLY
SYK_MNK
SYK_BDX
SYK_GILD
SYK_ABBV
SYK_CNC
SYK_ISRG
SYK_PFE
AET_ESRX
AET_DVA
AET_BCR
AET_ZBH
AET_CI
AET_ZTS
AET_PDCO
AET_CVS
AET_UHS
AET_MYL
AET_HSIC
AET_REGN
AET_LLY
AET_MNK
AET_BDX
AET_GILD
AET_ABBV
AET_CNC
AET_ISRG
AET_PFE
ESRX_DVA
ESRX_BCR
ESRX_ZBH
ESRX_CI
ESRX_ZTS
ESRX_PDCO
ESRX_CVS
ESRX_UHS
ESRX_MYL
ESRX_HSIC
ESRX_REGN
ESRX_LLY
ESRX_MNK
ESRX_BDX
ESRX_GILD
ESRX_ABBV
ESRX_CNC
ESRX_ISRG
ESRX_PFE
DVA_BCR
DVA_ZBH
DVA_CI
DVA_ZTS
DVA_PDCO
DVA_CVS
DVA_UHS
DVA_MYL
DVA_HSIC
DVA_REGN
DVA_LLY
DVA_MNK
DVA_BDX
DVA_GILD
DVA_ABBV
DVA_CNC
DVA_ISRG
DVA_PFE
BCR_ZBH
BCR_CI
BCR_ZTS
BCR_PDCO
BCR_CVS
BCR_UHS
BCR_MYL
BCR_HSIC
BCR_REGN
BCR_LLY
BCR_MNK
BCR_BDX
BCR_GILD
BCR_ABBV
BCR_CNC
BCR_ISRG
BCR_PFE
ZBH_CI
ZBH_ZTS
ZBH_PDCO
ZBH_CVS
ZBH_UHS
ZBH_MYL
ZBH_HSIC
ZBH_REGN
ZBH_LLY
ZBH_MNK
ZBH_BDX
ZBH_GILD
ZBH_ABBV
ZBH_CNC
ZBH_ISRG
ZBH_PFE
CI_ZTS
CI_PDCO
CI_CVS
CI_UHS
CI_MYL
CI_HSIC
CI_REGN
CI_LLY
CI_MNK
CI_BDX
CI_GILD
CI_ABBV
CI_CNC
CI_ISRG
CI_PFE
ZTS_PDCO
ZTS_CVS
ZTS_UHS
ZTS_MYL
ZTS_HSIC
ZTS_REGN
ZTS_LLY
ZTS_MNK
ZTS_BDX
ZTS_GILD
ZTS_ABBV
ZTS_CNC
ZTS_ISRG
ZTS_PFE
PDCO_CVS
PDCO_UHS
PDCO_MYL
PDCO_HSIC
PDCO_REGN
PDCO_LLY
PDCO_MNK
PDCO_BDX
PDCO_GILD
PDCO_ABBV
PDCO_CNC
PDCO_ISRG
PDCO_PFE
CVS_UHS
CVS_MYL
CVS_HSIC
CVS_REGN
CVS_LLY
CVS_MNK
CVS_BDX
CVS_GILD
CVS_ABBV
CVS_CNC
CVS_ISRG
CVS_PFE
UHS_MYL
UHS_HSIC
UHS_REGN
UHS_LLY
UHS_MNK
UHS_BDX
UHS_GILD
UHS_ABBV
UHS_CNC
UHS_ISRG
UHS_PFE
MYL_HSIC
MYL_REGN
MYL_LLY
MYL_MNK
MYL_BDX
MYL_GILD
MYL_ABBV
MYL_CNC
MYL_ISRG
MYL_PFE
HSIC_REGN
HSIC_LLY
HSIC_MNK
HSIC_BDX
HSIC_GILD
HSIC_ABBV
HSIC_CNC
HSIC_ISRG
HSIC_PFE
REGN_LLY
REGN_MNK
REGN_BDX
REGN_GILD
REGN_ABBV
REGN_CNC
REGN_ISRG
REGN_PFE
LLY_MNK
LLY_BDX
LLY_GILD
LLY_ABBV
LLY_CNC
LLY_ISRG
LLY_PFE
MNK_BDX
MNK_GILD
MNK_ABBV
MNK_CNC
MNK_ISRG
MNK_PFE
BDX_GILD
BDX_ABBV
BDX_CNC
BDX_ISRG
BDX_PFE
GILD_ABBV
GILD_CNC
GILD_ISRG
GILD_PFE
ABBV_CNC
ABBV_ISRG
ABBV_PFE
CNC_ISRG
CNC_PFE
ISRG_PFE
