CPB_TAP
CPB_GIS
CPB_MJN
CPB_MAT
CPB_TSN
CPB_K
CPB_MO
CPB_DPS
CPB_CAG
CPB_STZ
CPB_VFC
CPB_RAI
CPB_RL
CPB_HRL
CPB_KORS
CPB_EL
CPB_LUK
CPB_PVH
CPB_KO
CPB_HSY
CPB_HAR
CPB_HAS
CPB_SYY
CPB_CTAS
CPB_PM
CPB_COH
CPB_MKC
CPB_MNST
CPB_UA.C
CPB_KHC
CPB_PEP
CPB_NWL
CPB_MDLZ
CPB_UA
CPB_TEL
CPB_SJM
CPB_ADM
CPB_CL
CPB_HOG
CPB_NKE
TAP_GIS
TAP_MJN
TAP_MAT
TAP_TSN
TAP_K
TAP_MO
TAP_DPS
TAP_CAG
TAP_STZ
TAP_VFC
TAP_RAI
TAP_RL
TAP_HRL
TAP_KORS
TAP_EL
TAP_LUK
TAP_PVH
TAP_KO
TAP_HSY
TAP_HAR
TAP_HAS
TAP_SYY
TAP_CTAS
TAP_PM
TAP_COH
TAP_MKC
TAP_MNST
TAP_UA.C
TAP_KHC
TAP_PEP
TAP_NWL
TAP_MDLZ
TAP_UA
TAP_TEL
TAP_SJM
TAP_ADM
TAP_CL
TAP_HOG
TAP_NKE
GIS_MJN
GIS_MAT
GIS_TSN
GIS_K
GIS_MO
GIS_DPS
GIS_CAG
GIS_STZ
GIS_VFC
GIS_RAI
GIS_RL
GIS_HRL
GIS_KORS
GIS_EL
GIS_LUK
GIS_PVH
GIS_KO
GIS_HSY
GIS_HAR
GIS_HAS
GIS_SYY
GIS_CTAS
GIS_PM
GIS_COH
GIS_MKC
GIS_MNST
GIS_UA.C
GIS_KHC
GIS_PEP
GIS_NWL
GIS_MDLZ
GIS_UA
GIS_TEL
GIS_SJM
GIS_ADM
GIS_CL
GIS_HOG
GIS_NKE
MJN_MAT
MJN_TSN
MJN_K
MJN_MO
MJN_DPS
MJN_CAG
MJN_STZ
MJN_VFC
MJN_RAI
MJN_RL
MJN_HRL
MJN_KORS
MJN_EL
MJN_LUK
MJN_PVH
MJN_KO
MJN_HSY
MJN_HAR
MJN_HAS
MJN_SYY
MJN_CTAS
MJN_PM
MJN_COH
MJN_MKC
MJN_MNST
MJN_UA.C
MJN_KHC
MJN_PEP
MJN_NWL
MJN_MDLZ
MJN_UA
MJN_TEL
MJN_SJM
MJN_ADM
MJN_CL
MJN_HOG
MJN_NKE
MAT_TSN
MAT_K
MAT_MO
MAT_DPS
MAT_CAG
MAT_STZ
MAT_VFC
MAT_RAI
MAT_RL
MAT_HRL
MAT_KORS
MAT_EL
MAT_LUK
MAT_PVH
MAT_KO
MAT_HSY
MAT_HAR
MAT_HAS
MAT_SYY
MAT_CTAS
MAT_PM
MAT_COH
MAT_MKC
MAT_MNST
MAT_UA.C
MAT_KHC
MAT_PEP
MAT_NWL
MAT_MDLZ
MAT_UA
MAT_TEL
MAT_SJM
MAT_ADM
MAT_CL
MAT_HOG
MAT_NKE
TSN_K
TSN_MO
TSN_DPS
TSN_CAG
TSN_STZ
TSN_VFC
TSN_RAI
TSN_RL
TSN_HRL
TSN_KORS
TSN_EL
TSN_LUK
TSN_PVH
TSN_KO
TSN_HSY
TSN_HAR
TSN_HAS
TSN_SYY
TSN_CTAS
TSN_PM
TSN_COH
TSN_MKC
TSN_MNST
TSN_UA.C
TSN_KHC
TSN_PEP
TSN_NWL
TSN_MDLZ
TSN_UA
TSN_TEL
TSN_SJM
TSN_ADM
TSN_CL
TSN_HOG
TSN_NKE
K_MO
K_DPS
K_CAG
K_STZ
K_VFC
K_RAI
K_RL
K_HRL
K_KORS
K_EL
K_LUK
K_PVH
K_KO
K_HSY
K_HAR
K_HAS
K_SYY
K_CTAS
K_PM
K_COH
K_MKC
K_MNST
K_UA.C
K_KHC
K_PEP
K_NWL
K_MDLZ
K_UA
K_TEL
K_SJM
K_ADM
K_CL
K_HOG
K_NKE
MO_DPS
MO_CAG
MO_STZ
MO_VFC
MO_RAI
MO_RL
MO_HRL
MO_KORS
MO_EL
MO_LUK
MO_PVH
MO_KO
MO_HSY
MO_HAR
MO_HAS
MO_SYY
MO_CTAS
MO_PM
MO_COH
MO_MKC
MO_MNST
MO_UA.C
MO_KHC
MO_PEP
MO_NWL
MO_MDLZ
MO_UA
MO_TEL
MO_SJM
MO_ADM
MO_CL
MO_HOG
MO_NKE
DPS_CAG
DPS_STZ
DPS_VFC
DPS_RAI
DPS_RL
DPS_HRL
DPS_KORS
DPS_EL
DPS_LUK
DPS_PVH
DPS_KO
DPS_HSY
DPS_HAR
DPS_HAS
DPS_SYY
DPS_CTAS
DPS_PM
DPS_COH
DPS_MKC
DPS_MNST
DPS_UA.C
DPS_KHC
DPS_PEP
DPS_NWL
DPS_MDLZ
DPS_UA
DPS_TEL
DPS_SJM
DPS_ADM
DPS_CL
DPS_HOG
DPS_NKE
CAG_STZ
CAG_VFC
CAG_RAI
CAG_RL
CAG_HRL
CAG_KORS
CAG_EL
CAG_LUK
CAG_PVH
CAG_KO
CAG_HSY
CAG_HAR
CAG_HAS
CAG_SYY
CAG_CTAS
CAG_PM
CAG_COH
CAG_MKC
CAG_MNST
CAG_UA.C
CAG_KHC
CAG_PEP
CAG_NWL
CAG_MDLZ
CAG_UA
CAG_TEL
CAG_SJM
CAG_ADM
CAG_CL
CAG_HOG
CAG_NKE
STZ_VFC
STZ_RAI
STZ_RL
STZ_HRL
STZ_KORS
STZ_EL
STZ_LUK
STZ_PVH
STZ_KO
STZ_HSY
STZ_HAR
STZ_HAS
STZ_SYY
STZ_CTAS
STZ_PM
STZ_COH
STZ_MKC
STZ_MNST
STZ_UA.C
STZ_KHC
STZ_PEP
STZ_NWL
STZ_MDLZ
STZ_UA
STZ_TEL
STZ_SJM
STZ_ADM
STZ_CL
STZ_HOG
STZ_NKE
VFC_RAI
VFC_RL
VFC_HRL
VFC_KORS
VFC_EL
VFC_LUK
VFC_PVH
VFC_KO
VFC_HSY
VFC_HAR
VFC_HAS
VFC_SYY
VFC_CTAS
VFC_PM
VFC_COH
VFC_MKC
VFC_MNST
VFC_UA.C
VFC_KHC
VFC_PEP
VFC_NWL
VFC_MDLZ
VFC_UA
VFC_TEL
VFC_SJM
VFC_ADM
VFC_CL
VFC_HOG
VFC_NKE
RAI_RL
RAI_HRL
RAI_KORS
RAI_EL
RAI_LUK
RAI_PVH
RAI_KO
RAI_HSY
RAI_HAR
RAI_HAS
RAI_SYY
RAI_CTAS
RAI_PM
RAI_COH
RAI_MKC
RAI_MNST
RAI_UA.C
RAI_KHC
RAI_PEP
RAI_NWL
RAI_MDLZ
RAI_UA
RAI_TEL
RAI_SJM
RAI_ADM
RAI_CL
RAI_HOG
RAI_NKE
RL_HRL
RL_KORS
RL_EL
RL_LUK
RL_PVH
RL_KO
RL_HSY
RL_HAR
RL_HAS
RL_SYY
RL_CTAS
RL_PM
RL_COH
RL_MKC
RL_MNST
RL_UA.C
RL_KHC
RL_PEP
RL_NWL
RL_MDLZ
RL_UA
RL_TEL
RL_SJM
RL_ADM
RL_CL
RL_HOG
RL_NKE
HRL_KORS
HRL_EL
HRL_LUK
HRL_PVH
HRL_KO
HRL_HSY
HRL_HAR
HRL_HAS
HRL_SYY
HRL_CTAS
HRL_PM
HRL_COH
HRL_MKC
HRL_MNST
HRL_UA.C
HRL_KHC
HRL_PEP
HRL_NWL
HRL_MDLZ
HRL_UA
HRL_TEL
HRL_SJM
HRL_ADM
HRL_CL
HRL_HOG
HRL_NKE
KORS_EL
KORS_LUK
KORS_PVH
KORS_KO
KORS_HSY
KORS_HAR
KORS_HAS
KORS_SYY
KORS_CTAS
KORS_PM
KORS_COH
KORS_MKC
KORS_MNST
KORS_UA.C
KORS_KHC
KORS_PEP
KORS_NWL
KORS_MDLZ
KORS_UA
KORS_TEL
KORS_SJM
KORS_ADM
KORS_CL
KORS_HOG
KORS_NKE
EL_LUK
EL_PVH
EL_KO
EL_HSY
EL_HAR
EL_HAS
EL_SYY
EL_CTAS
EL_PM
EL_COH
EL_MKC
EL_MNST
EL_UA.C
EL_KHC
EL_PEP
EL_NWL
EL_MDLZ
EL_UA
EL_TEL
EL_SJM
EL_ADM
EL_CL
EL_HOG
EL_NKE
LUK_PVH
LUK_KO
LUK_HSY
LUK_HAR
LUK_HAS
LUK_SYY
LUK_CTAS
LUK_PM
LUK_COH
LUK_MKC
LUK_MNST
LUK_UA.C
LUK_KHC
LUK_PEP
LUK_NWL
LUK_MDLZ
LUK_UA
LUK_TEL
LUK_SJM
LUK_ADM
LUK_CL
LUK_HOG
LUK_NKE
PVH_KO
PVH_HSY
PVH_HAR
PVH_HAS
PVH_SYY
PVH_CTAS
PVH_PM
PVH_COH
PVH_MKC
PVH_MNST
PVH_UA.C
PVH_KHC
PVH_PEP
PVH_NWL
PVH_MDLZ
PVH_UA
PVH_TEL
PVH_SJM
PVH_ADM
PVH_CL
PVH_HOG
PVH_NKE
KO_HSY
KO_HAR
KO_HAS
KO_SYY
KO_CTAS
KO_PM
KO_COH
KO_MKC
KO_MNST
KO_UA.C
KO_KHC
KO_PEP
KO_NWL
KO_MDLZ
KO_UA
KO_TEL
KO_SJM
KO_ADM
KO_CL
KO_HOG
KO_NKE
HSY_HAR
HSY_HAS
HSY_SYY
HSY_CTAS
HSY_PM
HSY_COH
HSY_MKC
HSY_MNST
HSY_UA.C
HSY_KHC
HSY_PEP
HSY_NWL
HSY_MDLZ
HSY_UA
HSY_TEL
HSY_SJM
HSY_ADM
HSY_CL
HSY_HOG
HSY_NKE
HAR_HAS
HAR_SYY
HAR_CTAS
HAR_PM
HAR_COH
HAR_MKC
HAR_MNST
HAR_UA.C
HAR_KHC
HAR_PEP
HAR_NWL
HAR_MDLZ
HAR_UA
HAR_TEL
HAR_SJM
HAR_ADM
HAR_CL
HAR_HOG
HAR_NKE
HAS_SYY
HAS_CTAS
HAS_PM
HAS_COH
HAS_MKC
HAS_MNST
HAS_UA.C
HAS_KHC
HAS_PEP
HAS_NWL
HAS_MDLZ
HAS_UA
HAS_TEL
HAS_SJM
HAS_ADM
HAS_CL
HAS_HOG
HAS_NKE
SYY_CTAS
SYY_PM
SYY_COH
SYY_MKC
SYY_MNST
SYY_UA.C
SYY_KHC
SYY_PEP
SYY_NWL
SYY_MDLZ
SYY_UA
SYY_TEL
SYY_SJM
SYY_ADM
SYY_CL
SYY_HOG
SYY_NKE
CTAS_PM
CTAS_COH
CTAS_MKC
CTAS_MNST
CTAS_UA.C
CTAS_KHC
CTAS_PEP
CTAS_NWL
CTAS_MDLZ
CTAS_UA
CTAS_TEL
CTAS_SJM
CTAS_ADM
CTAS_CL
CTAS_HOG
CTAS_NKE
PM_COH
PM_MKC
PM_MNST
PM_UA.C
PM_KHC
PM_PEP
PM_NWL
PM_MDLZ
PM_UA
PM_TEL
PM_SJM
PM_ADM
PM_CL
PM_HOG
PM_NKE
COH_MKC
COH_MNST
COH_UA.C
COH_KHC
COH_PEP
COH_NWL
COH_MDLZ
COH_UA
COH_TEL
COH_SJM
COH_ADM
COH_CL
COH_HOG
COH_NKE
MKC_MNST
MKC_UA.C
MKC_KHC
MKC_PEP
MKC_NWL
MKC_MDLZ
MKC_UA
MKC_TEL
MKC_SJM
MKC_ADM
MKC_CL
MKC_HOG
MKC_NKE
MNST_UA.C
MNST_KHC
MNST_PEP
MNST_NWL
MNST_MDLZ
MNST_UA
MNST_TEL
MNST_SJM
MNST_ADM
MNST_CL
MNST_HOG
MNST_NKE
UA.C_KHC
UA.C_PEP
UA.C_NWL
UA.C_MDLZ
UA.C_UA
UA.C_TEL
UA.C_SJM
UA.C_ADM
UA.C_CL
UA.C_HOG
UA.C_NKE
KHC_PEP
KHC_NWL
KHC_MDLZ
KHC_UA
KHC_TEL
KHC_SJM
KHC_ADM
KHC_CL
KHC_HOG
KHC_NKE
PEP_NWL
PEP_MDLZ
PEP_UA
PEP_TEL
PEP_SJM
PEP_ADM
PEP_CL
PEP_HOG
PEP_NKE
NWL_MDLZ
NWL_UA
NWL_TEL
NWL_SJM
NWL_ADM
NWL_CL
NWL_HOG
NWL_NKE
MDLZ_UA
MDLZ_TEL
MDLZ_SJM
MDLZ_ADM
MDLZ_CL
MDLZ_HOG
MDLZ_NKE
UA_TEL
UA_SJM
UA_ADM
UA_CL
UA_HOG
UA_NKE
TEL_SJM
TEL_ADM
TEL_CL
TEL_HOG
TEL_NKE
SJM_ADM
SJM_CL
SJM_HOG
SJM_NKE
ADM_CL
ADM_HOG
ADM_NKE
CL_HOG
CL_NKE
HOG_NKE
