MAS_DOW
MAS_GLW
MAS_FCX
MAS_JEC
MAS_FMC
MAS_CHD
MAS_APD
MAS_IFF
MAS_ECL
MAS_SEE
MAS_NUE
MAS_VMC
MAS_DD
MAS_MLM
MAS_SRCL
MAS_AES
MAS_EMN
MAS_PX
MAS_PG
MAS_MOS
MAS_MON
MAS_CF
MAS_PPG
MAS_IP
MAS_LYB
MAS_FLR
MAS_NEM
MAS_LEN
DOW_GLW
DOW_FCX
DOW_JEC
DOW_FMC
DOW_CHD
DOW_APD
DOW_IFF
DOW_ECL
DOW_SEE
DOW_NUE
DOW_VMC
DOW_DD
DOW_MLM
DOW_SRCL
DOW_AES
DOW_EMN
DOW_PX
DOW_PG
DOW_MOS
DOW_MON
DOW_CF
DOW_PPG
DOW_IP
DOW_LYB
DOW_FLR
DOW_NEM
DOW_LEN
GLW_FCX
GLW_JEC
GLW_FMC
GLW_CHD
GLW_APD
GLW_IFF
GLW_ECL
GLW_SEE
GLW_NUE
GLW_VMC
GLW_DD
GLW_MLM
GLW_SRCL
GLW_AES
GLW_EMN
GLW_PX
GLW_PG
GLW_MOS
GLW_MON
GLW_CF
GLW_PPG
GLW_IP
GLW_LYB
GLW_FLR
GLW_NEM
GLW_LEN
FCX_JEC
FCX_FMC
FCX_CHD
FCX_APD
FCX_IFF
FCX_ECL
FCX_SEE
FCX_NUE
FCX_VMC
FCX_DD
FCX_MLM
FCX_SRCL
FCX_AES
FCX_EMN
FCX_PX
FCX_PG
FCX_MOS
FCX_MON
FCX_CF
FCX_PPG
FCX_IP
FCX_LYB
FCX_FLR
FCX_NEM
FCX_LEN
JEC_FMC
JEC_CHD
JEC_APD
JEC_IFF
JEC_ECL
JEC_SEE
JEC_NUE
JEC_VMC
JEC_DD
JEC_MLM
JEC_SRCL
JEC_AES
JEC_EMN
JEC_PX
JEC_PG
JEC_MOS
JEC_MON
JEC_CF
JEC_PPG
JEC_IP
JEC_LYB
JEC_FLR
JEC_NEM
JEC_LEN
FMC_CHD
FMC_APD
FMC_IFF
FMC_ECL
FMC_SEE
FMC_NUE
FMC_VMC
FMC_DD
FMC_MLM
FMC_SRCL
FMC_AES
FMC_EMN
FMC_PX
FMC_PG
FMC_MOS
FMC_MON
FMC_CF
FMC_PPG
FMC_IP
FMC_LYB
FMC_FLR
FMC_NEM
FMC_LEN
CHD_APD
CHD_IFF
CHD_ECL
CHD_SEE
CHD_NUE
CHD_VMC
CHD_DD
CHD_MLM
CHD_SRCL
CHD_AES
CHD_EMN
CHD_PX
CHD_PG
CHD_MOS
CHD_MON
CHD_CF
CHD_PPG
CHD_IP
CHD_LYB
CHD_FLR
CHD_NEM
CHD_LEN
APD_IFF
APD_ECL
APD_SEE
APD_NUE
APD_VMC
APD_DD
APD_MLM
APD_SRCL
APD_AES
APD_EMN
APD_PX
APD_PG
APD_MOS
APD_MON
APD_CF
APD_PPG
APD_IP
APD_LYB
APD_FLR
APD_NEM
APD_LEN
IFF_ECL
IFF_SEE
IFF_NUE
IFF_VMC
IFF_DD
IFF_MLM
IFF_SRCL
IFF_AES
IFF_EMN
IFF_PX
IFF_PG
IFF_MOS
IFF_MON
IFF_CF
IFF_PPG
IFF_IP
IFF_LYB
IFF_FLR
IFF_NEM
IFF_LEN
ECL_SEE
ECL_NUE
ECL_VMC
ECL_DD
ECL_MLM
ECL_SRCL
ECL_AES
ECL_EMN
ECL_PX
ECL_PG
ECL_MOS
ECL_MON
ECL_CF
ECL_PPG
ECL_IP
ECL_LYB
ECL_FLR
ECL_NEM
ECL_LEN
SEE_NUE
SEE_VMC
SEE_DD
SEE_MLM
SEE_SRCL
SEE_AES
SEE_EMN
SEE_PX
SEE_PG
SEE_MOS
SEE_MON
SEE_CF
SEE_PPG
SEE_IP
SEE_LYB
SEE_FLR
SEE_NEM
SEE_LEN
NUE_VMC
NUE_DD
NUE_MLM
NUE_SRCL
NUE_AES
NUE_EMN
NUE_PX
NUE_PG
NUE_MOS
NUE_MON
NUE_CF
NUE_PPG
NUE_IP
NUE_LYB
NUE_FLR
NUE_NEM
NUE_LEN
VMC_DD
VMC_MLM
VMC_SRCL
VMC_AES
VMC_EMN
VMC_PX
VMC_PG
VMC_MOS
VMC_MON
VMC_CF
VMC_PPG
VMC_IP
VMC_LYB
VMC_FLR
VMC_NEM
VMC_LEN
DD_MLM
DD_SRCL
DD_AES
DD_EMN
DD_PX
DD_PG
DD_MOS
DD_MON
DD_CF
DD_PPG
DD_IP
DD_LYB
DD_FLR
DD_NEM
DD_LEN
MLM_SRCL
MLM_AES
MLM_EMN
MLM_PX
MLM_PG
MLM_MOS
MLM_MON
MLM_CF
MLM_PPG
MLM_IP
MLM_LYB
MLM_FLR
MLM_NEM
MLM_LEN
SRCL_AES
SRCL_EMN
SRCL_PX
SRCL_PG
SRCL_MOS
SRCL_MON
SRCL_CF
SRCL_PPG
SRCL_IP
SRCL_LYB
SRCL_FLR
SRCL_NEM
SRCL_LEN
AES_EMN
AES_PX
AES_PG
AES_MOS
AES_MON
AES_CF
AES_PPG
AES_IP
AES_LYB
AES_FLR
AES_NEM
AES_LEN
EMN_PX
EMN_PG
EMN_MOS
EMN_MON
EMN_CF
EMN_PPG
EMN_IP
EMN_LYB
EMN_FLR
EMN_NEM
EMN_LEN
PX_PG
PX_MOS
PX_MON
PX_CF
PX_PPG
PX_IP
PX_LYB
PX_FLR
PX_NEM
PX_LEN
PG_MOS
PG_MON
PG_CF
PG_PPG
PG_IP
PG_LYB
PG_FLR
PG_NEM
PG_LEN
MOS_MON
MOS_CF
MOS_PPG
MOS_IP
MOS_LYB
MOS_FLR
MOS_NEM
MOS_LEN
MON_CF
MON_PPG
MON_IP
MON_LYB
MON_FLR
MON_NEM
MON_LEN
CF_PPG
CF_IP
CF_LYB
CF_FLR
CF_NEM
CF_LEN
PPG_IP
PPG_LYB
PPG_FLR
PPG_NEM
PPG_LEN
IP_LYB
IP_FLR
IP_NEM
IP_LEN
LYB_FLR
LYB_NEM
LYB_LEN
FLR_NEM
FLR_LEN
NEM_LEN
