BWA_ROP
BWA_GD
BWA_GM
BWA_SNA
BWA_XYL
BWA_NOC
BWA_F
BWA_ILMN
BWA_LMT
BWA_CAT
BWA_A
BWA_HRS
BWA_APH
BWA_RTN
BWA_KLAC
BWA_SWK
BWA_DE
BWA_DHI
BWA_DHR
BWA_DLPH
BWA_GPC
BWA_PH
BWA_PHM
BWA_GRMN
BWA_COL
BWA_WAT
BWA_IR
BWA_UTX
BWA_PWR
BWA_BA
BWA_FLIR
BWA_TXT
BWA_FLS
BWA_ROK
BWA_TMO
BWA_PCAR
BWA_AA
BWA_PKI
BWA_HON
ROP_GD
ROP_GM
ROP_SNA
ROP_XYL
ROP_NOC
ROP_F
ROP_ILMN
ROP_LMT
ROP_CAT
ROP_A
ROP_HRS
ROP_APH
ROP_RTN
ROP_KLAC
ROP_SWK
ROP_DE
ROP_DHI
ROP_DHR
ROP_DLPH
ROP_GPC
ROP_PH
ROP_PHM
ROP_GRMN
ROP_COL
ROP_WAT
ROP_IR
ROP_UTX
ROP_PWR
ROP_BA
ROP_FLIR
ROP_TXT
ROP_FLS
ROP_ROK
ROP_TMO
ROP_PCAR
ROP_AA
ROP_PKI
ROP_HON
GD_GM
GD_SNA
GD_XYL
GD_NOC
GD_F
GD_ILMN
GD_LMT
GD_CAT
GD_A
GD_HRS
GD_APH
GD_RTN
GD_KLAC
GD_SWK
GD_DE
GD_DHI
GD_DHR
GD_DLPH
GD_GPC
GD_PH
GD_PHM
GD_GRMN
GD_COL
GD_WAT
GD_IR
GD_UTX
GD_PWR
GD_BA
GD_FLIR
GD_TXT
GD_FLS
GD_ROK
GD_TMO
GD_PCAR
GD_AA
GD_PKI
GD_HON
GM_SNA
GM_XYL
GM_NOC
GM_F
GM_ILMN
GM_LMT
GM_CAT
GM_A
GM_HRS
GM_APH
GM_RTN
GM_KLAC
GM_SWK
GM_DE
GM_DHI
GM_DHR
GM_DLPH
GM_GPC
GM_PH
GM_PHM
GM_GRMN
GM_COL
GM_WAT
GM_IR
GM_UTX
GM_PWR
GM_BA
GM_FLIR
GM_TXT
GM_FLS
GM_ROK
GM_TMO
GM_PCAR
GM_AA
GM_PKI
GM_HON
SNA_XYL
SNA_NOC
SNA_F
SNA_ILMN
SNA_LMT
SNA_CAT
SNA_A
SNA_HRS
SNA_APH
SNA_RTN
SNA_KLAC
SNA_SWK
SNA_DE
SNA_DHI
SNA_DHR
SNA_DLPH
SNA_GPC
SNA_PH
SNA_PHM
SNA_GRMN
SNA_COL
SNA_WAT
SNA_IR
SNA_UTX
SNA_PWR
SNA_BA
SNA_FLIR
SNA_TXT
SNA_FLS
SNA_ROK
SNA_TMO
SNA_PCAR
SNA_AA
SNA_PKI
SNA_HON
XYL_NOC
XYL_F
XYL_ILMN
XYL_LMT
XYL_CAT
XYL_A
XYL_HRS
XYL_APH
XYL_RTN
XYL_KLAC
XYL_SWK
XYL_DE
XYL_DHI
XYL_DHR
XYL_DLPH
XYL_GPC
XYL_PH
XYL_PHM
XYL_GRMN
XYL_COL
XYL_WAT
XYL_IR
XYL_UTX
XYL_PWR
XYL_BA
XYL_FLIR
XYL_TXT
XYL_FLS
XYL_ROK
XYL_TMO
XYL_PCAR
XYL_AA
XYL_PKI
XYL_HON
NOC_F
NOC_ILMN
NOC_LMT
NOC_CAT
NOC_A
NOC_HRS
NOC_APH
NOC_RTN
NOC_KLAC
NOC_SWK
NOC_DE
NOC_DHI
NOC_DHR
NOC_DLPH
NOC_GPC
NOC_PH
NOC_PHM
NOC_GRMN
NOC_COL
NOC_WAT
NOC_IR
NOC_UTX
NOC_PWR
NOC_BA
NOC_FLIR
NOC_TXT
NOC_FLS
NOC_ROK
NOC_TMO
NOC_PCAR
NOC_AA
NOC_PKI
NOC_HON
F_ILMN
F_LMT
F_CAT
F_A
F_HRS
F_APH
F_RTN
F_KLAC
F_SWK
F_DE
F_DHI
F_DHR
F_DLPH
F_GPC
F_PH
F_PHM
F_GRMN
F_COL
F_WAT
F_IR
F_UTX
F_PWR
F_BA
F_FLIR
F_TXT
F_FLS
F_ROK
F_TMO
F_PCAR
F_AA
F_PKI
F_HON
ILMN_LMT
ILMN_CAT
ILMN_A
ILMN_HRS
ILMN_APH
ILMN_RTN
ILMN_KLAC
ILMN_SWK
ILMN_DE
ILMN_DHI
ILMN_DHR
ILMN_DLPH
ILMN_GPC
ILMN_PH
ILMN_PHM
ILMN_GRMN
ILMN_COL
ILMN_WAT
ILMN_IR
ILMN_UTX
ILMN_PWR
ILMN_BA
ILMN_FLIR
ILMN_TXT
ILMN_FLS
ILMN_ROK
ILMN_TMO
ILMN_PCAR
ILMN_AA
ILMN_PKI
ILMN_HON
LMT_CAT
LMT_A
LMT_HRS
LMT_APH
LMT_RTN
LMT_KLAC
LMT_SWK
LMT_DE
LMT_DHI
LMT_DHR
LMT_DLPH
LMT_GPC
LMT_PH
LMT_PHM
LMT_GRMN
LMT_COL
LMT_WAT
LMT_IR
LMT_UTX
LMT_PWR
LMT_BA
LMT_FLIR
LMT_TXT
LMT_FLS
LMT_ROK
LMT_TMO
LMT_PCAR
LMT_AA
LMT_PKI
LMT_HON
CAT_A
CAT_HRS
CAT_APH
CAT_RTN
CAT_KLAC
CAT_SWK
CAT_DE
CAT_DHI
CAT_DHR
CAT_DLPH
CAT_GPC
CAT_PH
CAT_PHM
CAT_GRMN
CAT_COL
CAT_WAT
CAT_IR
CAT_UTX
CAT_PWR
CAT_BA
CAT_FLIR
CAT_TXT
CAT_FLS
CAT_ROK
CAT_TMO
CAT_PCAR
CAT_AA
CAT_PKI
CAT_HON
A_HRS
A_APH
A_RTN
A_KLAC
A_SWK
A_DE
A_DHI
A_DHR
A_DLPH
A_GPC
A_PH
A_PHM
A_GRMN
A_COL
A_WAT
A_IR
A_UTX
A_PWR
A_BA
A_FLIR
A_TXT
A_FLS
A_ROK
A_TMO
A_PCAR
A_AA
A_PKI
A_HON
HRS_APH
HRS_RTN
HRS_KLAC
HRS_SWK
HRS_DE
HRS_DHI
HRS_DHR
HRS_DLPH
HRS_GPC
HRS_PH
HRS_PHM
HRS_GRMN
HRS_COL
HRS_WAT
HRS_IR
HRS_UTX
HRS_PWR
HRS_BA
HRS_FLIR
HRS_TXT
HRS_FLS
HRS_ROK
HRS_TMO
HRS_PCAR
HRS_AA
HRS_PKI
HRS_HON
APH_RTN
APH_KLAC
APH_SWK
APH_DE
APH_DHI
APH_DHR
APH_DLPH
APH_GPC
APH_PH
APH_PHM
APH_GRMN
APH_COL
APH_WAT
APH_IR
APH_UTX
APH_PWR
APH_BA
APH_FLIR
APH_TXT
APH_FLS
APH_ROK
APH_TMO
APH_PCAR
APH_AA
APH_PKI
APH_HON
RTN_KLAC
RTN_SWK
RTN_DE
RTN_DHI
RTN_DHR
RTN_DLPH
RTN_GPC
RTN_PH
RTN_PHM
RTN_GRMN
RTN_COL
RTN_WAT
RTN_IR
RTN_UTX
RTN_PWR
RTN_BA
RTN_FLIR
RTN_TXT
RTN_FLS
RTN_ROK
RTN_TMO
RTN_PCAR
RTN_AA
RTN_PKI
RTN_HON
KLAC_SWK
KLAC_DE
KLAC_DHI
KLAC_DHR
KLAC_DLPH
KLAC_GPC
KLAC_PH
KLAC_PHM
KLAC_GRMN
KLAC_COL
KLAC_WAT
KLAC_IR
KLAC_UTX
KLAC_PWR
KLAC_BA
KLAC_FLIR
KLAC_TXT
KLAC_FLS
KLAC_ROK
KLAC_TMO
KLAC_PCAR
KLAC_AA
KLAC_PKI
KLAC_HON
SWK_DE
SWK_DHI
SWK_DHR
SWK_DLPH
SWK_GPC
SWK_PH
SWK_PHM
SWK_GRMN
SWK_COL
SWK_WAT
SWK_IR
SWK_UTX
SWK_PWR
SWK_BA
SWK_FLIR
SWK_TXT
SWK_FLS
SWK_ROK
SWK_TMO
SWK_PCAR
SWK_AA
SWK_PKI
SWK_HON
DE_DHI
DE_DHR
DE_DLPH
DE_GPC
DE_PH
DE_PHM
DE_GRMN
DE_COL
DE_WAT
DE_IR
DE_UTX
DE_PWR
DE_BA
DE_FLIR
DE_TXT
DE_FLS
DE_ROK
DE_TMO
DE_PCAR
DE_AA
DE_PKI
DE_HON
DHI_DHR
DHI_DLPH
DHI_GPC
DHI_PH
DHI_PHM
DHI_GRMN
DHI_COL
DHI_WAT
DHI_IR
DHI_UTX
DHI_PWR
DHI_BA
DHI_FLIR
DHI_TXT
DHI_FLS
DHI_ROK
DHI_TMO
DHI_PCAR
DHI_AA
DHI_PKI
DHI_HON
DHR_DLPH
DHR_GPC
DHR_PH
DHR_PHM
DHR_GRMN
DHR_COL
DHR_WAT
DHR_IR
DHR_UTX
DHR_PWR
DHR_BA
DHR_FLIR
DHR_TXT
DHR_FLS
DHR_ROK
DHR_TMO
DHR_PCAR
DHR_AA
DHR_PKI
DHR_HON
DLPH_GPC
DLPH_PH
DLPH_PHM
DLPH_GRMN
DLPH_COL
DLPH_WAT
DLPH_IR
DLPH_UTX
DLPH_PWR
DLPH_BA
DLPH_FLIR
DLPH_TXT
DLPH_FLS
DLPH_ROK
DLPH_TMO
DLPH_PCAR
DLPH_AA
DLPH_PKI
DLPH_HON
GPC_PH
GPC_PHM
GPC_GRMN
GPC_COL
GPC_WAT
GPC_IR
GPC_UTX
GPC_PWR
GPC_BA
GPC_FLIR
GPC_TXT
GPC_FLS
GPC_ROK
GPC_TMO
GPC_PCAR
GPC_AA
GPC_PKI
GPC_HON
PH_PHM
PH_GRMN
PH_COL
PH_WAT
PH_IR
PH_UTX
PH_PWR
PH_BA
PH_FLIR
PH_TXT
PH_FLS
PH_ROK
PH_TMO
PH_PCAR
PH_AA
PH_PKI
PH_HON
PHM_GRMN
PHM_COL
PHM_WAT
PHM_IR
PHM_UTX
PHM_PWR
PHM_BA
PHM_FLIR
PHM_TXT
PHM_FLS
PHM_ROK
PHM_TMO
PHM_PCAR
PHM_AA
PHM_PKI
PHM_HON
GRMN_COL
GRMN_WAT
GRMN_IR
GRMN_UTX
GRMN_PWR
GRMN_BA
GRMN_FLIR
GRMN_TXT
GRMN_FLS
GRMN_ROK
GRMN_TMO
GRMN_PCAR
GRMN_AA
GRMN_PKI
GRMN_HON
COL_WAT
COL_IR
COL_UTX
COL_PWR
COL_BA
COL_FLIR
COL_TXT
COL_FLS
COL_ROK
COL_TMO
COL_PCAR
COL_AA
COL_PKI
COL_HON
WAT_IR
WAT_UTX
WAT_PWR
WAT_BA
WAT_FLIR
WAT_TXT
WAT_FLS
WAT_ROK
WAT_TMO
WAT_PCAR
WAT_AA
WAT_PKI
WAT_HON
IR_UTX
IR_PWR
IR_BA
IR_FLIR
IR_TXT
IR_FLS
IR_ROK
IR_TMO
IR_PCAR
IR_AA
IR_PKI
IR_HON
UTX_PWR
UTX_BA
UTX_FLIR
UTX_TXT
UTX_FLS
UTX_ROK
UTX_TMO
UTX_PCAR
UTX_AA
UTX_PKI
UTX_HON
PWR_BA
PWR_FLIR
PWR_TXT
PWR_FLS
PWR_ROK
PWR_TMO
PWR_PCAR
PWR_AA
PWR_PKI
PWR_HON
BA_FLIR
BA_TXT
BA_FLS
BA_ROK
BA_TMO
BA_PCAR
BA_AA
BA_PKI
BA_HON
FLIR_TXT
FLIR_FLS
FLIR_ROK
FLIR_TMO
FLIR_PCAR
FLIR_AA
FLIR_PKI
FLIR_HON
TXT_FLS
TXT_ROK
TXT_TMO
TXT_PCAR
TXT_AA
TXT_PKI
TXT_HON
FLS_ROK
FLS_TMO
FLS_PCAR
FLS_AA
FLS_PKI
FLS_HON
ROK_TMO
ROK_PCAR
ROK_AA
ROK_PKI
ROK_HON
TMO_PCAR
TMO_AA
TMO_PKI
TMO_HON
PCAR_AA
PCAR_PKI
PCAR_HON
AA_PKI
AA_HON
PKI_HON
