EOG_GE
EOG_CMI
EOG_VLO
EOG_FTI
EOG_NFX
EOG_NOV
EOG_XOM
EOG_BHI
EOG_CHK
EOG_MRO
EOG_APC
EOG_APA
EOG_OXY
EOG_MUR
EOG_DO
EOG_SWN
EOG_SLB
EOG_RIG
EOG_HAL
EOG_EQT
EOG_XEC
EOG_EMR
EOG_TSO
EOG_PSX
EOG_COP
EOG_DVN
EOG_COG
EOG_HES
EOG_CVX
EOG_CXO
EOG_MPC
EOG_RRC
EOG_NBL
EOG_HP
EOG_PXD
GE_CMI
GE_VLO
GE_FTI
GE_NFX
GE_NOV
GE_XOM
GE_BHI
GE_CHK
GE_MRO
GE_APC
GE_APA
GE_OXY
GE_MUR
GE_DO
GE_SWN
GE_SLB
GE_RIG
GE_HAL
GE_EQT
GE_XEC
GE_EMR
GE_TSO
GE_PSX
GE_COP
GE_DVN
GE_COG
GE_HES
GE_CVX
GE_CXO
GE_MPC
GE_RRC
GE_NBL
GE_HP
GE_PXD
CMI_VLO
CMI_FTI
CMI_NFX
CMI_NOV
CMI_XOM
CMI_BHI
CMI_CHK
CMI_MRO
CMI_APC
CMI_APA
CMI_OXY
CMI_MUR
CMI_DO
CMI_SWN
CMI_SLB
CMI_RIG
CMI_HAL
CMI_EQT
CMI_XEC
CMI_EMR
CMI_TSO
CMI_PSX
CMI_COP
CMI_DVN
CMI_COG
CMI_HES
CMI_CVX
CMI_CXO
CMI_MPC
CMI_RRC
CMI_NBL
CMI_HP
CMI_PXD
VLO_FTI
VLO_NFX
VLO_NOV
VLO_XOM
VLO_BHI
VLO_CHK
VLO_MRO
VLO_APC
VLO_APA
VLO_OXY
VLO_MUR
VLO_DO
VLO_SWN
VLO_SLB
VLO_RIG
VLO_HAL
VLO_EQT
VLO_XEC
VLO_EMR
VLO_TSO
VLO_PSX
VLO_COP
VLO_DVN
VLO_COG
VLO_HES
VLO_CVX
VLO_CXO
VLO_MPC
VLO_RRC
VLO_NBL
VLO_HP
VLO_PXD
FTI_NFX
FTI_NOV
FTI_XOM
FTI_BHI
FTI_CHK
FTI_MRO
FTI_APC
FTI_APA
FTI_OXY
FTI_MUR
FTI_DO
FTI_SWN
FTI_SLB
FTI_RIG
FTI_HAL
FTI_EQT
FTI_XEC
FTI_EMR
FTI_TSO
FTI_PSX
FTI_COP
FTI_DVN
FTI_COG
FTI_HES
FTI_CVX
FTI_CXO
FTI_MPC
FTI_RRC
FTI_NBL
FTI_HP
FTI_PXD
NFX_NOV
NFX_XOM
NFX_BHI
NFX_CHK
NFX_MRO
NFX_APC
NFX_APA
NFX_OXY
NFX_MUR
NFX_DO
NFX_SWN
NFX_SLB
NFX_RIG
NFX_HAL
NFX_EQT
NFX_XEC
NFX_EMR
NFX_TSO
NFX_PSX
NFX_COP
NFX_DVN
NFX_COG
NFX_HES
NFX_CVX
NFX_CXO
NFX_MPC
NFX_RRC
NFX_NBL
NFX_HP
NFX_PXD
NOV_XOM
NOV_BHI
NOV_CHK
NOV_MRO
NOV_APC
NOV_APA
NOV_OXY
NOV_MUR
NOV_DO
NOV_SWN
NOV_SLB
NOV_RIG
NOV_HAL
NOV_EQT
NOV_XEC
NOV_EMR
NOV_TSO
NOV_PSX
NOV_COP
NOV_DVN
NOV_COG
NOV_HES
NOV_CVX
NOV_CXO
NOV_MPC
NOV_RRC
NOV_NBL
NOV_HP
NOV_PXD
XOM_BHI
XOM_CHK
XOM_MRO
XOM_APC
XOM_APA
XOM_OXY
XOM_MUR
XOM_DO
XOM_SWN
XOM_SLB
XOM_RIG
XOM_HAL
XOM_EQT
XOM_XEC
XOM_EMR
XOM_TSO
XOM_PSX
XOM_COP
XOM_DVN
XOM_COG
XOM_HES
XOM_CVX
XOM_CXO
XOM_MPC
XOM_RRC
XOM_NBL
XOM_HP
XOM_PXD
BHI_CHK
BHI_MRO
BHI_APC
BHI_APA
BHI_OXY
BHI_MUR
BHI_DO
BHI_SWN
BHI_SLB
BHI_RIG
BHI_HAL
BHI_EQT
BHI_XEC
BHI_EMR
BHI_TSO
BHI_PSX
BHI_COP
BHI_DVN
BHI_COG
BHI_HES
BHI_CVX
BHI_CXO
BHI_MPC
BHI_RRC
BHI_NBL
BHI_HP
BHI_PXD
CHK_MRO
CHK_APC
CHK_APA
CHK_OXY
CHK_MUR
CHK_DO
CHK_SWN
CHK_SLB
CHK_RIG
CHK_HAL
CHK_EQT
CHK_XEC
CHK_EMR
CHK_TSO
CHK_PSX
CHK_COP
CHK_DVN
CHK_COG
CHK_HES
CHK_CVX
CHK_CXO
CHK_MPC
CHK_RRC
CHK_NBL
CHK_HP
CHK_PXD
MRO_APC
MRO_APA
MRO_OXY
MRO_MUR
MRO_DO
MRO_SWN
MRO_SLB
MRO_RIG
MRO_HAL
MRO_EQT
MRO_XEC
MRO_EMR
MRO_TSO
MRO_PSX
MRO_COP
MRO_DVN
MRO_COG
MRO_HES
MRO_CVX
MRO_CXO
MRO_MPC
MRO_RRC
MRO_NBL
MRO_HP
MRO_PXD
APC_APA
APC_OXY
APC_MUR
APC_DO
APC_SWN
APC_SLB
APC_RIG
APC_HAL
APC_EQT
APC_XEC
APC_EMR
APC_TSO
APC_PSX
APC_COP
APC_DVN
APC_COG
APC_HES
APC_CVX
APC_CXO
APC_MPC
APC_RRC
APC_NBL
APC_HP
APC_PXD
APA_OXY
APA_MUR
APA_DO
APA_SWN
APA_SLB
APA_RIG
APA_HAL
APA_EQT
APA_XEC
APA_EMR
APA_TSO
APA_PSX
APA_COP
APA_DVN
APA_COG
APA_HES
APA_CVX
APA_CXO
APA_MPC
APA_RRC
APA_NBL
APA_HP
APA_PXD
OXY_MUR
OXY_DO
OXY_SWN
OXY_SLB
OXY_RIG
OXY_HAL
OXY_EQT
OXY_XEC
OXY_EMR
OXY_TSO
OXY_PSX
OXY_COP
OXY_DVN
OXY_COG
OXY_HES
OXY_CVX
OXY_CXO
OXY_MPC
OXY_RRC
OXY_NBL
OXY_HP
OXY_PXD
MUR_DO
MUR_SWN
MUR_SLB
MUR_RIG
MUR_HAL
MUR_EQT
MUR_XEC
MUR_EMR
MUR_TSO
MUR_PSX
MUR_COP
MUR_DVN
MUR_COG
MUR_HES
MUR_CVX
MUR_CXO
MUR_MPC
MUR_RRC
MUR_NBL
MUR_HP
MUR_PXD
DO_SWN
DO_SLB
DO_RIG
DO_HAL
DO_EQT
DO_XEC
DO_EMR
DO_TSO
DO_PSX
DO_COP
DO_DVN
DO_COG
DO_HES
DO_CVX
DO_CXO
DO_MPC
DO_RRC
DO_NBL
DO_HP
DO_PXD
SWN_SLB
SWN_RIG
SWN_HAL
SWN_EQT
SWN_XEC
SWN_EMR
SWN_TSO
SWN_PSX
SWN_COP
SWN_DVN
SWN_COG
SWN_HES
SWN_CVX
SWN_CXO
SWN_MPC
SWN_RRC
SWN_NBL
SWN_HP
SWN_PXD
SLB_RIG
SLB_HAL
SLB_EQT
SLB_XEC
SLB_EMR
SLB_TSO
SLB_PSX
SLB_COP
SLB_DVN
SLB_COG
SLB_HES
SLB_CVX
SLB_CXO
SLB_MPC
SLB_RRC
SLB_NBL
SLB_HP
SLB_PXD
RIG_HAL
RIG_EQT
RIG_XEC
RIG_EMR
RIG_TSO
RIG_PSX
RIG_COP
RIG_DVN
RIG_COG
RIG_HES
RIG_CVX
RIG_CXO
RIG_MPC
RIG_RRC
RIG_NBL
RIG_HP
RIG_PXD
HAL_EQT
HAL_XEC
HAL_EMR
HAL_TSO
HAL_PSX
HAL_COP
HAL_DVN
HAL_COG
HAL_HES
HAL_CVX
HAL_CXO
HAL_MPC
HAL_RRC
HAL_NBL
HAL_HP
HAL_PXD
EQT_XEC
EQT_EMR
EQT_TSO
EQT_PSX
EQT_COP
EQT_DVN
EQT_COG
EQT_HES
EQT_CVX
EQT_CXO
EQT_MPC
EQT_RRC
EQT_NBL
EQT_HP
EQT_PXD
XEC_EMR
XEC_TSO
XEC_PSX
XEC_COP
XEC_DVN
XEC_COG
XEC_HES
XEC_CVX
XEC_CXO
XEC_MPC
XEC_RRC
XEC_NBL
XEC_HP
XEC_PXD
EMR_TSO
EMR_PSX
EMR_COP
EMR_DVN
EMR_COG
EMR_HES
EMR_CVX
EMR_CXO
EMR_MPC
EMR_RRC
EMR_NBL
EMR_HP
EMR_PXD
TSO_PSX
TSO_COP
TSO_DVN
TSO_COG
TSO_HES
TSO_CVX
TSO_CXO
TSO_MPC
TSO_RRC
TSO_NBL
TSO_HP
TSO_PXD
PSX_COP
PSX_DVN
PSX_COG
PSX_HES
PSX_CVX
PSX_CXO
PSX_MPC
PSX_RRC
PSX_NBL
PSX_HP
PSX_PXD
COP_DVN
COP_COG
COP_HES
COP_CVX
COP_CXO
COP_MPC
COP_RRC
COP_NBL
COP_HP
COP_PXD
DVN_COG
DVN_HES
DVN_CVX
DVN_CXO
DVN_MPC
DVN_RRC
DVN_NBL
DVN_HP
DVN_PXD
COG_HES
COG_CVX
COG_CXO
COG_MPC
COG_RRC
COG_NBL
COG_HP
COG_PXD
HES_CVX
HES_CXO
HES_MPC
HES_RRC
HES_NBL
HES_HP
HES_PXD
CVX_CXO
CVX_MPC
CVX_RRC
CVX_NBL
CVX_HP
CVX_PXD
CXO_MPC
CXO_RRC
CXO_NBL
CXO_HP
CXO_PXD
MPC_RRC
MPC_NBL
MPC_HP
MPC_PXD
RRC_NBL
RRC_HP
RRC_PXD
NBL_HP
NBL_PXD
HP_PXD
