QRVO_NTAP
QRVO_SYMC
QRVO_FSLR
QRVO_FFIV
QRVO_MU
QRVO_FB
QRVO_MSFT
QRVO_JNPR
QRVO_SWKS
QRVO_ADBE
QRVO_IBM
QRVO_STX
QRVO_CERN
QRVO_PNR
QRVO_GOOGL
QRVO_IPG
QRVO_RHT
QRVO_RHI
QRVO_NVDA
QRVO_AVGO
QRVO_EA
QRVO_ADSK
QRVO_TRIP
QRVO_OMC
QRVO_XLNX
QRVO_ITW
QRVO_ATVI
QRVO_INTU
QRVO_AAPL
QRVO_CTSH
QRVO_EMC
QRVO_AMAT
QRVO_CRM
QRVO_CTXS
QRVO_QCOM
QRVO_MCHP
QRVO_FISV
QRVO_ETN
QRVO_CA
QRVO_TDC
QRVO_GOOG
QRVO_HPQ
QRVO_URI
QRVO_HPE
QRVO_CSCO
QRVO_WDC
QRVO_VRSN
QRVO_VRSK
QRVO_INTC
QRVO_DOV
QRVO_LLL
QRVO_LRCX
QRVO_YHOO
QRVO_CSRA
QRVO_LLTC
QRVO_ADP
QRVO_ADI
QRVO_MSI
QRVO_TXN
QRVO_ORCL
NTAP_SYMC
NTAP_FSLR
NTAP_FFIV
NTAP_MU
NTAP_FB
NTAP_MSFT
NTAP_JNPR
NTAP_SWKS
NTAP_ADBE
NTAP_IBM
NTAP_STX
NTAP_CERN
NTAP_PNR
NTAP_GOOGL
NTAP_IPG
NTAP_RHT
NTAP_RHI
NTAP_NVDA
NTAP_AVGO
NTAP_EA
NTAP_ADSK
NTAP_TRIP
NTAP_OMC
NTAP_XLNX
NTAP_ITW
NTAP_ATVI
NTAP_INTU
NTAP_AAPL
NTAP_CTSH
NTAP_EMC
NTAP_AMAT
NTAP_CRM
NTAP_CTXS
NTAP_QCOM
NTAP_MCHP
NTAP_FISV
NTAP_ETN
NTAP_CA
NTAP_TDC
NTAP_GOOG
NTAP_HPQ
NTAP_URI
NTAP_HPE
NTAP_CSCO
NTAP_WDC
NTAP_VRSN
NTAP_VRSK
NTAP_INTC
NTAP_DOV
NTAP_LLL
NTAP_LRCX
NTAP_YHOO
NTAP_CSRA
NTAP_LLTC
NTAP_ADP
NTAP_ADI
NTAP_MSI
NTAP_TXN
NTAP_ORCL
SYMC_FSLR
SYMC_FFIV
SYMC_MU
SYMC_FB
SYMC_MSFT
SYMC_JNPR
SYMC_SWKS
SYMC_ADBE
SYMC_IBM
SYMC_STX
SYMC_CERN
SYMC_PNR
SYMC_GOOGL
SYMC_IPG
SYMC_RHT
SYMC_RHI
SYMC_NVDA
SYMC_AVGO
SYMC_EA
SYMC_ADSK
SYMC_TRIP
SYMC_OMC
SYMC_XLNX
SYMC_ITW
SYMC_ATVI
SYMC_INTU
SYMC_AAPL
SYMC_CTSH
SYMC_EMC
SYMC_AMAT
SYMC_CRM
SYMC_CTXS
SYMC_QCOM
SYMC_MCHP
SYMC_FISV
SYMC_ETN
SYMC_CA
SYMC_TDC
SYMC_GOOG
SYMC_HPQ
SYMC_URI
SYMC_HPE
SYMC_CSCO
SYMC_WDC
SYMC_VRSN
SYMC_VRSK
SYMC_INTC
SYMC_DOV
SYMC_LLL
SYMC_LRCX
SYMC_YHOO
SYMC_CSRA
SYMC_LLTC
SYMC_ADP
SYMC_ADI
SYMC_MSI
SYMC_TXN
SYMC_ORCL
FSLR_FFIV
FSLR_MU
FSLR_FB
FSLR_MSFT
FSLR_JNPR
FSLR_SWKS
FSLR_ADBE
FSLR_IBM
FSLR_STX
FSLR_CERN
FSLR_PNR
FSLR_GOOGL
FSLR_IPG
FSLR_RHT
FSLR_RHI
FSLR_NVDA
FSLR_AVGO
FSLR_EA
FSLR_ADSK
FSLR_TRIP
FSLR_OMC
FSLR_XLNX
FSLR_ITW
FSLR_ATVI
FSLR_INTU
FSLR_AAPL
FSLR_CTSH
FSLR_EMC
FSLR_AMAT
FSLR_CRM
FSLR_CTXS
FSLR_QCOM
FSLR_MCHP
FSLR_FISV
FSLR_ETN
FSLR_CA
FSLR_TDC
FSLR_GOOG
FSLR_HPQ
FSLR_URI
FSLR_HPE
FSLR_CSCO
FSLR_WDC
FSLR_VRSN
FSLR_VRSK
FSLR_INTC
FSLR_DOV
FSLR_LLL
FSLR_LRCX
FSLR_YHOO
FSLR_CSRA
FSLR_LLTC
FSLR_ADP
FSLR_ADI
FSLR_MSI
FSLR_TXN
FSLR_ORCL
FFIV_MU
FFIV_FB
FFIV_MSFT
FFIV_JNPR
FFIV_SWKS
FFIV_ADBE
FFIV_IBM
FFIV_STX
FFIV_CERN
FFIV_PNR
FFIV_GOOGL
FFIV_IPG
FFIV_RHT
FFIV_RHI
FFIV_NVDA
FFIV_AVGO
FFIV_EA
FFIV_ADSK
FFIV_TRIP
FFIV_OMC
FFIV_XLNX
FFIV_ITW
FFIV_ATVI
FFIV_INTU
FFIV_AAPL
FFIV_CTSH
FFIV_EMC
FFIV_AMAT
FFIV_CRM
FFIV_CTXS
FFIV_QCOM
FFIV_MCHP
FFIV_FISV
FFIV_ETN
FFIV_CA
FFIV_TDC
FFIV_GOOG
FFIV_HPQ
FFIV_URI
FFIV_HPE
FFIV_CSCO
FFIV_WDC
FFIV_VRSN
FFIV_VRSK
FFIV_INTC
FFIV_DOV
FFIV_LLL
FFIV_LRCX
FFIV_YHOO
FFIV_CSRA
FFIV_LLTC
FFIV_ADP
FFIV_ADI
FFIV_MSI
FFIV_TXN
FFIV_ORCL
MU_FB
MU_MSFT
MU_JNPR
MU_SWKS
MU_ADBE
MU_IBM
MU_STX
MU_CERN
MU_PNR
MU_GOOGL
MU_IPG
MU_RHT
MU_RHI
MU_NVDA
MU_AVGO
MU_EA
MU_ADSK
MU_TRIP
MU_OMC
MU_XLNX
MU_ITW
MU_ATVI
MU_INTU
MU_AAPL
MU_CTSH
MU_EMC
MU_AMAT
MU_CRM
MU_CTXS
MU_QCOM
MU_MCHP
MU_FISV
MU_ETN
MU_CA
MU_TDC
MU_GOOG
MU_HPQ
MU_URI
MU_HPE
MU_CSCO
MU_WDC
MU_VRSN
MU_VRSK
MU_INTC
MU_DOV
MU_LLL
MU_LRCX
MU_YHOO
MU_CSRA
MU_LLTC
MU_ADP
MU_ADI
MU_MSI
MU_TXN
MU_ORCL
FB_MSFT
FB_JNPR
FB_SWKS
FB_ADBE
FB_IBM
FB_STX
FB_CERN
FB_PNR
FB_GOOGL
FB_IPG
FB_RHT
FB_RHI
FB_NVDA
FB_AVGO
FB_EA
FB_ADSK
FB_TRIP
FB_OMC
FB_XLNX
FB_ITW
FB_ATVI
FB_INTU
FB_AAPL
FB_CTSH
FB_EMC
FB_AMAT
FB_CRM
FB_CTXS
FB_QCOM
FB_MCHP
FB_FISV
FB_ETN
FB_CA
FB_TDC
FB_GOOG
FB_HPQ
FB_URI
FB_HPE
FB_CSCO
FB_WDC
FB_VRSN
FB_VRSK
FB_INTC
FB_DOV
FB_LLL
FB_LRCX
FB_YHOO
FB_CSRA
FB_LLTC
FB_ADP
FB_ADI
FB_MSI
FB_TXN
FB_ORCL
MSFT_JNPR
MSFT_SWKS
MSFT_ADBE
MSFT_IBM
MSFT_STX
MSFT_CERN
MSFT_PNR
MSFT_GOOGL
MSFT_IPG
MSFT_RHT
MSFT_RHI
MSFT_NVDA
MSFT_AVGO
MSFT_EA
MSFT_ADSK
MSFT_TRIP
MSFT_OMC
MSFT_XLNX
MSFT_ITW
MSFT_ATVI
MSFT_INTU
MSFT_AAPL
MSFT_CTSH
MSFT_EMC
MSFT_AMAT
MSFT_CRM
MSFT_CTXS
MSFT_QCOM
MSFT_MCHP
MSFT_FISV
MSFT_ETN
MSFT_CA
MSFT_TDC
MSFT_GOOG
MSFT_HPQ
MSFT_URI
MSFT_HPE
MSFT_CSCO
MSFT_WDC
MSFT_VRSN
MSFT_VRSK
MSFT_INTC
MSFT_DOV
MSFT_LLL
MSFT_LRCX
MSFT_YHOO
MSFT_CSRA
MSFT_LLTC
MSFT_ADP
MSFT_ADI
MSFT_MSI
MSFT_TXN
MSFT_ORCL
JNPR_SWKS
JNPR_ADBE
JNPR_IBM
JNPR_STX
JNPR_CERN
JNPR_PNR
JNPR_GOOGL
JNPR_IPG
JNPR_RHT
JNPR_RHI
JNPR_NVDA
JNPR_AVGO
JNPR_EA
JNPR_ADSK
JNPR_TRIP
JNPR_OMC
JNPR_XLNX
JNPR_ITW
JNPR_ATVI
JNPR_INTU
JNPR_AAPL
JNPR_CTSH
JNPR_EMC
JNPR_AMAT
JNPR_CRM
JNPR_CTXS
JNPR_QCOM
JNPR_MCHP
JNPR_FISV
JNPR_ETN
JNPR_CA
JNPR_TDC
JNPR_GOOG
JNPR_HPQ
JNPR_URI
JNPR_HPE
JNPR_CSCO
JNPR_WDC
JNPR_VRSN
JNPR_VRSK
JNPR_INTC
JNPR_DOV
JNPR_LLL
JNPR_LRCX
JNPR_YHOO
JNPR_CSRA
JNPR_LLTC
JNPR_ADP
JNPR_ADI
JNPR_MSI
JNPR_TXN
JNPR_ORCL
SWKS_ADBE
SWKS_IBM
SWKS_STX
SWKS_CERN
SWKS_PNR
SWKS_GOOGL
SWKS_IPG
SWKS_RHT
SWKS_RHI
SWKS_NVDA
SWKS_AVGO
SWKS_EA
SWKS_ADSK
SWKS_TRIP
SWKS_OMC
SWKS_XLNX
SWKS_ITW
SWKS_ATVI
SWKS_INTU
SWKS_AAPL
SWKS_CTSH
SWKS_EMC
SWKS_AMAT
SWKS_CRM
SWKS_CTXS
SWKS_QCOM
SWKS_MCHP
SWKS_FISV
SWKS_ETN
SWKS_CA
SWKS_TDC
SWKS_GOOG
SWKS_HPQ
SWKS_URI
SWKS_HPE
SWKS_CSCO
SWKS_WDC
SWKS_VRSN
SWKS_VRSK
SWKS_INTC
SWKS_DOV
SWKS_LLL
SWKS_LRCX
SWKS_YHOO
SWKS_CSRA
SWKS_LLTC
SWKS_ADP
SWKS_ADI
SWKS_MSI
SWKS_TXN
SWKS_ORCL
ADBE_IBM
ADBE_STX
ADBE_CERN
ADBE_PNR
ADBE_GOOGL
ADBE_IPG
ADBE_RHT
ADBE_RHI
ADBE_NVDA
ADBE_AVGO
ADBE_EA
ADBE_ADSK
ADBE_TRIP
ADBE_OMC
ADBE_XLNX
ADBE_ITW
ADBE_ATVI
ADBE_INTU
ADBE_AAPL
ADBE_CTSH
ADBE_EMC
ADBE_AMAT
ADBE_CRM
ADBE_CTXS
ADBE_QCOM
ADBE_MCHP
ADBE_FISV
ADBE_ETN
ADBE_CA
ADBE_TDC
ADBE_GOOG
ADBE_HPQ
ADBE_URI
ADBE_HPE
ADBE_CSCO
ADBE_WDC
ADBE_VRSN
ADBE_VRSK
ADBE_INTC
ADBE_DOV
ADBE_LLL
ADBE_LRCX
ADBE_YHOO
ADBE_CSRA
ADBE_LLTC
ADBE_ADP
ADBE_ADI
ADBE_MSI
ADBE_TXN
ADBE_ORCL
IBM_STX
IBM_CERN
IBM_PNR
IBM_GOOGL
IBM_IPG
IBM_RHT
IBM_RHI
IBM_NVDA
IBM_AVGO
IBM_EA
IBM_ADSK
IBM_TRIP
IBM_OMC
IBM_XLNX
IBM_ITW
IBM_ATVI
IBM_INTU
IBM_AAPL
IBM_CTSH
IBM_EMC
IBM_AMAT
IBM_CRM
IBM_CTXS
IBM_QCOM
IBM_MCHP
IBM_FISV
IBM_ETN
IBM_CA
IBM_TDC
IBM_GOOG
IBM_HPQ
IBM_URI
IBM_HPE
IBM_CSCO
IBM_WDC
IBM_VRSN
IBM_VRSK
IBM_INTC
IBM_DOV
IBM_LLL
IBM_LRCX
IBM_YHOO
IBM_CSRA
IBM_LLTC
IBM_ADP
IBM_ADI
IBM_MSI
IBM_TXN
IBM_ORCL
STX_CERN
STX_PNR
STX_GOOGL
STX_IPG
STX_RHT
STX_RHI
STX_NVDA
STX_AVGO
STX_EA
STX_ADSK
STX_TRIP
STX_OMC
STX_XLNX
STX_ITW
STX_ATVI
STX_INTU
STX_AAPL
STX_CTSH
STX_EMC
STX_AMAT
STX_CRM
STX_CTXS
STX_QCOM
STX_MCHP
STX_FISV
STX_ETN
STX_CA
STX_TDC
STX_GOOG
STX_HPQ
STX_URI
STX_HPE
STX_CSCO
STX_WDC
STX_VRSN
STX_VRSK
STX_INTC
STX_DOV
STX_LLL
STX_LRCX
STX_YHOO
STX_CSRA
STX_LLTC
STX_ADP
STX_ADI
STX_MSI
STX_TXN
STX_ORCL
CERN_PNR
CERN_GOOGL
CERN_IPG
CERN_RHT
CERN_RHI
CERN_NVDA
CERN_AVGO
CERN_EA
CERN_ADSK
CERN_TRIP
CERN_OMC
CERN_XLNX
CERN_ITW
CERN_ATVI
CERN_INTU
CERN_AAPL
CERN_CTSH
CERN_EMC
CERN_AMAT
CERN_CRM
CERN_CTXS
CERN_QCOM
CERN_MCHP
CERN_FISV
CERN_ETN
CERN_CA
CERN_TDC
CERN_GOOG
CERN_HPQ
CERN_URI
CERN_HPE
CERN_CSCO
CERN_WDC
CERN_VRSN
CERN_VRSK
CERN_INTC
CERN_DOV
CERN_LLL
CERN_LRCX
CERN_YHOO
CERN_CSRA
CERN_LLTC
CERN_ADP
CERN_ADI
CERN_MSI
CERN_TXN
CERN_ORCL
PNR_GOOGL
PNR_IPG
PNR_RHT
PNR_RHI
PNR_NVDA
PNR_AVGO
PNR_EA
PNR_ADSK
PNR_TRIP
PNR_OMC
PNR_XLNX
PNR_ITW
PNR_ATVI
PNR_INTU
PNR_AAPL
PNR_CTSH
PNR_EMC
PNR_AMAT
PNR_CRM
PNR_CTXS
PNR_QCOM
PNR_MCHP
PNR_FISV
PNR_ETN
PNR_CA
PNR_TDC
PNR_GOOG
PNR_HPQ
PNR_URI
PNR_HPE
PNR_CSCO
PNR_WDC
PNR_VRSN
PNR_VRSK
PNR_INTC
PNR_DOV
PNR_LLL
PNR_LRCX
PNR_YHOO
PNR_CSRA
PNR_LLTC
PNR_ADP
PNR_ADI
PNR_MSI
PNR_TXN
PNR_ORCL
GOOGL_IPG
GOOGL_RHT
GOOGL_RHI
GOOGL_NVDA
GOOGL_AVGO
GOOGL_EA
GOOGL_ADSK
GOOGL_TRIP
GOOGL_OMC
GOOGL_XLNX
GOOGL_ITW
GOOGL_ATVI
GOOGL_INTU
GOOGL_AAPL
GOOGL_CTSH
GOOGL_EMC
GOOGL_AMAT
GOOGL_CRM
GOOGL_CTXS
GOOGL_QCOM
GOOGL_MCHP
GOOGL_FISV
GOOGL_ETN
GOOGL_CA
GOOGL_TDC
GOOGL_GOOG
GOOGL_HPQ
GOOGL_URI
GOOGL_HPE
GOOGL_CSCO
GOOGL_WDC
GOOGL_VRSN
GOOGL_VRSK
GOOGL_INTC
GOOGL_DOV
GOOGL_LLL
GOOGL_LRCX
GOOGL_YHOO
GOOGL_CSRA
GOOGL_LLTC
GOOGL_ADP
GOOGL_ADI
GOOGL_MSI
GOOGL_TXN
GOOGL_ORCL
IPG_RHT
IPG_RHI
IPG_NVDA
IPG_AVGO
IPG_EA
IPG_ADSK
IPG_TRIP
IPG_OMC
IPG_XLNX
IPG_ITW
IPG_ATVI
IPG_INTU
IPG_AAPL
IPG_CTSH
IPG_EMC
IPG_AMAT
IPG_CRM
IPG_CTXS
IPG_QCOM
IPG_MCHP
IPG_FISV
IPG_ETN
IPG_CA
IPG_TDC
IPG_GOOG
IPG_HPQ
IPG_URI
IPG_HPE
IPG_CSCO
IPG_WDC
IPG_VRSN
IPG_VRSK
IPG_INTC
IPG_DOV
IPG_LLL
IPG_LRCX
IPG_YHOO
IPG_CSRA
IPG_LLTC
IPG_ADP
IPG_ADI
IPG_MSI
IPG_TXN
IPG_ORCL
RHT_RHI
RHT_NVDA
RHT_AVGO
RHT_EA
RHT_ADSK
RHT_TRIP
RHT_OMC
RHT_XLNX
RHT_ITW
RHT_ATVI
RHT_INTU
RHT_AAPL
RHT_CTSH
RHT_EMC
RHT_AMAT
RHT_CRM
RHT_CTXS
RHT_QCOM
RHT_MCHP
RHT_FISV
RHT_ETN
RHT_CA
RHT_TDC
RHT_GOOG
RHT_HPQ
RHT_URI
RHT_HPE
RHT_CSCO
RHT_WDC
RHT_VRSN
RHT_VRSK
RHT_INTC
RHT_DOV
RHT_LLL
RHT_LRCX
RHT_YHOO
RHT_CSRA
RHT_LLTC
RHT_ADP
RHT_ADI
RHT_MSI
RHT_TXN
RHT_ORCL
RHI_NVDA
RHI_AVGO
RHI_EA
RHI_ADSK
RHI_TRIP
RHI_OMC
RHI_XLNX
RHI_ITW
RHI_ATVI
RHI_INTU
RHI_AAPL
RHI_CTSH
RHI_EMC
RHI_AMAT
RHI_CRM
RHI_CTXS
RHI_QCOM
RHI_MCHP
RHI_FISV
RHI_ETN
RHI_CA
RHI_TDC
RHI_GOOG
RHI_HPQ
RHI_URI
RHI_HPE
RHI_CSCO
RHI_WDC
RHI_VRSN
RHI_VRSK
RHI_INTC
RHI_DOV
RHI_LLL
RHI_LRCX
RHI_YHOO
RHI_CSRA
RHI_LLTC
RHI_ADP
RHI_ADI
RHI_MSI
RHI_TXN
RHI_ORCL
NVDA_AVGO
NVDA_EA
NVDA_ADSK
NVDA_TRIP
NVDA_OMC
NVDA_XLNX
NVDA_ITW
NVDA_ATVI
NVDA_INTU
NVDA_AAPL
NVDA_CTSH
NVDA_EMC
NVDA_AMAT
NVDA_CRM
NVDA_CTXS
NVDA_QCOM
NVDA_MCHP
NVDA_FISV
NVDA_ETN
NVDA_CA
NVDA_TDC
NVDA_GOOG
NVDA_HPQ
NVDA_URI
NVDA_HPE
NVDA_CSCO
NVDA_WDC
NVDA_VRSN
NVDA_VRSK
NVDA_INTC
NVDA_DOV
NVDA_LLL
NVDA_LRCX
NVDA_YHOO
NVDA_CSRA
NVDA_LLTC
NVDA_ADP
NVDA_ADI
NVDA_MSI
NVDA_TXN
NVDA_ORCL
AVGO_EA
AVGO_ADSK
AVGO_TRIP
AVGO_OMC
AVGO_XLNX
AVGO_ITW
AVGO_ATVI
AVGO_INTU
AVGO_AAPL
AVGO_CTSH
AVGO_EMC
AVGO_AMAT
AVGO_CRM
AVGO_CTXS
AVGO_QCOM
AVGO_MCHP
AVGO_FISV
AVGO_ETN
AVGO_CA
AVGO_TDC
AVGO_GOOG
AVGO_HPQ
AVGO_URI
AVGO_HPE
AVGO_CSCO
AVGO_WDC
AVGO_VRSN
AVGO_VRSK
AVGO_INTC
AVGO_DOV
AVGO_LLL
AVGO_LRCX
AVGO_YHOO
AVGO_CSRA
AVGO_LLTC
AVGO_ADP
AVGO_ADI
AVGO_MSI
AVGO_TXN
AVGO_ORCL
EA_ADSK
EA_TRIP
EA_OMC
EA_XLNX
EA_ITW
EA_ATVI
EA_INTU
EA_AAPL
EA_CTSH
EA_EMC
EA_AMAT
EA_CRM
EA_CTXS
EA_QCOM
EA_MCHP
EA_FISV
EA_ETN
EA_CA
EA_TDC
EA_GOOG
EA_HPQ
EA_URI
EA_HPE
EA_CSCO
EA_WDC
EA_VRSN
EA_VRSK
EA_INTC
EA_DOV
EA_LLL
EA_LRCX
EA_YHOO
EA_CSRA
EA_LLTC
EA_ADP
EA_ADI
EA_MSI
EA_TXN
EA_ORCL
ADSK_TRIP
ADSK_OMC
ADSK_XLNX
ADSK_ITW
ADSK_ATVI
ADSK_INTU
ADSK_AAPL
ADSK_CTSH
ADSK_EMC
ADSK_AMAT
ADSK_CRM
ADSK_CTXS
ADSK_QCOM
ADSK_MCHP
ADSK_FISV
ADSK_ETN
ADSK_CA
ADSK_TDC
ADSK_GOOG
ADSK_HPQ
ADSK_URI
ADSK_HPE
ADSK_CSCO
ADSK_WDC
ADSK_VRSN
ADSK_VRSK
ADSK_INTC
ADSK_DOV
ADSK_LLL
ADSK_LRCX
ADSK_YHOO
ADSK_CSRA
ADSK_LLTC
ADSK_ADP
ADSK_ADI
ADSK_MSI
ADSK_TXN
ADSK_ORCL
TRIP_OMC
TRIP_XLNX
TRIP_ITW
TRIP_ATVI
TRIP_INTU
TRIP_AAPL
TRIP_CTSH
TRIP_EMC
TRIP_AMAT
TRIP_CRM
TRIP_CTXS
TRIP_QCOM
TRIP_MCHP
TRIP_FISV
TRIP_ETN
TRIP_CA
TRIP_TDC
TRIP_GOOG
TRIP_HPQ
TRIP_URI
TRIP_HPE
TRIP_CSCO
TRIP_WDC
TRIP_VRSN
TRIP_VRSK
TRIP_INTC
TRIP_DOV
TRIP_LLL
TRIP_LRCX
TRIP_YHOO
TRIP_CSRA
TRIP_LLTC
TRIP_ADP
TRIP_ADI
TRIP_MSI
TRIP_TXN
TRIP_ORCL
OMC_XLNX
OMC_ITW
OMC_ATVI
OMC_INTU
OMC_AAPL
OMC_CTSH
OMC_EMC
OMC_AMAT
OMC_CRM
OMC_CTXS
OMC_QCOM
OMC_MCHP
OMC_FISV
OMC_ETN
OMC_CA
OMC_TDC
OMC_GOOG
OMC_HPQ
OMC_URI
OMC_HPE
OMC_CSCO
OMC_WDC
OMC_VRSN
OMC_VRSK
OMC_INTC
OMC_DOV
OMC_LLL
OMC_LRCX
OMC_YHOO
OMC_CSRA
OMC_LLTC
OMC_ADP
OMC_ADI
OMC_MSI
OMC_TXN
OMC_ORCL
XLNX_ITW
XLNX_ATVI
XLNX_INTU
XLNX_AAPL
XLNX_CTSH
XLNX_EMC
XLNX_AMAT
XLNX_CRM
XLNX_CTXS
XLNX_QCOM
XLNX_MCHP
XLNX_FISV
XLNX_ETN
XLNX_CA
XLNX_TDC
XLNX_GOOG
XLNX_HPQ
XLNX_URI
XLNX_HPE
XLNX_CSCO
XLNX_WDC
XLNX_VRSN
XLNX_VRSK
XLNX_INTC
XLNX_DOV
XLNX_LLL
XLNX_LRCX
XLNX_YHOO
XLNX_CSRA
XLNX_LLTC
XLNX_ADP
XLNX_ADI
XLNX_MSI
XLNX_TXN
XLNX_ORCL
ITW_ATVI
ITW_INTU
ITW_AAPL
ITW_CTSH
ITW_EMC
ITW_AMAT
ITW_CRM
ITW_CTXS
ITW_QCOM
ITW_MCHP
ITW_FISV
ITW_ETN
ITW_CA
ITW_TDC
ITW_GOOG
ITW_HPQ
ITW_URI
ITW_HPE
ITW_CSCO
ITW_WDC
ITW_VRSN
ITW_VRSK
ITW_INTC
ITW_DOV
ITW_LLL
ITW_LRCX
ITW_YHOO
ITW_CSRA
ITW_LLTC
ITW_ADP
ITW_ADI
ITW_MSI
ITW_TXN
ITW_ORCL
ATVI_INTU
ATVI_AAPL
ATVI_CTSH
ATVI_EMC
ATVI_AMAT
ATVI_CRM
ATVI_CTXS
ATVI_QCOM
ATVI_MCHP
ATVI_FISV
ATVI_ETN
ATVI_CA
ATVI_TDC
ATVI_GOOG
ATVI_HPQ
ATVI_URI
ATVI_HPE
ATVI_CSCO
ATVI_WDC
ATVI_VRSN
ATVI_VRSK
ATVI_INTC
ATVI_DOV
ATVI_LLL
ATVI_LRCX
ATVI_YHOO
ATVI_CSRA
ATVI_LLTC
ATVI_ADP
ATVI_ADI
ATVI_MSI
ATVI_TXN
ATVI_ORCL
INTU_AAPL
INTU_CTSH
INTU_EMC
INTU_AMAT
INTU_CRM
INTU_CTXS
INTU_QCOM
INTU_MCHP
INTU_FISV
INTU_ETN
INTU_CA
INTU_TDC
INTU_GOOG
INTU_HPQ
INTU_URI
INTU_HPE
INTU_CSCO
INTU_WDC
INTU_VRSN
INTU_VRSK
INTU_INTC
INTU_DOV
INTU_LLL
INTU_LRCX
INTU_YHOO
INTU_CSRA
INTU_LLTC
INTU_ADP
INTU_ADI
INTU_MSI
INTU_TXN
INTU_ORCL
AAPL_CTSH
AAPL_EMC
AAPL_AMAT
AAPL_CRM
AAPL_CTXS
AAPL_QCOM
AAPL_MCHP
AAPL_FISV
AAPL_ETN
AAPL_CA
AAPL_TDC
AAPL_GOOG
AAPL_HPQ
AAPL_URI
AAPL_HPE
AAPL_CSCO
AAPL_WDC
AAPL_VRSN
AAPL_VRSK
AAPL_INTC
AAPL_DOV
AAPL_LLL
AAPL_LRCX
AAPL_YHOO
AAPL_CSRA
AAPL_LLTC
AAPL_ADP
AAPL_ADI
AAPL_MSI
AAPL_TXN
AAPL_ORCL
CTSH_EMC
CTSH_AMAT
CTSH_CRM
CTSH_CTXS
CTSH_QCOM
CTSH_MCHP
CTSH_FISV
CTSH_ETN
CTSH_CA
CTSH_TDC
CTSH_GOOG
CTSH_HPQ
CTSH_URI
CTSH_HPE
CTSH_CSCO
CTSH_WDC
CTSH_VRSN
CTSH_VRSK
CTSH_INTC
CTSH_DOV
CTSH_LLL
CTSH_LRCX
CTSH_YHOO
CTSH_CSRA
CTSH_LLTC
CTSH_ADP
CTSH_ADI
CTSH_MSI
CTSH_TXN
CTSH_ORCL
EMC_AMAT
EMC_CRM
EMC_CTXS
EMC_QCOM
EMC_MCHP
EMC_FISV
EMC_ETN
EMC_CA
EMC_TDC
EMC_GOOG
EMC_HPQ
EMC_URI
EMC_HPE
EMC_CSCO
EMC_WDC
EMC_VRSN
EMC_VRSK
EMC_INTC
EMC_DOV
EMC_LLL
EMC_LRCX
EMC_YHOO
EMC_CSRA
EMC_LLTC
EMC_ADP
EMC_ADI
EMC_MSI
EMC_TXN
EMC_ORCL
AMAT_CRM
AMAT_CTXS
AMAT_QCOM
AMAT_MCHP
AMAT_FISV
AMAT_ETN
AMAT_CA
AMAT_TDC
AMAT_GOOG
AMAT_HPQ
AMAT_URI
AMAT_HPE
AMAT_CSCO
AMAT_WDC
AMAT_VRSN
AMAT_VRSK
AMAT_INTC
AMAT_DOV
AMAT_LLL
AMAT_LRCX
AMAT_YHOO
AMAT_CSRA
AMAT_LLTC
AMAT_ADP
AMAT_ADI
AMAT_MSI
AMAT_TXN
AMAT_ORCL
CRM_CTXS
CRM_QCOM
CRM_MCHP
CRM_FISV
CRM_ETN
CRM_CA
CRM_TDC
CRM_GOOG
CRM_HPQ
CRM_URI
CRM_HPE
CRM_CSCO
CRM_WDC
CRM_VRSN
CRM_VRSK
CRM_INTC
CRM_DOV
CRM_LLL
CRM_LRCX
CRM_YHOO
CRM_CSRA
CRM_LLTC
CRM_ADP
CRM_ADI
CRM_MSI
CRM_TXN
CRM_ORCL
CTXS_QCOM
CTXS_MCHP
CTXS_FISV
CTXS_ETN
CTXS_CA
CTXS_TDC
CTXS_GOOG
CTXS_HPQ
CTXS_URI
CTXS_HPE
CTXS_CSCO
CTXS_WDC
CTXS_VRSN
CTXS_VRSK
CTXS_INTC
CTXS_DOV
CTXS_LLL
CTXS_LRCX
CTXS_YHOO
CTXS_CSRA
CTXS_LLTC
CTXS_ADP
CTXS_ADI
CTXS_MSI
CTXS_TXN
CTXS_ORCL
QCOM_MCHP
QCOM_FISV
QCOM_ETN
QCOM_CA
QCOM_TDC
QCOM_GOOG
QCOM_HPQ
QCOM_URI
QCOM_HPE
QCOM_CSCO
QCOM_WDC
QCOM_VRSN
QCOM_VRSK
QCOM_INTC
QCOM_DOV
QCOM_LLL
QCOM_LRCX
QCOM_YHOO
QCOM_CSRA
QCOM_LLTC
QCOM_ADP
QCOM_ADI
QCOM_MSI
QCOM_TXN
QCOM_ORCL
MCHP_FISV
MCHP_ETN
MCHP_CA
MCHP_TDC
MCHP_GOOG
MCHP_HPQ
MCHP_URI
MCHP_HPE
MCHP_CSCO
MCHP_WDC
MCHP_VRSN
MCHP_VRSK
MCHP_INTC
MCHP_DOV
MCHP_LLL
MCHP_LRCX
MCHP_YHOO
MCHP_CSRA
MCHP_LLTC
MCHP_ADP
MCHP_ADI
MCHP_MSI
MCHP_TXN
MCHP_ORCL
FISV_ETN
FISV_CA
FISV_TDC
FISV_GOOG
FISV_HPQ
FISV_URI
FISV_HPE
FISV_CSCO
FISV_WDC
FISV_VRSN
FISV_VRSK
FISV_INTC
FISV_DOV
FISV_LLL
FISV_LRCX
FISV_YHOO
FISV_CSRA
FISV_LLTC
FISV_ADP
FISV_ADI
FISV_MSI
FISV_TXN
FISV_ORCL
ETN_CA
ETN_TDC
ETN_GOOG
ETN_HPQ
ETN_URI
ETN_HPE
ETN_CSCO
ETN_WDC
ETN_VRSN
ETN_VRSK
ETN_INTC
ETN_DOV
ETN_LLL
ETN_LRCX
ETN_YHOO
ETN_CSRA
ETN_LLTC
ETN_ADP
ETN_ADI
ETN_MSI
ETN_TXN
ETN_ORCL
CA_TDC
CA_GOOG
CA_HPQ
CA_URI
CA_HPE
CA_CSCO
CA_WDC
CA_VRSN
CA_VRSK
CA_INTC
CA_DOV
CA_LLL
CA_LRCX
CA_YHOO
CA_CSRA
CA_LLTC
CA_ADP
CA_ADI
CA_MSI
CA_TXN
CA_ORCL
TDC_GOOG
TDC_HPQ
TDC_URI
TDC_HPE
TDC_CSCO
TDC_WDC
TDC_VRSN
TDC_VRSK
TDC_INTC
TDC_DOV
TDC_LLL
TDC_LRCX
TDC_YHOO
TDC_CSRA
TDC_LLTC
TDC_ADP
TDC_ADI
TDC_MSI
TDC_TXN
TDC_ORCL
GOOG_HPQ
GOOG_URI
GOOG_HPE
GOOG_CSCO
GOOG_WDC
GOOG_VRSN
GOOG_VRSK
GOOG_INTC
GOOG_DOV
GOOG_LLL
GOOG_LRCX
GOOG_YHOO
GOOG_CSRA
GOOG_LLTC
GOOG_ADP
GOOG_ADI
GOOG_MSI
GOOG_TXN
GOOG_ORCL
HPQ_URI
HPQ_HPE
HPQ_CSCO
HPQ_WDC
HPQ_VRSN
HPQ_VRSK
HPQ_INTC
HPQ_DOV
HPQ_LLL
HPQ_LRCX
HPQ_YHOO
HPQ_CSRA
HPQ_LLTC
HPQ_ADP
HPQ_ADI
HPQ_MSI
HPQ_TXN
HPQ_ORCL
URI_HPE
URI_CSCO
URI_WDC
URI_VRSN
URI_VRSK
URI_INTC
URI_DOV
URI_LLL
URI_LRCX
URI_YHOO
URI_CSRA
URI_LLTC
URI_ADP
URI_ADI
URI_MSI
URI_TXN
URI_ORCL
HPE_CSCO
HPE_WDC
HPE_VRSN
HPE_VRSK
HPE_INTC
HPE_DOV
HPE_LLL
HPE_LRCX
HPE_YHOO
HPE_CSRA
HPE_LLTC
HPE_ADP
HPE_ADI
HPE_MSI
HPE_TXN
HPE_ORCL
CSCO_WDC
CSCO_VRSN
CSCO_VRSK
CSCO_INTC
CSCO_DOV
CSCO_LLL
CSCO_LRCX
CSCO_YHOO
CSCO_CSRA
CSCO_LLTC
CSCO_ADP
CSCO_ADI
CSCO_MSI
CSCO_TXN
CSCO_ORCL
WDC_VRSN
WDC_VRSK
WDC_INTC
WDC_DOV
WDC_LLL
WDC_LRCX
WDC_YHOO
WDC_CSRA
WDC_LLTC
WDC_ADP
WDC_ADI
WDC_MSI
WDC_TXN
WDC_ORCL
VRSN_VRSK
VRSN_INTC
VRSN_DOV
VRSN_LLL
VRSN_LRCX
VRSN_YHOO
VRSN_CSRA
VRSN_LLTC
VRSN_ADP
VRSN_ADI
VRSN_MSI
VRSN_TXN
VRSN_ORCL
VRSK_INTC
VRSK_DOV
VRSK_LLL
VRSK_LRCX
VRSK_YHOO
VRSK_CSRA
VRSK_LLTC
VRSK_ADP
VRSK_ADI
VRSK_MSI
VRSK_TXN
VRSK_ORCL
INTC_DOV
INTC_LLL
INTC_LRCX
INTC_YHOO
INTC_CSRA
INTC_LLTC
INTC_ADP
INTC_ADI
INTC_MSI
INTC_TXN
INTC_ORCL
DOV_LLL
DOV_LRCX
DOV_YHOO
DOV_CSRA
DOV_LLTC
DOV_ADP
DOV_ADI
DOV_MSI
DOV_TXN
DOV_ORCL
LLL_LRCX
LLL_YHOO
LLL_CSRA
LLL_LLTC
LLL_ADP
LLL_ADI
LLL_MSI
LLL_TXN
LLL_ORCL
LRCX_YHOO
LRCX_CSRA
LRCX_LLTC
LRCX_ADP
LRCX_ADI
LRCX_MSI
LRCX_TXN
LRCX_ORCL
YHOO_CSRA
YHOO_LLTC
YHOO_ADP
YHOO_ADI
YHOO_MSI
YHOO_TXN
YHOO_ORCL
CSRA_LLTC
CSRA_ADP
CSRA_ADI
CSRA_MSI
CSRA_TXN
CSRA_ORCL
LLTC_ADP
LLTC_ADI
LLTC_MSI
LLTC_TXN
LLTC_ORCL
ADP_ADI
ADP_MSI
ADP_TXN
ADP_ORCL
ADI_MSI
ADI_TXN
ADI_ORCL
MSI_TXN
MSI_ORCL
TXN_ORCL
