JWN_SPG
JWN_MAR
JWN_FOXA
JWN_SNI
JWN_MAC
JWN_DISCA
JWN_CMG
JWN_TGNA
JWN_HCP
JWN_HCN
JWN_SIG
JWN_CBS
JWN_TJX
JWN_COST
JWN_FL
JWN_GGP
JWN_BBBY
JWN_TSCO
JWN_LB
JWN_BXP
JWN_AMZN
JWN_URBN
JWN_HRB
JWN_TYC
JWN_ROST
JWN_KSS
JWN_WFM
JWN_PAYX
JWN_SHW
JWN_DISCK
JWN_ORLY
JWN_DLR
JWN_EQIX
JWN_WYN
JWN_EXPE
JWN_UDR
JWN_R
JWN_BBY
JWN_FRT
JWN_KR
JWN_WYNN
JWN_AAP
JWN_TGT
JWN_M
JWN_SLG
JWN_MCD
JWN_VTR
JWN_NFLX
JWN_EXR
JWN_WY
JWN_VNO
JWN_SPLS
JWN_HST
JWN_EQR
JWN_GPS
JWN_YUM
JWN_KIM
JWN_NWSA
JWN_FOX
JWN_ULTA
JWN_PSA
JWN_GWW
JWN_DLTR
JWN_DG
JWN_SBUX
JWN_PLD
JWN_CMCSA
JWN_AIV
JWN_RCL
JWN_LOW
JWN_DIS
JWN_IRM
JWN_HBI
JWN_DRI
JWN_CCL
JWN_CCI
JWN_TIF
JWN_ALLE
JWN_WMT
JWN_HD
JWN_LKQ
JWN_NWS
JWN_AMT
JWN_O
JWN_AVB
JWN_FAST
JWN_VIAB
JWN_AZO
JWN_TWX
JWN_ESS
JWN_HOT
SPG_MAR
SPG_FOXA
SPG_SNI
SPG_MAC
SPG_DISCA
SPG_CMG
SPG_TGNA
SPG_HCP
SPG_HCN
SPG_SIG
SPG_CBS
SPG_TJX
SPG_COST
SPG_FL
SPG_GGP
SPG_BBBY
SPG_TSCO
SPG_LB
SPG_BXP
SPG_AMZN
SPG_URBN
SPG_HRB
SPG_TYC
SPG_ROST
SPG_KSS
SPG_WFM
SPG_PAYX
SPG_SHW
SPG_DISCK
SPG_ORLY
SPG_DLR
SPG_EQIX
SPG_WYN
SPG_EXPE
SPG_UDR
SPG_R
SPG_BBY
SPG_FRT
SPG_KR
SPG_WYNN
SPG_AAP
SPG_TGT
SPG_M
SPG_SLG
SPG_MCD
SPG_VTR
SPG_NFLX
SPG_EXR
SPG_WY
SPG_VNO
SPG_SPLS
SPG_HST
SPG_EQR
SPG_GPS
SPG_YUM
SPG_KIM
SPG_NWSA
SPG_FOX
SPG_ULTA
SPG_PSA
SPG_GWW
SPG_DLTR
SPG_DG
SPG_SBUX
SPG_PLD
SPG_CMCSA
SPG_AIV
SPG_RCL
SPG_LOW
SPG_DIS
SPG_IRM
SPG_HBI
SPG_DRI
SPG_CCL
SPG_CCI
SPG_TIF
SPG_ALLE
SPG_WMT
SPG_HD
SPG_LKQ
SPG_NWS
SPG_AMT
SPG_O
SPG_AVB
SPG_FAST
SPG_VIAB
SPG_AZO
SPG_TWX
SPG_ESS
SPG_HOT
MAR_FOXA
MAR_SNI
MAR_MAC
MAR_DISCA
MAR_CMG
MAR_TGNA
MAR_HCP
MAR_HCN
MAR_SIG
MAR_CBS
MAR_TJX
MAR_COST
MAR_FL
MAR_GGP
MAR_BBBY
MAR_TSCO
MAR_LB
MAR_BXP
MAR_AMZN
MAR_URBN
MAR_HRB
MAR_TYC
MAR_ROST
MAR_KSS
MAR_WFM
MAR_PAYX
MAR_SHW
MAR_DISCK
MAR_ORLY
MAR_DLR
MAR_EQIX
MAR_WYN
MAR_EXPE
MAR_UDR
MAR_R
MAR_BBY
MAR_FRT
MAR_KR
MAR_WYNN
MAR_AAP
MAR_TGT
MAR_M
MAR_SLG
MAR_MCD
MAR_VTR
MAR_NFLX
MAR_EXR
MAR_WY
MAR_VNO
MAR_SPLS
MAR_HST
MAR_EQR
MAR_GPS
MAR_YUM
MAR_KIM
MAR_NWSA
MAR_FOX
MAR_ULTA
MAR_PSA
MAR_GWW
MAR_DLTR
MAR_DG
MAR_SBUX
MAR_PLD
MAR_CMCSA
MAR_AIV
MAR_RCL
MAR_LOW
MAR_DIS
MAR_IRM
MAR_HBI
MAR_DRI
MAR_CCL
MAR_CCI
MAR_TIF
MAR_ALLE
MAR_WMT
MAR_HD
MAR_LKQ
MAR_NWS
MAR_AMT
MAR_O
MAR_AVB
MAR_FAST
MAR_VIAB
MAR_AZO
MAR_TWX
MAR_ESS
MAR_HOT
FOXA_SNI
FOXA_MAC
FOXA_DISCA
FOXA_CMG
FOXA_TGNA
FOXA_HCP
FOXA_HCN
FOXA_SIG
FOXA_CBS
FOXA_TJX
FOXA_COST
FOXA_FL
FOXA_GGP
FOXA_BBBY
FOXA_TSCO
FOXA_LB
FOXA_BXP
FOXA_AMZN
FOXA_URBN
FOXA_HRB
FOXA_TYC
FOXA_ROST
FOXA_KSS
FOXA_WFM
FOXA_PAYX
FOXA_SHW
FOXA_DISCK
FOXA_ORLY
FOXA_DLR
FOXA_EQIX
FOXA_WYN
FOXA_EXPE
FOXA_UDR
FOXA_R
FOXA_BBY
FOXA_FRT
FOXA_KR
FOXA_WYNN
FOXA_AAP
FOXA_TGT
FOXA_M
FOXA_SLG
FOXA_MCD
FOXA_VTR
FOXA_NFLX
FOXA_EXR
FOXA_WY
FOXA_VNO
FOXA_SPLS
FOXA_HST
FOXA_EQR
FOXA_GPS
FOXA_YUM
FOXA_KIM
FOXA_NWSA
FOXA_FOX
FOXA_ULTA
FOXA_PSA
FOXA_GWW
FOXA_DLTR
FOXA_DG
FOXA_SBUX
FOXA_PLD
FOXA_CMCSA
FOXA_AIV
FOXA_RCL
FOXA_LOW
FOXA_DIS
FOXA_IRM
FOXA_HBI
FOXA_DRI
FOXA_CCL
FOXA_CCI
FOXA_TIF
FOXA_ALLE
FOXA_WMT
FOXA_HD
FOXA_LKQ
FOXA_NWS
FOXA_AMT
FOXA_O
FOXA_AVB
FOXA_FAST
FOXA_VIAB
FOXA_AZO
FOXA_TWX
FOXA_ESS
FOXA_HOT
SNI_MAC
SNI_DISCA
SNI_CMG
SNI_TGNA
SNI_HCP
SNI_HCN
SNI_SIG
SNI_CBS
SNI_TJX
SNI_COST
SNI_FL
SNI_GGP
SNI_BBBY
SNI_TSCO
SNI_LB
SNI_BXP
SNI_AMZN
SNI_URBN
SNI_HRB
SNI_TYC
SNI_ROST
SNI_KSS
SNI_WFM
SNI_PAYX
SNI_SHW
SNI_DISCK
SNI_ORLY
SNI_DLR
SNI_EQIX
SNI_WYN
SNI_EXPE
SNI_UDR
SNI_R
SNI_BBY
SNI_FRT
SNI_KR
SNI_WYNN
SNI_AAP
SNI_TGT
SNI_M
SNI_SLG
SNI_MCD
SNI_VTR
SNI_NFLX
SNI_EXR
SNI_WY
SNI_VNO
SNI_SPLS
SNI_HST
SNI_EQR
SNI_GPS
SNI_YUM
SNI_KIM
SNI_NWSA
SNI_FOX
SNI_ULTA
SNI_PSA
SNI_GWW
SNI_DLTR
SNI_DG
SNI_SBUX
SNI_PLD
SNI_CMCSA
SNI_AIV
SNI_RCL
SNI_LOW
SNI_DIS
SNI_IRM
SNI_HBI
SNI_DRI
SNI_CCL
SNI_CCI
SNI_TIF
SNI_ALLE
SNI_WMT
SNI_HD
SNI_LKQ
SNI_NWS
SNI_AMT
SNI_O
SNI_AVB
SNI_FAST
SNI_VIAB
SNI_AZO
SNI_TWX
SNI_ESS
SNI_HOT
MAC_DISCA
MAC_CMG
MAC_TGNA
MAC_HCP
MAC_HCN
MAC_SIG
MAC_CBS
MAC_TJX
MAC_COST
MAC_FL
MAC_GGP
MAC_BBBY
MAC_TSCO
MAC_LB
MAC_BXP
MAC_AMZN
MAC_URBN
MAC_HRB
MAC_TYC
MAC_ROST
MAC_KSS
MAC_WFM
MAC_PAYX
MAC_SHW
MAC_DISCK
MAC_ORLY
MAC_DLR
MAC_EQIX
MAC_WYN
MAC_EXPE
MAC_UDR
MAC_R
MAC_BBY
MAC_FRT
MAC_KR
MAC_WYNN
MAC_AAP
MAC_TGT
MAC_M
MAC_SLG
MAC_MCD
MAC_VTR
MAC_NFLX
MAC_EXR
MAC_WY
MAC_VNO
MAC_SPLS
MAC_HST
MAC_EQR
MAC_GPS
MAC_YUM
MAC_KIM
MAC_NWSA
MAC_FOX
MAC_ULTA
MAC_PSA
MAC_GWW
MAC_DLTR
MAC_DG
MAC_SBUX
MAC_PLD
MAC_CMCSA
MAC_AIV
MAC_RCL
MAC_LOW
MAC_DIS
MAC_IRM
MAC_HBI
MAC_DRI
MAC_CCL
MAC_CCI
MAC_TIF
MAC_ALLE
MAC_WMT
MAC_HD
MAC_LKQ
MAC_NWS
MAC_AMT
MAC_O
MAC_AVB
MAC_FAST
MAC_VIAB
MAC_AZO
MAC_TWX
MAC_ESS
MAC_HOT
DISCA_CMG
DISCA_TGNA
DISCA_HCP
DISCA_HCN
DISCA_SIG
DISCA_CBS
DISCA_TJX
DISCA_COST
DISCA_FL
DISCA_GGP
DISCA_BBBY
DISCA_TSCO
DISCA_LB
DISCA_BXP
DISCA_AMZN
DISCA_URBN
DISCA_HRB
DISCA_TYC
DISCA_ROST
DISCA_KSS
DISCA_WFM
DISCA_PAYX
DISCA_SHW
DISCA_DISCK
DISCA_ORLY
DISCA_DLR
DISCA_EQIX
DISCA_WYN
DISCA_EXPE
DISCA_UDR
DISCA_R
DISCA_BBY
DISCA_FRT
DISCA_KR
DISCA_WYNN
DISCA_AAP
DISCA_TGT
DISCA_M
DISCA_SLG
DISCA_MCD
DISCA_VTR
DISCA_NFLX
DISCA_EXR
DISCA_WY
DISCA_VNO
DISCA_SPLS
DISCA_HST
DISCA_EQR
DISCA_GPS
DISCA_YUM
DISCA_KIM
DISCA_NWSA
DISCA_FOX
DISCA_ULTA
DISCA_PSA
DISCA_GWW
DISCA_DLTR
DISCA_DG
DISCA_SBUX
DISCA_PLD
DISCA_CMCSA
DISCA_AIV
DISCA_RCL
DISCA_LOW
DISCA_DIS
DISCA_IRM
DISCA_HBI
DISCA_DRI
DISCA_CCL
DISCA_CCI
DISCA_TIF
DISCA_ALLE
DISCA_WMT
DISCA_HD
DISCA_LKQ
DISCA_NWS
DISCA_AMT
DISCA_O
DISCA_AVB
DISCA_FAST
DISCA_VIAB
DISCA_AZO
DISCA_TWX
DISCA_ESS
DISCA_HOT
CMG_TGNA
CMG_HCP
CMG_HCN
CMG_SIG
CMG_CBS
CMG_TJX
CMG_COST
CMG_FL
CMG_GGP
CMG_BBBY
CMG_TSCO
CMG_LB
CMG_BXP
CMG_AMZN
CMG_URBN
CMG_HRB
CMG_TYC
CMG_ROST
CMG_KSS
CMG_WFM
CMG_PAYX
CMG_SHW
CMG_DISCK
CMG_ORLY
CMG_DLR
CMG_EQIX
CMG_WYN
CMG_EXPE
CMG_UDR
CMG_R
CMG_BBY
CMG_FRT
CMG_KR
CMG_WYNN
CMG_AAP
CMG_TGT
CMG_M
CMG_SLG
CMG_MCD
CMG_VTR
CMG_NFLX
CMG_EXR
CMG_WY
CMG_VNO
CMG_SPLS
CMG_HST
CMG_EQR
CMG_GPS
CMG_YUM
CMG_KIM
CMG_NWSA
CMG_FOX
CMG_ULTA
CMG_PSA
CMG_GWW
CMG_DLTR
CMG_DG
CMG_SBUX
CMG_PLD
CMG_CMCSA
CMG_AIV
CMG_RCL
CMG_LOW
CMG_DIS
CMG_IRM
CMG_HBI
CMG_DRI
CMG_CCL
CMG_CCI
CMG_TIF
CMG_ALLE
CMG_WMT
CMG_HD
CMG_LKQ
CMG_NWS
CMG_AMT
CMG_O
CMG_AVB
CMG_FAST
CMG_VIAB
CMG_AZO
CMG_TWX
CMG_ESS
CMG_HOT
TGNA_HCP
TGNA_HCN
TGNA_SIG
TGNA_CBS
TGNA_TJX
TGNA_COST
TGNA_FL
TGNA_GGP
TGNA_BBBY
TGNA_TSCO
TGNA_LB
TGNA_BXP
TGNA_AMZN
TGNA_URBN
TGNA_HRB
TGNA_TYC
TGNA_ROST
TGNA_KSS
TGNA_WFM
TGNA_PAYX
TGNA_SHW
TGNA_DISCK
TGNA_ORLY
TGNA_DLR
TGNA_EQIX
TGNA_WYN
TGNA_EXPE
TGNA_UDR
TGNA_R
TGNA_BBY
TGNA_FRT
TGNA_KR
TGNA_WYNN
TGNA_AAP
TGNA_TGT
TGNA_M
TGNA_SLG
TGNA_MCD
TGNA_VTR
TGNA_NFLX
TGNA_EXR
TGNA_WY
TGNA_VNO
TGNA_SPLS
TGNA_HST
TGNA_EQR
TGNA_GPS
TGNA_YUM
TGNA_KIM
TGNA_NWSA
TGNA_FOX
TGNA_ULTA
TGNA_PSA
TGNA_GWW
TGNA_DLTR
TGNA_DG
TGNA_SBUX
TGNA_PLD
TGNA_CMCSA
TGNA_AIV
TGNA_RCL
TGNA_LOW
TGNA_DIS
TGNA_IRM
TGNA_HBI
TGNA_DRI
TGNA_CCL
TGNA_CCI
TGNA_TIF
TGNA_ALLE
TGNA_WMT
TGNA_HD
TGNA_LKQ
TGNA_NWS
TGNA_AMT
TGNA_O
TGNA_AVB
TGNA_FAST
TGNA_VIAB
TGNA_AZO
TGNA_TWX
TGNA_ESS
TGNA_HOT
HCP_HCN
HCP_SIG
HCP_CBS
HCP_TJX
HCP_COST
HCP_FL
HCP_GGP
HCP_BBBY
HCP_TSCO
HCP_LB
HCP_BXP
HCP_AMZN
HCP_URBN
HCP_HRB
HCP_TYC
HCP_ROST
HCP_KSS
HCP_WFM
HCP_PAYX
HCP_SHW
HCP_DISCK
HCP_ORLY
HCP_DLR
HCP_EQIX
HCP_WYN
HCP_EXPE
HCP_UDR
HCP_R
HCP_BBY
HCP_FRT
HCP_KR
HCP_WYNN
HCP_AAP
HCP_TGT
HCP_M
HCP_SLG
HCP_MCD
HCP_VTR
HCP_NFLX
HCP_EXR
HCP_WY
HCP_VNO
HCP_SPLS
HCP_HST
HCP_EQR
HCP_GPS
HCP_YUM
HCP_KIM
HCP_NWSA
HCP_FOX
HCP_ULTA
HCP_PSA
HCP_GWW
HCP_DLTR
HCP_DG
HCP_SBUX
HCP_PLD
HCP_CMCSA
HCP_AIV
HCP_RCL
HCP_LOW
HCP_DIS
HCP_IRM
HCP_HBI
HCP_DRI
HCP_CCL
HCP_CCI
HCP_TIF
HCP_ALLE
HCP_WMT
HCP_HD
HCP_LKQ
HCP_NWS
HCP_AMT
HCP_O
HCP_AVB
HCP_FAST
HCP_VIAB
HCP_AZO
HCP_TWX
HCP_ESS
HCP_HOT
HCN_SIG
HCN_CBS
HCN_TJX
HCN_COST
HCN_FL
HCN_GGP
HCN_BBBY
HCN_TSCO
HCN_LB
HCN_BXP
HCN_AMZN
HCN_URBN
HCN_HRB
HCN_TYC
HCN_ROST
HCN_KSS
HCN_WFM
HCN_PAYX
HCN_SHW
HCN_DISCK
HCN_ORLY
HCN_DLR
HCN_EQIX
HCN_WYN
HCN_EXPE
HCN_UDR
HCN_R
HCN_BBY
HCN_FRT
HCN_KR
HCN_WYNN
HCN_AAP
HCN_TGT
HCN_M
HCN_SLG
HCN_MCD
HCN_VTR
HCN_NFLX
HCN_EXR
HCN_WY
HCN_VNO
HCN_SPLS
HCN_HST
HCN_EQR
HCN_GPS
HCN_YUM
HCN_KIM
HCN_NWSA
HCN_FOX
HCN_ULTA
HCN_PSA
HCN_GWW
HCN_DLTR
HCN_DG
HCN_SBUX
HCN_PLD
HCN_CMCSA
HCN_AIV
HCN_RCL
HCN_LOW
HCN_DIS
HCN_IRM
HCN_HBI
HCN_DRI
HCN_CCL
HCN_CCI
HCN_TIF
HCN_ALLE
HCN_WMT
HCN_HD
HCN_LKQ
HCN_NWS
HCN_AMT
HCN_O
HCN_AVB
HCN_FAST
HCN_VIAB
HCN_AZO
HCN_TWX
HCN_ESS
HCN_HOT
SIG_CBS
SIG_TJX
SIG_COST
SIG_FL
SIG_GGP
SIG_BBBY
SIG_TSCO
SIG_LB
SIG_BXP
SIG_AMZN
SIG_URBN
SIG_HRB
SIG_TYC
SIG_ROST
SIG_KSS
SIG_WFM
SIG_PAYX
SIG_SHW
SIG_DISCK
SIG_ORLY
SIG_DLR
SIG_EQIX
SIG_WYN
SIG_EXPE
SIG_UDR
SIG_R
SIG_BBY
SIG_FRT
SIG_KR
SIG_WYNN
SIG_AAP
SIG_TGT
SIG_M
SIG_SLG
SIG_MCD
SIG_VTR
SIG_NFLX
SIG_EXR
SIG_WY
SIG_VNO
SIG_SPLS
SIG_HST
SIG_EQR
SIG_GPS
SIG_YUM
SIG_KIM
SIG_NWSA
SIG_FOX
SIG_ULTA
SIG_PSA
SIG_GWW
SIG_DLTR
SIG_DG
SIG_SBUX
SIG_PLD
SIG_CMCSA
SIG_AIV
SIG_RCL
SIG_LOW
SIG_DIS
SIG_IRM
SIG_HBI
SIG_DRI
SIG_CCL
SIG_CCI
SIG_TIF
SIG_ALLE
SIG_WMT
SIG_HD
SIG_LKQ
SIG_NWS
SIG_AMT
SIG_O
SIG_AVB
SIG_FAST
SIG_VIAB
SIG_AZO
SIG_TWX
SIG_ESS
SIG_HOT
CBS_TJX
CBS_COST
CBS_FL
CBS_GGP
CBS_BBBY
CBS_TSCO
CBS_LB
CBS_BXP
CBS_AMZN
CBS_URBN
CBS_HRB
CBS_TYC
CBS_ROST
CBS_KSS
CBS_WFM
CBS_PAYX
CBS_SHW
CBS_DISCK
CBS_ORLY
CBS_DLR
CBS_EQIX
CBS_WYN
CBS_EXPE
CBS_UDR
CBS_R
CBS_BBY
CBS_FRT
CBS_KR
CBS_WYNN
CBS_AAP
CBS_TGT
CBS_M
CBS_SLG
CBS_MCD
CBS_VTR
CBS_NFLX
CBS_EXR
CBS_WY
CBS_VNO
CBS_SPLS
CBS_HST
CBS_EQR
CBS_GPS
CBS_YUM
CBS_KIM
CBS_NWSA
CBS_FOX
CBS_ULTA
CBS_PSA
CBS_GWW
CBS_DLTR
CBS_DG
CBS_SBUX
CBS_PLD
CBS_CMCSA
CBS_AIV
CBS_RCL
CBS_LOW
CBS_DIS
CBS_IRM
CBS_HBI
CBS_DRI
CBS_CCL
CBS_CCI
CBS_TIF
CBS_ALLE
CBS_WMT
CBS_HD
CBS_LKQ
CBS_NWS
CBS_AMT
CBS_O
CBS_AVB
CBS_FAST
CBS_VIAB
CBS_AZO
CBS_TWX
CBS_ESS
CBS_HOT
TJX_COST
TJX_FL
TJX_GGP
TJX_BBBY
TJX_TSCO
TJX_LB
TJX_BXP
TJX_AMZN
TJX_URBN
TJX_HRB
TJX_TYC
TJX_ROST
TJX_KSS
TJX_WFM
TJX_PAYX
TJX_SHW
TJX_DISCK
TJX_ORLY
TJX_DLR
TJX_EQIX
TJX_WYN
TJX_EXPE
TJX_UDR
TJX_R
TJX_BBY
TJX_FRT
TJX_KR
TJX_WYNN
TJX_AAP
TJX_TGT
TJX_M
TJX_SLG
TJX_MCD
TJX_VTR
TJX_NFLX
TJX_EXR
TJX_WY
TJX_VNO
TJX_SPLS
TJX_HST
TJX_EQR
TJX_GPS
TJX_YUM
TJX_KIM
TJX_NWSA
TJX_FOX
TJX_ULTA
TJX_PSA
TJX_GWW
TJX_DLTR
TJX_DG
TJX_SBUX
TJX_PLD
TJX_CMCSA
TJX_AIV
TJX_RCL
TJX_LOW
TJX_DIS
TJX_IRM
TJX_HBI
TJX_DRI
TJX_CCL
TJX_CCI
TJX_TIF
TJX_ALLE
TJX_WMT
TJX_HD
TJX_LKQ
TJX_NWS
TJX_AMT
TJX_O
TJX_AVB
TJX_FAST
TJX_VIAB
TJX_AZO
TJX_TWX
TJX_ESS
TJX_HOT
COST_FL
COST_GGP
COST_BBBY
COST_TSCO
COST_LB
COST_BXP
COST_AMZN
COST_URBN
COST_HRB
COST_TYC
COST_ROST
COST_KSS
COST_WFM
COST_PAYX
COST_SHW
COST_DISCK
COST_ORLY
COST_DLR
COST_EQIX
COST_WYN
COST_EXPE
COST_UDR
COST_R
COST_BBY
COST_FRT
COST_KR
COST_WYNN
COST_AAP
COST_TGT
COST_M
COST_SLG
COST_MCD
COST_VTR
COST_NFLX
COST_EXR
COST_WY
COST_VNO
COST_SPLS
COST_HST
COST_EQR
COST_GPS
COST_YUM
COST_KIM
COST_NWSA
COST_FOX
COST_ULTA
COST_PSA
COST_GWW
COST_DLTR
COST_DG
COST_SBUX
COST_PLD
COST_CMCSA
COST_AIV
COST_RCL
COST_LOW
COST_DIS
COST_IRM
COST_HBI
COST_DRI
COST_CCL
COST_CCI
COST_TIF
COST_ALLE
COST_WMT
COST_HD
COST_LKQ
COST_NWS
COST_AMT
COST_O
COST_AVB
COST_FAST
COST_VIAB
COST_AZO
COST_TWX
COST_ESS
COST_HOT
FL_GGP
FL_BBBY
FL_TSCO
FL_LB
FL_BXP
FL_AMZN
FL_URBN
FL_HRB
FL_TYC
FL_ROST
FL_KSS
FL_WFM
FL_PAYX
FL_SHW
FL_DISCK
FL_ORLY
FL_DLR
FL_EQIX
FL_WYN
FL_EXPE
FL_UDR
FL_R
FL_BBY
FL_FRT
FL_KR
FL_WYNN
FL_AAP
FL_TGT
FL_M
FL_SLG
FL_MCD
FL_VTR
FL_NFLX
FL_EXR
FL_WY
FL_VNO
FL_SPLS
FL_HST
FL_EQR
FL_GPS
FL_YUM
FL_KIM
FL_NWSA
FL_FOX
FL_ULTA
FL_PSA
FL_GWW
FL_DLTR
FL_DG
FL_SBUX
FL_PLD
FL_CMCSA
FL_AIV
FL_RCL
FL_LOW
FL_DIS
FL_IRM
FL_HBI
FL_DRI
FL_CCL
FL_CCI
FL_TIF
FL_ALLE
FL_WMT
FL_HD
FL_LKQ
FL_NWS
FL_AMT
FL_O
FL_AVB
FL_FAST
FL_VIAB
FL_AZO
FL_TWX
FL_ESS
FL_HOT
GGP_BBBY
GGP_TSCO
GGP_LB
GGP_BXP
GGP_AMZN
GGP_URBN
GGP_HRB
GGP_TYC
GGP_ROST
GGP_KSS
GGP_WFM
GGP_PAYX
GGP_SHW
GGP_DISCK
GGP_ORLY
GGP_DLR
GGP_EQIX
GGP_WYN
GGP_EXPE
GGP_UDR
GGP_R
GGP_BBY
GGP_FRT
GGP_KR
GGP_WYNN
GGP_AAP
GGP_TGT
GGP_M
GGP_SLG
GGP_MCD
GGP_VTR
GGP_NFLX
GGP_EXR
GGP_WY
GGP_VNO
GGP_SPLS
GGP_HST
GGP_EQR
GGP_GPS
GGP_YUM
GGP_KIM
GGP_NWSA
GGP_FOX
GGP_ULTA
GGP_PSA
GGP_GWW
GGP_DLTR
GGP_DG
GGP_SBUX
GGP_PLD
GGP_CMCSA
GGP_AIV
GGP_RCL
GGP_LOW
GGP_DIS
GGP_IRM
GGP_HBI
GGP_DRI
GGP_CCL
GGP_CCI
GGP_TIF
GGP_ALLE
GGP_WMT
GGP_HD
GGP_LKQ
GGP_NWS
GGP_AMT
GGP_O
GGP_AVB
GGP_FAST
GGP_VIAB
GGP_AZO
GGP_TWX
GGP_ESS
GGP_HOT
BBBY_TSCO
BBBY_LB
BBBY_BXP
BBBY_AMZN
BBBY_URBN
BBBY_HRB
BBBY_TYC
BBBY_ROST
BBBY_KSS
BBBY_WFM
BBBY_PAYX
BBBY_SHW
BBBY_DISCK
BBBY_ORLY
BBBY_DLR
BBBY_EQIX
BBBY_WYN
BBBY_EXPE
BBBY_UDR
BBBY_R
BBBY_BBY
BBBY_FRT
BBBY_KR
BBBY_WYNN
BBBY_AAP
BBBY_TGT
BBBY_M
BBBY_SLG
BBBY_MCD
BBBY_VTR
BBBY_NFLX
BBBY_EXR
BBBY_WY
BBBY_VNO
BBBY_SPLS
BBBY_HST
BBBY_EQR
BBBY_GPS
BBBY_YUM
BBBY_KIM
BBBY_NWSA
BBBY_FOX
BBBY_ULTA
BBBY_PSA
BBBY_GWW
BBBY_DLTR
BBBY_DG
BBBY_SBUX
BBBY_PLD
BBBY_CMCSA
BBBY_AIV
BBBY_RCL
BBBY_LOW
BBBY_DIS
BBBY_IRM
BBBY_HBI
BBBY_DRI
BBBY_CCL
BBBY_CCI
BBBY_TIF
BBBY_ALLE
BBBY_WMT
BBBY_HD
BBBY_LKQ
BBBY_NWS
BBBY_AMT
BBBY_O
BBBY_AVB
BBBY_FAST
BBBY_VIAB
BBBY_AZO
BBBY_TWX
BBBY_ESS
BBBY_HOT
TSCO_LB
TSCO_BXP
TSCO_AMZN
TSCO_URBN
TSCO_HRB
TSCO_TYC
TSCO_ROST
TSCO_KSS
TSCO_WFM
TSCO_PAYX
TSCO_SHW
TSCO_DISCK
TSCO_ORLY
TSCO_DLR
TSCO_EQIX
TSCO_WYN
TSCO_EXPE
TSCO_UDR
TSCO_R
TSCO_BBY
TSCO_FRT
TSCO_KR
TSCO_WYNN
TSCO_AAP
TSCO_TGT
TSCO_M
TSCO_SLG
TSCO_MCD
TSCO_VTR
TSCO_NFLX
TSCO_EXR
TSCO_WY
TSCO_VNO
TSCO_SPLS
TSCO_HST
TSCO_EQR
TSCO_GPS
TSCO_YUM
TSCO_KIM
TSCO_NWSA
TSCO_FOX
TSCO_ULTA
TSCO_PSA
TSCO_GWW
TSCO_DLTR
TSCO_DG
TSCO_SBUX
TSCO_PLD
TSCO_CMCSA
TSCO_AIV
TSCO_RCL
TSCO_LOW
TSCO_DIS
TSCO_IRM
TSCO_HBI
TSCO_DRI
TSCO_CCL
TSCO_CCI
TSCO_TIF
TSCO_ALLE
TSCO_WMT
TSCO_HD
TSCO_LKQ
TSCO_NWS
TSCO_AMT
TSCO_O
TSCO_AVB
TSCO_FAST
TSCO_VIAB
TSCO_AZO
TSCO_TWX
TSCO_ESS
TSCO_HOT
LB_BXP
LB_AMZN
LB_URBN
LB_HRB
LB_TYC
LB_ROST
LB_KSS
LB_WFM
LB_PAYX
LB_SHW
LB_DISCK
LB_ORLY
LB_DLR
LB_EQIX
LB_WYN
LB_EXPE
LB_UDR
LB_R
LB_BBY
LB_FRT
LB_KR
LB_WYNN
LB_AAP
LB_TGT
LB_M
LB_SLG
LB_MCD
LB_VTR
LB_NFLX
LB_EXR
LB_WY
LB_VNO
LB_SPLS
LB_HST
LB_EQR
LB_GPS
LB_YUM
LB_KIM
LB_NWSA
LB_FOX
LB_ULTA
LB_PSA
LB_GWW
LB_DLTR
LB_DG
LB_SBUX
LB_PLD
LB_CMCSA
LB_AIV
LB_RCL
LB_LOW
LB_DIS
LB_IRM
LB_HBI
LB_DRI
LB_CCL
LB_CCI
LB_TIF
LB_ALLE
LB_WMT
LB_HD
LB_LKQ
LB_NWS
LB_AMT
LB_O
LB_AVB
LB_FAST
LB_VIAB
LB_AZO
LB_TWX
LB_ESS
LB_HOT
BXP_AMZN
BXP_URBN
BXP_HRB
BXP_TYC
BXP_ROST
BXP_KSS
BXP_WFM
BXP_PAYX
BXP_SHW
BXP_DISCK
BXP_ORLY
BXP_DLR
BXP_EQIX
BXP_WYN
BXP_EXPE
BXP_UDR
BXP_R
BXP_BBY
BXP_FRT
BXP_KR
BXP_WYNN
BXP_AAP
BXP_TGT
BXP_M
BXP_SLG
BXP_MCD
BXP_VTR
BXP_NFLX
BXP_EXR
BXP_WY
BXP_VNO
BXP_SPLS
BXP_HST
BXP_EQR
BXP_GPS
BXP_YUM
BXP_KIM
BXP_NWSA
BXP_FOX
BXP_ULTA
BXP_PSA
BXP_GWW
BXP_DLTR
BXP_DG
BXP_SBUX
BXP_PLD
BXP_CMCSA
BXP_AIV
BXP_RCL
BXP_LOW
BXP_DIS
BXP_IRM
BXP_HBI
BXP_DRI
BXP_CCL
BXP_CCI
BXP_TIF
BXP_ALLE
BXP_WMT
BXP_HD
BXP_LKQ
BXP_NWS
BXP_AMT
BXP_O
BXP_AVB
BXP_FAST
BXP_VIAB
BXP_AZO
BXP_TWX
BXP_ESS
BXP_HOT
AMZN_URBN
AMZN_HRB
AMZN_TYC
AMZN_ROST
AMZN_KSS
AMZN_WFM
AMZN_PAYX
AMZN_SHW
AMZN_DISCK
AMZN_ORLY
AMZN_DLR
AMZN_EQIX
AMZN_WYN
AMZN_EXPE
AMZN_UDR
AMZN_R
AMZN_BBY
AMZN_FRT
AMZN_KR
AMZN_WYNN
AMZN_AAP
AMZN_TGT
AMZN_M
AMZN_SLG
AMZN_MCD
AMZN_VTR
AMZN_NFLX
AMZN_EXR
AMZN_WY
AMZN_VNO
AMZN_SPLS
AMZN_HST
AMZN_EQR
AMZN_GPS
AMZN_YUM
AMZN_KIM
AMZN_NWSA
AMZN_FOX
AMZN_ULTA
AMZN_PSA
AMZN_GWW
AMZN_DLTR
AMZN_DG
AMZN_SBUX
AMZN_PLD
AMZN_CMCSA
AMZN_AIV
AMZN_RCL
AMZN_LOW
AMZN_DIS
AMZN_IRM
AMZN_HBI
AMZN_DRI
AMZN_CCL
AMZN_CCI
AMZN_TIF
AMZN_ALLE
AMZN_WMT
AMZN_HD
AMZN_LKQ
AMZN_NWS
AMZN_AMT
AMZN_O
AMZN_AVB
AMZN_FAST
AMZN_VIAB
AMZN_AZO
AMZN_TWX
AMZN_ESS
AMZN_HOT
URBN_HRB
URBN_TYC
URBN_ROST
URBN_KSS
URBN_WFM
URBN_PAYX
URBN_SHW
URBN_DISCK
URBN_ORLY
URBN_DLR
URBN_EQIX
URBN_WYN
URBN_EXPE
URBN_UDR
URBN_R
URBN_BBY
URBN_FRT
URBN_KR
URBN_WYNN
URBN_AAP
URBN_TGT
URBN_M
URBN_SLG
URBN_MCD
URBN_VTR
URBN_NFLX
URBN_EXR
URBN_WY
URBN_VNO
URBN_SPLS
URBN_HST
URBN_EQR
URBN_GPS
URBN_YUM
URBN_KIM
URBN_NWSA
URBN_FOX
URBN_ULTA
URBN_PSA
URBN_GWW
URBN_DLTR
URBN_DG
URBN_SBUX
URBN_PLD
URBN_CMCSA
URBN_AIV
URBN_RCL
URBN_LOW
URBN_DIS
URBN_IRM
URBN_HBI
URBN_DRI
URBN_CCL
URBN_CCI
URBN_TIF
URBN_ALLE
URBN_WMT
URBN_HD
URBN_LKQ
URBN_NWS
URBN_AMT
URBN_O
URBN_AVB
URBN_FAST
URBN_VIAB
URBN_AZO
URBN_TWX
URBN_ESS
URBN_HOT
HRB_TYC
HRB_ROST
HRB_KSS
HRB_WFM
HRB_PAYX
HRB_SHW
HRB_DISCK
HRB_ORLY
HRB_DLR
HRB_EQIX
HRB_WYN
HRB_EXPE
HRB_UDR
HRB_R
HRB_BBY
HRB_FRT
HRB_KR
HRB_WYNN
HRB_AAP
HRB_TGT
HRB_M
HRB_SLG
HRB_MCD
HRB_VTR
HRB_NFLX
HRB_EXR
HRB_WY
HRB_VNO
HRB_SPLS
HRB_HST
HRB_EQR
HRB_GPS
HRB_YUM
HRB_KIM
HRB_NWSA
HRB_FOX
HRB_ULTA
HRB_PSA
HRB_GWW
HRB_DLTR
HRB_DG
HRB_SBUX
HRB_PLD
HRB_CMCSA
HRB_AIV
HRB_RCL
HRB_LOW
HRB_DIS
HRB_IRM
HRB_HBI
HRB_DRI
HRB_CCL
HRB_CCI
HRB_TIF
HRB_ALLE
HRB_WMT
HRB_HD
HRB_LKQ
HRB_NWS
HRB_AMT
HRB_O
HRB_AVB
HRB_FAST
HRB_VIAB
HRB_AZO
HRB_TWX
HRB_ESS
HRB_HOT
TYC_ROST
TYC_KSS
TYC_WFM
TYC_PAYX
TYC_SHW
TYC_DISCK
TYC_ORLY
TYC_DLR
TYC_EQIX
TYC_WYN
TYC_EXPE
TYC_UDR
TYC_R
TYC_BBY
TYC_FRT
TYC_KR
TYC_WYNN
TYC_AAP
TYC_TGT
TYC_M
TYC_SLG
TYC_MCD
TYC_VTR
TYC_NFLX
TYC_EXR
TYC_WY
TYC_VNO
TYC_SPLS
TYC_HST
TYC_EQR
TYC_GPS
TYC_YUM
TYC_KIM
TYC_NWSA
TYC_FOX
TYC_ULTA
TYC_PSA
TYC_GWW
TYC_DLTR
TYC_DG
TYC_SBUX
TYC_PLD
TYC_CMCSA
TYC_AIV
TYC_RCL
TYC_LOW
TYC_DIS
TYC_IRM
TYC_HBI
TYC_DRI
TYC_CCL
TYC_CCI
TYC_TIF
TYC_ALLE
TYC_WMT
TYC_HD
TYC_LKQ
TYC_NWS
TYC_AMT
TYC_O
TYC_AVB
TYC_FAST
TYC_VIAB
TYC_AZO
TYC_TWX
TYC_ESS
TYC_HOT
ROST_KSS
ROST_WFM
ROST_PAYX
ROST_SHW
ROST_DISCK
ROST_ORLY
ROST_DLR
ROST_EQIX
ROST_WYN
ROST_EXPE
ROST_UDR
ROST_R
ROST_BBY
ROST_FRT
ROST_KR
ROST_WYNN
ROST_AAP
ROST_TGT
ROST_M
ROST_SLG
ROST_MCD
ROST_VTR
ROST_NFLX
ROST_EXR
ROST_WY
ROST_VNO
ROST_SPLS
ROST_HST
ROST_EQR
ROST_GPS
ROST_YUM
ROST_KIM
ROST_NWSA
ROST_FOX
ROST_ULTA
ROST_PSA
ROST_GWW
ROST_DLTR
ROST_DG
ROST_SBUX
ROST_PLD
ROST_CMCSA
ROST_AIV
ROST_RCL
ROST_LOW
ROST_DIS
ROST_IRM
ROST_HBI
ROST_DRI
ROST_CCL
ROST_CCI
ROST_TIF
ROST_ALLE
ROST_WMT
ROST_HD
ROST_LKQ
ROST_NWS
ROST_AMT
ROST_O
ROST_AVB
ROST_FAST
ROST_VIAB
ROST_AZO
ROST_TWX
ROST_ESS
ROST_HOT
KSS_WFM
KSS_PAYX
KSS_SHW
KSS_DISCK
KSS_ORLY
KSS_DLR
KSS_EQIX
KSS_WYN
KSS_EXPE
KSS_UDR
KSS_R
KSS_BBY
KSS_FRT
KSS_KR
KSS_WYNN
KSS_AAP
KSS_TGT
KSS_M
KSS_SLG
KSS_MCD
KSS_VTR
KSS_NFLX
KSS_EXR
KSS_WY
KSS_VNO
KSS_SPLS
KSS_HST
KSS_EQR
KSS_GPS
KSS_YUM
KSS_KIM
KSS_NWSA
KSS_FOX
KSS_ULTA
KSS_PSA
KSS_GWW
KSS_DLTR
KSS_DG
KSS_SBUX
KSS_PLD
KSS_CMCSA
KSS_AIV
KSS_RCL
KSS_LOW
KSS_DIS
KSS_IRM
KSS_HBI
KSS_DRI
KSS_CCL
KSS_CCI
KSS_TIF
KSS_ALLE
KSS_WMT
KSS_HD
KSS_LKQ
KSS_NWS
KSS_AMT
KSS_O
KSS_AVB
KSS_FAST
KSS_VIAB
KSS_AZO
KSS_TWX
KSS_ESS
KSS_HOT
WFM_PAYX
WFM_SHW
WFM_DISCK
WFM_ORLY
WFM_DLR
WFM_EQIX
WFM_WYN
WFM_EXPE
WFM_UDR
WFM_R
WFM_BBY
WFM_FRT
WFM_KR
WFM_WYNN
WFM_AAP
WFM_TGT
WFM_M
WFM_SLG
WFM_MCD
WFM_VTR
WFM_NFLX
WFM_EXR
WFM_WY
WFM_VNO
WFM_SPLS
WFM_HST
WFM_EQR
WFM_GPS
WFM_YUM
WFM_KIM
WFM_NWSA
WFM_FOX
WFM_ULTA
WFM_PSA
WFM_GWW
WFM_DLTR
WFM_DG
WFM_SBUX
WFM_PLD
WFM_CMCSA
WFM_AIV
WFM_RCL
WFM_LOW
WFM_DIS
WFM_IRM
WFM_HBI
WFM_DRI
WFM_CCL
WFM_CCI
WFM_TIF
WFM_ALLE
WFM_WMT
WFM_HD
WFM_LKQ
WFM_NWS
WFM_AMT
WFM_O
WFM_AVB
WFM_FAST
WFM_VIAB
WFM_AZO
WFM_TWX
WFM_ESS
WFM_HOT
PAYX_SHW
PAYX_DISCK
PAYX_ORLY
PAYX_DLR
PAYX_EQIX
PAYX_WYN
PAYX_EXPE
PAYX_UDR
PAYX_R
PAYX_BBY
PAYX_FRT
PAYX_KR
PAYX_WYNN
PAYX_AAP
PAYX_TGT
PAYX_M
PAYX_SLG
PAYX_MCD
PAYX_VTR
PAYX_NFLX
PAYX_EXR
PAYX_WY
PAYX_VNO
PAYX_SPLS
PAYX_HST
PAYX_EQR
PAYX_GPS
PAYX_YUM
PAYX_KIM
PAYX_NWSA
PAYX_FOX
PAYX_ULTA
PAYX_PSA
PAYX_GWW
PAYX_DLTR
PAYX_DG
PAYX_SBUX
PAYX_PLD
PAYX_CMCSA
PAYX_AIV
PAYX_RCL
PAYX_LOW
PAYX_DIS
PAYX_IRM
PAYX_HBI
PAYX_DRI
PAYX_CCL
PAYX_CCI
PAYX_TIF
PAYX_ALLE
PAYX_WMT
PAYX_HD
PAYX_LKQ
PAYX_NWS
PAYX_AMT
PAYX_O
PAYX_AVB
PAYX_FAST
PAYX_VIAB
PAYX_AZO
PAYX_TWX
PAYX_ESS
PAYX_HOT
SHW_DISCK
SHW_ORLY
SHW_DLR
SHW_EQIX
SHW_WYN
SHW_EXPE
SHW_UDR
SHW_R
SHW_BBY
SHW_FRT
SHW_KR
SHW_WYNN
SHW_AAP
SHW_TGT
SHW_M
SHW_SLG
SHW_MCD
SHW_VTR
SHW_NFLX
SHW_EXR
SHW_WY
SHW_VNO
SHW_SPLS
SHW_HST
SHW_EQR
SHW_GPS
SHW_YUM
SHW_KIM
SHW_NWSA
SHW_FOX
SHW_ULTA
SHW_PSA
SHW_GWW
SHW_DLTR
SHW_DG
SHW_SBUX
SHW_PLD
SHW_CMCSA
SHW_AIV
SHW_RCL
SHW_LOW
SHW_DIS
SHW_IRM
SHW_HBI
SHW_DRI
SHW_CCL
SHW_CCI
SHW_TIF
SHW_ALLE
SHW_WMT
SHW_HD
SHW_LKQ
SHW_NWS
SHW_AMT
SHW_O
SHW_AVB
SHW_FAST
SHW_VIAB
SHW_AZO
SHW_TWX
SHW_ESS
SHW_HOT
DISCK_ORLY
DISCK_DLR
DISCK_EQIX
DISCK_WYN
DISCK_EXPE
DISCK_UDR
DISCK_R
DISCK_BBY
DISCK_FRT
DISCK_KR
DISCK_WYNN
DISCK_AAP
DISCK_TGT
DISCK_M
DISCK_SLG
DISCK_MCD
DISCK_VTR
DISCK_NFLX
DISCK_EXR
DISCK_WY
DISCK_VNO
DISCK_SPLS
DISCK_HST
DISCK_EQR
DISCK_GPS
DISCK_YUM
DISCK_KIM
DISCK_NWSA
DISCK_FOX
DISCK_ULTA
DISCK_PSA
DISCK_GWW
DISCK_DLTR
DISCK_DG
DISCK_SBUX
DISCK_PLD
DISCK_CMCSA
DISCK_AIV
DISCK_RCL
DISCK_LOW
DISCK_DIS
DISCK_IRM
DISCK_HBI
DISCK_DRI
DISCK_CCL
DISCK_CCI
DISCK_TIF
DISCK_ALLE
DISCK_WMT
DISCK_HD
DISCK_LKQ
DISCK_NWS
DISCK_AMT
DISCK_O
DISCK_AVB
DISCK_FAST
DISCK_VIAB
DISCK_AZO
DISCK_TWX
DISCK_ESS
DISCK_HOT
ORLY_DLR
ORLY_EQIX
ORLY_WYN
ORLY_EXPE
ORLY_UDR
ORLY_R
ORLY_BBY
ORLY_FRT
ORLY_KR
ORLY_WYNN
ORLY_AAP
ORLY_TGT
ORLY_M
ORLY_SLG
ORLY_MCD
ORLY_VTR
ORLY_NFLX
ORLY_EXR
ORLY_WY
ORLY_VNO
ORLY_SPLS
ORLY_HST
ORLY_EQR
ORLY_GPS
ORLY_YUM
ORLY_KIM
ORLY_NWSA
ORLY_FOX
ORLY_ULTA
ORLY_PSA
ORLY_GWW
ORLY_DLTR
ORLY_DG
ORLY_SBUX
ORLY_PLD
ORLY_CMCSA
ORLY_AIV
ORLY_RCL
ORLY_LOW
ORLY_DIS
ORLY_IRM
ORLY_HBI
ORLY_DRI
ORLY_CCL
ORLY_CCI
ORLY_TIF
ORLY_ALLE
ORLY_WMT
ORLY_HD
ORLY_LKQ
ORLY_NWS
ORLY_AMT
ORLY_O
ORLY_AVB
ORLY_FAST
ORLY_VIAB
ORLY_AZO
ORLY_TWX
ORLY_ESS
ORLY_HOT
DLR_EQIX
DLR_WYN
DLR_EXPE
DLR_UDR
DLR_R
DLR_BBY
DLR_FRT
DLR_KR
DLR_WYNN
DLR_AAP
DLR_TGT
DLR_M
DLR_SLG
DLR_MCD
DLR_VTR
DLR_NFLX
DLR_EXR
DLR_WY
DLR_VNO
DLR_SPLS
DLR_HST
DLR_EQR
DLR_GPS
DLR_YUM
DLR_KIM
DLR_NWSA
DLR_FOX
DLR_ULTA
DLR_PSA
DLR_GWW
DLR_DLTR
DLR_DG
DLR_SBUX
DLR_PLD
DLR_CMCSA
DLR_AIV
DLR_RCL
DLR_LOW
DLR_DIS
DLR_IRM
DLR_HBI
DLR_DRI
DLR_CCL
DLR_CCI
DLR_TIF
DLR_ALLE
DLR_WMT
DLR_HD
DLR_LKQ
DLR_NWS
DLR_AMT
DLR_O
DLR_AVB
DLR_FAST
DLR_VIAB
DLR_AZO
DLR_TWX
DLR_ESS
DLR_HOT
EQIX_WYN
EQIX_EXPE
EQIX_UDR
EQIX_R
EQIX_BBY
EQIX_FRT
EQIX_KR
EQIX_WYNN
EQIX_AAP
EQIX_TGT
EQIX_M
EQIX_SLG
EQIX_MCD
EQIX_VTR
EQIX_NFLX
EQIX_EXR
EQIX_WY
EQIX_VNO
EQIX_SPLS
EQIX_HST
EQIX_EQR
EQIX_GPS
EQIX_YUM
EQIX_KIM
EQIX_NWSA
EQIX_FOX
EQIX_ULTA
EQIX_PSA
EQIX_GWW
EQIX_DLTR
EQIX_DG
EQIX_SBUX
EQIX_PLD
EQIX_CMCSA
EQIX_AIV
EQIX_RCL
EQIX_LOW
EQIX_DIS
EQIX_IRM
EQIX_HBI
EQIX_DRI
EQIX_CCL
EQIX_CCI
EQIX_TIF
EQIX_ALLE
EQIX_WMT
EQIX_HD
EQIX_LKQ
EQIX_NWS
EQIX_AMT
EQIX_O
EQIX_AVB
EQIX_FAST
EQIX_VIAB
EQIX_AZO
EQIX_TWX
EQIX_ESS
EQIX_HOT
WYN_EXPE
WYN_UDR
WYN_R
WYN_BBY
WYN_FRT
WYN_KR
WYN_WYNN
WYN_AAP
WYN_TGT
WYN_M
WYN_SLG
WYN_MCD
WYN_VTR
WYN_NFLX
WYN_EXR
WYN_WY
WYN_VNO
WYN_SPLS
WYN_HST
WYN_EQR
WYN_GPS
WYN_YUM
WYN_KIM
WYN_NWSA
WYN_FOX
WYN_ULTA
WYN_PSA
WYN_GWW
WYN_DLTR
WYN_DG
WYN_SBUX
WYN_PLD
WYN_CMCSA
WYN_AIV
WYN_RCL
WYN_LOW
WYN_DIS
WYN_IRM
WYN_HBI
WYN_DRI
WYN_CCL
WYN_CCI
WYN_TIF
WYN_ALLE
WYN_WMT
WYN_HD
WYN_LKQ
WYN_NWS
WYN_AMT
WYN_O
WYN_AVB
WYN_FAST
WYN_VIAB
WYN_AZO
WYN_TWX
WYN_ESS
WYN_HOT
EXPE_UDR
EXPE_R
EXPE_BBY
EXPE_FRT
EXPE_KR
EXPE_WYNN
EXPE_AAP
EXPE_TGT
EXPE_M
EXPE_SLG
EXPE_MCD
EXPE_VTR
EXPE_NFLX
EXPE_EXR
EXPE_WY
EXPE_VNO
EXPE_SPLS
EXPE_HST
EXPE_EQR
EXPE_GPS
EXPE_YUM
EXPE_KIM
EXPE_NWSA
EXPE_FOX
EXPE_ULTA
EXPE_PSA
EXPE_GWW
EXPE_DLTR
EXPE_DG
EXPE_SBUX
EXPE_PLD
EXPE_CMCSA
EXPE_AIV
EXPE_RCL
EXPE_LOW
EXPE_DIS
EXPE_IRM
EXPE_HBI
EXPE_DRI
EXPE_CCL
EXPE_CCI
EXPE_TIF
EXPE_ALLE
EXPE_WMT
EXPE_HD
EXPE_LKQ
EXPE_NWS
EXPE_AMT
EXPE_O
EXPE_AVB
EXPE_FAST
EXPE_VIAB
EXPE_AZO
EXPE_TWX
EXPE_ESS
EXPE_HOT
UDR_R
UDR_BBY
UDR_FRT
UDR_KR
UDR_WYNN
UDR_AAP
UDR_TGT
UDR_M
UDR_SLG
UDR_MCD
UDR_VTR
UDR_NFLX
UDR_EXR
UDR_WY
UDR_VNO
UDR_SPLS
UDR_HST
UDR_EQR
UDR_GPS
UDR_YUM
UDR_KIM
UDR_NWSA
UDR_FOX
UDR_ULTA
UDR_PSA
UDR_GWW
UDR_DLTR
UDR_DG
UDR_SBUX
UDR_PLD
UDR_CMCSA
UDR_AIV
UDR_RCL
UDR_LOW
UDR_DIS
UDR_IRM
UDR_HBI
UDR_DRI
UDR_CCL
UDR_CCI
UDR_TIF
UDR_ALLE
UDR_WMT
UDR_HD
UDR_LKQ
UDR_NWS
UDR_AMT
UDR_O
UDR_AVB
UDR_FAST
UDR_VIAB
UDR_AZO
UDR_TWX
UDR_ESS
UDR_HOT
R_BBY
R_FRT
R_KR
R_WYNN
R_AAP
R_TGT
R_M
R_SLG
R_MCD
R_VTR
R_NFLX
R_EXR
R_WY
R_VNO
R_SPLS
R_HST
R_EQR
R_GPS
R_YUM
R_KIM
R_NWSA
R_FOX
R_ULTA
R_PSA
R_GWW
R_DLTR
R_DG
R_SBUX
R_PLD
R_CMCSA
R_AIV
R_RCL
R_LOW
R_DIS
R_IRM
R_HBI
R_DRI
R_CCL
R_CCI
R_TIF
R_ALLE
R_WMT
R_HD
R_LKQ
R_NWS
R_AMT
R_O
R_AVB
R_FAST
R_VIAB
R_AZO
R_TWX
R_ESS
R_HOT
BBY_FRT
BBY_KR
BBY_WYNN
BBY_AAP
BBY_TGT
BBY_M
BBY_SLG
BBY_MCD
BBY_VTR
BBY_NFLX
BBY_EXR
BBY_WY
BBY_VNO
BBY_SPLS
BBY_HST
BBY_EQR
BBY_GPS
BBY_YUM
BBY_KIM
BBY_NWSA
BBY_FOX
BBY_ULTA
BBY_PSA
BBY_GWW
BBY_DLTR
BBY_DG
BBY_SBUX
BBY_PLD
BBY_CMCSA
BBY_AIV
BBY_RCL
BBY_LOW
BBY_DIS
BBY_IRM
BBY_HBI
BBY_DRI
BBY_CCL
BBY_CCI
BBY_TIF
BBY_ALLE
BBY_WMT
BBY_HD
BBY_LKQ
BBY_NWS
BBY_AMT
BBY_O
BBY_AVB
BBY_FAST
BBY_VIAB
BBY_AZO
BBY_TWX
BBY_ESS
BBY_HOT
FRT_KR
FRT_WYNN
FRT_AAP
FRT_TGT
FRT_M
FRT_SLG
FRT_MCD
FRT_VTR
FRT_NFLX
FRT_EXR
FRT_WY
FRT_VNO
FRT_SPLS
FRT_HST
FRT_EQR
FRT_GPS
FRT_YUM
FRT_KIM
FRT_NWSA
FRT_FOX
FRT_ULTA
FRT_PSA
FRT_GWW
FRT_DLTR
FRT_DG
FRT_SBUX
FRT_PLD
FRT_CMCSA
FRT_AIV
FRT_RCL
FRT_LOW
FRT_DIS
FRT_IRM
FRT_HBI
FRT_DRI
FRT_CCL
FRT_CCI
FRT_TIF
FRT_ALLE
FRT_WMT
FRT_HD
FRT_LKQ
FRT_NWS
FRT_AMT
FRT_O
FRT_AVB
FRT_FAST
FRT_VIAB
FRT_AZO
FRT_TWX
FRT_ESS
FRT_HOT
KR_WYNN
KR_AAP
KR_TGT
KR_M
KR_SLG
KR_MCD
KR_VTR
KR_NFLX
KR_EXR
KR_WY
KR_VNO
KR_SPLS
KR_HST
KR_EQR
KR_GPS
KR_YUM
KR_KIM
KR_NWSA
KR_FOX
KR_ULTA
KR_PSA
KR_GWW
KR_DLTR
KR_DG
KR_SBUX
KR_PLD
KR_CMCSA
KR_AIV
KR_RCL
KR_LOW
KR_DIS
KR_IRM
KR_HBI
KR_DRI
KR_CCL
KR_CCI
KR_TIF
KR_ALLE
KR_WMT
KR_HD
KR_LKQ
KR_NWS
KR_AMT
KR_O
KR_AVB
KR_FAST
KR_VIAB
KR_AZO
KR_TWX
KR_ESS
KR_HOT
WYNN_AAP
WYNN_TGT
WYNN_M
WYNN_SLG
WYNN_MCD
WYNN_VTR
WYNN_NFLX
WYNN_EXR
WYNN_WY
WYNN_VNO
WYNN_SPLS
WYNN_HST
WYNN_EQR
WYNN_GPS
WYNN_YUM
WYNN_KIM
WYNN_NWSA
WYNN_FOX
WYNN_ULTA
WYNN_PSA
WYNN_GWW
WYNN_DLTR
WYNN_DG
WYNN_SBUX
WYNN_PLD
WYNN_CMCSA
WYNN_AIV
WYNN_RCL
WYNN_LOW
WYNN_DIS
WYNN_IRM
WYNN_HBI
WYNN_DRI
WYNN_CCL
WYNN_CCI
WYNN_TIF
WYNN_ALLE
WYNN_WMT
WYNN_HD
WYNN_LKQ
WYNN_NWS
WYNN_AMT
WYNN_O
WYNN_AVB
WYNN_FAST
WYNN_VIAB
WYNN_AZO
WYNN_TWX
WYNN_ESS
WYNN_HOT
AAP_TGT
AAP_M
AAP_SLG
AAP_MCD
AAP_VTR
AAP_NFLX
AAP_EXR
AAP_WY
AAP_VNO
AAP_SPLS
AAP_HST
AAP_EQR
AAP_GPS
AAP_YUM
AAP_KIM
AAP_NWSA
AAP_FOX
AAP_ULTA
AAP_PSA
AAP_GWW
AAP_DLTR
AAP_DG
AAP_SBUX
AAP_PLD
AAP_CMCSA
AAP_AIV
AAP_RCL
AAP_LOW
AAP_DIS
AAP_IRM
AAP_HBI
AAP_DRI
AAP_CCL
AAP_CCI
AAP_TIF
AAP_ALLE
AAP_WMT
AAP_HD
AAP_LKQ
AAP_NWS
AAP_AMT
AAP_O
AAP_AVB
AAP_FAST
AAP_VIAB
AAP_AZO
AAP_TWX
AAP_ESS
AAP_HOT
TGT_M
TGT_SLG
TGT_MCD
TGT_VTR
TGT_NFLX
TGT_EXR
TGT_WY
TGT_VNO
TGT_SPLS
TGT_HST
TGT_EQR
TGT_GPS
TGT_YUM
TGT_KIM
TGT_NWSA
TGT_FOX
TGT_ULTA
TGT_PSA
TGT_GWW
TGT_DLTR
TGT_DG
TGT_SBUX
TGT_PLD
TGT_CMCSA
TGT_AIV
TGT_RCL
TGT_LOW
TGT_DIS
TGT_IRM
TGT_HBI
TGT_DRI
TGT_CCL
TGT_CCI
TGT_TIF
TGT_ALLE
TGT_WMT
TGT_HD
TGT_LKQ
TGT_NWS
TGT_AMT
TGT_O
TGT_AVB
TGT_FAST
TGT_VIAB
TGT_AZO
TGT_TWX
TGT_ESS
TGT_HOT
M_SLG
M_MCD
M_VTR
M_NFLX
M_EXR
M_WY
M_VNO
M_SPLS
M_HST
M_EQR
M_GPS
M_YUM
M_KIM
M_NWSA
M_FOX
M_ULTA
M_PSA
M_GWW
M_DLTR
M_DG
M_SBUX
M_PLD
M_CMCSA
M_AIV
M_RCL
M_LOW
M_DIS
M_IRM
M_HBI
M_DRI
M_CCL
M_CCI
M_TIF
M_ALLE
M_WMT
M_HD
M_LKQ
M_NWS
M_AMT
M_O
M_AVB
M_FAST
M_VIAB
M_AZO
M_TWX
M_ESS
M_HOT
SLG_MCD
SLG_VTR
SLG_NFLX
SLG_EXR
SLG_WY
SLG_VNO
SLG_SPLS
SLG_HST
SLG_EQR
SLG_GPS
SLG_YUM
SLG_KIM
SLG_NWSA
SLG_FOX
SLG_ULTA
SLG_PSA
SLG_GWW
SLG_DLTR
SLG_DG
SLG_SBUX
SLG_PLD
SLG_CMCSA
SLG_AIV
SLG_RCL
SLG_LOW
SLG_DIS
SLG_IRM
SLG_HBI
SLG_DRI
SLG_CCL
SLG_CCI
SLG_TIF
SLG_ALLE
SLG_WMT
SLG_HD
SLG_LKQ
SLG_NWS
SLG_AMT
SLG_O
SLG_AVB
SLG_FAST
SLG_VIAB
SLG_AZO
SLG_TWX
SLG_ESS
SLG_HOT
MCD_VTR
MCD_NFLX
MCD_EXR
MCD_WY
MCD_VNO
MCD_SPLS
MCD_HST
MCD_EQR
MCD_GPS
MCD_YUM
MCD_KIM
MCD_NWSA
MCD_FOX
MCD_ULTA
MCD_PSA
MCD_GWW
MCD_DLTR
MCD_DG
MCD_SBUX
MCD_PLD
MCD_CMCSA
MCD_AIV
MCD_RCL
MCD_LOW
MCD_DIS
MCD_IRM
MCD_HBI
MCD_DRI
MCD_CCL
MCD_CCI
MCD_TIF
MCD_ALLE
MCD_WMT
MCD_HD
MCD_LKQ
MCD_NWS
MCD_AMT
MCD_O
MCD_AVB
MCD_FAST
MCD_VIAB
MCD_AZO
MCD_TWX
MCD_ESS
MCD_HOT
VTR_NFLX
VTR_EXR
VTR_WY
VTR_VNO
VTR_SPLS
VTR_HST
VTR_EQR
VTR_GPS
VTR_YUM
VTR_KIM
VTR_NWSA
VTR_FOX
VTR_ULTA
VTR_PSA
VTR_GWW
VTR_DLTR
VTR_DG
VTR_SBUX
VTR_PLD
VTR_CMCSA
VTR_AIV
VTR_RCL
VTR_LOW
VTR_DIS
VTR_IRM
VTR_HBI
VTR_DRI
VTR_CCL
VTR_CCI
VTR_TIF
VTR_ALLE
VTR_WMT
VTR_HD
VTR_LKQ
VTR_NWS
VTR_AMT
VTR_O
VTR_AVB
VTR_FAST
VTR_VIAB
VTR_AZO
VTR_TWX
VTR_ESS
VTR_HOT
NFLX_EXR
NFLX_WY
NFLX_VNO
NFLX_SPLS
NFLX_HST
NFLX_EQR
NFLX_GPS
NFLX_YUM
NFLX_KIM
NFLX_NWSA
NFLX_FOX
NFLX_ULTA
NFLX_PSA
NFLX_GWW
NFLX_DLTR
NFLX_DG
NFLX_SBUX
NFLX_PLD
NFLX_CMCSA
NFLX_AIV
NFLX_RCL
NFLX_LOW
NFLX_DIS
NFLX_IRM
NFLX_HBI
NFLX_DRI
NFLX_CCL
NFLX_CCI
NFLX_TIF
NFLX_ALLE
NFLX_WMT
NFLX_HD
NFLX_LKQ
NFLX_NWS
NFLX_AMT
NFLX_O
NFLX_AVB
NFLX_FAST
NFLX_VIAB
NFLX_AZO
NFLX_TWX
NFLX_ESS
NFLX_HOT
EXR_WY
EXR_VNO
EXR_SPLS
EXR_HST
EXR_EQR
EXR_GPS
EXR_YUM
EXR_KIM
EXR_NWSA
EXR_FOX
EXR_ULTA
EXR_PSA
EXR_GWW
EXR_DLTR
EXR_DG
EXR_SBUX
EXR_PLD
EXR_CMCSA
EXR_AIV
EXR_RCL
EXR_LOW
EXR_DIS
EXR_IRM
EXR_HBI
EXR_DRI
EXR_CCL
EXR_CCI
EXR_TIF
EXR_ALLE
EXR_WMT
EXR_HD
EXR_LKQ
EXR_NWS
EXR_AMT
EXR_O
EXR_AVB
EXR_FAST
EXR_VIAB
EXR_AZO
EXR_TWX
EXR_ESS
EXR_HOT
WY_VNO
WY_SPLS
WY_HST
WY_EQR
WY_GPS
WY_YUM
WY_KIM
WY_NWSA
WY_FOX
WY_ULTA
WY_PSA
WY_GWW
WY_DLTR
WY_DG
WY_SBUX
WY_PLD
WY_CMCSA
WY_AIV
WY_RCL
WY_LOW
WY_DIS
WY_IRM
WY_HBI
WY_DRI
WY_CCL
WY_CCI
WY_TIF
WY_ALLE
WY_WMT
WY_HD
WY_LKQ
WY_NWS
WY_AMT
WY_O
WY_AVB
WY_FAST
WY_VIAB
WY_AZO
WY_TWX
WY_ESS
WY_HOT
VNO_SPLS
VNO_HST
VNO_EQR
VNO_GPS
VNO_YUM
VNO_KIM
VNO_NWSA
VNO_FOX
VNO_ULTA
VNO_PSA
VNO_GWW
VNO_DLTR
VNO_DG
VNO_SBUX
VNO_PLD
VNO_CMCSA
VNO_AIV
VNO_RCL
VNO_LOW
VNO_DIS
VNO_IRM
VNO_HBI
VNO_DRI
VNO_CCL
VNO_CCI
VNO_TIF
VNO_ALLE
VNO_WMT
VNO_HD
VNO_LKQ
VNO_NWS
VNO_AMT
VNO_O
VNO_AVB
VNO_FAST
VNO_VIAB
VNO_AZO
VNO_TWX
VNO_ESS
VNO_HOT
SPLS_HST
SPLS_EQR
SPLS_GPS
SPLS_YUM
SPLS_KIM
SPLS_NWSA
SPLS_FOX
SPLS_ULTA
SPLS_PSA
SPLS_GWW
SPLS_DLTR
SPLS_DG
SPLS_SBUX
SPLS_PLD
SPLS_CMCSA
SPLS_AIV
SPLS_RCL
SPLS_LOW
SPLS_DIS
SPLS_IRM
SPLS_HBI
SPLS_DRI
SPLS_CCL
SPLS_CCI
SPLS_TIF
SPLS_ALLE
SPLS_WMT
SPLS_HD
SPLS_LKQ
SPLS_NWS
SPLS_AMT
SPLS_O
SPLS_AVB
SPLS_FAST
SPLS_VIAB
SPLS_AZO
SPLS_TWX
SPLS_ESS
SPLS_HOT
HST_EQR
HST_GPS
HST_YUM
HST_KIM
HST_NWSA
HST_FOX
HST_ULTA
HST_PSA
HST_GWW
HST_DLTR
HST_DG
HST_SBUX
HST_PLD
HST_CMCSA
HST_AIV
HST_RCL
HST_LOW
HST_DIS
HST_IRM
HST_HBI
HST_DRI
HST_CCL
HST_CCI
HST_TIF
HST_ALLE
HST_WMT
HST_HD
HST_LKQ
HST_NWS
HST_AMT
HST_O
HST_AVB
HST_FAST
HST_VIAB
HST_AZO
HST_TWX
HST_ESS
HST_HOT
EQR_GPS
EQR_YUM
EQR_KIM
EQR_NWSA
EQR_FOX
EQR_ULTA
EQR_PSA
EQR_GWW
EQR_DLTR
EQR_DG
EQR_SBUX
EQR_PLD
EQR_CMCSA
EQR_AIV
EQR_RCL
EQR_LOW
EQR_DIS
EQR_IRM
EQR_HBI
EQR_DRI
EQR_CCL
EQR_CCI
EQR_TIF
EQR_ALLE
EQR_WMT
EQR_HD
EQR_LKQ
EQR_NWS
EQR_AMT
EQR_O
EQR_AVB
EQR_FAST
EQR_VIAB
EQR_AZO
EQR_TWX
EQR_ESS
EQR_HOT
GPS_YUM
GPS_KIM
GPS_NWSA
GPS_FOX
GPS_ULTA
GPS_PSA
GPS_GWW
GPS_DLTR
GPS_DG
GPS_SBUX
GPS_PLD
GPS_CMCSA
GPS_AIV
GPS_RCL
GPS_LOW
GPS_DIS
GPS_IRM
GPS_HBI
GPS_DRI
GPS_CCL
GPS_CCI
GPS_TIF
GPS_ALLE
GPS_WMT
GPS_HD
GPS_LKQ
GPS_NWS
GPS_AMT
GPS_O
GPS_AVB
GPS_FAST
GPS_VIAB
GPS_AZO
GPS_TWX
GPS_ESS
GPS_HOT
YUM_KIM
YUM_NWSA
YUM_FOX
YUM_ULTA
YUM_PSA
YUM_GWW
YUM_DLTR
YUM_DG
YUM_SBUX
YUM_PLD
YUM_CMCSA
YUM_AIV
YUM_RCL
YUM_LOW
YUM_DIS
YUM_IRM
YUM_HBI
YUM_DRI
YUM_CCL
YUM_CCI
YUM_TIF
YUM_ALLE
YUM_WMT
YUM_HD
YUM_LKQ
YUM_NWS
YUM_AMT
YUM_O
YUM_AVB
YUM_FAST
YUM_VIAB
YUM_AZO
YUM_TWX
YUM_ESS
YUM_HOT
KIM_NWSA
KIM_FOX
KIM_ULTA
KIM_PSA
KIM_GWW
KIM_DLTR
KIM_DG
KIM_SBUX
KIM_PLD
KIM_CMCSA
KIM_AIV
KIM_RCL
KIM_LOW
KIM_DIS
KIM_IRM
KIM_HBI
KIM_DRI
KIM_CCL
KIM_CCI
KIM_TIF
KIM_ALLE
KIM_WMT
KIM_HD
KIM_LKQ
KIM_NWS
KIM_AMT
KIM_O
KIM_AVB
KIM_FAST
KIM_VIAB
KIM_AZO
KIM_TWX
KIM_ESS
KIM_HOT
NWSA_FOX
NWSA_ULTA
NWSA_PSA
NWSA_GWW
NWSA_DLTR
NWSA_DG
NWSA_SBUX
NWSA_PLD
NWSA_CMCSA
NWSA_AIV
NWSA_RCL
NWSA_LOW
NWSA_DIS
NWSA_IRM
NWSA_HBI
NWSA_DRI
NWSA_CCL
NWSA_CCI
NWSA_TIF
NWSA_ALLE
NWSA_WMT
NWSA_HD
NWSA_LKQ
NWSA_NWS
NWSA_AMT
NWSA_O
NWSA_AVB
NWSA_FAST
NWSA_VIAB
NWSA_AZO
NWSA_TWX
NWSA_ESS
NWSA_HOT
FOX_ULTA
FOX_PSA
FOX_GWW
FOX_DLTR
FOX_DG
FOX_SBUX
FOX_PLD
FOX_CMCSA
FOX_AIV
FOX_RCL
FOX_LOW
FOX_DIS
FOX_IRM
FOX_HBI
FOX_DRI
FOX_CCL
FOX_CCI
FOX_TIF
FOX_ALLE
FOX_WMT
FOX_HD
FOX_LKQ
FOX_NWS
FOX_AMT
FOX_O
FOX_AVB
FOX_FAST
FOX_VIAB
FOX_AZO
FOX_TWX
FOX_ESS
FOX_HOT
ULTA_PSA
ULTA_GWW
ULTA_DLTR
ULTA_DG
ULTA_SBUX
ULTA_PLD
ULTA_CMCSA
ULTA_AIV
ULTA_RCL
ULTA_LOW
ULTA_DIS
ULTA_IRM
ULTA_HBI
ULTA_DRI
ULTA_CCL
ULTA_CCI
ULTA_TIF
ULTA_ALLE
ULTA_WMT
ULTA_HD
ULTA_LKQ
ULTA_NWS
ULTA_AMT
ULTA_O
ULTA_AVB
ULTA_FAST
ULTA_VIAB
ULTA_AZO
ULTA_TWX
ULTA_ESS
ULTA_HOT
PSA_GWW
PSA_DLTR
PSA_DG
PSA_SBUX
PSA_PLD
PSA_CMCSA
PSA_AIV
PSA_RCL
PSA_LOW
PSA_DIS
PSA_IRM
PSA_HBI
PSA_DRI
PSA_CCL
PSA_CCI
PSA_TIF
PSA_ALLE
PSA_WMT
PSA_HD
PSA_LKQ
PSA_NWS
PSA_AMT
PSA_O
PSA_AVB
PSA_FAST
PSA_VIAB
PSA_AZO
PSA_TWX
PSA_ESS
PSA_HOT
GWW_DLTR
GWW_DG
GWW_SBUX
GWW_PLD
GWW_CMCSA
GWW_AIV
GWW_RCL
GWW_LOW
GWW_DIS
GWW_IRM
GWW_HBI
GWW_DRI
GWW_CCL
GWW_CCI
GWW_TIF
GWW_ALLE
GWW_WMT
GWW_HD
GWW_LKQ
GWW_NWS
GWW_AMT
GWW_O
GWW_AVB
GWW_FAST
GWW_VIAB
GWW_AZO
GWW_TWX
GWW_ESS
GWW_HOT
DLTR_DG
DLTR_SBUX
DLTR_PLD
DLTR_CMCSA
DLTR_AIV
DLTR_RCL
DLTR_LOW
DLTR_DIS
DLTR_IRM
DLTR_HBI
DLTR_DRI
DLTR_CCL
DLTR_CCI
DLTR_TIF
DLTR_ALLE
DLTR_WMT
DLTR_HD
DLTR_LKQ
DLTR_NWS
DLTR_AMT
DLTR_O
DLTR_AVB
DLTR_FAST
DLTR_VIAB
DLTR_AZO
DLTR_TWX
DLTR_ESS
DLTR_HOT
DG_SBUX
DG_PLD
DG_CMCSA
DG_AIV
DG_RCL
DG_LOW
DG_DIS
DG_IRM
DG_HBI
DG_DRI
DG_CCL
DG_CCI
DG_TIF
DG_ALLE
DG_WMT
DG_HD
DG_LKQ
DG_NWS
DG_AMT
DG_O
DG_AVB
DG_FAST
DG_VIAB
DG_AZO
DG_TWX
DG_ESS
DG_HOT
SBUX_PLD
SBUX_CMCSA
SBUX_AIV
SBUX_RCL
SBUX_LOW
SBUX_DIS
SBUX_IRM
SBUX_HBI
SBUX_DRI
SBUX_CCL
SBUX_CCI
SBUX_TIF
SBUX_ALLE
SBUX_WMT
SBUX_HD
SBUX_LKQ
SBUX_NWS
SBUX_AMT
SBUX_O
SBUX_AVB
SBUX_FAST
SBUX_VIAB
SBUX_AZO
SBUX_TWX
SBUX_ESS
SBUX_HOT
PLD_CMCSA
PLD_AIV
PLD_RCL
PLD_LOW
PLD_DIS
PLD_IRM
PLD_HBI
PLD_DRI
PLD_CCL
PLD_CCI
PLD_TIF
PLD_ALLE
PLD_WMT
PLD_HD
PLD_LKQ
PLD_NWS
PLD_AMT
PLD_O
PLD_AVB
PLD_FAST
PLD_VIAB
PLD_AZO
PLD_TWX
PLD_ESS
PLD_HOT
CMCSA_AIV
CMCSA_RCL
CMCSA_LOW
CMCSA_DIS
CMCSA_IRM
CMCSA_HBI
CMCSA_DRI
CMCSA_CCL
CMCSA_CCI
CMCSA_TIF
CMCSA_ALLE
CMCSA_WMT
CMCSA_HD
CMCSA_LKQ
CMCSA_NWS
CMCSA_AMT
CMCSA_O
CMCSA_AVB
CMCSA_FAST
CMCSA_VIAB
CMCSA_AZO
CMCSA_TWX
CMCSA_ESS
CMCSA_HOT
AIV_RCL
AIV_LOW
AIV_DIS
AIV_IRM
AIV_HBI
AIV_DRI
AIV_CCL
AIV_CCI
AIV_TIF
AIV_ALLE
AIV_WMT
AIV_HD
AIV_LKQ
AIV_NWS
AIV_AMT
AIV_O
AIV_AVB
AIV_FAST
AIV_VIAB
AIV_AZO
AIV_TWX
AIV_ESS
AIV_HOT
RCL_LOW
RCL_DIS
RCL_IRM
RCL_HBI
RCL_DRI
RCL_CCL
RCL_CCI
RCL_TIF
RCL_ALLE
RCL_WMT
RCL_HD
RCL_LKQ
RCL_NWS
RCL_AMT
RCL_O
RCL_AVB
RCL_FAST
RCL_VIAB
RCL_AZO
RCL_TWX
RCL_ESS
RCL_HOT
LOW_DIS
LOW_IRM
LOW_HBI
LOW_DRI
LOW_CCL
LOW_CCI
LOW_TIF
LOW_ALLE
LOW_WMT
LOW_HD
LOW_LKQ
LOW_NWS
LOW_AMT
LOW_O
LOW_AVB
LOW_FAST
LOW_VIAB
LOW_AZO
LOW_TWX
LOW_ESS
LOW_HOT
DIS_IRM
DIS_HBI
DIS_DRI
DIS_CCL
DIS_CCI
DIS_TIF
DIS_ALLE
DIS_WMT
DIS_HD
DIS_LKQ
DIS_NWS
DIS_AMT
DIS_O
DIS_AVB
DIS_FAST
DIS_VIAB
DIS_AZO
DIS_TWX
DIS_ESS
DIS_HOT
IRM_HBI
IRM_DRI
IRM_CCL
IRM_CCI
IRM_TIF
IRM_ALLE
IRM_WMT
IRM_HD
IRM_LKQ
IRM_NWS
IRM_AMT
IRM_O
IRM_AVB
IRM_FAST
IRM_VIAB
IRM_AZO
IRM_TWX
IRM_ESS
IRM_HOT
HBI_DRI
HBI_CCL
HBI_CCI
HBI_TIF
HBI_ALLE
HBI_WMT
HBI_HD
HBI_LKQ
HBI_NWS
HBI_AMT
HBI_O
HBI_AVB
HBI_FAST
HBI_VIAB
HBI_AZO
HBI_TWX
HBI_ESS
HBI_HOT
DRI_CCL
DRI_CCI
DRI_TIF
DRI_ALLE
DRI_WMT
DRI_HD
DRI_LKQ
DRI_NWS
DRI_AMT
DRI_O
DRI_AVB
DRI_FAST
DRI_VIAB
DRI_AZO
DRI_TWX
DRI_ESS
DRI_HOT
CCL_CCI
CCL_TIF
CCL_ALLE
CCL_WMT
CCL_HD
CCL_LKQ
CCL_NWS
CCL_AMT
CCL_O
CCL_AVB
CCL_FAST
CCL_VIAB
CCL_AZO
CCL_TWX
CCL_ESS
CCL_HOT
CCI_TIF
CCI_ALLE
CCI_WMT
CCI_HD
CCI_LKQ
CCI_NWS
CCI_AMT
CCI_O
CCI_AVB
CCI_FAST
CCI_VIAB
CCI_AZO
CCI_TWX
CCI_ESS
CCI_HOT
TIF_ALLE
TIF_WMT
TIF_HD
TIF_LKQ
TIF_NWS
TIF_AMT
TIF_O
TIF_AVB
TIF_FAST
TIF_VIAB
TIF_AZO
TIF_TWX
TIF_ESS
TIF_HOT
ALLE_WMT
ALLE_HD
ALLE_LKQ
ALLE_NWS
ALLE_AMT
ALLE_O
ALLE_AVB
ALLE_FAST
ALLE_VIAB
ALLE_AZO
ALLE_TWX
ALLE_ESS
ALLE_HOT
WMT_HD
WMT_LKQ
WMT_NWS
WMT_AMT
WMT_O
WMT_AVB
WMT_FAST
WMT_VIAB
WMT_AZO
WMT_TWX
WMT_ESS
WMT_HOT
HD_LKQ
HD_NWS
HD_AMT
HD_O
HD_AVB
HD_FAST
HD_VIAB
HD_AZO
HD_TWX
HD_ESS
HD_HOT
LKQ_NWS
LKQ_AMT
LKQ_O
LKQ_AVB
LKQ_FAST
LKQ_VIAB
LKQ_AZO
LKQ_TWX
LKQ_ESS
LKQ_HOT
NWS_AMT
NWS_O
NWS_AVB
NWS_FAST
NWS_VIAB
NWS_AZO
NWS_TWX
NWS_ESS
NWS_HOT
AMT_O
AMT_AVB
AMT_FAST
AMT_VIAB
AMT_AZO
AMT_TWX
AMT_ESS
AMT_HOT
O_AVB
O_FAST
O_VIAB
O_AZO
O_TWX
O_ESS
O_HOT
AVB_FAST
AVB_VIAB
AVB_AZO
AVB_TWX
AVB_ESS
AVB_HOT
FAST_VIAB
FAST_AZO
FAST_TWX
FAST_ESS
FAST_HOT
VIAB_AZO
VIAB_TWX
VIAB_ESS
VIAB_HOT
AZO_TWX
AZO_ESS
AZO_HOT
TWX_ESS
TWX_HOT
ESS_HOT
