BEN_CME
BEN_CMA
BEN_BLK
BEN_CBG
BEN_NDAQ
BEN_MS
BEN_SCHW
BEN_DFS
BEN_ALL
BEN_MMC
BEN_BAC
BEN_GS
BEN_LM
BEN_PGR
BEN_HIG
BEN_WLTW
BEN_ZION
BEN_STI
BEN_CFG
BEN_IVZ
BEN_PNC
BEN_AON
BEN_PRU
BEN_RF
BEN_L
BEN_WFC
BEN_AFL
BEN_TMK
BEN_STT
BEN_ETFC
BEN_XL
BEN_BBT
BEN_LNC
BEN_KEY
BEN_HBAN
BEN_AJG
BEN_MCO
BEN_PBCT
BEN_AXP
BEN_UNM
BEN_FITB
BEN_SYF
BEN_EFX
BEN_C
BEN_COF
BEN_CB
BEN_AIZ
BEN_AIG
BEN_MTB
BEN_BK
BEN_NAVI
BEN_CINF
BEN_NTRS
BEN_AMG
BEN_AMP
BEN_TRV
BEN_DNB
BEN_JPM
BEN_MET
BEN_USB
BEN_ICE
BEN_TROW
BEN_PFG
BEN_SPGI
CME_CMA
CME_BLK
CME_CBG
CME_NDAQ
CME_MS
CME_SCHW
CME_DFS
CME_ALL
CME_MMC
CME_BAC
CME_GS
CME_LM
CME_PGR
CME_HIG
CME_WLTW
CME_ZION
CME_STI
CME_CFG
CME_IVZ
CME_PNC
CME_AON
CME_PRU
CME_RF
CME_L
CME_WFC
CME_AFL
CME_TMK
CME_STT
CME_ETFC
CME_XL
CME_BBT
CME_LNC
CME_KEY
CME_HBAN
CME_AJG
CME_MCO
CME_PBCT
CME_AXP
CME_UNM
CME_FITB
CME_SYF
CME_EFX
CME_C
CME_COF
CME_CB
CME_AIZ
CME_AIG
CME_MTB
CME_BK
CME_NAVI
CME_CINF
CME_NTRS
CME_AMG
CME_AMP
CME_TRV
CME_DNB
CME_JPM
CME_MET
CME_USB
CME_ICE
CME_TROW
CME_PFG
CME_SPGI
CMA_BLK
CMA_CBG
CMA_NDAQ
CMA_MS
CMA_SCHW
CMA_DFS
CMA_ALL
CMA_MMC
CMA_BAC
CMA_GS
CMA_LM
CMA_PGR
CMA_HIG
CMA_WLTW
CMA_ZION
CMA_STI
CMA_CFG
CMA_IVZ
CMA_PNC
CMA_AON
CMA_PRU
CMA_RF
CMA_L
CMA_WFC
CMA_AFL
CMA_TMK
CMA_STT
CMA_ETFC
CMA_XL
CMA_BBT
CMA_LNC
CMA_KEY
CMA_HBAN
CMA_AJG
CMA_MCO
CMA_PBCT
CMA_AXP
CMA_UNM
CMA_FITB
CMA_SYF
CMA_EFX
CMA_C
CMA_COF
CMA_CB
CMA_AIZ
CMA_AIG
CMA_MTB
CMA_BK
CMA_NAVI
CMA_CINF
CMA_NTRS
CMA_AMG
CMA_AMP
CMA_TRV
CMA_DNB
CMA_JPM
CMA_MET
CMA_USB
CMA_ICE
CMA_TROW
CMA_PFG
CMA_SPGI
BLK_CBG
BLK_NDAQ
BLK_MS
BLK_SCHW
BLK_DFS
BLK_ALL
BLK_MMC
BLK_BAC
BLK_GS
BLK_LM
BLK_PGR
BLK_HIG
BLK_WLTW
BLK_ZION
BLK_STI
BLK_CFG
BLK_IVZ
BLK_PNC
BLK_AON
BLK_PRU
BLK_RF
BLK_L
BLK_WFC
BLK_AFL
BLK_TMK
BLK_STT
BLK_ETFC
BLK_XL
BLK_BBT
BLK_LNC
BLK_KEY
BLK_HBAN
BLK_AJG
BLK_MCO
BLK_PBCT
BLK_AXP
BLK_UNM
BLK_FITB
BLK_SYF
BLK_EFX
BLK_C
BLK_COF
BLK_CB
BLK_AIZ
BLK_AIG
BLK_MTB
BLK_BK
BLK_NAVI
BLK_CINF
BLK_NTRS
BLK_AMG
BLK_AMP
BLK_TRV
BLK_DNB
BLK_JPM
BLK_MET
BLK_USB
BLK_ICE
BLK_TROW
BLK_PFG
BLK_SPGI
CBG_NDAQ
CBG_MS
CBG_SCHW
CBG_DFS
CBG_ALL
CBG_MMC
CBG_BAC
CBG_GS
CBG_LM
CBG_PGR
CBG_HIG
CBG_WLTW
CBG_ZION
CBG_STI
CBG_CFG
CBG_IVZ
CBG_PNC
CBG_AON
CBG_PRU
CBG_RF
CBG_L
CBG_WFC
CBG_AFL
CBG_TMK
CBG_STT
CBG_ETFC
CBG_XL
CBG_BBT
CBG_LNC
CBG_KEY
CBG_HBAN
CBG_AJG
CBG_MCO
CBG_PBCT
CBG_AXP
CBG_UNM
CBG_FITB
CBG_SYF
CBG_EFX
CBG_C
CBG_COF
CBG_CB
CBG_AIZ
CBG_AIG
CBG_MTB
CBG_BK
CBG_NAVI
CBG_CINF
CBG_NTRS
CBG_AMG
CBG_AMP
CBG_TRV
CBG_DNB
CBG_JPM
CBG_MET
CBG_USB
CBG_ICE
CBG_TROW
CBG_PFG
CBG_SPGI
NDAQ_MS
NDAQ_SCHW
NDAQ_DFS
NDAQ_ALL
NDAQ_MMC
NDAQ_BAC
NDAQ_GS
NDAQ_LM
NDAQ_PGR
NDAQ_HIG
NDAQ_WLTW
NDAQ_ZION
NDAQ_STI
NDAQ_CFG
NDAQ_IVZ
NDAQ_PNC
NDAQ_AON
NDAQ_PRU
NDAQ_RF
NDAQ_L
NDAQ_WFC
NDAQ_AFL
NDAQ_TMK
NDAQ_STT
NDAQ_ETFC
NDAQ_XL
NDAQ_BBT
NDAQ_LNC
NDAQ_KEY
NDAQ_HBAN
NDAQ_AJG
NDAQ_MCO
NDAQ_PBCT
NDAQ_AXP
NDAQ_UNM
NDAQ_FITB
NDAQ_SYF
NDAQ_EFX
NDAQ_C
NDAQ_COF
NDAQ_CB
NDAQ_AIZ
NDAQ_AIG
NDAQ_MTB
NDAQ_BK
NDAQ_NAVI
NDAQ_CINF
NDAQ_NTRS
NDAQ_AMG
NDAQ_AMP
NDAQ_TRV
NDAQ_DNB
NDAQ_JPM
NDAQ_MET
NDAQ_USB
NDAQ_ICE
NDAQ_TROW
NDAQ_PFG
NDAQ_SPGI
MS_SCHW
MS_DFS
MS_ALL
MS_MMC
MS_BAC
MS_GS
MS_LM
MS_PGR
MS_HIG
MS_WLTW
MS_ZION
MS_STI
MS_CFG
MS_IVZ
MS_PNC
MS_AON
MS_PRU
MS_RF
MS_L
MS_WFC
MS_AFL
MS_TMK
MS_STT
MS_ETFC
MS_XL
MS_BBT
MS_LNC
MS_KEY
MS_HBAN
MS_AJG
MS_MCO
MS_PBCT
MS_AXP
MS_UNM
MS_FITB
MS_SYF
MS_EFX
MS_C
MS_COF
MS_CB
MS_AIZ
MS_AIG
MS_MTB
MS_BK
MS_NAVI
MS_CINF
MS_NTRS
MS_AMG
MS_AMP
MS_TRV
MS_DNB
MS_JPM
MS_MET
MS_USB
MS_ICE
MS_TROW
MS_PFG
MS_SPGI
SCHW_DFS
SCHW_ALL
SCHW_MMC
SCHW_BAC
SCHW_GS
SCHW_LM
SCHW_PGR
SCHW_HIG
SCHW_WLTW
SCHW_ZION
SCHW_STI
SCHW_CFG
SCHW_IVZ
SCHW_PNC
SCHW_AON
SCHW_PRU
SCHW_RF
SCHW_L
SCHW_WFC
SCHW_AFL
SCHW_TMK
SCHW_STT
SCHW_ETFC
SCHW_XL
SCHW_BBT
SCHW_LNC
SCHW_KEY
SCHW_HBAN
SCHW_AJG
SCHW_MCO
SCHW_PBCT
SCHW_AXP
SCHW_UNM
SCHW_FITB
SCHW_SYF
SCHW_EFX
SCHW_C
SCHW_COF
SCHW_CB
SCHW_AIZ
SCHW_AIG
SCHW_MTB
SCHW_BK
SCHW_NAVI
SCHW_CINF
SCHW_NTRS
SCHW_AMG
SCHW_AMP
SCHW_TRV
SCHW_DNB
SCHW_JPM
SCHW_MET
SCHW_USB
SCHW_ICE
SCHW_TROW
SCHW_PFG
SCHW_SPGI
DFS_ALL
DFS_MMC
DFS_BAC
DFS_GS
DFS_LM
DFS_PGR
DFS_HIG
DFS_WLTW
DFS_ZION
DFS_STI
DFS_CFG
DFS_IVZ
DFS_PNC
DFS_AON
DFS_PRU
DFS_RF
DFS_L
DFS_WFC
DFS_AFL
DFS_TMK
DFS_STT
DFS_ETFC
DFS_XL
DFS_BBT
DFS_LNC
DFS_KEY
DFS_HBAN
DFS_AJG
DFS_MCO
DFS_PBCT
DFS_AXP
DFS_UNM
DFS_FITB
DFS_SYF
DFS_EFX
DFS_C
DFS_COF
DFS_CB
DFS_AIZ
DFS_AIG
DFS_MTB
DFS_BK
DFS_NAVI
DFS_CINF
DFS_NTRS
DFS_AMG
DFS_AMP
DFS_TRV
DFS_DNB
DFS_JPM
DFS_MET
DFS_USB
DFS_ICE
DFS_TROW
DFS_PFG
DFS_SPGI
ALL_MMC
ALL_BAC
ALL_GS
ALL_LM
ALL_PGR
ALL_HIG
ALL_WLTW
ALL_ZION
ALL_STI
ALL_CFG
ALL_IVZ
ALL_PNC
ALL_AON
ALL_PRU
ALL_RF
ALL_L
ALL_WFC
ALL_AFL
ALL_TMK
ALL_STT
ALL_ETFC
ALL_XL
ALL_BBT
ALL_LNC
ALL_KEY
ALL_HBAN
ALL_AJG
ALL_MCO
ALL_PBCT
ALL_AXP
ALL_UNM
ALL_FITB
ALL_SYF
ALL_EFX
ALL_C
ALL_COF
ALL_CB
ALL_AIZ
ALL_AIG
ALL_MTB
ALL_BK
ALL_NAVI
ALL_CINF
ALL_NTRS
ALL_AMG
ALL_AMP
ALL_TRV
ALL_DNB
ALL_JPM
ALL_MET
ALL_USB
ALL_ICE
ALL_TROW
ALL_PFG
ALL_SPGI
MMC_BAC
MMC_GS
MMC_LM
MMC_PGR
MMC_HIG
MMC_WLTW
MMC_ZION
MMC_STI
MMC_CFG
MMC_IVZ
MMC_PNC
MMC_AON
MMC_PRU
MMC_RF
MMC_L
MMC_WFC
MMC_AFL
MMC_TMK
MMC_STT
MMC_ETFC
MMC_XL
MMC_BBT
MMC_LNC
MMC_KEY
MMC_HBAN
MMC_AJG
MMC_MCO
MMC_PBCT
MMC_AXP
MMC_UNM
MMC_FITB
MMC_SYF
MMC_EFX
MMC_C
MMC_COF
MMC_CB
MMC_AIZ
MMC_AIG
MMC_MTB
MMC_BK
MMC_NAVI
MMC_CINF
MMC_NTRS
MMC_AMG
MMC_AMP
MMC_TRV
MMC_DNB
MMC_JPM
MMC_MET
MMC_USB
MMC_ICE
MMC_TROW
MMC_PFG
MMC_SPGI
BAC_GS
BAC_LM
BAC_PGR
BAC_HIG
BAC_WLTW
BAC_ZION
BAC_STI
BAC_CFG
BAC_IVZ
BAC_PNC
BAC_AON
BAC_PRU
BAC_RF
BAC_L
BAC_WFC
BAC_AFL
BAC_TMK
BAC_STT
BAC_ETFC
BAC_XL
BAC_BBT
BAC_LNC
BAC_KEY
BAC_HBAN
BAC_AJG
BAC_MCO
BAC_PBCT
BAC_AXP
BAC_UNM
BAC_FITB
BAC_SYF
BAC_EFX
BAC_C
BAC_COF
BAC_CB
BAC_AIZ
BAC_AIG
BAC_MTB
BAC_BK
BAC_NAVI
BAC_CINF
BAC_NTRS
BAC_AMG
BAC_AMP
BAC_TRV
BAC_DNB
BAC_JPM
BAC_MET
BAC_USB
BAC_ICE
BAC_TROW
BAC_PFG
BAC_SPGI
GS_LM
GS_PGR
GS_HIG
GS_WLTW
GS_ZION
GS_STI
GS_CFG
GS_IVZ
GS_PNC
GS_AON
GS_PRU
GS_RF
GS_L
GS_WFC
GS_AFL
GS_TMK
GS_STT
GS_ETFC
GS_XL
GS_BBT
GS_LNC
GS_KEY
GS_HBAN
GS_AJG
GS_MCO
GS_PBCT
GS_AXP
GS_UNM
GS_FITB
GS_SYF
GS_EFX
GS_C
GS_COF
GS_CB
GS_AIZ
GS_AIG
GS_MTB
GS_BK
GS_NAVI
GS_CINF
GS_NTRS
GS_AMG
GS_AMP
GS_TRV
GS_DNB
GS_JPM
GS_MET
GS_USB
GS_ICE
GS_TROW
GS_PFG
GS_SPGI
LM_PGR
LM_HIG
LM_WLTW
LM_ZION
LM_STI
LM_CFG
LM_IVZ
LM_PNC
LM_AON
LM_PRU
LM_RF
LM_L
LM_WFC
LM_AFL
LM_TMK
LM_STT
LM_ETFC
LM_XL
LM_BBT
LM_LNC
LM_KEY
LM_HBAN
LM_AJG
LM_MCO
LM_PBCT
LM_AXP
LM_UNM
LM_FITB
LM_SYF
LM_EFX
LM_C
LM_COF
LM_CB
LM_AIZ
LM_AIG
LM_MTB
LM_BK
LM_NAVI
LM_CINF
LM_NTRS
LM_AMG
LM_AMP
LM_TRV
LM_DNB
LM_JPM
LM_MET
LM_USB
LM_ICE
LM_TROW
LM_PFG
LM_SPGI
PGR_HIG
PGR_WLTW
PGR_ZION
PGR_STI
PGR_CFG
PGR_IVZ
PGR_PNC
PGR_AON
PGR_PRU
PGR_RF
PGR_L
PGR_WFC
PGR_AFL
PGR_TMK
PGR_STT
PGR_ETFC
PGR_XL
PGR_BBT
PGR_LNC
PGR_KEY
PGR_HBAN
PGR_AJG
PGR_MCO
PGR_PBCT
PGR_AXP
PGR_UNM
PGR_FITB
PGR_SYF
PGR_EFX
PGR_C
PGR_COF
PGR_CB
PGR_AIZ
PGR_AIG
PGR_MTB
PGR_BK
PGR_NAVI
PGR_CINF
PGR_NTRS
PGR_AMG
PGR_AMP
PGR_TRV
PGR_DNB
PGR_JPM
PGR_MET
PGR_USB
PGR_ICE
PGR_TROW
PGR_PFG
PGR_SPGI
HIG_WLTW
HIG_ZION
HIG_STI
HIG_CFG
HIG_IVZ
HIG_PNC
HIG_AON
HIG_PRU
HIG_RF
HIG_L
HIG_WFC
HIG_AFL
HIG_TMK
HIG_STT
HIG_ETFC
HIG_XL
HIG_BBT
HIG_LNC
HIG_KEY
HIG_HBAN
HIG_AJG
HIG_MCO
HIG_PBCT
HIG_AXP
HIG_UNM
HIG_FITB
HIG_SYF
HIG_EFX
HIG_C
HIG_COF
HIG_CB
HIG_AIZ
HIG_AIG
HIG_MTB
HIG_BK
HIG_NAVI
HIG_CINF
HIG_NTRS
HIG_AMG
HIG_AMP
HIG_TRV
HIG_DNB
HIG_JPM
HIG_MET
HIG_USB
HIG_ICE
HIG_TROW
HIG_PFG
HIG_SPGI
WLTW_ZION
WLTW_STI
WLTW_CFG
WLTW_IVZ
WLTW_PNC
WLTW_AON
WLTW_PRU
WLTW_RF
WLTW_L
WLTW_WFC
WLTW_AFL
WLTW_TMK
WLTW_STT
WLTW_ETFC
WLTW_XL
WLTW_BBT
WLTW_LNC
WLTW_KEY
WLTW_HBAN
WLTW_AJG
WLTW_MCO
WLTW_PBCT
WLTW_AXP
WLTW_UNM
WLTW_FITB
WLTW_SYF
WLTW_EFX
WLTW_C
WLTW_COF
WLTW_CB
WLTW_AIZ
WLTW_AIG
WLTW_MTB
WLTW_BK
WLTW_NAVI
WLTW_CINF
WLTW_NTRS
WLTW_AMG
WLTW_AMP
WLTW_TRV
WLTW_DNB
WLTW_JPM
WLTW_MET
WLTW_USB
WLTW_ICE
WLTW_TROW
WLTW_PFG
WLTW_SPGI
ZION_STI
ZION_CFG
ZION_IVZ
ZION_PNC
ZION_AON
ZION_PRU
ZION_RF
ZION_L
ZION_WFC
ZION_AFL
ZION_TMK
ZION_STT
ZION_ETFC
ZION_XL
ZION_BBT
ZION_LNC
ZION_KEY
ZION_HBAN
ZION_AJG
ZION_MCO
ZION_PBCT
ZION_AXP
ZION_UNM
ZION_FITB
ZION_SYF
ZION_EFX
ZION_C
ZION_COF
ZION_CB
ZION_AIZ
ZION_AIG
ZION_MTB
ZION_BK
ZION_NAVI
ZION_CINF
ZION_NTRS
ZION_AMG
ZION_AMP
ZION_TRV
ZION_DNB
ZION_JPM
ZION_MET
ZION_USB
ZION_ICE
ZION_TROW
ZION_PFG
ZION_SPGI
STI_CFG
STI_IVZ
STI_PNC
STI_AON
STI_PRU
STI_RF
STI_L
STI_WFC
STI_AFL
STI_TMK
STI_STT
STI_ETFC
STI_XL
STI_BBT
STI_LNC
STI_KEY
STI_HBAN
STI_AJG
STI_MCO
STI_PBCT
STI_AXP
STI_UNM
STI_FITB
STI_SYF
STI_EFX
STI_C
STI_COF
STI_CB
STI_AIZ
STI_AIG
STI_MTB
STI_BK
STI_NAVI
STI_CINF
STI_NTRS
STI_AMG
STI_AMP
STI_TRV
STI_DNB
STI_JPM
STI_MET
STI_USB
STI_ICE
STI_TROW
STI_PFG
STI_SPGI
CFG_IVZ
CFG_PNC
CFG_AON
CFG_PRU
CFG_RF
CFG_L
CFG_WFC
CFG_AFL
CFG_TMK
CFG_STT
CFG_ETFC
CFG_XL
CFG_BBT
CFG_LNC
CFG_KEY
CFG_HBAN
CFG_AJG
CFG_MCO
CFG_PBCT
CFG_AXP
CFG_UNM
CFG_FITB
CFG_SYF
CFG_EFX
CFG_C
CFG_COF
CFG_CB
CFG_AIZ
CFG_AIG
CFG_MTB
CFG_BK
CFG_NAVI
CFG_CINF
CFG_NTRS
CFG_AMG
CFG_AMP
CFG_TRV
CFG_DNB
CFG_JPM
CFG_MET
CFG_USB
CFG_ICE
CFG_TROW
CFG_PFG
CFG_SPGI
IVZ_PNC
IVZ_AON
IVZ_PRU
IVZ_RF
IVZ_L
IVZ_WFC
IVZ_AFL
IVZ_TMK
IVZ_STT
IVZ_ETFC
IVZ_XL
IVZ_BBT
IVZ_LNC
IVZ_KEY
IVZ_HBAN
IVZ_AJG
IVZ_MCO
IVZ_PBCT
IVZ_AXP
IVZ_UNM
IVZ_FITB
IVZ_SYF
IVZ_EFX
IVZ_C
IVZ_COF
IVZ_CB
IVZ_AIZ
IVZ_AIG
IVZ_MTB
IVZ_BK
IVZ_NAVI
IVZ_CINF
IVZ_NTRS
IVZ_AMG
IVZ_AMP
IVZ_TRV
IVZ_DNB
IVZ_JPM
IVZ_MET
IVZ_USB
IVZ_ICE
IVZ_TROW
IVZ_PFG
IVZ_SPGI
PNC_AON
PNC_PRU
PNC_RF
PNC_L
PNC_WFC
PNC_AFL
PNC_TMK
PNC_STT
PNC_ETFC
PNC_XL
PNC_BBT
PNC_LNC
PNC_KEY
PNC_HBAN
PNC_AJG
PNC_MCO
PNC_PBCT
PNC_AXP
PNC_UNM
PNC_FITB
PNC_SYF
PNC_EFX
PNC_C
PNC_COF
PNC_CB
PNC_AIZ
PNC_AIG
PNC_MTB
PNC_BK
PNC_NAVI
PNC_CINF
PNC_NTRS
PNC_AMG
PNC_AMP
PNC_TRV
PNC_DNB
PNC_JPM
PNC_MET
PNC_USB
PNC_ICE
PNC_TROW
PNC_PFG
PNC_SPGI
AON_PRU
AON_RF
AON_L
AON_WFC
AON_AFL
AON_TMK
AON_STT
AON_ETFC
AON_XL
AON_BBT
AON_LNC
AON_KEY
AON_HBAN
AON_AJG
AON_MCO
AON_PBCT
AON_AXP
AON_UNM
AON_FITB
AON_SYF
AON_EFX
AON_C
AON_COF
AON_CB
AON_AIZ
AON_AIG
AON_MTB
AON_BK
AON_NAVI
AON_CINF
AON_NTRS
AON_AMG
AON_AMP
AON_TRV
AON_DNB
AON_JPM
AON_MET
AON_USB
AON_ICE
AON_TROW
AON_PFG
AON_SPGI
PRU_RF
PRU_L
PRU_WFC
PRU_AFL
PRU_TMK
PRU_STT
PRU_ETFC
PRU_XL
PRU_BBT
PRU_LNC
PRU_KEY
PRU_HBAN
PRU_AJG
PRU_MCO
PRU_PBCT
PRU_AXP
PRU_UNM
PRU_FITB
PRU_SYF
PRU_EFX
PRU_C
PRU_COF
PRU_CB
PRU_AIZ
PRU_AIG
PRU_MTB
PRU_BK
PRU_NAVI
PRU_CINF
PRU_NTRS
PRU_AMG
PRU_AMP
PRU_TRV
PRU_DNB
PRU_JPM
PRU_MET
PRU_USB
PRU_ICE
PRU_TROW
PRU_PFG
PRU_SPGI
RF_L
RF_WFC
RF_AFL
RF_TMK
RF_STT
RF_ETFC
RF_XL
RF_BBT
RF_LNC
RF_KEY
RF_HBAN
RF_AJG
RF_MCO
RF_PBCT
RF_AXP
RF_UNM
RF_FITB
RF_SYF
RF_EFX
RF_C
RF_COF
RF_CB
RF_AIZ
RF_AIG
RF_MTB
RF_BK
RF_NAVI
RF_CINF
RF_NTRS
RF_AMG
RF_AMP
RF_TRV
RF_DNB
RF_JPM
RF_MET
RF_USB
RF_ICE
RF_TROW
RF_PFG
RF_SPGI
L_WFC
L_AFL
L_TMK
L_STT
L_ETFC
L_XL
L_BBT
L_LNC
L_KEY
L_HBAN
L_AJG
L_MCO
L_PBCT
L_AXP
L_UNM
L_FITB
L_SYF
L_EFX
L_C
L_COF
L_CB
L_AIZ
L_AIG
L_MTB
L_BK
L_NAVI
L_CINF
L_NTRS
L_AMG
L_AMP
L_TRV
L_DNB
L_JPM
L_MET
L_USB
L_ICE
L_TROW
L_PFG
L_SPGI
WFC_AFL
WFC_TMK
WFC_STT
WFC_ETFC
WFC_XL
WFC_BBT
WFC_LNC
WFC_KEY
WFC_HBAN
WFC_AJG
WFC_MCO
WFC_PBCT
WFC_AXP
WFC_UNM
WFC_FITB
WFC_SYF
WFC_EFX
WFC_C
WFC_COF
WFC_CB
WFC_AIZ
WFC_AIG
WFC_MTB
WFC_BK
WFC_NAVI
WFC_CINF
WFC_NTRS
WFC_AMG
WFC_AMP
WFC_TRV
WFC_DNB
WFC_JPM
WFC_MET
WFC_USB
WFC_ICE
WFC_TROW
WFC_PFG
WFC_SPGI
AFL_TMK
AFL_STT
AFL_ETFC
AFL_XL
AFL_BBT
AFL_LNC
AFL_KEY
AFL_HBAN
AFL_AJG
AFL_MCO
AFL_PBCT
AFL_AXP
AFL_UNM
AFL_FITB
AFL_SYF
AFL_EFX
AFL_C
AFL_COF
AFL_CB
AFL_AIZ
AFL_AIG
AFL_MTB
AFL_BK
AFL_NAVI
AFL_CINF
AFL_NTRS
AFL_AMG
AFL_AMP
AFL_TRV
AFL_DNB
AFL_JPM
AFL_MET
AFL_USB
AFL_ICE
AFL_TROW
AFL_PFG
AFL_SPGI
TMK_STT
TMK_ETFC
TMK_XL
TMK_BBT
TMK_LNC
TMK_KEY
TMK_HBAN
TMK_AJG
TMK_MCO
TMK_PBCT
TMK_AXP
TMK_UNM
TMK_FITB
TMK_SYF
TMK_EFX
TMK_C
TMK_COF
TMK_CB
TMK_AIZ
TMK_AIG
TMK_MTB
TMK_BK
TMK_NAVI
TMK_CINF
TMK_NTRS
TMK_AMG
TMK_AMP
TMK_TRV
TMK_DNB
TMK_JPM
TMK_MET
TMK_USB
TMK_ICE
TMK_TROW
TMK_PFG
TMK_SPGI
STT_ETFC
STT_XL
STT_BBT
STT_LNC
STT_KEY
STT_HBAN
STT_AJG
STT_MCO
STT_PBCT
STT_AXP
STT_UNM
STT_FITB
STT_SYF
STT_EFX
STT_C
STT_COF
STT_CB
STT_AIZ
STT_AIG
STT_MTB
STT_BK
STT_NAVI
STT_CINF
STT_NTRS
STT_AMG
STT_AMP
STT_TRV
STT_DNB
STT_JPM
STT_MET
STT_USB
STT_ICE
STT_TROW
STT_PFG
STT_SPGI
ETFC_XL
ETFC_BBT
ETFC_LNC
ETFC_KEY
ETFC_HBAN
ETFC_AJG
ETFC_MCO
ETFC_PBCT
ETFC_AXP
ETFC_UNM
ETFC_FITB
ETFC_SYF
ETFC_EFX
ETFC_C
ETFC_COF
ETFC_CB
ETFC_AIZ
ETFC_AIG
ETFC_MTB
ETFC_BK
ETFC_NAVI
ETFC_CINF
ETFC_NTRS
ETFC_AMG
ETFC_AMP
ETFC_TRV
ETFC_DNB
ETFC_JPM
ETFC_MET
ETFC_USB
ETFC_ICE
ETFC_TROW
ETFC_PFG
ETFC_SPGI
XL_BBT
XL_LNC
XL_KEY
XL_HBAN
XL_AJG
XL_MCO
XL_PBCT
XL_AXP
XL_UNM
XL_FITB
XL_SYF
XL_EFX
XL_C
XL_COF
XL_CB
XL_AIZ
XL_AIG
XL_MTB
XL_BK
XL_NAVI
XL_CINF
XL_NTRS
XL_AMG
XL_AMP
XL_TRV
XL_DNB
XL_JPM
XL_MET
XL_USB
XL_ICE
XL_TROW
XL_PFG
XL_SPGI
BBT_LNC
BBT_KEY
BBT_HBAN
BBT_AJG
BBT_MCO
BBT_PBCT
BBT_AXP
BBT_UNM
BBT_FITB
BBT_SYF
BBT_EFX
BBT_C
BBT_COF
BBT_CB
BBT_AIZ
BBT_AIG
BBT_MTB
BBT_BK
BBT_NAVI
BBT_CINF
BBT_NTRS
BBT_AMG
BBT_AMP
BBT_TRV
BBT_DNB
BBT_JPM
BBT_MET
BBT_USB
BBT_ICE
BBT_TROW
BBT_PFG
BBT_SPGI
LNC_KEY
LNC_HBAN
LNC_AJG
LNC_MCO
LNC_PBCT
LNC_AXP
LNC_UNM
LNC_FITB
LNC_SYF
LNC_EFX
LNC_C
LNC_COF
LNC_CB
LNC_AIZ
LNC_AIG
LNC_MTB
LNC_BK
LNC_NAVI
LNC_CINF
LNC_NTRS
LNC_AMG
LNC_AMP
LNC_TRV
LNC_DNB
LNC_JPM
LNC_MET
LNC_USB
LNC_ICE
LNC_TROW
LNC_PFG
LNC_SPGI
KEY_HBAN
KEY_AJG
KEY_MCO
KEY_PBCT
KEY_AXP
KEY_UNM
KEY_FITB
KEY_SYF
KEY_EFX
KEY_C
KEY_COF
KEY_CB
KEY_AIZ
KEY_AIG
KEY_MTB
KEY_BK
KEY_NAVI
KEY_CINF
KEY_NTRS
KEY_AMG
KEY_AMP
KEY_TRV
KEY_DNB
KEY_JPM
KEY_MET
KEY_USB
KEY_ICE
KEY_TROW
KEY_PFG
KEY_SPGI
HBAN_AJG
HBAN_MCO
HBAN_PBCT
HBAN_AXP
HBAN_UNM
HBAN_FITB
HBAN_SYF
HBAN_EFX
HBAN_C
HBAN_COF
HBAN_CB
HBAN_AIZ
HBAN_AIG
HBAN_MTB
HBAN_BK
HBAN_NAVI
HBAN_CINF
HBAN_NTRS
HBAN_AMG
HBAN_AMP
HBAN_TRV
HBAN_DNB
HBAN_JPM
HBAN_MET
HBAN_USB
HBAN_ICE
HBAN_TROW
HBAN_PFG
HBAN_SPGI
AJG_MCO
AJG_PBCT
AJG_AXP
AJG_UNM
AJG_FITB
AJG_SYF
AJG_EFX
AJG_C
AJG_COF
AJG_CB
AJG_AIZ
AJG_AIG
AJG_MTB
AJG_BK
AJG_NAVI
AJG_CINF
AJG_NTRS
AJG_AMG
AJG_AMP
AJG_TRV
AJG_DNB
AJG_JPM
AJG_MET
AJG_USB
AJG_ICE
AJG_TROW
AJG_PFG
AJG_SPGI
MCO_PBCT
MCO_AXP
MCO_UNM
MCO_FITB
MCO_SYF
MCO_EFX
MCO_C
MCO_COF
MCO_CB
MCO_AIZ
MCO_AIG
MCO_MTB
MCO_BK
MCO_NAVI
MCO_CINF
MCO_NTRS
MCO_AMG
MCO_AMP
MCO_TRV
MCO_DNB
MCO_JPM
MCO_MET
MCO_USB
MCO_ICE
MCO_TROW
MCO_PFG
MCO_SPGI
PBCT_AXP
PBCT_UNM
PBCT_FITB
PBCT_SYF
PBCT_EFX
PBCT_C
PBCT_COF
PBCT_CB
PBCT_AIZ
PBCT_AIG
PBCT_MTB
PBCT_BK
PBCT_NAVI
PBCT_CINF
PBCT_NTRS
PBCT_AMG
PBCT_AMP
PBCT_TRV
PBCT_DNB
PBCT_JPM
PBCT_MET
PBCT_USB
PBCT_ICE
PBCT_TROW
PBCT_PFG
PBCT_SPGI
AXP_UNM
AXP_FITB
AXP_SYF
AXP_EFX
AXP_C
AXP_COF
AXP_CB
AXP_AIZ
AXP_AIG
AXP_MTB
AXP_BK
AXP_NAVI
AXP_CINF
AXP_NTRS
AXP_AMG
AXP_AMP
AXP_TRV
AXP_DNB
AXP_JPM
AXP_MET
AXP_USB
AXP_ICE
AXP_TROW
AXP_PFG
AXP_SPGI
UNM_FITB
UNM_SYF
UNM_EFX
UNM_C
UNM_COF
UNM_CB
UNM_AIZ
UNM_AIG
UNM_MTB
UNM_BK
UNM_NAVI
UNM_CINF
UNM_NTRS
UNM_AMG
UNM_AMP
UNM_TRV
UNM_DNB
UNM_JPM
UNM_MET
UNM_USB
UNM_ICE
UNM_TROW
UNM_PFG
UNM_SPGI
FITB_SYF
FITB_EFX
FITB_C
FITB_COF
FITB_CB
FITB_AIZ
FITB_AIG
FITB_MTB
FITB_BK
FITB_NAVI
FITB_CINF
FITB_NTRS
FITB_AMG
FITB_AMP
FITB_TRV
FITB_DNB
FITB_JPM
FITB_MET
FITB_USB
FITB_ICE
FITB_TROW
FITB_PFG
FITB_SPGI
SYF_EFX
SYF_C
SYF_COF
SYF_CB
SYF_AIZ
SYF_AIG
SYF_MTB
SYF_BK
SYF_NAVI
SYF_CINF
SYF_NTRS
SYF_AMG
SYF_AMP
SYF_TRV
SYF_DNB
SYF_JPM
SYF_MET
SYF_USB
SYF_ICE
SYF_TROW
SYF_PFG
SYF_SPGI
EFX_C
EFX_COF
EFX_CB
EFX_AIZ
EFX_AIG
EFX_MTB
EFX_BK
EFX_NAVI
EFX_CINF
EFX_NTRS
EFX_AMG
EFX_AMP
EFX_TRV
EFX_DNB
EFX_JPM
EFX_MET
EFX_USB
EFX_ICE
EFX_TROW
EFX_PFG
EFX_SPGI
C_COF
C_CB
C_AIZ
C_AIG
C_MTB
C_BK
C_NAVI
C_CINF
C_NTRS
C_AMG
C_AMP
C_TRV
C_DNB
C_JPM
C_MET
C_USB
C_ICE
C_TROW
C_PFG
C_SPGI
COF_CB
COF_AIZ
COF_AIG
COF_MTB
COF_BK
COF_NAVI
COF_CINF
COF_NTRS
COF_AMG
COF_AMP
COF_TRV
COF_DNB
COF_JPM
COF_MET
COF_USB
COF_ICE
COF_TROW
COF_PFG
COF_SPGI
CB_AIZ
CB_AIG
CB_MTB
CB_BK
CB_NAVI
CB_CINF
CB_NTRS
CB_AMG
CB_AMP
CB_TRV
CB_DNB
CB_JPM
CB_MET
CB_USB
CB_ICE
CB_TROW
CB_PFG
CB_SPGI
AIZ_AIG
AIZ_MTB
AIZ_BK
AIZ_NAVI
AIZ_CINF
AIZ_NTRS
AIZ_AMG
AIZ_AMP
AIZ_TRV
AIZ_DNB
AIZ_JPM
AIZ_MET
AIZ_USB
AIZ_ICE
AIZ_TROW
AIZ_PFG
AIZ_SPGI
AIG_MTB
AIG_BK
AIG_NAVI
AIG_CINF
AIG_NTRS
AIG_AMG
AIG_AMP
AIG_TRV
AIG_DNB
AIG_JPM
AIG_MET
AIG_USB
AIG_ICE
AIG_TROW
AIG_PFG
AIG_SPGI
MTB_BK
MTB_NAVI
MTB_CINF
MTB_NTRS
MTB_AMG
MTB_AMP
MTB_TRV
MTB_DNB
MTB_JPM
MTB_MET
MTB_USB
MTB_ICE
MTB_TROW
MTB_PFG
MTB_SPGI
BK_NAVI
BK_CINF
BK_NTRS
BK_AMG
BK_AMP
BK_TRV
BK_DNB
BK_JPM
BK_MET
BK_USB
BK_ICE
BK_TROW
BK_PFG
BK_SPGI
NAVI_CINF
NAVI_NTRS
NAVI_AMG
NAVI_AMP
NAVI_TRV
NAVI_DNB
NAVI_JPM
NAVI_MET
NAVI_USB
NAVI_ICE
NAVI_TROW
NAVI_PFG
NAVI_SPGI
CINF_NTRS
CINF_AMG
CINF_AMP
CINF_TRV
CINF_DNB
CINF_JPM
CINF_MET
CINF_USB
CINF_ICE
CINF_TROW
CINF_PFG
CINF_SPGI
NTRS_AMG
NTRS_AMP
NTRS_TRV
NTRS_DNB
NTRS_JPM
NTRS_MET
NTRS_USB
NTRS_ICE
NTRS_TROW
NTRS_PFG
NTRS_SPGI
AMG_AMP
AMG_TRV
AMG_DNB
AMG_JPM
AMG_MET
AMG_USB
AMG_ICE
AMG_TROW
AMG_PFG
AMG_SPGI
AMP_TRV
AMP_DNB
AMP_JPM
AMP_MET
AMP_USB
AMP_ICE
AMP_TROW
AMP_PFG
AMP_SPGI
TRV_DNB
TRV_JPM
TRV_MET
TRV_USB
TRV_ICE
TRV_TROW
TRV_PFG
TRV_SPGI
DNB_JPM
DNB_MET
DNB_USB
DNB_ICE
DNB_TROW
DNB_PFG
DNB_SPGI
JPM_MET
JPM_USB
JPM_ICE
JPM_TROW
JPM_PFG
JPM_SPGI
MET_USB
MET_ICE
MET_TROW
MET_PFG
MET_SPGI
USB_ICE
USB_TROW
USB_PFG
USB_SPGI
ICE_TROW
ICE_PFG
ICE_SPGI
TROW_PFG
TROW_SPGI
PFG_SPGI
