IDCC_EGOV
IDCC_DLB
IDCC_STMP
IDCC_PAY
IDCC_WEX
IDCC_MSCI
IDCC_XRX
IDCC_ROVI
IDCC_PBI
IDCC_ADS
IDCC_EXLS
IDCC_FIS
IDCC_PCLN
IDCC_MA
IDCC_DTSI
IDCC_MMS
IDCC_NCR
IDCC_HRG
IDCC_RSTI
IDCC_HMSY
IDCC_DHX
IDCC_WU
IDCC_CASS
IDCC_RECN
IDCC_VVI
IDCC_DBD
IDCC_RRD
IDCC_CATM
IDCC_WBMD
IDCC_TSS
IDCC_FICO
IDCC_AKAM
IDCC_CSGP
IDCC_MELI
IDCC_SFLY
IDCC_ACN
IDCC_REIS
IDCC_EBAY
IDCC_CMPR
IDCC_CBZ
IDCC_CRAI
IDCC_BID
IDCC_GPN
IDCC_BR
IDCC_ATHN
IDCC_SCOR
IDCC_LABL
EGOV_DLB
EGOV_STMP
EGOV_PAY
EGOV_WEX
EGOV_MSCI
EGOV_XRX
EGOV_ROVI
EGOV_PBI
EGOV_ADS
EGOV_EXLS
EGOV_FIS
EGOV_PCLN
EGOV_MA
EGOV_DTSI
EGOV_MMS
EGOV_NCR
EGOV_HRG
EGOV_RSTI
EGOV_HMSY
EGOV_DHX
EGOV_WU
EGOV_CASS
EGOV_RECN
EGOV_VVI
EGOV_DBD
EGOV_RRD
EGOV_CATM
EGOV_WBMD
EGOV_TSS
EGOV_FICO
EGOV_AKAM
EGOV_CSGP
EGOV_MELI
EGOV_SFLY
EGOV_ACN
EGOV_REIS
EGOV_EBAY
EGOV_CMPR
EGOV_CBZ
EGOV_CRAI
EGOV_BID
EGOV_GPN
EGOV_BR
EGOV_ATHN
EGOV_SCOR
EGOV_LABL
DLB_STMP
DLB_PAY
DLB_WEX
DLB_MSCI
DLB_XRX
DLB_ROVI
DLB_PBI
DLB_ADS
DLB_EXLS
DLB_FIS
DLB_PCLN
DLB_MA
DLB_DTSI
DLB_MMS
DLB_NCR
DLB_HRG
DLB_RSTI
DLB_HMSY
DLB_DHX
DLB_WU
DLB_CASS
DLB_RECN
DLB_VVI
DLB_DBD
DLB_RRD
DLB_CATM
DLB_WBMD
DLB_TSS
DLB_FICO
DLB_AKAM
DLB_CSGP
DLB_MELI
DLB_SFLY
DLB_ACN
DLB_REIS
DLB_EBAY
DLB_CMPR
DLB_CBZ
DLB_CRAI
DLB_BID
DLB_GPN
DLB_BR
DLB_ATHN
DLB_SCOR
DLB_LABL
STMP_PAY
STMP_WEX
STMP_MSCI
STMP_XRX
STMP_ROVI
STMP_PBI
STMP_ADS
STMP_EXLS
STMP_FIS
STMP_PCLN
STMP_MA
STMP_DTSI
STMP_MMS
STMP_NCR
STMP_HRG
STMP_RSTI
STMP_HMSY
STMP_DHX
STMP_WU
STMP_CASS
STMP_RECN
STMP_VVI
STMP_DBD
STMP_RRD
STMP_CATM
STMP_WBMD
STMP_TSS
STMP_FICO
STMP_AKAM
STMP_CSGP
STMP_MELI
STMP_SFLY
STMP_ACN
STMP_REIS
STMP_EBAY
STMP_CMPR
STMP_CBZ
STMP_CRAI
STMP_BID
STMP_GPN
STMP_BR
STMP_ATHN
STMP_SCOR
STMP_LABL
PAY_WEX
PAY_MSCI
PAY_XRX
PAY_ROVI
PAY_PBI
PAY_ADS
PAY_EXLS
PAY_FIS
PAY_PCLN
PAY_MA
PAY_DTSI
PAY_MMS
PAY_NCR
PAY_HRG
PAY_RSTI
PAY_HMSY
PAY_DHX
PAY_WU
PAY_CASS
PAY_RECN
PAY_VVI
PAY_DBD
PAY_RRD
PAY_CATM
PAY_WBMD
PAY_TSS
PAY_FICO
PAY_AKAM
PAY_CSGP
PAY_MELI
PAY_SFLY
PAY_ACN
PAY_REIS
PAY_EBAY
PAY_CMPR
PAY_CBZ
PAY_CRAI
PAY_BID
PAY_GPN
PAY_BR
PAY_ATHN
PAY_SCOR
PAY_LABL
WEX_MSCI
WEX_XRX
WEX_ROVI
WEX_PBI
WEX_ADS
WEX_EXLS
WEX_FIS
WEX_PCLN
WEX_MA
WEX_DTSI
WEX_MMS
WEX_NCR
WEX_HRG
WEX_RSTI
WEX_HMSY
WEX_DHX
WEX_WU
WEX_CASS
WEX_RECN
WEX_VVI
WEX_DBD
WEX_RRD
WEX_CATM
WEX_WBMD
WEX_TSS
WEX_FICO
WEX_AKAM
WEX_CSGP
WEX_MELI
WEX_SFLY
WEX_ACN
WEX_REIS
WEX_EBAY
WEX_CMPR
WEX_CBZ
WEX_CRAI
WEX_BID
WEX_GPN
WEX_BR
WEX_ATHN
WEX_SCOR
WEX_LABL
MSCI_XRX
MSCI_ROVI
MSCI_PBI
MSCI_ADS
MSCI_EXLS
MSCI_FIS
MSCI_PCLN
MSCI_MA
MSCI_DTSI
MSCI_MMS
MSCI_NCR
MSCI_HRG
MSCI_RSTI
MSCI_HMSY
MSCI_DHX
MSCI_WU
MSCI_CASS
MSCI_RECN
MSCI_VVI
MSCI_DBD
MSCI_RRD
MSCI_CATM
MSCI_WBMD
MSCI_TSS
MSCI_FICO
MSCI_AKAM
MSCI_CSGP
MSCI_MELI
MSCI_SFLY
MSCI_ACN
MSCI_REIS
MSCI_EBAY
MSCI_CMPR
MSCI_CBZ
MSCI_CRAI
MSCI_BID
MSCI_GPN
MSCI_BR
MSCI_ATHN
MSCI_SCOR
MSCI_LABL
XRX_ROVI
XRX_PBI
XRX_ADS
XRX_EXLS
XRX_FIS
XRX_PCLN
XRX_MA
XRX_DTSI
XRX_MMS
XRX_NCR
XRX_HRG
XRX_RSTI
XRX_HMSY
XRX_DHX
XRX_WU
XRX_CASS
XRX_RECN
XRX_VVI
XRX_DBD
XRX_RRD
XRX_CATM
XRX_WBMD
XRX_TSS
XRX_FICO
XRX_AKAM
XRX_CSGP
XRX_MELI
XRX_SFLY
XRX_ACN
XRX_REIS
XRX_EBAY
XRX_CMPR
XRX_CBZ
XRX_CRAI
XRX_BID
XRX_GPN
XRX_BR
XRX_ATHN
XRX_SCOR
XRX_LABL
ROVI_PBI
ROVI_ADS
ROVI_EXLS
ROVI_FIS
ROVI_PCLN
ROVI_MA
ROVI_DTSI
ROVI_MMS
ROVI_NCR
ROVI_HRG
ROVI_RSTI
ROVI_HMSY
ROVI_DHX
ROVI_WU
ROVI_CASS
ROVI_RECN
ROVI_VVI
ROVI_DBD
ROVI_RRD
ROVI_CATM
ROVI_WBMD
ROVI_TSS
ROVI_FICO
ROVI_AKAM
ROVI_CSGP
ROVI_MELI
ROVI_SFLY
ROVI_ACN
ROVI_REIS
ROVI_EBAY
ROVI_CMPR
ROVI_CBZ
ROVI_CRAI
ROVI_BID
ROVI_GPN
ROVI_BR
ROVI_ATHN
ROVI_SCOR
ROVI_LABL
PBI_ADS
PBI_EXLS
PBI_FIS
PBI_PCLN
PBI_MA
PBI_DTSI
PBI_MMS
PBI_NCR
PBI_HRG
PBI_RSTI
PBI_HMSY
PBI_DHX
PBI_WU
PBI_CASS
PBI_RECN
PBI_VVI
PBI_DBD
PBI_RRD
PBI_CATM
PBI_WBMD
PBI_TSS
PBI_FICO
PBI_AKAM
PBI_CSGP
PBI_MELI
PBI_SFLY
PBI_ACN
PBI_REIS
PBI_EBAY
PBI_CMPR
PBI_CBZ
PBI_CRAI
PBI_BID
PBI_GPN
PBI_BR
PBI_ATHN
PBI_SCOR
PBI_LABL
ADS_EXLS
ADS_FIS
ADS_PCLN
ADS_MA
ADS_DTSI
ADS_MMS
ADS_NCR
ADS_HRG
ADS_RSTI
ADS_HMSY
ADS_DHX
ADS_WU
ADS_CASS
ADS_RECN
ADS_VVI
ADS_DBD
ADS_RRD
ADS_CATM
ADS_WBMD
ADS_TSS
ADS_FICO
ADS_AKAM
ADS_CSGP
ADS_MELI
ADS_SFLY
ADS_ACN
ADS_REIS
ADS_EBAY
ADS_CMPR
ADS_CBZ
ADS_CRAI
ADS_BID
ADS_GPN
ADS_BR
ADS_ATHN
ADS_SCOR
ADS_LABL
EXLS_FIS
EXLS_PCLN
EXLS_MA
EXLS_DTSI
EXLS_MMS
EXLS_NCR
EXLS_HRG
EXLS_RSTI
EXLS_HMSY
EXLS_DHX
EXLS_WU
EXLS_CASS
EXLS_RECN
EXLS_VVI
EXLS_DBD
EXLS_RRD
EXLS_CATM
EXLS_WBMD
EXLS_TSS
EXLS_FICO
EXLS_AKAM
EXLS_CSGP
EXLS_MELI
EXLS_SFLY
EXLS_ACN
EXLS_REIS
EXLS_EBAY
EXLS_CMPR
EXLS_CBZ
EXLS_CRAI
EXLS_BID
EXLS_GPN
EXLS_BR
EXLS_ATHN
EXLS_SCOR
EXLS_LABL
FIS_PCLN
FIS_MA
FIS_DTSI
FIS_MMS
FIS_NCR
FIS_HRG
FIS_RSTI
FIS_HMSY
FIS_DHX
FIS_WU
FIS_CASS
FIS_RECN
FIS_VVI
FIS_DBD
FIS_RRD
FIS_CATM
FIS_WBMD
FIS_TSS
FIS_FICO
FIS_AKAM
FIS_CSGP
FIS_MELI
FIS_SFLY
FIS_ACN
FIS_REIS
FIS_EBAY
FIS_CMPR
FIS_CBZ
FIS_CRAI
FIS_BID
FIS_GPN
FIS_BR
FIS_ATHN
FIS_SCOR
FIS_LABL
PCLN_MA
PCLN_DTSI
PCLN_MMS
PCLN_NCR
PCLN_HRG
PCLN_RSTI
PCLN_HMSY
PCLN_DHX
PCLN_WU
PCLN_CASS
PCLN_RECN
PCLN_VVI
PCLN_DBD
PCLN_RRD
PCLN_CATM
PCLN_WBMD
PCLN_TSS
PCLN_FICO
PCLN_AKAM
PCLN_CSGP
PCLN_MELI
PCLN_SFLY
PCLN_ACN
PCLN_REIS
PCLN_EBAY
PCLN_CMPR
PCLN_CBZ
PCLN_CRAI
PCLN_BID
PCLN_GPN
PCLN_BR
PCLN_ATHN
PCLN_SCOR
PCLN_LABL
MA_DTSI
MA_MMS
MA_NCR
MA_HRG
MA_RSTI
MA_HMSY
MA_DHX
MA_WU
MA_CASS
MA_RECN
MA_VVI
MA_DBD
MA_RRD
MA_CATM
MA_WBMD
MA_TSS
MA_FICO
MA_AKAM
MA_CSGP
MA_MELI
MA_SFLY
MA_ACN
MA_REIS
MA_EBAY
MA_CMPR
MA_CBZ
MA_CRAI
MA_BID
MA_GPN
MA_BR
MA_ATHN
MA_SCOR
MA_LABL
DTSI_MMS
DTSI_NCR
DTSI_HRG
DTSI_RSTI
DTSI_HMSY
DTSI_DHX
DTSI_WU
DTSI_CASS
DTSI_RECN
DTSI_VVI
DTSI_DBD
DTSI_RRD
DTSI_CATM
DTSI_WBMD
DTSI_TSS
DTSI_FICO
DTSI_AKAM
DTSI_CSGP
DTSI_MELI
DTSI_SFLY
DTSI_ACN
DTSI_REIS
DTSI_EBAY
DTSI_CMPR
DTSI_CBZ
DTSI_CRAI
DTSI_BID
DTSI_GPN
DTSI_BR
DTSI_ATHN
DTSI_SCOR
DTSI_LABL
MMS_NCR
MMS_HRG
MMS_RSTI
MMS_HMSY
MMS_DHX
MMS_WU
MMS_CASS
MMS_RECN
MMS_VVI
MMS_DBD
MMS_RRD
MMS_CATM
MMS_WBMD
MMS_TSS
MMS_FICO
MMS_AKAM
MMS_CSGP
MMS_MELI
MMS_SFLY
MMS_ACN
MMS_REIS
MMS_EBAY
MMS_CMPR
MMS_CBZ
MMS_CRAI
MMS_BID
MMS_GPN
MMS_BR
MMS_ATHN
MMS_SCOR
MMS_LABL
NCR_HRG
NCR_RSTI
NCR_HMSY
NCR_DHX
NCR_WU
NCR_CASS
NCR_RECN
NCR_VVI
NCR_DBD
NCR_RRD
NCR_CATM
NCR_WBMD
NCR_TSS
NCR_FICO
NCR_AKAM
NCR_CSGP
NCR_MELI
NCR_SFLY
NCR_ACN
NCR_REIS
NCR_EBAY
NCR_CMPR
NCR_CBZ
NCR_CRAI
NCR_BID
NCR_GPN
NCR_BR
NCR_ATHN
NCR_SCOR
NCR_LABL
HRG_RSTI
HRG_HMSY
HRG_DHX
HRG_WU
HRG_CASS
HRG_RECN
HRG_VVI
HRG_DBD
HRG_RRD
HRG_CATM
HRG_WBMD
HRG_TSS
HRG_FICO
HRG_AKAM
HRG_CSGP
HRG_MELI
HRG_SFLY
HRG_ACN
HRG_REIS
HRG_EBAY
HRG_CMPR
HRG_CBZ
HRG_CRAI
HRG_BID
HRG_GPN
HRG_BR
HRG_ATHN
HRG_SCOR
HRG_LABL
RSTI_HMSY
RSTI_DHX
RSTI_WU
RSTI_CASS
RSTI_RECN
RSTI_VVI
RSTI_DBD
RSTI_RRD
RSTI_CATM
RSTI_WBMD
RSTI_TSS
RSTI_FICO
RSTI_AKAM
RSTI_CSGP
RSTI_MELI
RSTI_SFLY
RSTI_ACN
RSTI_REIS
RSTI_EBAY
RSTI_CMPR
RSTI_CBZ
RSTI_CRAI
RSTI_BID
RSTI_GPN
RSTI_BR
RSTI_ATHN
RSTI_SCOR
RSTI_LABL
HMSY_DHX
HMSY_WU
HMSY_CASS
HMSY_RECN
HMSY_VVI
HMSY_DBD
HMSY_RRD
HMSY_CATM
HMSY_WBMD
HMSY_TSS
HMSY_FICO
HMSY_AKAM
HMSY_CSGP
HMSY_MELI
HMSY_SFLY
HMSY_ACN
HMSY_REIS
HMSY_EBAY
HMSY_CMPR
HMSY_CBZ
HMSY_CRAI
HMSY_BID
HMSY_GPN
HMSY_BR
HMSY_ATHN
HMSY_SCOR
HMSY_LABL
DHX_WU
DHX_CASS
DHX_RECN
DHX_VVI
DHX_DBD
DHX_RRD
DHX_CATM
DHX_WBMD
DHX_TSS
DHX_FICO
DHX_AKAM
DHX_CSGP
DHX_MELI
DHX_SFLY
DHX_ACN
DHX_REIS
DHX_EBAY
DHX_CMPR
DHX_CBZ
DHX_CRAI
DHX_BID
DHX_GPN
DHX_BR
DHX_ATHN
DHX_SCOR
DHX_LABL
WU_CASS
WU_RECN
WU_VVI
WU_DBD
WU_RRD
WU_CATM
WU_WBMD
WU_TSS
WU_FICO
WU_AKAM
WU_CSGP
WU_MELI
WU_SFLY
WU_ACN
WU_REIS
WU_EBAY
WU_CMPR
WU_CBZ
WU_CRAI
WU_BID
WU_GPN
WU_BR
WU_ATHN
WU_SCOR
WU_LABL
CASS_RECN
CASS_VVI
CASS_DBD
CASS_RRD
CASS_CATM
CASS_WBMD
CASS_TSS
CASS_FICO
CASS_AKAM
CASS_CSGP
CASS_MELI
CASS_SFLY
CASS_ACN
CASS_REIS
CASS_EBAY
CASS_CMPR
CASS_CBZ
CASS_CRAI
CASS_BID
CASS_GPN
CASS_BR
CASS_ATHN
CASS_SCOR
CASS_LABL
RECN_VVI
RECN_DBD
RECN_RRD
RECN_CATM
RECN_WBMD
RECN_TSS
RECN_FICO
RECN_AKAM
RECN_CSGP
RECN_MELI
RECN_SFLY
RECN_ACN
RECN_REIS
RECN_EBAY
RECN_CMPR
RECN_CBZ
RECN_CRAI
RECN_BID
RECN_GPN
RECN_BR
RECN_ATHN
RECN_SCOR
RECN_LABL
VVI_DBD
VVI_RRD
VVI_CATM
VVI_WBMD
VVI_TSS
VVI_FICO
VVI_AKAM
VVI_CSGP
VVI_MELI
VVI_SFLY
VVI_ACN
VVI_REIS
VVI_EBAY
VVI_CMPR
VVI_CBZ
VVI_CRAI
VVI_BID
VVI_GPN
VVI_BR
VVI_ATHN
VVI_SCOR
VVI_LABL
DBD_RRD
DBD_CATM
DBD_WBMD
DBD_TSS
DBD_FICO
DBD_AKAM
DBD_CSGP
DBD_MELI
DBD_SFLY
DBD_ACN
DBD_REIS
DBD_EBAY
DBD_CMPR
DBD_CBZ
DBD_CRAI
DBD_BID
DBD_GPN
DBD_BR
DBD_ATHN
DBD_SCOR
DBD_LABL
RRD_CATM
RRD_WBMD
RRD_TSS
RRD_FICO
RRD_AKAM
RRD_CSGP
RRD_MELI
RRD_SFLY
RRD_ACN
RRD_REIS
RRD_EBAY
RRD_CMPR
RRD_CBZ
RRD_CRAI
RRD_BID
RRD_GPN
RRD_BR
RRD_ATHN
RRD_SCOR
RRD_LABL
CATM_WBMD
CATM_TSS
CATM_FICO
CATM_AKAM
CATM_CSGP
CATM_MELI
CATM_SFLY
CATM_ACN
CATM_REIS
CATM_EBAY
CATM_CMPR
CATM_CBZ
CATM_CRAI
CATM_BID
CATM_GPN
CATM_BR
CATM_ATHN
CATM_SCOR
CATM_LABL
WBMD_TSS
WBMD_FICO
WBMD_AKAM
WBMD_CSGP
WBMD_MELI
WBMD_SFLY
WBMD_ACN
WBMD_REIS
WBMD_EBAY
WBMD_CMPR
WBMD_CBZ
WBMD_CRAI
WBMD_BID
WBMD_GPN
WBMD_BR
WBMD_ATHN
WBMD_SCOR
WBMD_LABL
TSS_FICO
TSS_AKAM
TSS_CSGP
TSS_MELI
TSS_SFLY
TSS_ACN
TSS_REIS
TSS_EBAY
TSS_CMPR
TSS_CBZ
TSS_CRAI
TSS_BID
TSS_GPN
TSS_BR
TSS_ATHN
TSS_SCOR
TSS_LABL
FICO_AKAM
FICO_CSGP
FICO_MELI
FICO_SFLY
FICO_ACN
FICO_REIS
FICO_EBAY
FICO_CMPR
FICO_CBZ
FICO_CRAI
FICO_BID
FICO_GPN
FICO_BR
FICO_ATHN
FICO_SCOR
FICO_LABL
AKAM_CSGP
AKAM_MELI
AKAM_SFLY
AKAM_ACN
AKAM_REIS
AKAM_EBAY
AKAM_CMPR
AKAM_CBZ
AKAM_CRAI
AKAM_BID
AKAM_GPN
AKAM_BR
AKAM_ATHN
AKAM_SCOR
AKAM_LABL
CSGP_MELI
CSGP_SFLY
CSGP_ACN
CSGP_REIS
CSGP_EBAY
CSGP_CMPR
CSGP_CBZ
CSGP_CRAI
CSGP_BID
CSGP_GPN
CSGP_BR
CSGP_ATHN
CSGP_SCOR
CSGP_LABL
MELI_SFLY
MELI_ACN
MELI_REIS
MELI_EBAY
MELI_CMPR
MELI_CBZ
MELI_CRAI
MELI_BID
MELI_GPN
MELI_BR
MELI_ATHN
MELI_SCOR
MELI_LABL
SFLY_ACN
SFLY_REIS
SFLY_EBAY
SFLY_CMPR
SFLY_CBZ
SFLY_CRAI
SFLY_BID
SFLY_GPN
SFLY_BR
SFLY_ATHN
SFLY_SCOR
SFLY_LABL
ACN_REIS
ACN_EBAY
ACN_CMPR
ACN_CBZ
ACN_CRAI
ACN_BID
ACN_GPN
ACN_BR
ACN_ATHN
ACN_SCOR
ACN_LABL
REIS_EBAY
REIS_CMPR
REIS_CBZ
REIS_CRAI
REIS_BID
REIS_GPN
REIS_BR
REIS_ATHN
REIS_SCOR
REIS_LABL
EBAY_CMPR
EBAY_CBZ
EBAY_CRAI
EBAY_BID
EBAY_GPN
EBAY_BR
EBAY_ATHN
EBAY_SCOR
EBAY_LABL
CMPR_CBZ
CMPR_CRAI
CMPR_BID
CMPR_GPN
CMPR_BR
CMPR_ATHN
CMPR_SCOR
CMPR_LABL
CBZ_CRAI
CBZ_BID
CBZ_GPN
CBZ_BR
CBZ_ATHN
CBZ_SCOR
CBZ_LABL
CRAI_BID
CRAI_GPN
CRAI_BR
CRAI_ATHN
CRAI_SCOR
CRAI_LABL
BID_GPN
BID_BR
BID_ATHN
BID_SCOR
BID_LABL
GPN_BR
GPN_ATHN
GPN_SCOR
GPN_LABL
BR_ATHN
BR_SCOR
BR_LABL
ATHN_SCOR
ATHN_LABL
SCOR_LABL
