TMP_GRC
TMP_STAR
TMP_TIS
TMP_FSP
TMP_AFOP
TMP_CCF
TMP_CVC
TMP_CTO
TMP_NHC
TMP_LBY
TMP_GAS
TMP_PRK
TMP_SEB
TMP_LNG
TMP_TE
TMP_DLA
TMP_UNTD
TMP_GMT
TMP_TXMD
TMP_CRED
TMP_GB
GRC_STAR
GRC_TIS
GRC_FSP
GRC_AFOP
GRC_CCF
GRC_CVC
GRC_CTO
GRC_NHC
GRC_LBY
GRC_GAS
GRC_PRK
GRC_SEB
GRC_LNG
GRC_TE
GRC_DLA
GRC_UNTD
GRC_GMT
GRC_TXMD
GRC_CRED
GRC_GB
STAR_TIS
STAR_FSP
STAR_AFOP
STAR_CCF
STAR_CVC
STAR_CTO
STAR_NHC
STAR_LBY
STAR_GAS
STAR_PRK
STAR_SEB
STAR_LNG
STAR_TE
STAR_DLA
STAR_UNTD
STAR_GMT
STAR_TXMD
STAR_CRED
STAR_GB
TIS_FSP
TIS_AFOP
TIS_CCF
TIS_CVC
TIS_CTO
TIS_NHC
TIS_LBY
TIS_GAS
TIS_PRK
TIS_SEB
TIS_LNG
TIS_TE
TIS_DLA
TIS_UNTD
TIS_GMT
TIS_TXMD
TIS_CRED
TIS_GB
FSP_AFOP
FSP_CCF
FSP_CVC
FSP_CTO
FSP_NHC
FSP_LBY
FSP_GAS
FSP_PRK
FSP_SEB
FSP_LNG
FSP_TE
FSP_DLA
FSP_UNTD
FSP_GMT
FSP_TXMD
FSP_CRED
FSP_GB
AFOP_CCF
AFOP_CVC
AFOP_CTO
AFOP_NHC
AFOP_LBY
AFOP_GAS
AFOP_PRK
AFOP_SEB
AFOP_LNG
AFOP_TE
AFOP_DLA
AFOP_UNTD
AFOP_GMT
AFOP_TXMD
AFOP_CRED
AFOP_GB
CCF_CVC
CCF_CTO
CCF_NHC
CCF_LBY
CCF_GAS
CCF_PRK
CCF_SEB
CCF_LNG
CCF_TE
CCF_DLA
CCF_UNTD
CCF_GMT
CCF_TXMD
CCF_CRED
CCF_GB
CVC_CTO
CVC_NHC
CVC_LBY
CVC_GAS
CVC_PRK
CVC_SEB
CVC_LNG
CVC_TE
CVC_DLA
CVC_UNTD
CVC_GMT
CVC_TXMD
CVC_CRED
CVC_GB
CTO_NHC
CTO_LBY
CTO_GAS
CTO_PRK
CTO_SEB
CTO_LNG
CTO_TE
CTO_DLA
CTO_UNTD
CTO_GMT
CTO_TXMD
CTO_CRED
CTO_GB
NHC_LBY
NHC_GAS
NHC_PRK
NHC_SEB
NHC_LNG
NHC_TE
NHC_DLA
NHC_UNTD
NHC_GMT
NHC_TXMD
NHC_CRED
NHC_GB
LBY_GAS
LBY_PRK
LBY_SEB
LBY_LNG
LBY_TE
LBY_DLA
LBY_UNTD
LBY_GMT
LBY_TXMD
LBY_CRED
LBY_GB
GAS_PRK
GAS_SEB
GAS_LNG
GAS_TE
GAS_DLA
GAS_UNTD
GAS_GMT
GAS_TXMD
GAS_CRED
GAS_GB
PRK_SEB
PRK_LNG
PRK_TE
PRK_DLA
PRK_UNTD
PRK_GMT
PRK_TXMD
PRK_CRED
PRK_GB
SEB_LNG
SEB_TE
SEB_DLA
SEB_UNTD
SEB_GMT
SEB_TXMD
SEB_CRED
SEB_GB
LNG_TE
LNG_DLA
LNG_UNTD
LNG_GMT
LNG_TXMD
LNG_CRED
LNG_GB
TE_DLA
TE_UNTD
TE_GMT
TE_TXMD
TE_CRED
TE_GB
DLA_UNTD
DLA_GMT
DLA_TXMD
DLA_CRED
DLA_GB
UNTD_GMT
UNTD_TXMD
UNTD_CRED
UNTD_GB
GMT_TXMD
GMT_CRED
GMT_GB
TXMD_CRED
TXMD_GB
CRED_GB
