SPN_GE
SPN_VLO
SPN_NOV
SPN_CWEI
SPN_JOY
SPN_MRO
SPN_APC
SPN_APA
SPN_PTEN
SPN_SWN
SPN_OII
SPN_OIS
SPN_GPOR
SPN_DK
SPN_CVX
SPN_CVI
SPN_DRQ
SPN_CXO
SPN_HP
SPN_SLB
SPN_NBL
SPN_XEC
SPN_EOG
SPN_CMI
SPN_INT
SPN_EQT
SPN_OXY
SPN_CLB
SPN_CLR
SPN_DO
SPN_WNR
SPN_RIG
SPN_EMR
SPN_WWD
SPN_COP
SPN_COG
SPN_CRZO
SPN_ESV
SPN_RRC
SPN_NE
SPN_RDC
SPN_PXD
SPN_TSO
SPN_NFX
SPN_RES
SPN_SM
SPN_NGS
SPN_TESO
SPN_HES
SPN_HFC
SPN_PDCE
SPN_FTI
SPN_ALJ
SPN_XOM
SPN_BHI
SPN_EGN
SPN_MUR
SPN_MGEE
SPN_BGG
SPN_DVN
SPN_BC
SPN_HAL
GE_VLO
GE_NOV
GE_CWEI
GE_JOY
GE_MRO
GE_APC
GE_APA
GE_PTEN
GE_SWN
GE_OII
GE_OIS
GE_GPOR
GE_DK
GE_CVX
GE_CVI
GE_DRQ
GE_CXO
GE_HP
GE_SLB
GE_NBL
GE_XEC
GE_EOG
GE_CMI
GE_INT
GE_EQT
GE_OXY
GE_CLB
GE_CLR
GE_DO
GE_WNR
GE_RIG
GE_EMR
GE_WWD
GE_COP
GE_COG
GE_CRZO
GE_ESV
GE_RRC
GE_NE
GE_RDC
GE_PXD
GE_TSO
GE_NFX
GE_RES
GE_SM
GE_NGS
GE_TESO
GE_HES
GE_HFC
GE_PDCE
GE_FTI
GE_ALJ
GE_XOM
GE_BHI
GE_EGN
GE_MUR
GE_MGEE
GE_BGG
GE_DVN
GE_BC
GE_HAL
VLO_NOV
VLO_CWEI
VLO_JOY
VLO_MRO
VLO_APC
VLO_APA
VLO_PTEN
VLO_SWN
VLO_OII
VLO_OIS
VLO_GPOR
VLO_DK
VLO_CVX
VLO_CVI
VLO_DRQ
VLO_CXO
VLO_HP
VLO_SLB
VLO_NBL
VLO_XEC
VLO_EOG
VLO_CMI
VLO_INT
VLO_EQT
VLO_OXY
VLO_CLB
VLO_CLR
VLO_DO
VLO_WNR
VLO_RIG
VLO_EMR
VLO_WWD
VLO_COP
VLO_COG
VLO_CRZO
VLO_ESV
VLO_RRC
VLO_NE
VLO_RDC
VLO_PXD
VLO_TSO
VLO_NFX
VLO_RES
VLO_SM
VLO_NGS
VLO_TESO
VLO_HES
VLO_HFC
VLO_PDCE
VLO_FTI
VLO_ALJ
VLO_XOM
VLO_BHI
VLO_EGN
VLO_MUR
VLO_MGEE
VLO_BGG
VLO_DVN
VLO_BC
VLO_HAL
NOV_CWEI
NOV_JOY
NOV_MRO
NOV_APC
NOV_APA
NOV_PTEN
NOV_SWN
NOV_OII
NOV_OIS
NOV_GPOR
NOV_DK
NOV_CVX
NOV_CVI
NOV_DRQ
NOV_CXO
NOV_HP
NOV_SLB
NOV_NBL
NOV_XEC
NOV_EOG
NOV_CMI
NOV_INT
NOV_EQT
NOV_OXY
NOV_CLB
NOV_CLR
NOV_DO
NOV_WNR
NOV_RIG
NOV_EMR
NOV_WWD
NOV_COP
NOV_COG
NOV_CRZO
NOV_ESV
NOV_RRC
NOV_NE
NOV_RDC
NOV_PXD
NOV_TSO
NOV_NFX
NOV_RES
NOV_SM
NOV_NGS
NOV_TESO
NOV_HES
NOV_HFC
NOV_PDCE
NOV_FTI
NOV_ALJ
NOV_XOM
NOV_BHI
NOV_EGN
NOV_MUR
NOV_MGEE
NOV_BGG
NOV_DVN
NOV_BC
NOV_HAL
CWEI_JOY
CWEI_MRO
CWEI_APC
CWEI_APA
CWEI_PTEN
CWEI_SWN
CWEI_OII
CWEI_OIS
CWEI_GPOR
CWEI_DK
CWEI_CVX
CWEI_CVI
CWEI_DRQ
CWEI_CXO
CWEI_HP
CWEI_SLB
CWEI_NBL
CWEI_XEC
CWEI_EOG
CWEI_CMI
CWEI_INT
CWEI_EQT
CWEI_OXY
CWEI_CLB
CWEI_CLR
CWEI_DO
CWEI_WNR
CWEI_RIG
CWEI_EMR
CWEI_WWD
CWEI_COP
CWEI_COG
CWEI_CRZO
CWEI_ESV
CWEI_RRC
CWEI_NE
CWEI_RDC
CWEI_PXD
CWEI_TSO
CWEI_NFX
CWEI_RES
CWEI_SM
CWEI_NGS
CWEI_TESO
CWEI_HES
CWEI_HFC
CWEI_PDCE
CWEI_FTI
CWEI_ALJ
CWEI_XOM
CWEI_BHI
CWEI_EGN
CWEI_MUR
CWEI_MGEE
CWEI_BGG
CWEI_DVN
CWEI_BC
CWEI_HAL
JOY_MRO
JOY_APC
JOY_APA
JOY_PTEN
JOY_SWN
JOY_OII
JOY_OIS
JOY_GPOR
JOY_DK
JOY_CVX
JOY_CVI
JOY_DRQ
JOY_CXO
JOY_HP
JOY_SLB
JOY_NBL
JOY_XEC
JOY_EOG
JOY_CMI
JOY_INT
JOY_EQT
JOY_OXY
JOY_CLB
JOY_CLR
JOY_DO
JOY_WNR
JOY_RIG
JOY_EMR
JOY_WWD
JOY_COP
JOY_COG
JOY_CRZO
JOY_ESV
JOY_RRC
JOY_NE
JOY_RDC
JOY_PXD
JOY_TSO
JOY_NFX
JOY_RES
JOY_SM
JOY_NGS
JOY_TESO
JOY_HES
JOY_HFC
JOY_PDCE
JOY_FTI
JOY_ALJ
JOY_XOM
JOY_BHI
JOY_EGN
JOY_MUR
JOY_MGEE
JOY_BGG
JOY_DVN
JOY_BC
JOY_HAL
MRO_APC
MRO_APA
MRO_PTEN
MRO_SWN
MRO_OII
MRO_OIS
MRO_GPOR
MRO_DK
MRO_CVX
MRO_CVI
MRO_DRQ
MRO_CXO
MRO_HP
MRO_SLB
MRO_NBL
MRO_XEC
MRO_EOG
MRO_CMI
MRO_INT
MRO_EQT
MRO_OXY
MRO_CLB
MRO_CLR
MRO_DO
MRO_WNR
MRO_RIG
MRO_EMR
MRO_WWD
MRO_COP
MRO_COG
MRO_CRZO
MRO_ESV
MRO_RRC
MRO_NE
MRO_RDC
MRO_PXD
MRO_TSO
MRO_NFX
MRO_RES
MRO_SM
MRO_NGS
MRO_TESO
MRO_HES
MRO_HFC
MRO_PDCE
MRO_FTI
MRO_ALJ
MRO_XOM
MRO_BHI
MRO_EGN
MRO_MUR
MRO_MGEE
MRO_BGG
MRO_DVN
MRO_BC
MRO_HAL
APC_APA
APC_PTEN
APC_SWN
APC_OII
APC_OIS
APC_GPOR
APC_DK
APC_CVX
APC_CVI
APC_DRQ
APC_CXO
APC_HP
APC_SLB
APC_NBL
APC_XEC
APC_EOG
APC_CMI
APC_INT
APC_EQT
APC_OXY
APC_CLB
APC_CLR
APC_DO
APC_WNR
APC_RIG
APC_EMR
APC_WWD
APC_COP
APC_COG
APC_CRZO
APC_ESV
APC_RRC
APC_NE
APC_RDC
APC_PXD
APC_TSO
APC_NFX
APC_RES
APC_SM
APC_NGS
APC_TESO
APC_HES
APC_HFC
APC_PDCE
APC_FTI
APC_ALJ
APC_XOM
APC_BHI
APC_EGN
APC_MUR
APC_MGEE
APC_BGG
APC_DVN
APC_BC
APC_HAL
APA_PTEN
APA_SWN
APA_OII
APA_OIS
APA_GPOR
APA_DK
APA_CVX
APA_CVI
APA_DRQ
APA_CXO
APA_HP
APA_SLB
APA_NBL
APA_XEC
APA_EOG
APA_CMI
APA_INT
APA_EQT
APA_OXY
APA_CLB
APA_CLR
APA_DO
APA_WNR
APA_RIG
APA_EMR
APA_WWD
APA_COP
APA_COG
APA_CRZO
APA_ESV
APA_RRC
APA_NE
APA_RDC
APA_PXD
APA_TSO
APA_NFX
APA_RES
APA_SM
APA_NGS
APA_TESO
APA_HES
APA_HFC
APA_PDCE
APA_FTI
APA_ALJ
APA_XOM
APA_BHI
APA_EGN
APA_MUR
APA_MGEE
APA_BGG
APA_DVN
APA_BC
APA_HAL
PTEN_SWN
PTEN_OII
PTEN_OIS
PTEN_GPOR
PTEN_DK
PTEN_CVX
PTEN_CVI
PTEN_DRQ
PTEN_CXO
PTEN_HP
PTEN_SLB
PTEN_NBL
PTEN_XEC
PTEN_EOG
PTEN_CMI
PTEN_INT
PTEN_EQT
PTEN_OXY
PTEN_CLB
PTEN_CLR
PTEN_DO
PTEN_WNR
PTEN_RIG
PTEN_EMR
PTEN_WWD
PTEN_COP
PTEN_COG
PTEN_CRZO
PTEN_ESV
PTEN_RRC
PTEN_NE
PTEN_RDC
PTEN_PXD
PTEN_TSO
PTEN_NFX
PTEN_RES
PTEN_SM
PTEN_NGS
PTEN_TESO
PTEN_HES
PTEN_HFC
PTEN_PDCE
PTEN_FTI
PTEN_ALJ
PTEN_XOM
PTEN_BHI
PTEN_EGN
PTEN_MUR
PTEN_MGEE
PTEN_BGG
PTEN_DVN
PTEN_BC
PTEN_HAL
SWN_OII
SWN_OIS
SWN_GPOR
SWN_DK
SWN_CVX
SWN_CVI
SWN_DRQ
SWN_CXO
SWN_HP
SWN_SLB
SWN_NBL
SWN_XEC
SWN_EOG
SWN_CMI
SWN_INT
SWN_EQT
SWN_OXY
SWN_CLB
SWN_CLR
SWN_DO
SWN_WNR
SWN_RIG
SWN_EMR
SWN_WWD
SWN_COP
SWN_COG
SWN_CRZO
SWN_ESV
SWN_RRC
SWN_NE
SWN_RDC
SWN_PXD
SWN_TSO
SWN_NFX
SWN_RES
SWN_SM
SWN_NGS
SWN_TESO
SWN_HES
SWN_HFC
SWN_PDCE
SWN_FTI
SWN_ALJ
SWN_XOM
SWN_BHI
SWN_EGN
SWN_MUR
SWN_MGEE
SWN_BGG
SWN_DVN
SWN_BC
SWN_HAL
OII_OIS
OII_GPOR
OII_DK
OII_CVX
OII_CVI
OII_DRQ
OII_CXO
OII_HP
OII_SLB
OII_NBL
OII_XEC
OII_EOG
OII_CMI
OII_INT
OII_EQT
OII_OXY
OII_CLB
OII_CLR
OII_DO
OII_WNR
OII_RIG
OII_EMR
OII_WWD
OII_COP
OII_COG
OII_CRZO
OII_ESV
OII_RRC
OII_NE
OII_RDC
OII_PXD
OII_TSO
OII_NFX
OII_RES
OII_SM
OII_NGS
OII_TESO
OII_HES
OII_HFC
OII_PDCE
OII_FTI
OII_ALJ
OII_XOM
OII_BHI
OII_EGN
OII_MUR
OII_MGEE
OII_BGG
OII_DVN
OII_BC
OII_HAL
OIS_GPOR
OIS_DK
OIS_CVX
OIS_CVI
OIS_DRQ
OIS_CXO
OIS_HP
OIS_SLB
OIS_NBL
OIS_XEC
OIS_EOG
OIS_CMI
OIS_INT
OIS_EQT
OIS_OXY
OIS_CLB
OIS_CLR
OIS_DO
OIS_WNR
OIS_RIG
OIS_EMR
OIS_WWD
OIS_COP
OIS_COG
OIS_CRZO
OIS_ESV
OIS_RRC
OIS_NE
OIS_RDC
OIS_PXD
OIS_TSO
OIS_NFX
OIS_RES
OIS_SM
OIS_NGS
OIS_TESO
OIS_HES
OIS_HFC
OIS_PDCE
OIS_FTI
OIS_ALJ
OIS_XOM
OIS_BHI
OIS_EGN
OIS_MUR
OIS_MGEE
OIS_BGG
OIS_DVN
OIS_BC
OIS_HAL
GPOR_DK
GPOR_CVX
GPOR_CVI
GPOR_DRQ
GPOR_CXO
GPOR_HP
GPOR_SLB
GPOR_NBL
GPOR_XEC
GPOR_EOG
GPOR_CMI
GPOR_INT
GPOR_EQT
GPOR_OXY
GPOR_CLB
GPOR_CLR
GPOR_DO
GPOR_WNR
GPOR_RIG
GPOR_EMR
GPOR_WWD
GPOR_COP
GPOR_COG
GPOR_CRZO
GPOR_ESV
GPOR_RRC
GPOR_NE
GPOR_RDC
GPOR_PXD
GPOR_TSO
GPOR_NFX
GPOR_RES
GPOR_SM
GPOR_NGS
GPOR_TESO
GPOR_HES
GPOR_HFC
GPOR_PDCE
GPOR_FTI
GPOR_ALJ
GPOR_XOM
GPOR_BHI
GPOR_EGN
GPOR_MUR
GPOR_MGEE
GPOR_BGG
GPOR_DVN
GPOR_BC
GPOR_HAL
DK_CVX
DK_CVI
DK_DRQ
DK_CXO
DK_HP
DK_SLB
DK_NBL
DK_XEC
DK_EOG
DK_CMI
DK_INT
DK_EQT
DK_OXY
DK_CLB
DK_CLR
DK_DO
DK_WNR
DK_RIG
DK_EMR
DK_WWD
DK_COP
DK_COG
DK_CRZO
DK_ESV
DK_RRC
DK_NE
DK_RDC
DK_PXD
DK_TSO
DK_NFX
DK_RES
DK_SM
DK_NGS
DK_TESO
DK_HES
DK_HFC
DK_PDCE
DK_FTI
DK_ALJ
DK_XOM
DK_BHI
DK_EGN
DK_MUR
DK_MGEE
DK_BGG
DK_DVN
DK_BC
DK_HAL
CVX_CVI
CVX_DRQ
CVX_CXO
CVX_HP
CVX_SLB
CVX_NBL
CVX_XEC
CVX_EOG
CVX_CMI
CVX_INT
CVX_EQT
CVX_OXY
CVX_CLB
CVX_CLR
CVX_DO
CVX_WNR
CVX_RIG
CVX_EMR
CVX_WWD
CVX_COP
CVX_COG
CVX_CRZO
CVX_ESV
CVX_RRC
CVX_NE
CVX_RDC
CVX_PXD
CVX_TSO
CVX_NFX
CVX_RES
CVX_SM
CVX_NGS
CVX_TESO
CVX_HES
CVX_HFC
CVX_PDCE
CVX_FTI
CVX_ALJ
CVX_XOM
CVX_BHI
CVX_EGN
CVX_MUR
CVX_MGEE
CVX_BGG
CVX_DVN
CVX_BC
CVX_HAL
CVI_DRQ
CVI_CXO
CVI_HP
CVI_SLB
CVI_NBL
CVI_XEC
CVI_EOG
CVI_CMI
CVI_INT
CVI_EQT
CVI_OXY
CVI_CLB
CVI_CLR
CVI_DO
CVI_WNR
CVI_RIG
CVI_EMR
CVI_WWD
CVI_COP
CVI_COG
CVI_CRZO
CVI_ESV
CVI_RRC
CVI_NE
CVI_RDC
CVI_PXD
CVI_TSO
CVI_NFX
CVI_RES
CVI_SM
CVI_NGS
CVI_TESO
CVI_HES
CVI_HFC
CVI_PDCE
CVI_FTI
CVI_ALJ
CVI_XOM
CVI_BHI
CVI_EGN
CVI_MUR
CVI_MGEE
CVI_BGG
CVI_DVN
CVI_BC
CVI_HAL
DRQ_CXO
DRQ_HP
DRQ_SLB
DRQ_NBL
DRQ_XEC
DRQ_EOG
DRQ_CMI
DRQ_INT
DRQ_EQT
DRQ_OXY
DRQ_CLB
DRQ_CLR
DRQ_DO
DRQ_WNR
DRQ_RIG
DRQ_EMR
DRQ_WWD
DRQ_COP
DRQ_COG
DRQ_CRZO
DRQ_ESV
DRQ_RRC
DRQ_NE
DRQ_RDC
DRQ_PXD
DRQ_TSO
DRQ_NFX
DRQ_RES
DRQ_SM
DRQ_NGS
DRQ_TESO
DRQ_HES
DRQ_HFC
DRQ_PDCE
DRQ_FTI
DRQ_ALJ
DRQ_XOM
DRQ_BHI
DRQ_EGN
DRQ_MUR
DRQ_MGEE
DRQ_BGG
DRQ_DVN
DRQ_BC
DRQ_HAL
CXO_HP
CXO_SLB
CXO_NBL
CXO_XEC
CXO_EOG
CXO_CMI
CXO_INT
CXO_EQT
CXO_OXY
CXO_CLB
CXO_CLR
CXO_DO
CXO_WNR
CXO_RIG
CXO_EMR
CXO_WWD
CXO_COP
CXO_COG
CXO_CRZO
CXO_ESV
CXO_RRC
CXO_NE
CXO_RDC
CXO_PXD
CXO_TSO
CXO_NFX
CXO_RES
CXO_SM
CXO_NGS
CXO_TESO
CXO_HES
CXO_HFC
CXO_PDCE
CXO_FTI
CXO_ALJ
CXO_XOM
CXO_BHI
CXO_EGN
CXO_MUR
CXO_MGEE
CXO_BGG
CXO_DVN
CXO_BC
CXO_HAL
HP_SLB
HP_NBL
HP_XEC
HP_EOG
HP_CMI
HP_INT
HP_EQT
HP_OXY
HP_CLB
HP_CLR
HP_DO
HP_WNR
HP_RIG
HP_EMR
HP_WWD
HP_COP
HP_COG
HP_CRZO
HP_ESV
HP_RRC
HP_NE
HP_RDC
HP_PXD
HP_TSO
HP_NFX
HP_RES
HP_SM
HP_NGS
HP_TESO
HP_HES
HP_HFC
HP_PDCE
HP_FTI
HP_ALJ
HP_XOM
HP_BHI
HP_EGN
HP_MUR
HP_MGEE
HP_BGG
HP_DVN
HP_BC
HP_HAL
SLB_NBL
SLB_XEC
SLB_EOG
SLB_CMI
SLB_INT
SLB_EQT
SLB_OXY
SLB_CLB
SLB_CLR
SLB_DO
SLB_WNR
SLB_RIG
SLB_EMR
SLB_WWD
SLB_COP
SLB_COG
SLB_CRZO
SLB_ESV
SLB_RRC
SLB_NE
SLB_RDC
SLB_PXD
SLB_TSO
SLB_NFX
SLB_RES
SLB_SM
SLB_NGS
SLB_TESO
SLB_HES
SLB_HFC
SLB_PDCE
SLB_FTI
SLB_ALJ
SLB_XOM
SLB_BHI
SLB_EGN
SLB_MUR
SLB_MGEE
SLB_BGG
SLB_DVN
SLB_BC
SLB_HAL
NBL_XEC
NBL_EOG
NBL_CMI
NBL_INT
NBL_EQT
NBL_OXY
NBL_CLB
NBL_CLR
NBL_DO
NBL_WNR
NBL_RIG
NBL_EMR
NBL_WWD
NBL_COP
NBL_COG
NBL_CRZO
NBL_ESV
NBL_RRC
NBL_NE
NBL_RDC
NBL_PXD
NBL_TSO
NBL_NFX
NBL_RES
NBL_SM
NBL_NGS
NBL_TESO
NBL_HES
NBL_HFC
NBL_PDCE
NBL_FTI
NBL_ALJ
NBL_XOM
NBL_BHI
NBL_EGN
NBL_MUR
NBL_MGEE
NBL_BGG
NBL_DVN
NBL_BC
NBL_HAL
XEC_EOG
XEC_CMI
XEC_INT
XEC_EQT
XEC_OXY
XEC_CLB
XEC_CLR
XEC_DO
XEC_WNR
XEC_RIG
XEC_EMR
XEC_WWD
XEC_COP
XEC_COG
XEC_CRZO
XEC_ESV
XEC_RRC
XEC_NE
XEC_RDC
XEC_PXD
XEC_TSO
XEC_NFX
XEC_RES
XEC_SM
XEC_NGS
XEC_TESO
XEC_HES
XEC_HFC
XEC_PDCE
XEC_FTI
XEC_ALJ
XEC_XOM
XEC_BHI
XEC_EGN
XEC_MUR
XEC_MGEE
XEC_BGG
XEC_DVN
XEC_BC
XEC_HAL
EOG_CMI
EOG_INT
EOG_EQT
EOG_OXY
EOG_CLB
EOG_CLR
EOG_DO
EOG_WNR
EOG_RIG
EOG_EMR
EOG_WWD
EOG_COP
EOG_COG
EOG_CRZO
EOG_ESV
EOG_RRC
EOG_NE
EOG_RDC
EOG_PXD
EOG_TSO
EOG_NFX
EOG_RES
EOG_SM
EOG_NGS
EOG_TESO
EOG_HES
EOG_HFC
EOG_PDCE
EOG_FTI
EOG_ALJ
EOG_XOM
EOG_BHI
EOG_EGN
EOG_MUR
EOG_MGEE
EOG_BGG
EOG_DVN
EOG_BC
EOG_HAL
CMI_INT
CMI_EQT
CMI_OXY
CMI_CLB
CMI_CLR
CMI_DO
CMI_WNR
CMI_RIG
CMI_EMR
CMI_WWD
CMI_COP
CMI_COG
CMI_CRZO
CMI_ESV
CMI_RRC
CMI_NE
CMI_RDC
CMI_PXD
CMI_TSO
CMI_NFX
CMI_RES
CMI_SM
CMI_NGS
CMI_TESO
CMI_HES
CMI_HFC
CMI_PDCE
CMI_FTI
CMI_ALJ
CMI_XOM
CMI_BHI
CMI_EGN
CMI_MUR
CMI_MGEE
CMI_BGG
CMI_DVN
CMI_BC
CMI_HAL
INT_EQT
INT_OXY
INT_CLB
INT_CLR
INT_DO
INT_WNR
INT_RIG
INT_EMR
INT_WWD
INT_COP
INT_COG
INT_CRZO
INT_ESV
INT_RRC
INT_NE
INT_RDC
INT_PXD
INT_TSO
INT_NFX
INT_RES
INT_SM
INT_NGS
INT_TESO
INT_HES
INT_HFC
INT_PDCE
INT_FTI
INT_ALJ
INT_XOM
INT_BHI
INT_EGN
INT_MUR
INT_MGEE
INT_BGG
INT_DVN
INT_BC
INT_HAL
EQT_OXY
EQT_CLB
EQT_CLR
EQT_DO
EQT_WNR
EQT_RIG
EQT_EMR
EQT_WWD
EQT_COP
EQT_COG
EQT_CRZO
EQT_ESV
EQT_RRC
EQT_NE
EQT_RDC
EQT_PXD
EQT_TSO
EQT_NFX
EQT_RES
EQT_SM
EQT_NGS
EQT_TESO
EQT_HES
EQT_HFC
EQT_PDCE
EQT_FTI
EQT_ALJ
EQT_XOM
EQT_BHI
EQT_EGN
EQT_MUR
EQT_MGEE
EQT_BGG
EQT_DVN
EQT_BC
EQT_HAL
OXY_CLB
OXY_CLR
OXY_DO
OXY_WNR
OXY_RIG
OXY_EMR
OXY_WWD
OXY_COP
OXY_COG
OXY_CRZO
OXY_ESV
OXY_RRC
OXY_NE
OXY_RDC
OXY_PXD
OXY_TSO
OXY_NFX
OXY_RES
OXY_SM
OXY_NGS
OXY_TESO
OXY_HES
OXY_HFC
OXY_PDCE
OXY_FTI
OXY_ALJ
OXY_XOM
OXY_BHI
OXY_EGN
OXY_MUR
OXY_MGEE
OXY_BGG
OXY_DVN
OXY_BC
OXY_HAL
CLB_CLR
CLB_DO
CLB_WNR
CLB_RIG
CLB_EMR
CLB_WWD
CLB_COP
CLB_COG
CLB_CRZO
CLB_ESV
CLB_RRC
CLB_NE
CLB_RDC
CLB_PXD
CLB_TSO
CLB_NFX
CLB_RES
CLB_SM
CLB_NGS
CLB_TESO
CLB_HES
CLB_HFC
CLB_PDCE
CLB_FTI
CLB_ALJ
CLB_XOM
CLB_BHI
CLB_EGN
CLB_MUR
CLB_MGEE
CLB_BGG
CLB_DVN
CLB_BC
CLB_HAL
CLR_DO
CLR_WNR
CLR_RIG
CLR_EMR
CLR_WWD
CLR_COP
CLR_COG
CLR_CRZO
CLR_ESV
CLR_RRC
CLR_NE
CLR_RDC
CLR_PXD
CLR_TSO
CLR_NFX
CLR_RES
CLR_SM
CLR_NGS
CLR_TESO
CLR_HES
CLR_HFC
CLR_PDCE
CLR_FTI
CLR_ALJ
CLR_XOM
CLR_BHI
CLR_EGN
CLR_MUR
CLR_MGEE
CLR_BGG
CLR_DVN
CLR_BC
CLR_HAL
DO_WNR
DO_RIG
DO_EMR
DO_WWD
DO_COP
DO_COG
DO_CRZO
DO_ESV
DO_RRC
DO_NE
DO_RDC
DO_PXD
DO_TSO
DO_NFX
DO_RES
DO_SM
DO_NGS
DO_TESO
DO_HES
DO_HFC
DO_PDCE
DO_FTI
DO_ALJ
DO_XOM
DO_BHI
DO_EGN
DO_MUR
DO_MGEE
DO_BGG
DO_DVN
DO_BC
DO_HAL
WNR_RIG
WNR_EMR
WNR_WWD
WNR_COP
WNR_COG
WNR_CRZO
WNR_ESV
WNR_RRC
WNR_NE
WNR_RDC
WNR_PXD
WNR_TSO
WNR_NFX
WNR_RES
WNR_SM
WNR_NGS
WNR_TESO
WNR_HES
WNR_HFC
WNR_PDCE
WNR_FTI
WNR_ALJ
WNR_XOM
WNR_BHI
WNR_EGN
WNR_MUR
WNR_MGEE
WNR_BGG
WNR_DVN
WNR_BC
WNR_HAL
RIG_EMR
RIG_WWD
RIG_COP
RIG_COG
RIG_CRZO
RIG_ESV
RIG_RRC
RIG_NE
RIG_RDC
RIG_PXD
RIG_TSO
RIG_NFX
RIG_RES
RIG_SM
RIG_NGS
RIG_TESO
RIG_HES
RIG_HFC
RIG_PDCE
RIG_FTI
RIG_ALJ
RIG_XOM
RIG_BHI
RIG_EGN
RIG_MUR
RIG_MGEE
RIG_BGG
RIG_DVN
RIG_BC
RIG_HAL
EMR_WWD
EMR_COP
EMR_COG
EMR_CRZO
EMR_ESV
EMR_RRC
EMR_NE
EMR_RDC
EMR_PXD
EMR_TSO
EMR_NFX
EMR_RES
EMR_SM
EMR_NGS
EMR_TESO
EMR_HES
EMR_HFC
EMR_PDCE
EMR_FTI
EMR_ALJ
EMR_XOM
EMR_BHI
EMR_EGN
EMR_MUR
EMR_MGEE
EMR_BGG
EMR_DVN
EMR_BC
EMR_HAL
WWD_COP
WWD_COG
WWD_CRZO
WWD_ESV
WWD_RRC
WWD_NE
WWD_RDC
WWD_PXD
WWD_TSO
WWD_NFX
WWD_RES
WWD_SM
WWD_NGS
WWD_TESO
WWD_HES
WWD_HFC
WWD_PDCE
WWD_FTI
WWD_ALJ
WWD_XOM
WWD_BHI
WWD_EGN
WWD_MUR
WWD_MGEE
WWD_BGG
WWD_DVN
WWD_BC
WWD_HAL
COP_COG
COP_CRZO
COP_ESV
COP_RRC
COP_NE
COP_RDC
COP_PXD
COP_TSO
COP_NFX
COP_RES
COP_SM
COP_NGS
COP_TESO
COP_HES
COP_HFC
COP_PDCE
COP_FTI
COP_ALJ
COP_XOM
COP_BHI
COP_EGN
COP_MUR
COP_MGEE
COP_BGG
COP_DVN
COP_BC
COP_HAL
COG_CRZO
COG_ESV
COG_RRC
COG_NE
COG_RDC
COG_PXD
COG_TSO
COG_NFX
COG_RES
COG_SM
COG_NGS
COG_TESO
COG_HES
COG_HFC
COG_PDCE
COG_FTI
COG_ALJ
COG_XOM
COG_BHI
COG_EGN
COG_MUR
COG_MGEE
COG_BGG
COG_DVN
COG_BC
COG_HAL
CRZO_ESV
CRZO_RRC
CRZO_NE
CRZO_RDC
CRZO_PXD
CRZO_TSO
CRZO_NFX
CRZO_RES
CRZO_SM
CRZO_NGS
CRZO_TESO
CRZO_HES
CRZO_HFC
CRZO_PDCE
CRZO_FTI
CRZO_ALJ
CRZO_XOM
CRZO_BHI
CRZO_EGN
CRZO_MUR
CRZO_MGEE
CRZO_BGG
CRZO_DVN
CRZO_BC
CRZO_HAL
ESV_RRC
ESV_NE
ESV_RDC
ESV_PXD
ESV_TSO
ESV_NFX
ESV_RES
ESV_SM
ESV_NGS
ESV_TESO
ESV_HES
ESV_HFC
ESV_PDCE
ESV_FTI
ESV_ALJ
ESV_XOM
ESV_BHI
ESV_EGN
ESV_MUR
ESV_MGEE
ESV_BGG
ESV_DVN
ESV_BC
ESV_HAL
RRC_NE
RRC_RDC
RRC_PXD
RRC_TSO
RRC_NFX
RRC_RES
RRC_SM
RRC_NGS
RRC_TESO
RRC_HES
RRC_HFC
RRC_PDCE
RRC_FTI
RRC_ALJ
RRC_XOM
RRC_BHI
RRC_EGN
RRC_MUR
RRC_MGEE
RRC_BGG
RRC_DVN
RRC_BC
RRC_HAL
NE_RDC
NE_PXD
NE_TSO
NE_NFX
NE_RES
NE_SM
NE_NGS
NE_TESO
NE_HES
NE_HFC
NE_PDCE
NE_FTI
NE_ALJ
NE_XOM
NE_BHI
NE_EGN
NE_MUR
NE_MGEE
NE_BGG
NE_DVN
NE_BC
NE_HAL
RDC_PXD
RDC_TSO
RDC_NFX
RDC_RES
RDC_SM
RDC_NGS
RDC_TESO
RDC_HES
RDC_HFC
RDC_PDCE
RDC_FTI
RDC_ALJ
RDC_XOM
RDC_BHI
RDC_EGN
RDC_MUR
RDC_MGEE
RDC_BGG
RDC_DVN
RDC_BC
RDC_HAL
PXD_TSO
PXD_NFX
PXD_RES
PXD_SM
PXD_NGS
PXD_TESO
PXD_HES
PXD_HFC
PXD_PDCE
PXD_FTI
PXD_ALJ
PXD_XOM
PXD_BHI
PXD_EGN
PXD_MUR
PXD_MGEE
PXD_BGG
PXD_DVN
PXD_BC
PXD_HAL
TSO_NFX
TSO_RES
TSO_SM
TSO_NGS
TSO_TESO
TSO_HES
TSO_HFC
TSO_PDCE
TSO_FTI
TSO_ALJ
TSO_XOM
TSO_BHI
TSO_EGN
TSO_MUR
TSO_MGEE
TSO_BGG
TSO_DVN
TSO_BC
TSO_HAL
NFX_RES
NFX_SM
NFX_NGS
NFX_TESO
NFX_HES
NFX_HFC
NFX_PDCE
NFX_FTI
NFX_ALJ
NFX_XOM
NFX_BHI
NFX_EGN
NFX_MUR
NFX_MGEE
NFX_BGG
NFX_DVN
NFX_BC
NFX_HAL
RES_SM
RES_NGS
RES_TESO
RES_HES
RES_HFC
RES_PDCE
RES_FTI
RES_ALJ
RES_XOM
RES_BHI
RES_EGN
RES_MUR
RES_MGEE
RES_BGG
RES_DVN
RES_BC
RES_HAL
SM_NGS
SM_TESO
SM_HES
SM_HFC
SM_PDCE
SM_FTI
SM_ALJ
SM_XOM
SM_BHI
SM_EGN
SM_MUR
SM_MGEE
SM_BGG
SM_DVN
SM_BC
SM_HAL
NGS_TESO
NGS_HES
NGS_HFC
NGS_PDCE
NGS_FTI
NGS_ALJ
NGS_XOM
NGS_BHI
NGS_EGN
NGS_MUR
NGS_MGEE
NGS_BGG
NGS_DVN
NGS_BC
NGS_HAL
TESO_HES
TESO_HFC
TESO_PDCE
TESO_FTI
TESO_ALJ
TESO_XOM
TESO_BHI
TESO_EGN
TESO_MUR
TESO_MGEE
TESO_BGG
TESO_DVN
TESO_BC
TESO_HAL
HES_HFC
HES_PDCE
HES_FTI
HES_ALJ
HES_XOM
HES_BHI
HES_EGN
HES_MUR
HES_MGEE
HES_BGG
HES_DVN
HES_BC
HES_HAL
HFC_PDCE
HFC_FTI
HFC_ALJ
HFC_XOM
HFC_BHI
HFC_EGN
HFC_MUR
HFC_MGEE
HFC_BGG
HFC_DVN
HFC_BC
HFC_HAL
PDCE_FTI
PDCE_ALJ
PDCE_XOM
PDCE_BHI
PDCE_EGN
PDCE_MUR
PDCE_MGEE
PDCE_BGG
PDCE_DVN
PDCE_BC
PDCE_HAL
FTI_ALJ
FTI_XOM
FTI_BHI
FTI_EGN
FTI_MUR
FTI_MGEE
FTI_BGG
FTI_DVN
FTI_BC
FTI_HAL
ALJ_XOM
ALJ_BHI
ALJ_EGN
ALJ_MUR
ALJ_MGEE
ALJ_BGG
ALJ_DVN
ALJ_BC
ALJ_HAL
XOM_BHI
XOM_EGN
XOM_MUR
XOM_MGEE
XOM_BGG
XOM_DVN
XOM_BC
XOM_HAL
BHI_EGN
BHI_MUR
BHI_MGEE
BHI_BGG
BHI_DVN
BHI_BC
BHI_HAL
EGN_MUR
EGN_MGEE
EGN_BGG
EGN_DVN
EGN_BC
EGN_HAL
MUR_MGEE
MUR_BGG
MUR_DVN
MUR_BC
MUR_HAL
MGEE_BGG
MGEE_DVN
MGEE_BC
MGEE_HAL
BGG_DVN
BGG_BC
BGG_HAL
DVN_BC
DVN_HAL
BC_HAL
