CTL_EDE
CTL_ORA
CTL_PNY
CTL_CIEN
CTL_PNW
CTL_PNM
CTL_LNT
CTL_CTWS
CTL_POR
CTL_CWT
CTL_AWR
CTL_WEC
CTL_PLCM
CTL_AEP
CTL_AEE
CTL_ETR
CTL_TDS
CTL_VZ
CTL_NTGR
CTL_D
CTL_HE
CTL_AVA
CTL_XEL
CTL_SHOR
CTL_SCG
CTL_ARTNA
CTL_ADTN
CTL_CMS
CTL_PCG
CTL_GNCMA
CTL_STR
CTL_ECOL
CTL_WTR
CTL_UGI
CTL_ATO
CTL_INFN
CTL_SWX
CTL_NRG
CTL_WM
CTL_WR
CTL_LVLT
CTL_CNSL
CTL_TMUS
CTL_DGAS
CTL_PEG
CTL_UTL
CTL_VVC
CTL_GXP
CTL_NI
CTL_USM
CTL_CNP
CTL_NFG
CTL_SR
CTL_SO
CTL_SE
CTL_WCN
CTL_RSG
CTL_OGE
CTL_EGHT
CTL_EE
CTL_ED
CTL_ES
CTL_IQNT
CTL_CWCO
CTL_WGL
CTL_NJR
CTL_YORW
CTL_EIX
CTL_OKE
CTL_WMB
CTL_NWE
CTL_NWN
CTL_BKH
CTL_SJW
CTL_SJI
CTL_MSEX
CTL_CPK
CTL_DTE
CTL_FE
CTL_ALE
CTL_ATNI
CTL_OTTR
CTL_DUK
CTL_ITC
CTL_EXC
CTL_PLT
CTL_PPL
CTL_SHEN
CTL_T
CTL_VOD
CTL_IDT
CTL_IDA
CTL_SRE
EDE_ORA
EDE_PNY
EDE_CIEN
EDE_PNW
EDE_PNM
EDE_LNT
EDE_CTWS
EDE_POR
EDE_CWT
EDE_AWR
EDE_WEC
EDE_PLCM
EDE_AEP
EDE_AEE
EDE_ETR
EDE_TDS
EDE_VZ
EDE_NTGR
EDE_D
EDE_HE
EDE_AVA
EDE_XEL
EDE_SHOR
EDE_SCG
EDE_ARTNA
EDE_ADTN
EDE_CMS
EDE_PCG
EDE_GNCMA
EDE_STR
EDE_ECOL
EDE_WTR
EDE_UGI
EDE_ATO
EDE_INFN
EDE_SWX
EDE_NRG
EDE_WM
EDE_WR
EDE_LVLT
EDE_CNSL
EDE_TMUS
EDE_DGAS
EDE_PEG
EDE_UTL
EDE_VVC
EDE_GXP
EDE_NI
EDE_USM
EDE_CNP
EDE_NFG
EDE_SR
EDE_SO
EDE_SE
EDE_WCN
EDE_RSG
EDE_OGE
EDE_EGHT
EDE_EE
EDE_ED
EDE_ES
EDE_IQNT
EDE_CWCO
EDE_WGL
EDE_NJR
EDE_YORW
EDE_EIX
EDE_OKE
EDE_WMB
EDE_NWE
EDE_NWN
EDE_BKH
EDE_SJW
EDE_SJI
EDE_MSEX
EDE_CPK
EDE_DTE
EDE_FE
EDE_ALE
EDE_ATNI
EDE_OTTR
EDE_DUK
EDE_ITC
EDE_EXC
EDE_PLT
EDE_PPL
EDE_SHEN
EDE_T
EDE_VOD
EDE_IDT
EDE_IDA
EDE_SRE
ORA_PNY
ORA_CIEN
ORA_PNW
ORA_PNM
ORA_LNT
ORA_CTWS
ORA_POR
ORA_CWT
ORA_AWR
ORA_WEC
ORA_PLCM
ORA_AEP
ORA_AEE
ORA_ETR
ORA_TDS
ORA_VZ
ORA_NTGR
ORA_D
ORA_HE
ORA_AVA
ORA_XEL
ORA_SHOR
ORA_SCG
ORA_ARTNA
ORA_ADTN
ORA_CMS
ORA_PCG
ORA_GNCMA
ORA_STR
ORA_ECOL
ORA_WTR
ORA_UGI
ORA_ATO
ORA_INFN
ORA_SWX
ORA_NRG
ORA_WM
ORA_WR
ORA_LVLT
ORA_CNSL
ORA_TMUS
ORA_DGAS
ORA_PEG
ORA_UTL
ORA_VVC
ORA_GXP
ORA_NI
ORA_USM
ORA_CNP
ORA_NFG
ORA_SR
ORA_SO
ORA_SE
ORA_WCN
ORA_RSG
ORA_OGE
ORA_EGHT
ORA_EE
ORA_ED
ORA_ES
ORA_IQNT
ORA_CWCO
ORA_WGL
ORA_NJR
ORA_YORW
ORA_EIX
ORA_OKE
ORA_WMB
ORA_NWE
ORA_NWN
ORA_BKH
ORA_SJW
ORA_SJI
ORA_MSEX
ORA_CPK
ORA_DTE
ORA_FE
ORA_ALE
ORA_ATNI
ORA_OTTR
ORA_DUK
ORA_ITC
ORA_EXC
ORA_PLT
ORA_PPL
ORA_SHEN
ORA_T
ORA_VOD
ORA_IDT
ORA_IDA
ORA_SRE
PNY_CIEN
PNY_PNW
PNY_PNM
PNY_LNT
PNY_CTWS
PNY_POR
PNY_CWT
PNY_AWR
PNY_WEC
PNY_PLCM
PNY_AEP
PNY_AEE
PNY_ETR
PNY_TDS
PNY_VZ
PNY_NTGR
PNY_D
PNY_HE
PNY_AVA
PNY_XEL
PNY_SHOR
PNY_SCG
PNY_ARTNA
PNY_ADTN
PNY_CMS
PNY_PCG
PNY_GNCMA
PNY_STR
PNY_ECOL
PNY_WTR
PNY_UGI
PNY_ATO
PNY_INFN
PNY_SWX
PNY_NRG
PNY_WM
PNY_WR
PNY_LVLT
PNY_CNSL
PNY_TMUS
PNY_DGAS
PNY_PEG
PNY_UTL
PNY_VVC
PNY_GXP
PNY_NI
PNY_USM
PNY_CNP
PNY_NFG
PNY_SR
PNY_SO
PNY_SE
PNY_WCN
PNY_RSG
PNY_OGE
PNY_EGHT
PNY_EE
PNY_ED
PNY_ES
PNY_IQNT
PNY_CWCO
PNY_WGL
PNY_NJR
PNY_YORW
PNY_EIX
PNY_OKE
PNY_WMB
PNY_NWE
PNY_NWN
PNY_BKH
PNY_SJW
PNY_SJI
PNY_MSEX
PNY_CPK
PNY_DTE
PNY_FE
PNY_ALE
PNY_ATNI
PNY_OTTR
PNY_DUK
PNY_ITC
PNY_EXC
PNY_PLT
PNY_PPL
PNY_SHEN
PNY_T
PNY_VOD
PNY_IDT
PNY_IDA
PNY_SRE
CIEN_PNW
CIEN_PNM
CIEN_LNT
CIEN_CTWS
CIEN_POR
CIEN_CWT
CIEN_AWR
CIEN_WEC
CIEN_PLCM
CIEN_AEP
CIEN_AEE
CIEN_ETR
CIEN_TDS
CIEN_VZ
CIEN_NTGR
CIEN_D
CIEN_HE
CIEN_AVA
CIEN_XEL
CIEN_SHOR
CIEN_SCG
CIEN_ARTNA
CIEN_ADTN
CIEN_CMS
CIEN_PCG
CIEN_GNCMA
CIEN_STR
CIEN_ECOL
CIEN_WTR
CIEN_UGI
CIEN_ATO
CIEN_INFN
CIEN_SWX
CIEN_NRG
CIEN_WM
CIEN_WR
CIEN_LVLT
CIEN_CNSL
CIEN_TMUS
CIEN_DGAS
CIEN_PEG
CIEN_UTL
CIEN_VVC
CIEN_GXP
CIEN_NI
CIEN_USM
CIEN_CNP
CIEN_NFG
CIEN_SR
CIEN_SO
CIEN_SE
CIEN_WCN
CIEN_RSG
CIEN_OGE
CIEN_EGHT
CIEN_EE
CIEN_ED
CIEN_ES
CIEN_IQNT
CIEN_CWCO
CIEN_WGL
CIEN_NJR
CIEN_YORW
CIEN_EIX
CIEN_OKE
CIEN_WMB
CIEN_NWE
CIEN_NWN
CIEN_BKH
CIEN_SJW
CIEN_SJI
CIEN_MSEX
CIEN_CPK
CIEN_DTE
CIEN_FE
CIEN_ALE
CIEN_ATNI
CIEN_OTTR
CIEN_DUK
CIEN_ITC
CIEN_EXC
CIEN_PLT
CIEN_PPL
CIEN_SHEN
CIEN_T
CIEN_VOD
CIEN_IDT
CIEN_IDA
CIEN_SRE
PNW_PNM
PNW_LNT
PNW_CTWS
PNW_POR
PNW_CWT
PNW_AWR
PNW_WEC
PNW_PLCM
PNW_AEP
PNW_AEE
PNW_ETR
PNW_TDS
PNW_VZ
PNW_NTGR
PNW_D
PNW_HE
PNW_AVA
PNW_XEL
PNW_SHOR
PNW_SCG
PNW_ARTNA
PNW_ADTN
PNW_CMS
PNW_PCG
PNW_GNCMA
PNW_STR
PNW_ECOL
PNW_WTR
PNW_UGI
PNW_ATO
PNW_INFN
PNW_SWX
PNW_NRG
PNW_WM
PNW_WR
PNW_LVLT
PNW_CNSL
PNW_TMUS
PNW_DGAS
PNW_PEG
PNW_UTL
PNW_VVC
PNW_GXP
PNW_NI
PNW_USM
PNW_CNP
PNW_NFG
PNW_SR
PNW_SO
PNW_SE
PNW_WCN
PNW_RSG
PNW_OGE
PNW_EGHT
PNW_EE
PNW_ED
PNW_ES
PNW_IQNT
PNW_CWCO
PNW_WGL
PNW_NJR
PNW_YORW
PNW_EIX
PNW_OKE
PNW_WMB
PNW_NWE
PNW_NWN
PNW_BKH
PNW_SJW
PNW_SJI
PNW_MSEX
PNW_CPK
PNW_DTE
PNW_FE
PNW_ALE
PNW_ATNI
PNW_OTTR
PNW_DUK
PNW_ITC
PNW_EXC
PNW_PLT
PNW_PPL
PNW_SHEN
PNW_T
PNW_VOD
PNW_IDT
PNW_IDA
PNW_SRE
PNM_LNT
PNM_CTWS
PNM_POR
PNM_CWT
PNM_AWR
PNM_WEC
PNM_PLCM
PNM_AEP
PNM_AEE
PNM_ETR
PNM_TDS
PNM_VZ
PNM_NTGR
PNM_D
PNM_HE
PNM_AVA
PNM_XEL
PNM_SHOR
PNM_SCG
PNM_ARTNA
PNM_ADTN
PNM_CMS
PNM_PCG
PNM_GNCMA
PNM_STR
PNM_ECOL
PNM_WTR
PNM_UGI
PNM_ATO
PNM_INFN
PNM_SWX
PNM_NRG
PNM_WM
PNM_WR
PNM_LVLT
PNM_CNSL
PNM_TMUS
PNM_DGAS
PNM_PEG
PNM_UTL
PNM_VVC
PNM_GXP
PNM_NI
PNM_USM
PNM_CNP
PNM_NFG
PNM_SR
PNM_SO
PNM_SE
PNM_WCN
PNM_RSG
PNM_OGE
PNM_EGHT
PNM_EE
PNM_ED
PNM_ES
PNM_IQNT
PNM_CWCO
PNM_WGL
PNM_NJR
PNM_YORW
PNM_EIX
PNM_OKE
PNM_WMB
PNM_NWE
PNM_NWN
PNM_BKH
PNM_SJW
PNM_SJI
PNM_MSEX
PNM_CPK
PNM_DTE
PNM_FE
PNM_ALE
PNM_ATNI
PNM_OTTR
PNM_DUK
PNM_ITC
PNM_EXC
PNM_PLT
PNM_PPL
PNM_SHEN
PNM_T
PNM_VOD
PNM_IDT
PNM_IDA
PNM_SRE
LNT_CTWS
LNT_POR
LNT_CWT
LNT_AWR
LNT_WEC
LNT_PLCM
LNT_AEP
LNT_AEE
LNT_ETR
LNT_TDS
LNT_VZ
LNT_NTGR
LNT_D
LNT_HE
LNT_AVA
LNT_XEL
LNT_SHOR
LNT_SCG
LNT_ARTNA
LNT_ADTN
LNT_CMS
LNT_PCG
LNT_GNCMA
LNT_STR
LNT_ECOL
LNT_WTR
LNT_UGI
LNT_ATO
LNT_INFN
LNT_SWX
LNT_NRG
LNT_WM
LNT_WR
LNT_LVLT
LNT_CNSL
LNT_TMUS
LNT_DGAS
LNT_PEG
LNT_UTL
LNT_VVC
LNT_GXP
LNT_NI
LNT_USM
LNT_CNP
LNT_NFG
LNT_SR
LNT_SO
LNT_SE
LNT_WCN
LNT_RSG
LNT_OGE
LNT_EGHT
LNT_EE
LNT_ED
LNT_ES
LNT_IQNT
LNT_CWCO
LNT_WGL
LNT_NJR
LNT_YORW
LNT_EIX
LNT_OKE
LNT_WMB
LNT_NWE
LNT_NWN
LNT_BKH
LNT_SJW
LNT_SJI
LNT_MSEX
LNT_CPK
LNT_DTE
LNT_FE
LNT_ALE
LNT_ATNI
LNT_OTTR
LNT_DUK
LNT_ITC
LNT_EXC
LNT_PLT
LNT_PPL
LNT_SHEN
LNT_T
LNT_VOD
LNT_IDT
LNT_IDA
LNT_SRE
CTWS_POR
CTWS_CWT
CTWS_AWR
CTWS_WEC
CTWS_PLCM
CTWS_AEP
CTWS_AEE
CTWS_ETR
CTWS_TDS
CTWS_VZ
CTWS_NTGR
CTWS_D
CTWS_HE
CTWS_AVA
CTWS_XEL
CTWS_SHOR
CTWS_SCG
CTWS_ARTNA
CTWS_ADTN
CTWS_CMS
CTWS_PCG
CTWS_GNCMA
CTWS_STR
CTWS_ECOL
CTWS_WTR
CTWS_UGI
CTWS_ATO
CTWS_INFN
CTWS_SWX
CTWS_NRG
CTWS_WM
CTWS_WR
CTWS_LVLT
CTWS_CNSL
CTWS_TMUS
CTWS_DGAS
CTWS_PEG
CTWS_UTL
CTWS_VVC
CTWS_GXP
CTWS_NI
CTWS_USM
CTWS_CNP
CTWS_NFG
CTWS_SR
CTWS_SO
CTWS_SE
CTWS_WCN
CTWS_RSG
CTWS_OGE
CTWS_EGHT
CTWS_EE
CTWS_ED
CTWS_ES
CTWS_IQNT
CTWS_CWCO
CTWS_WGL
CTWS_NJR
CTWS_YORW
CTWS_EIX
CTWS_OKE
CTWS_WMB
CTWS_NWE
CTWS_NWN
CTWS_BKH
CTWS_SJW
CTWS_SJI
CTWS_MSEX
CTWS_CPK
CTWS_DTE
CTWS_FE
CTWS_ALE
CTWS_ATNI
CTWS_OTTR
CTWS_DUK
CTWS_ITC
CTWS_EXC
CTWS_PLT
CTWS_PPL
CTWS_SHEN
CTWS_T
CTWS_VOD
CTWS_IDT
CTWS_IDA
CTWS_SRE
POR_CWT
POR_AWR
POR_WEC
POR_PLCM
POR_AEP
POR_AEE
POR_ETR
POR_TDS
POR_VZ
POR_NTGR
POR_D
POR_HE
POR_AVA
POR_XEL
POR_SHOR
POR_SCG
POR_ARTNA
POR_ADTN
POR_CMS
POR_PCG
POR_GNCMA
POR_STR
POR_ECOL
POR_WTR
POR_UGI
POR_ATO
POR_INFN
POR_SWX
POR_NRG
POR_WM
POR_WR
POR_LVLT
POR_CNSL
POR_TMUS
POR_DGAS
POR_PEG
POR_UTL
POR_VVC
POR_GXP
POR_NI
POR_USM
POR_CNP
POR_NFG
POR_SR
POR_SO
POR_SE
POR_WCN
POR_RSG
POR_OGE
POR_EGHT
POR_EE
POR_ED
POR_ES
POR_IQNT
POR_CWCO
POR_WGL
POR_NJR
POR_YORW
POR_EIX
POR_OKE
POR_WMB
POR_NWE
POR_NWN
POR_BKH
POR_SJW
POR_SJI
POR_MSEX
POR_CPK
POR_DTE
POR_FE
POR_ALE
POR_ATNI
POR_OTTR
POR_DUK
POR_ITC
POR_EXC
POR_PLT
POR_PPL
POR_SHEN
POR_T
POR_VOD
POR_IDT
POR_IDA
POR_SRE
CWT_AWR
CWT_WEC
CWT_PLCM
CWT_AEP
CWT_AEE
CWT_ETR
CWT_TDS
CWT_VZ
CWT_NTGR
CWT_D
CWT_HE
CWT_AVA
CWT_XEL
CWT_SHOR
CWT_SCG
CWT_ARTNA
CWT_ADTN
CWT_CMS
CWT_PCG
CWT_GNCMA
CWT_STR
CWT_ECOL
CWT_WTR
CWT_UGI
CWT_ATO
CWT_INFN
CWT_SWX
CWT_NRG
CWT_WM
CWT_WR
CWT_LVLT
CWT_CNSL
CWT_TMUS
CWT_DGAS
CWT_PEG
CWT_UTL
CWT_VVC
CWT_GXP
CWT_NI
CWT_USM
CWT_CNP
CWT_NFG
CWT_SR
CWT_SO
CWT_SE
CWT_WCN
CWT_RSG
CWT_OGE
CWT_EGHT
CWT_EE
CWT_ED
CWT_ES
CWT_IQNT
CWT_CWCO
CWT_WGL
CWT_NJR
CWT_YORW
CWT_EIX
CWT_OKE
CWT_WMB
CWT_NWE
CWT_NWN
CWT_BKH
CWT_SJW
CWT_SJI
CWT_MSEX
CWT_CPK
CWT_DTE
CWT_FE
CWT_ALE
CWT_ATNI
CWT_OTTR
CWT_DUK
CWT_ITC
CWT_EXC
CWT_PLT
CWT_PPL
CWT_SHEN
CWT_T
CWT_VOD
CWT_IDT
CWT_IDA
CWT_SRE
AWR_WEC
AWR_PLCM
AWR_AEP
AWR_AEE
AWR_ETR
AWR_TDS
AWR_VZ
AWR_NTGR
AWR_D
AWR_HE
AWR_AVA
AWR_XEL
AWR_SHOR
AWR_SCG
AWR_ARTNA
AWR_ADTN
AWR_CMS
AWR_PCG
AWR_GNCMA
AWR_STR
AWR_ECOL
AWR_WTR
AWR_UGI
AWR_ATO
AWR_INFN
AWR_SWX
AWR_NRG
AWR_WM
AWR_WR
AWR_LVLT
AWR_CNSL
AWR_TMUS
AWR_DGAS
AWR_PEG
AWR_UTL
AWR_VVC
AWR_GXP
AWR_NI
AWR_USM
AWR_CNP
AWR_NFG
AWR_SR
AWR_SO
AWR_SE
AWR_WCN
AWR_RSG
AWR_OGE
AWR_EGHT
AWR_EE
AWR_ED
AWR_ES
AWR_IQNT
AWR_CWCO
AWR_WGL
AWR_NJR
AWR_YORW
AWR_EIX
AWR_OKE
AWR_WMB
AWR_NWE
AWR_NWN
AWR_BKH
AWR_SJW
AWR_SJI
AWR_MSEX
AWR_CPK
AWR_DTE
AWR_FE
AWR_ALE
AWR_ATNI
AWR_OTTR
AWR_DUK
AWR_ITC
AWR_EXC
AWR_PLT
AWR_PPL
AWR_SHEN
AWR_T
AWR_VOD
AWR_IDT
AWR_IDA
AWR_SRE
WEC_PLCM
WEC_AEP
WEC_AEE
WEC_ETR
WEC_TDS
WEC_VZ
WEC_NTGR
WEC_D
WEC_HE
WEC_AVA
WEC_XEL
WEC_SHOR
WEC_SCG
WEC_ARTNA
WEC_ADTN
WEC_CMS
WEC_PCG
WEC_GNCMA
WEC_STR
WEC_ECOL
WEC_WTR
WEC_UGI
WEC_ATO
WEC_INFN
WEC_SWX
WEC_NRG
WEC_WM
WEC_WR
WEC_LVLT
WEC_CNSL
WEC_TMUS
WEC_DGAS
WEC_PEG
WEC_UTL
WEC_VVC
WEC_GXP
WEC_NI
WEC_USM
WEC_CNP
WEC_NFG
WEC_SR
WEC_SO
WEC_SE
WEC_WCN
WEC_RSG
WEC_OGE
WEC_EGHT
WEC_EE
WEC_ED
WEC_ES
WEC_IQNT
WEC_CWCO
WEC_WGL
WEC_NJR
WEC_YORW
WEC_EIX
WEC_OKE
WEC_WMB
WEC_NWE
WEC_NWN
WEC_BKH
WEC_SJW
WEC_SJI
WEC_MSEX
WEC_CPK
WEC_DTE
WEC_FE
WEC_ALE
WEC_ATNI
WEC_OTTR
WEC_DUK
WEC_ITC
WEC_EXC
WEC_PLT
WEC_PPL
WEC_SHEN
WEC_T
WEC_VOD
WEC_IDT
WEC_IDA
WEC_SRE
PLCM_AEP
PLCM_AEE
PLCM_ETR
PLCM_TDS
PLCM_VZ
PLCM_NTGR
PLCM_D
PLCM_HE
PLCM_AVA
PLCM_XEL
PLCM_SHOR
PLCM_SCG
PLCM_ARTNA
PLCM_ADTN
PLCM_CMS
PLCM_PCG
PLCM_GNCMA
PLCM_STR
PLCM_ECOL
PLCM_WTR
PLCM_UGI
PLCM_ATO
PLCM_INFN
PLCM_SWX
PLCM_NRG
PLCM_WM
PLCM_WR
PLCM_LVLT
PLCM_CNSL
PLCM_TMUS
PLCM_DGAS
PLCM_PEG
PLCM_UTL
PLCM_VVC
PLCM_GXP
PLCM_NI
PLCM_USM
PLCM_CNP
PLCM_NFG
PLCM_SR
PLCM_SO
PLCM_SE
PLCM_WCN
PLCM_RSG
PLCM_OGE
PLCM_EGHT
PLCM_EE
PLCM_ED
PLCM_ES
PLCM_IQNT
PLCM_CWCO
PLCM_WGL
PLCM_NJR
PLCM_YORW
PLCM_EIX
PLCM_OKE
PLCM_WMB
PLCM_NWE
PLCM_NWN
PLCM_BKH
PLCM_SJW
PLCM_SJI
PLCM_MSEX
PLCM_CPK
PLCM_DTE
PLCM_FE
PLCM_ALE
PLCM_ATNI
PLCM_OTTR
PLCM_DUK
PLCM_ITC
PLCM_EXC
PLCM_PLT
PLCM_PPL
PLCM_SHEN
PLCM_T
PLCM_VOD
PLCM_IDT
PLCM_IDA
PLCM_SRE
AEP_AEE
AEP_ETR
AEP_TDS
AEP_VZ
AEP_NTGR
AEP_D
AEP_HE
AEP_AVA
AEP_XEL
AEP_SHOR
AEP_SCG
AEP_ARTNA
AEP_ADTN
AEP_CMS
AEP_PCG
AEP_GNCMA
AEP_STR
AEP_ECOL
AEP_WTR
AEP_UGI
AEP_ATO
AEP_INFN
AEP_SWX
AEP_NRG
AEP_WM
AEP_WR
AEP_LVLT
AEP_CNSL
AEP_TMUS
AEP_DGAS
AEP_PEG
AEP_UTL
AEP_VVC
AEP_GXP
AEP_NI
AEP_USM
AEP_CNP
AEP_NFG
AEP_SR
AEP_SO
AEP_SE
AEP_WCN
AEP_RSG
AEP_OGE
AEP_EGHT
AEP_EE
AEP_ED
AEP_ES
AEP_IQNT
AEP_CWCO
AEP_WGL
AEP_NJR
AEP_YORW
AEP_EIX
AEP_OKE
AEP_WMB
AEP_NWE
AEP_NWN
AEP_BKH
AEP_SJW
AEP_SJI
AEP_MSEX
AEP_CPK
AEP_DTE
AEP_FE
AEP_ALE
AEP_ATNI
AEP_OTTR
AEP_DUK
AEP_ITC
AEP_EXC
AEP_PLT
AEP_PPL
AEP_SHEN
AEP_T
AEP_VOD
AEP_IDT
AEP_IDA
AEP_SRE
AEE_ETR
AEE_TDS
AEE_VZ
AEE_NTGR
AEE_D
AEE_HE
AEE_AVA
AEE_XEL
AEE_SHOR
AEE_SCG
AEE_ARTNA
AEE_ADTN
AEE_CMS
AEE_PCG
AEE_GNCMA
AEE_STR
AEE_ECOL
AEE_WTR
AEE_UGI
AEE_ATO
AEE_INFN
AEE_SWX
AEE_NRG
AEE_WM
AEE_WR
AEE_LVLT
AEE_CNSL
AEE_TMUS
AEE_DGAS
AEE_PEG
AEE_UTL
AEE_VVC
AEE_GXP
AEE_NI
AEE_USM
AEE_CNP
AEE_NFG
AEE_SR
AEE_SO
AEE_SE
AEE_WCN
AEE_RSG
AEE_OGE
AEE_EGHT
AEE_EE
AEE_ED
AEE_ES
AEE_IQNT
AEE_CWCO
AEE_WGL
AEE_NJR
AEE_YORW
AEE_EIX
AEE_OKE
AEE_WMB
AEE_NWE
AEE_NWN
AEE_BKH
AEE_SJW
AEE_SJI
AEE_MSEX
AEE_CPK
AEE_DTE
AEE_FE
AEE_ALE
AEE_ATNI
AEE_OTTR
AEE_DUK
AEE_ITC
AEE_EXC
AEE_PLT
AEE_PPL
AEE_SHEN
AEE_T
AEE_VOD
AEE_IDT
AEE_IDA
AEE_SRE
ETR_TDS
ETR_VZ
ETR_NTGR
ETR_D
ETR_HE
ETR_AVA
ETR_XEL
ETR_SHOR
ETR_SCG
ETR_ARTNA
ETR_ADTN
ETR_CMS
ETR_PCG
ETR_GNCMA
ETR_STR
ETR_ECOL
ETR_WTR
ETR_UGI
ETR_ATO
ETR_INFN
ETR_SWX
ETR_NRG
ETR_WM
ETR_WR
ETR_LVLT
ETR_CNSL
ETR_TMUS
ETR_DGAS
ETR_PEG
ETR_UTL
ETR_VVC
ETR_GXP
ETR_NI
ETR_USM
ETR_CNP
ETR_NFG
ETR_SR
ETR_SO
ETR_SE
ETR_WCN
ETR_RSG
ETR_OGE
ETR_EGHT
ETR_EE
ETR_ED
ETR_ES
ETR_IQNT
ETR_CWCO
ETR_WGL
ETR_NJR
ETR_YORW
ETR_EIX
ETR_OKE
ETR_WMB
ETR_NWE
ETR_NWN
ETR_BKH
ETR_SJW
ETR_SJI
ETR_MSEX
ETR_CPK
ETR_DTE
ETR_FE
ETR_ALE
ETR_ATNI
ETR_OTTR
ETR_DUK
ETR_ITC
ETR_EXC
ETR_PLT
ETR_PPL
ETR_SHEN
ETR_T
ETR_VOD
ETR_IDT
ETR_IDA
ETR_SRE
TDS_VZ
TDS_NTGR
TDS_D
TDS_HE
TDS_AVA
TDS_XEL
TDS_SHOR
TDS_SCG
TDS_ARTNA
TDS_ADTN
TDS_CMS
TDS_PCG
TDS_GNCMA
TDS_STR
TDS_ECOL
TDS_WTR
TDS_UGI
TDS_ATO
TDS_INFN
TDS_SWX
TDS_NRG
TDS_WM
TDS_WR
TDS_LVLT
TDS_CNSL
TDS_TMUS
TDS_DGAS
TDS_PEG
TDS_UTL
TDS_VVC
TDS_GXP
TDS_NI
TDS_USM
TDS_CNP
TDS_NFG
TDS_SR
TDS_SO
TDS_SE
TDS_WCN
TDS_RSG
TDS_OGE
TDS_EGHT
TDS_EE
TDS_ED
TDS_ES
TDS_IQNT
TDS_CWCO
TDS_WGL
TDS_NJR
TDS_YORW
TDS_EIX
TDS_OKE
TDS_WMB
TDS_NWE
TDS_NWN
TDS_BKH
TDS_SJW
TDS_SJI
TDS_MSEX
TDS_CPK
TDS_DTE
TDS_FE
TDS_ALE
TDS_ATNI
TDS_OTTR
TDS_DUK
TDS_ITC
TDS_EXC
TDS_PLT
TDS_PPL
TDS_SHEN
TDS_T
TDS_VOD
TDS_IDT
TDS_IDA
TDS_SRE
VZ_NTGR
VZ_D
VZ_HE
VZ_AVA
VZ_XEL
VZ_SHOR
VZ_SCG
VZ_ARTNA
VZ_ADTN
VZ_CMS
VZ_PCG
VZ_GNCMA
VZ_STR
VZ_ECOL
VZ_WTR
VZ_UGI
VZ_ATO
VZ_INFN
VZ_SWX
VZ_NRG
VZ_WM
VZ_WR
VZ_LVLT
VZ_CNSL
VZ_TMUS
VZ_DGAS
VZ_PEG
VZ_UTL
VZ_VVC
VZ_GXP
VZ_NI
VZ_USM
VZ_CNP
VZ_NFG
VZ_SR
VZ_SO
VZ_SE
VZ_WCN
VZ_RSG
VZ_OGE
VZ_EGHT
VZ_EE
VZ_ED
VZ_ES
VZ_IQNT
VZ_CWCO
VZ_WGL
VZ_NJR
VZ_YORW
VZ_EIX
VZ_OKE
VZ_WMB
VZ_NWE
VZ_NWN
VZ_BKH
VZ_SJW
VZ_SJI
VZ_MSEX
VZ_CPK
VZ_DTE
VZ_FE
VZ_ALE
VZ_ATNI
VZ_OTTR
VZ_DUK
VZ_ITC
VZ_EXC
VZ_PLT
VZ_PPL
VZ_SHEN
VZ_T
VZ_VOD
VZ_IDT
VZ_IDA
VZ_SRE
NTGR_D
NTGR_HE
NTGR_AVA
NTGR_XEL
NTGR_SHOR
NTGR_SCG
NTGR_ARTNA
NTGR_ADTN
NTGR_CMS
NTGR_PCG
NTGR_GNCMA
NTGR_STR
NTGR_ECOL
NTGR_WTR
NTGR_UGI
NTGR_ATO
NTGR_INFN
NTGR_SWX
NTGR_NRG
NTGR_WM
NTGR_WR
NTGR_LVLT
NTGR_CNSL
NTGR_TMUS
NTGR_DGAS
NTGR_PEG
NTGR_UTL
NTGR_VVC
NTGR_GXP
NTGR_NI
NTGR_USM
NTGR_CNP
NTGR_NFG
NTGR_SR
NTGR_SO
NTGR_SE
NTGR_WCN
NTGR_RSG
NTGR_OGE
NTGR_EGHT
NTGR_EE
NTGR_ED
NTGR_ES
NTGR_IQNT
NTGR_CWCO
NTGR_WGL
NTGR_NJR
NTGR_YORW
NTGR_EIX
NTGR_OKE
NTGR_WMB
NTGR_NWE
NTGR_NWN
NTGR_BKH
NTGR_SJW
NTGR_SJI
NTGR_MSEX
NTGR_CPK
NTGR_DTE
NTGR_FE
NTGR_ALE
NTGR_ATNI
NTGR_OTTR
NTGR_DUK
NTGR_ITC
NTGR_EXC
NTGR_PLT
NTGR_PPL
NTGR_SHEN
NTGR_T
NTGR_VOD
NTGR_IDT
NTGR_IDA
NTGR_SRE
D_HE
D_AVA
D_XEL
D_SHOR
D_SCG
D_ARTNA
D_ADTN
D_CMS
D_PCG
D_GNCMA
D_STR
D_ECOL
D_WTR
D_UGI
D_ATO
D_INFN
D_SWX
D_NRG
D_WM
D_WR
D_LVLT
D_CNSL
D_TMUS
D_DGAS
D_PEG
D_UTL
D_VVC
D_GXP
D_NI
D_USM
D_CNP
D_NFG
D_SR
D_SO
D_SE
D_WCN
D_RSG
D_OGE
D_EGHT
D_EE
D_ED
D_ES
D_IQNT
D_CWCO
D_WGL
D_NJR
D_YORW
D_EIX
D_OKE
D_WMB
D_NWE
D_NWN
D_BKH
D_SJW
D_SJI
D_MSEX
D_CPK
D_DTE
D_FE
D_ALE
D_ATNI
D_OTTR
D_DUK
D_ITC
D_EXC
D_PLT
D_PPL
D_SHEN
D_T
D_VOD
D_IDT
D_IDA
D_SRE
HE_AVA
HE_XEL
HE_SHOR
HE_SCG
HE_ARTNA
HE_ADTN
HE_CMS
HE_PCG
HE_GNCMA
HE_STR
HE_ECOL
HE_WTR
HE_UGI
HE_ATO
HE_INFN
HE_SWX
HE_NRG
HE_WM
HE_WR
HE_LVLT
HE_CNSL
HE_TMUS
HE_DGAS
HE_PEG
HE_UTL
HE_VVC
HE_GXP
HE_NI
HE_USM
HE_CNP
HE_NFG
HE_SR
HE_SO
HE_SE
HE_WCN
HE_RSG
HE_OGE
HE_EGHT
HE_EE
HE_ED
HE_ES
HE_IQNT
HE_CWCO
HE_WGL
HE_NJR
HE_YORW
HE_EIX
HE_OKE
HE_WMB
HE_NWE
HE_NWN
HE_BKH
HE_SJW
HE_SJI
HE_MSEX
HE_CPK
HE_DTE
HE_FE
HE_ALE
HE_ATNI
HE_OTTR
HE_DUK
HE_ITC
HE_EXC
HE_PLT
HE_PPL
HE_SHEN
HE_T
HE_VOD
HE_IDT
HE_IDA
HE_SRE
AVA_XEL
AVA_SHOR
AVA_SCG
AVA_ARTNA
AVA_ADTN
AVA_CMS
AVA_PCG
AVA_GNCMA
AVA_STR
AVA_ECOL
AVA_WTR
AVA_UGI
AVA_ATO
AVA_INFN
AVA_SWX
AVA_NRG
AVA_WM
AVA_WR
AVA_LVLT
AVA_CNSL
AVA_TMUS
AVA_DGAS
AVA_PEG
AVA_UTL
AVA_VVC
AVA_GXP
AVA_NI
AVA_USM
AVA_CNP
AVA_NFG
AVA_SR
AVA_SO
AVA_SE
AVA_WCN
AVA_RSG
AVA_OGE
AVA_EGHT
AVA_EE
AVA_ED
AVA_ES
AVA_IQNT
AVA_CWCO
AVA_WGL
AVA_NJR
AVA_YORW
AVA_EIX
AVA_OKE
AVA_WMB
AVA_NWE
AVA_NWN
AVA_BKH
AVA_SJW
AVA_SJI
AVA_MSEX
AVA_CPK
AVA_DTE
AVA_FE
AVA_ALE
AVA_ATNI
AVA_OTTR
AVA_DUK
AVA_ITC
AVA_EXC
AVA_PLT
AVA_PPL
AVA_SHEN
AVA_T
AVA_VOD
AVA_IDT
AVA_IDA
AVA_SRE
XEL_SHOR
XEL_SCG
XEL_ARTNA
XEL_ADTN
XEL_CMS
XEL_PCG
XEL_GNCMA
XEL_STR
XEL_ECOL
XEL_WTR
XEL_UGI
XEL_ATO
XEL_INFN
XEL_SWX
XEL_NRG
XEL_WM
XEL_WR
XEL_LVLT
XEL_CNSL
XEL_TMUS
XEL_DGAS
XEL_PEG
XEL_UTL
XEL_VVC
XEL_GXP
XEL_NI
XEL_USM
XEL_CNP
XEL_NFG
XEL_SR
XEL_SO
XEL_SE
XEL_WCN
XEL_RSG
XEL_OGE
XEL_EGHT
XEL_EE
XEL_ED
XEL_ES
XEL_IQNT
XEL_CWCO
XEL_WGL
XEL_NJR
XEL_YORW
XEL_EIX
XEL_OKE
XEL_WMB
XEL_NWE
XEL_NWN
XEL_BKH
XEL_SJW
XEL_SJI
XEL_MSEX
XEL_CPK
XEL_DTE
XEL_FE
XEL_ALE
XEL_ATNI
XEL_OTTR
XEL_DUK
XEL_ITC
XEL_EXC
XEL_PLT
XEL_PPL
XEL_SHEN
XEL_T
XEL_VOD
XEL_IDT
XEL_IDA
XEL_SRE
SHOR_SCG
SHOR_ARTNA
SHOR_ADTN
SHOR_CMS
SHOR_PCG
SHOR_GNCMA
SHOR_STR
SHOR_ECOL
SHOR_WTR
SHOR_UGI
SHOR_ATO
SHOR_INFN
SHOR_SWX
SHOR_NRG
SHOR_WM
SHOR_WR
SHOR_LVLT
SHOR_CNSL
SHOR_TMUS
SHOR_DGAS
SHOR_PEG
SHOR_UTL
SHOR_VVC
SHOR_GXP
SHOR_NI
SHOR_USM
SHOR_CNP
SHOR_NFG
SHOR_SR
SHOR_SO
SHOR_SE
SHOR_WCN
SHOR_RSG
SHOR_OGE
SHOR_EGHT
SHOR_EE
SHOR_ED
SHOR_ES
SHOR_IQNT
SHOR_CWCO
SHOR_WGL
SHOR_NJR
SHOR_YORW
SHOR_EIX
SHOR_OKE
SHOR_WMB
SHOR_NWE
SHOR_NWN
SHOR_BKH
SHOR_SJW
SHOR_SJI
SHOR_MSEX
SHOR_CPK
SHOR_DTE
SHOR_FE
SHOR_ALE
SHOR_ATNI
SHOR_OTTR
SHOR_DUK
SHOR_ITC
SHOR_EXC
SHOR_PLT
SHOR_PPL
SHOR_SHEN
SHOR_T
SHOR_VOD
SHOR_IDT
SHOR_IDA
SHOR_SRE
SCG_ARTNA
SCG_ADTN
SCG_CMS
SCG_PCG
SCG_GNCMA
SCG_STR
SCG_ECOL
SCG_WTR
SCG_UGI
SCG_ATO
SCG_INFN
SCG_SWX
SCG_NRG
SCG_WM
SCG_WR
SCG_LVLT
SCG_CNSL
SCG_TMUS
SCG_DGAS
SCG_PEG
SCG_UTL
SCG_VVC
SCG_GXP
SCG_NI
SCG_USM
SCG_CNP
SCG_NFG
SCG_SR
SCG_SO
SCG_SE
SCG_WCN
SCG_RSG
SCG_OGE
SCG_EGHT
SCG_EE
SCG_ED
SCG_ES
SCG_IQNT
SCG_CWCO
SCG_WGL
SCG_NJR
SCG_YORW
SCG_EIX
SCG_OKE
SCG_WMB
SCG_NWE
SCG_NWN
SCG_BKH
SCG_SJW
SCG_SJI
SCG_MSEX
SCG_CPK
SCG_DTE
SCG_FE
SCG_ALE
SCG_ATNI
SCG_OTTR
SCG_DUK
SCG_ITC
SCG_EXC
SCG_PLT
SCG_PPL
SCG_SHEN
SCG_T
SCG_VOD
SCG_IDT
SCG_IDA
SCG_SRE
ARTNA_ADTN
ARTNA_CMS
ARTNA_PCG
ARTNA_GNCMA
ARTNA_STR
ARTNA_ECOL
ARTNA_WTR
ARTNA_UGI
ARTNA_ATO
ARTNA_INFN
ARTNA_SWX
ARTNA_NRG
ARTNA_WM
ARTNA_WR
ARTNA_LVLT
ARTNA_CNSL
ARTNA_TMUS
ARTNA_DGAS
ARTNA_PEG
ARTNA_UTL
ARTNA_VVC
ARTNA_GXP
ARTNA_NI
ARTNA_USM
ARTNA_CNP
ARTNA_NFG
ARTNA_SR
ARTNA_SO
ARTNA_SE
ARTNA_WCN
ARTNA_RSG
ARTNA_OGE
ARTNA_EGHT
ARTNA_EE
ARTNA_ED
ARTNA_ES
ARTNA_IQNT
ARTNA_CWCO
ARTNA_WGL
ARTNA_NJR
ARTNA_YORW
ARTNA_EIX
ARTNA_OKE
ARTNA_WMB
ARTNA_NWE
ARTNA_NWN
ARTNA_BKH
ARTNA_SJW
ARTNA_SJI
ARTNA_MSEX
ARTNA_CPK
ARTNA_DTE
ARTNA_FE
ARTNA_ALE
ARTNA_ATNI
ARTNA_OTTR
ARTNA_DUK
ARTNA_ITC
ARTNA_EXC
ARTNA_PLT
ARTNA_PPL
ARTNA_SHEN
ARTNA_T
ARTNA_VOD
ARTNA_IDT
ARTNA_IDA
ARTNA_SRE
ADTN_CMS
ADTN_PCG
ADTN_GNCMA
ADTN_STR
ADTN_ECOL
ADTN_WTR
ADTN_UGI
ADTN_ATO
ADTN_INFN
ADTN_SWX
ADTN_NRG
ADTN_WM
ADTN_WR
ADTN_LVLT
ADTN_CNSL
ADTN_TMUS
ADTN_DGAS
ADTN_PEG
ADTN_UTL
ADTN_VVC
ADTN_GXP
ADTN_NI
ADTN_USM
ADTN_CNP
ADTN_NFG
ADTN_SR
ADTN_SO
ADTN_SE
ADTN_WCN
ADTN_RSG
ADTN_OGE
ADTN_EGHT
ADTN_EE
ADTN_ED
ADTN_ES
ADTN_IQNT
ADTN_CWCO
ADTN_WGL
ADTN_NJR
ADTN_YORW
ADTN_EIX
ADTN_OKE
ADTN_WMB
ADTN_NWE
ADTN_NWN
ADTN_BKH
ADTN_SJW
ADTN_SJI
ADTN_MSEX
ADTN_CPK
ADTN_DTE
ADTN_FE
ADTN_ALE
ADTN_ATNI
ADTN_OTTR
ADTN_DUK
ADTN_ITC
ADTN_EXC
ADTN_PLT
ADTN_PPL
ADTN_SHEN
ADTN_T
ADTN_VOD
ADTN_IDT
ADTN_IDA
ADTN_SRE
CMS_PCG
CMS_GNCMA
CMS_STR
CMS_ECOL
CMS_WTR
CMS_UGI
CMS_ATO
CMS_INFN
CMS_SWX
CMS_NRG
CMS_WM
CMS_WR
CMS_LVLT
CMS_CNSL
CMS_TMUS
CMS_DGAS
CMS_PEG
CMS_UTL
CMS_VVC
CMS_GXP
CMS_NI
CMS_USM
CMS_CNP
CMS_NFG
CMS_SR
CMS_SO
CMS_SE
CMS_WCN
CMS_RSG
CMS_OGE
CMS_EGHT
CMS_EE
CMS_ED
CMS_ES
CMS_IQNT
CMS_CWCO
CMS_WGL
CMS_NJR
CMS_YORW
CMS_EIX
CMS_OKE
CMS_WMB
CMS_NWE
CMS_NWN
CMS_BKH
CMS_SJW
CMS_SJI
CMS_MSEX
CMS_CPK
CMS_DTE
CMS_FE
CMS_ALE
CMS_ATNI
CMS_OTTR
CMS_DUK
CMS_ITC
CMS_EXC
CMS_PLT
CMS_PPL
CMS_SHEN
CMS_T
CMS_VOD
CMS_IDT
CMS_IDA
CMS_SRE
PCG_GNCMA
PCG_STR
PCG_ECOL
PCG_WTR
PCG_UGI
PCG_ATO
PCG_INFN
PCG_SWX
PCG_NRG
PCG_WM
PCG_WR
PCG_LVLT
PCG_CNSL
PCG_TMUS
PCG_DGAS
PCG_PEG
PCG_UTL
PCG_VVC
PCG_GXP
PCG_NI
PCG_USM
PCG_CNP
PCG_NFG
PCG_SR
PCG_SO
PCG_SE
PCG_WCN
PCG_RSG
PCG_OGE
PCG_EGHT
PCG_EE
PCG_ED
PCG_ES
PCG_IQNT
PCG_CWCO
PCG_WGL
PCG_NJR
PCG_YORW
PCG_EIX
PCG_OKE
PCG_WMB
PCG_NWE
PCG_NWN
PCG_BKH
PCG_SJW
PCG_SJI
PCG_MSEX
PCG_CPK
PCG_DTE
PCG_FE
PCG_ALE
PCG_ATNI
PCG_OTTR
PCG_DUK
PCG_ITC
PCG_EXC
PCG_PLT
PCG_PPL
PCG_SHEN
PCG_T
PCG_VOD
PCG_IDT
PCG_IDA
PCG_SRE
GNCMA_STR
GNCMA_ECOL
GNCMA_WTR
GNCMA_UGI
GNCMA_ATO
GNCMA_INFN
GNCMA_SWX
GNCMA_NRG
GNCMA_WM
GNCMA_WR
GNCMA_LVLT
GNCMA_CNSL
GNCMA_TMUS
GNCMA_DGAS
GNCMA_PEG
GNCMA_UTL
GNCMA_VVC
GNCMA_GXP
GNCMA_NI
GNCMA_USM
GNCMA_CNP
GNCMA_NFG
GNCMA_SR
GNCMA_SO
GNCMA_SE
GNCMA_WCN
GNCMA_RSG
GNCMA_OGE
GNCMA_EGHT
GNCMA_EE
GNCMA_ED
GNCMA_ES
GNCMA_IQNT
GNCMA_CWCO
GNCMA_WGL
GNCMA_NJR
GNCMA_YORW
GNCMA_EIX
GNCMA_OKE
GNCMA_WMB
GNCMA_NWE
GNCMA_NWN
GNCMA_BKH
GNCMA_SJW
GNCMA_SJI
GNCMA_MSEX
GNCMA_CPK
GNCMA_DTE
GNCMA_FE
GNCMA_ALE
GNCMA_ATNI
GNCMA_OTTR
GNCMA_DUK
GNCMA_ITC
GNCMA_EXC
GNCMA_PLT
GNCMA_PPL
GNCMA_SHEN
GNCMA_T
GNCMA_VOD
GNCMA_IDT
GNCMA_IDA
GNCMA_SRE
STR_ECOL
STR_WTR
STR_UGI
STR_ATO
STR_INFN
STR_SWX
STR_NRG
STR_WM
STR_WR
STR_LVLT
STR_CNSL
STR_TMUS
STR_DGAS
STR_PEG
STR_UTL
STR_VVC
STR_GXP
STR_NI
STR_USM
STR_CNP
STR_NFG
STR_SR
STR_SO
STR_SE
STR_WCN
STR_RSG
STR_OGE
STR_EGHT
STR_EE
STR_ED
STR_ES
STR_IQNT
STR_CWCO
STR_WGL
STR_NJR
STR_YORW
STR_EIX
STR_OKE
STR_WMB
STR_NWE
STR_NWN
STR_BKH
STR_SJW
STR_SJI
STR_MSEX
STR_CPK
STR_DTE
STR_FE
STR_ALE
STR_ATNI
STR_OTTR
STR_DUK
STR_ITC
STR_EXC
STR_PLT
STR_PPL
STR_SHEN
STR_T
STR_VOD
STR_IDT
STR_IDA
STR_SRE
ECOL_WTR
ECOL_UGI
ECOL_ATO
ECOL_INFN
ECOL_SWX
ECOL_NRG
ECOL_WM
ECOL_WR
ECOL_LVLT
ECOL_CNSL
ECOL_TMUS
ECOL_DGAS
ECOL_PEG
ECOL_UTL
ECOL_VVC
ECOL_GXP
ECOL_NI
ECOL_USM
ECOL_CNP
ECOL_NFG
ECOL_SR
ECOL_SO
ECOL_SE
ECOL_WCN
ECOL_RSG
ECOL_OGE
ECOL_EGHT
ECOL_EE
ECOL_ED
ECOL_ES
ECOL_IQNT
ECOL_CWCO
ECOL_WGL
ECOL_NJR
ECOL_YORW
ECOL_EIX
ECOL_OKE
ECOL_WMB
ECOL_NWE
ECOL_NWN
ECOL_BKH
ECOL_SJW
ECOL_SJI
ECOL_MSEX
ECOL_CPK
ECOL_DTE
ECOL_FE
ECOL_ALE
ECOL_ATNI
ECOL_OTTR
ECOL_DUK
ECOL_ITC
ECOL_EXC
ECOL_PLT
ECOL_PPL
ECOL_SHEN
ECOL_T
ECOL_VOD
ECOL_IDT
ECOL_IDA
ECOL_SRE
WTR_UGI
WTR_ATO
WTR_INFN
WTR_SWX
WTR_NRG
WTR_WM
WTR_WR
WTR_LVLT
WTR_CNSL
WTR_TMUS
WTR_DGAS
WTR_PEG
WTR_UTL
WTR_VVC
WTR_GXP
WTR_NI
WTR_USM
WTR_CNP
WTR_NFG
WTR_SR
WTR_SO
WTR_SE
WTR_WCN
WTR_RSG
WTR_OGE
WTR_EGHT
WTR_EE
WTR_ED
WTR_ES
WTR_IQNT
WTR_CWCO
WTR_WGL
WTR_NJR
WTR_YORW
WTR_EIX
WTR_OKE
WTR_WMB
WTR_NWE
WTR_NWN
WTR_BKH
WTR_SJW
WTR_SJI
WTR_MSEX
WTR_CPK
WTR_DTE
WTR_FE
WTR_ALE
WTR_ATNI
WTR_OTTR
WTR_DUK
WTR_ITC
WTR_EXC
WTR_PLT
WTR_PPL
WTR_SHEN
WTR_T
WTR_VOD
WTR_IDT
WTR_IDA
WTR_SRE
UGI_ATO
UGI_INFN
UGI_SWX
UGI_NRG
UGI_WM
UGI_WR
UGI_LVLT
UGI_CNSL
UGI_TMUS
UGI_DGAS
UGI_PEG
UGI_UTL
UGI_VVC
UGI_GXP
UGI_NI
UGI_USM
UGI_CNP
UGI_NFG
UGI_SR
UGI_SO
UGI_SE
UGI_WCN
UGI_RSG
UGI_OGE
UGI_EGHT
UGI_EE
UGI_ED
UGI_ES
UGI_IQNT
UGI_CWCO
UGI_WGL
UGI_NJR
UGI_YORW
UGI_EIX
UGI_OKE
UGI_WMB
UGI_NWE
UGI_NWN
UGI_BKH
UGI_SJW
UGI_SJI
UGI_MSEX
UGI_CPK
UGI_DTE
UGI_FE
UGI_ALE
UGI_ATNI
UGI_OTTR
UGI_DUK
UGI_ITC
UGI_EXC
UGI_PLT
UGI_PPL
UGI_SHEN
UGI_T
UGI_VOD
UGI_IDT
UGI_IDA
UGI_SRE
ATO_INFN
ATO_SWX
ATO_NRG
ATO_WM
ATO_WR
ATO_LVLT
ATO_CNSL
ATO_TMUS
ATO_DGAS
ATO_PEG
ATO_UTL
ATO_VVC
ATO_GXP
ATO_NI
ATO_USM
ATO_CNP
ATO_NFG
ATO_SR
ATO_SO
ATO_SE
ATO_WCN
ATO_RSG
ATO_OGE
ATO_EGHT
ATO_EE
ATO_ED
ATO_ES
ATO_IQNT
ATO_CWCO
ATO_WGL
ATO_NJR
ATO_YORW
ATO_EIX
ATO_OKE
ATO_WMB
ATO_NWE
ATO_NWN
ATO_BKH
ATO_SJW
ATO_SJI
ATO_MSEX
ATO_CPK
ATO_DTE
ATO_FE
ATO_ALE
ATO_ATNI
ATO_OTTR
ATO_DUK
ATO_ITC
ATO_EXC
ATO_PLT
ATO_PPL
ATO_SHEN
ATO_T
ATO_VOD
ATO_IDT
ATO_IDA
ATO_SRE
INFN_SWX
INFN_NRG
INFN_WM
INFN_WR
INFN_LVLT
INFN_CNSL
INFN_TMUS
INFN_DGAS
INFN_PEG
INFN_UTL
INFN_VVC
INFN_GXP
INFN_NI
INFN_USM
INFN_CNP
INFN_NFG
INFN_SR
INFN_SO
INFN_SE
INFN_WCN
INFN_RSG
INFN_OGE
INFN_EGHT
INFN_EE
INFN_ED
INFN_ES
INFN_IQNT
INFN_CWCO
INFN_WGL
INFN_NJR
INFN_YORW
INFN_EIX
INFN_OKE
INFN_WMB
INFN_NWE
INFN_NWN
INFN_BKH
INFN_SJW
INFN_SJI
INFN_MSEX
INFN_CPK
INFN_DTE
INFN_FE
INFN_ALE
INFN_ATNI
INFN_OTTR
INFN_DUK
INFN_ITC
INFN_EXC
INFN_PLT
INFN_PPL
INFN_SHEN
INFN_T
INFN_VOD
INFN_IDT
INFN_IDA
INFN_SRE
SWX_NRG
SWX_WM
SWX_WR
SWX_LVLT
SWX_CNSL
SWX_TMUS
SWX_DGAS
SWX_PEG
SWX_UTL
SWX_VVC
SWX_GXP
SWX_NI
SWX_USM
SWX_CNP
SWX_NFG
SWX_SR
SWX_SO
SWX_SE
SWX_WCN
SWX_RSG
SWX_OGE
SWX_EGHT
SWX_EE
SWX_ED
SWX_ES
SWX_IQNT
SWX_CWCO
SWX_WGL
SWX_NJR
SWX_YORW
SWX_EIX
SWX_OKE
SWX_WMB
SWX_NWE
SWX_NWN
SWX_BKH
SWX_SJW
SWX_SJI
SWX_MSEX
SWX_CPK
SWX_DTE
SWX_FE
SWX_ALE
SWX_ATNI
SWX_OTTR
SWX_DUK
SWX_ITC
SWX_EXC
SWX_PLT
SWX_PPL
SWX_SHEN
SWX_T
SWX_VOD
SWX_IDT
SWX_IDA
SWX_SRE
NRG_WM
NRG_WR
NRG_LVLT
NRG_CNSL
NRG_TMUS
NRG_DGAS
NRG_PEG
NRG_UTL
NRG_VVC
NRG_GXP
NRG_NI
NRG_USM
NRG_CNP
NRG_NFG
NRG_SR
NRG_SO
NRG_SE
NRG_WCN
NRG_RSG
NRG_OGE
NRG_EGHT
NRG_EE
NRG_ED
NRG_ES
NRG_IQNT
NRG_CWCO
NRG_WGL
NRG_NJR
NRG_YORW
NRG_EIX
NRG_OKE
NRG_WMB
NRG_NWE
NRG_NWN
NRG_BKH
NRG_SJW
NRG_SJI
NRG_MSEX
NRG_CPK
NRG_DTE
NRG_FE
NRG_ALE
NRG_ATNI
NRG_OTTR
NRG_DUK
NRG_ITC
NRG_EXC
NRG_PLT
NRG_PPL
NRG_SHEN
NRG_T
NRG_VOD
NRG_IDT
NRG_IDA
NRG_SRE
WM_WR
WM_LVLT
WM_CNSL
WM_TMUS
WM_DGAS
WM_PEG
WM_UTL
WM_VVC
WM_GXP
WM_NI
WM_USM
WM_CNP
WM_NFG
WM_SR
WM_SO
WM_SE
WM_WCN
WM_RSG
WM_OGE
WM_EGHT
WM_EE
WM_ED
WM_ES
WM_IQNT
WM_CWCO
WM_WGL
WM_NJR
WM_YORW
WM_EIX
WM_OKE
WM_WMB
WM_NWE
WM_NWN
WM_BKH
WM_SJW
WM_SJI
WM_MSEX
WM_CPK
WM_DTE
WM_FE
WM_ALE
WM_ATNI
WM_OTTR
WM_DUK
WM_ITC
WM_EXC
WM_PLT
WM_PPL
WM_SHEN
WM_T
WM_VOD
WM_IDT
WM_IDA
WM_SRE
WR_LVLT
WR_CNSL
WR_TMUS
WR_DGAS
WR_PEG
WR_UTL
WR_VVC
WR_GXP
WR_NI
WR_USM
WR_CNP
WR_NFG
WR_SR
WR_SO
WR_SE
WR_WCN
WR_RSG
WR_OGE
WR_EGHT
WR_EE
WR_ED
WR_ES
WR_IQNT
WR_CWCO
WR_WGL
WR_NJR
WR_YORW
WR_EIX
WR_OKE
WR_WMB
WR_NWE
WR_NWN
WR_BKH
WR_SJW
WR_SJI
WR_MSEX
WR_CPK
WR_DTE
WR_FE
WR_ALE
WR_ATNI
WR_OTTR
WR_DUK
WR_ITC
WR_EXC
WR_PLT
WR_PPL
WR_SHEN
WR_T
WR_VOD
WR_IDT
WR_IDA
WR_SRE
LVLT_CNSL
LVLT_TMUS
LVLT_DGAS
LVLT_PEG
LVLT_UTL
LVLT_VVC
LVLT_GXP
LVLT_NI
LVLT_USM
LVLT_CNP
LVLT_NFG
LVLT_SR
LVLT_SO
LVLT_SE
LVLT_WCN
LVLT_RSG
LVLT_OGE
LVLT_EGHT
LVLT_EE
LVLT_ED
LVLT_ES
LVLT_IQNT
LVLT_CWCO
LVLT_WGL
LVLT_NJR
LVLT_YORW
LVLT_EIX
LVLT_OKE
LVLT_WMB
LVLT_NWE
LVLT_NWN
LVLT_BKH
LVLT_SJW
LVLT_SJI
LVLT_MSEX
LVLT_CPK
LVLT_DTE
LVLT_FE
LVLT_ALE
LVLT_ATNI
LVLT_OTTR
LVLT_DUK
LVLT_ITC
LVLT_EXC
LVLT_PLT
LVLT_PPL
LVLT_SHEN
LVLT_T
LVLT_VOD
LVLT_IDT
LVLT_IDA
LVLT_SRE
CNSL_TMUS
CNSL_DGAS
CNSL_PEG
CNSL_UTL
CNSL_VVC
CNSL_GXP
CNSL_NI
CNSL_USM
CNSL_CNP
CNSL_NFG
CNSL_SR
CNSL_SO
CNSL_SE
CNSL_WCN
CNSL_RSG
CNSL_OGE
CNSL_EGHT
CNSL_EE
CNSL_ED
CNSL_ES
CNSL_IQNT
CNSL_CWCO
CNSL_WGL
CNSL_NJR
CNSL_YORW
CNSL_EIX
CNSL_OKE
CNSL_WMB
CNSL_NWE
CNSL_NWN
CNSL_BKH
CNSL_SJW
CNSL_SJI
CNSL_MSEX
CNSL_CPK
CNSL_DTE
CNSL_FE
CNSL_ALE
CNSL_ATNI
CNSL_OTTR
CNSL_DUK
CNSL_ITC
CNSL_EXC
CNSL_PLT
CNSL_PPL
CNSL_SHEN
CNSL_T
CNSL_VOD
CNSL_IDT
CNSL_IDA
CNSL_SRE
TMUS_DGAS
TMUS_PEG
TMUS_UTL
TMUS_VVC
TMUS_GXP
TMUS_NI
TMUS_USM
TMUS_CNP
TMUS_NFG
TMUS_SR
TMUS_SO
TMUS_SE
TMUS_WCN
TMUS_RSG
TMUS_OGE
TMUS_EGHT
TMUS_EE
TMUS_ED
TMUS_ES
TMUS_IQNT
TMUS_CWCO
TMUS_WGL
TMUS_NJR
TMUS_YORW
TMUS_EIX
TMUS_OKE
TMUS_WMB
TMUS_NWE
TMUS_NWN
TMUS_BKH
TMUS_SJW
TMUS_SJI
TMUS_MSEX
TMUS_CPK
TMUS_DTE
TMUS_FE
TMUS_ALE
TMUS_ATNI
TMUS_OTTR
TMUS_DUK
TMUS_ITC
TMUS_EXC
TMUS_PLT
TMUS_PPL
TMUS_SHEN
TMUS_T
TMUS_VOD
TMUS_IDT
TMUS_IDA
TMUS_SRE
DGAS_PEG
DGAS_UTL
DGAS_VVC
DGAS_GXP
DGAS_NI
DGAS_USM
DGAS_CNP
DGAS_NFG
DGAS_SR
DGAS_SO
DGAS_SE
DGAS_WCN
DGAS_RSG
DGAS_OGE
DGAS_EGHT
DGAS_EE
DGAS_ED
DGAS_ES
DGAS_IQNT
DGAS_CWCO
DGAS_WGL
DGAS_NJR
DGAS_YORW
DGAS_EIX
DGAS_OKE
DGAS_WMB
DGAS_NWE
DGAS_NWN
DGAS_BKH
DGAS_SJW
DGAS_SJI
DGAS_MSEX
DGAS_CPK
DGAS_DTE
DGAS_FE
DGAS_ALE
DGAS_ATNI
DGAS_OTTR
DGAS_DUK
DGAS_ITC
DGAS_EXC
DGAS_PLT
DGAS_PPL
DGAS_SHEN
DGAS_T
DGAS_VOD
DGAS_IDT
DGAS_IDA
DGAS_SRE
PEG_UTL
PEG_VVC
PEG_GXP
PEG_NI
PEG_USM
PEG_CNP
PEG_NFG
PEG_SR
PEG_SO
PEG_SE
PEG_WCN
PEG_RSG
PEG_OGE
PEG_EGHT
PEG_EE
PEG_ED
PEG_ES
PEG_IQNT
PEG_CWCO
PEG_WGL
PEG_NJR
PEG_YORW
PEG_EIX
PEG_OKE
PEG_WMB
PEG_NWE
PEG_NWN
PEG_BKH
PEG_SJW
PEG_SJI
PEG_MSEX
PEG_CPK
PEG_DTE
PEG_FE
PEG_ALE
PEG_ATNI
PEG_OTTR
PEG_DUK
PEG_ITC
PEG_EXC
PEG_PLT
PEG_PPL
PEG_SHEN
PEG_T
PEG_VOD
PEG_IDT
PEG_IDA
PEG_SRE
UTL_VVC
UTL_GXP
UTL_NI
UTL_USM
UTL_CNP
UTL_NFG
UTL_SR
UTL_SO
UTL_SE
UTL_WCN
UTL_RSG
UTL_OGE
UTL_EGHT
UTL_EE
UTL_ED
UTL_ES
UTL_IQNT
UTL_CWCO
UTL_WGL
UTL_NJR
UTL_YORW
UTL_EIX
UTL_OKE
UTL_WMB
UTL_NWE
UTL_NWN
UTL_BKH
UTL_SJW
UTL_SJI
UTL_MSEX
UTL_CPK
UTL_DTE
UTL_FE
UTL_ALE
UTL_ATNI
UTL_OTTR
UTL_DUK
UTL_ITC
UTL_EXC
UTL_PLT
UTL_PPL
UTL_SHEN
UTL_T
UTL_VOD
UTL_IDT
UTL_IDA
UTL_SRE
VVC_GXP
VVC_NI
VVC_USM
VVC_CNP
VVC_NFG
VVC_SR
VVC_SO
VVC_SE
VVC_WCN
VVC_RSG
VVC_OGE
VVC_EGHT
VVC_EE
VVC_ED
VVC_ES
VVC_IQNT
VVC_CWCO
VVC_WGL
VVC_NJR
VVC_YORW
VVC_EIX
VVC_OKE
VVC_WMB
VVC_NWE
VVC_NWN
VVC_BKH
VVC_SJW
VVC_SJI
VVC_MSEX
VVC_CPK
VVC_DTE
VVC_FE
VVC_ALE
VVC_ATNI
VVC_OTTR
VVC_DUK
VVC_ITC
VVC_EXC
VVC_PLT
VVC_PPL
VVC_SHEN
VVC_T
VVC_VOD
VVC_IDT
VVC_IDA
VVC_SRE
GXP_NI
GXP_USM
GXP_CNP
GXP_NFG
GXP_SR
GXP_SO
GXP_SE
GXP_WCN
GXP_RSG
GXP_OGE
GXP_EGHT
GXP_EE
GXP_ED
GXP_ES
GXP_IQNT
GXP_CWCO
GXP_WGL
GXP_NJR
GXP_YORW
GXP_EIX
GXP_OKE
GXP_WMB
GXP_NWE
GXP_NWN
GXP_BKH
GXP_SJW
GXP_SJI
GXP_MSEX
GXP_CPK
GXP_DTE
GXP_FE
GXP_ALE
GXP_ATNI
GXP_OTTR
GXP_DUK
GXP_ITC
GXP_EXC
GXP_PLT
GXP_PPL
GXP_SHEN
GXP_T
GXP_VOD
GXP_IDT
GXP_IDA
GXP_SRE
NI_USM
NI_CNP
NI_NFG
NI_SR
NI_SO
NI_SE
NI_WCN
NI_RSG
NI_OGE
NI_EGHT
NI_EE
NI_ED
NI_ES
NI_IQNT
NI_CWCO
NI_WGL
NI_NJR
NI_YORW
NI_EIX
NI_OKE
NI_WMB
NI_NWE
NI_NWN
NI_BKH
NI_SJW
NI_SJI
NI_MSEX
NI_CPK
NI_DTE
NI_FE
NI_ALE
NI_ATNI
NI_OTTR
NI_DUK
NI_ITC
NI_EXC
NI_PLT
NI_PPL
NI_SHEN
NI_T
NI_VOD
NI_IDT
NI_IDA
NI_SRE
USM_CNP
USM_NFG
USM_SR
USM_SO
USM_SE
USM_WCN
USM_RSG
USM_OGE
USM_EGHT
USM_EE
USM_ED
USM_ES
USM_IQNT
USM_CWCO
USM_WGL
USM_NJR
USM_YORW
USM_EIX
USM_OKE
USM_WMB
USM_NWE
USM_NWN
USM_BKH
USM_SJW
USM_SJI
USM_MSEX
USM_CPK
USM_DTE
USM_FE
USM_ALE
USM_ATNI
USM_OTTR
USM_DUK
USM_ITC
USM_EXC
USM_PLT
USM_PPL
USM_SHEN
USM_T
USM_VOD
USM_IDT
USM_IDA
USM_SRE
CNP_NFG
CNP_SR
CNP_SO
CNP_SE
CNP_WCN
CNP_RSG
CNP_OGE
CNP_EGHT
CNP_EE
CNP_ED
CNP_ES
CNP_IQNT
CNP_CWCO
CNP_WGL
CNP_NJR
CNP_YORW
CNP_EIX
CNP_OKE
CNP_WMB
CNP_NWE
CNP_NWN
CNP_BKH
CNP_SJW
CNP_SJI
CNP_MSEX
CNP_CPK
CNP_DTE
CNP_FE
CNP_ALE
CNP_ATNI
CNP_OTTR
CNP_DUK
CNP_ITC
CNP_EXC
CNP_PLT
CNP_PPL
CNP_SHEN
CNP_T
CNP_VOD
CNP_IDT
CNP_IDA
CNP_SRE
NFG_SR
NFG_SO
NFG_SE
NFG_WCN
NFG_RSG
NFG_OGE
NFG_EGHT
NFG_EE
NFG_ED
NFG_ES
NFG_IQNT
NFG_CWCO
NFG_WGL
NFG_NJR
NFG_YORW
NFG_EIX
NFG_OKE
NFG_WMB
NFG_NWE
NFG_NWN
NFG_BKH
NFG_SJW
NFG_SJI
NFG_MSEX
NFG_CPK
NFG_DTE
NFG_FE
NFG_ALE
NFG_ATNI
NFG_OTTR
NFG_DUK
NFG_ITC
NFG_EXC
NFG_PLT
NFG_PPL
NFG_SHEN
NFG_T
NFG_VOD
NFG_IDT
NFG_IDA
NFG_SRE
SR_SO
SR_SE
SR_WCN
SR_RSG
SR_OGE
SR_EGHT
SR_EE
SR_ED
SR_ES
SR_IQNT
SR_CWCO
SR_WGL
SR_NJR
SR_YORW
SR_EIX
SR_OKE
SR_WMB
SR_NWE
SR_NWN
SR_BKH
SR_SJW
SR_SJI
SR_MSEX
SR_CPK
SR_DTE
SR_FE
SR_ALE
SR_ATNI
SR_OTTR
SR_DUK
SR_ITC
SR_EXC
SR_PLT
SR_PPL
SR_SHEN
SR_T
SR_VOD
SR_IDT
SR_IDA
SR_SRE
SO_SE
SO_WCN
SO_RSG
SO_OGE
SO_EGHT
SO_EE
SO_ED
SO_ES
SO_IQNT
SO_CWCO
SO_WGL
SO_NJR
SO_YORW
SO_EIX
SO_OKE
SO_WMB
SO_NWE
SO_NWN
SO_BKH
SO_SJW
SO_SJI
SO_MSEX
SO_CPK
SO_DTE
SO_FE
SO_ALE
SO_ATNI
SO_OTTR
SO_DUK
SO_ITC
SO_EXC
SO_PLT
SO_PPL
SO_SHEN
SO_T
SO_VOD
SO_IDT
SO_IDA
SO_SRE
SE_WCN
SE_RSG
SE_OGE
SE_EGHT
SE_EE
SE_ED
SE_ES
SE_IQNT
SE_CWCO
SE_WGL
SE_NJR
SE_YORW
SE_EIX
SE_OKE
SE_WMB
SE_NWE
SE_NWN
SE_BKH
SE_SJW
SE_SJI
SE_MSEX
SE_CPK
SE_DTE
SE_FE
SE_ALE
SE_ATNI
SE_OTTR
SE_DUK
SE_ITC
SE_EXC
SE_PLT
SE_PPL
SE_SHEN
SE_T
SE_VOD
SE_IDT
SE_IDA
SE_SRE
WCN_RSG
WCN_OGE
WCN_EGHT
WCN_EE
WCN_ED
WCN_ES
WCN_IQNT
WCN_CWCO
WCN_WGL
WCN_NJR
WCN_YORW
WCN_EIX
WCN_OKE
WCN_WMB
WCN_NWE
WCN_NWN
WCN_BKH
WCN_SJW
WCN_SJI
WCN_MSEX
WCN_CPK
WCN_DTE
WCN_FE
WCN_ALE
WCN_ATNI
WCN_OTTR
WCN_DUK
WCN_ITC
WCN_EXC
WCN_PLT
WCN_PPL
WCN_SHEN
WCN_T
WCN_VOD
WCN_IDT
WCN_IDA
WCN_SRE
RSG_OGE
RSG_EGHT
RSG_EE
RSG_ED
RSG_ES
RSG_IQNT
RSG_CWCO
RSG_WGL
RSG_NJR
RSG_YORW
RSG_EIX
RSG_OKE
RSG_WMB
RSG_NWE
RSG_NWN
RSG_BKH
RSG_SJW
RSG_SJI
RSG_MSEX
RSG_CPK
RSG_DTE
RSG_FE
RSG_ALE
RSG_ATNI
RSG_OTTR
RSG_DUK
RSG_ITC
RSG_EXC
RSG_PLT
RSG_PPL
RSG_SHEN
RSG_T
RSG_VOD
RSG_IDT
RSG_IDA
RSG_SRE
OGE_EGHT
OGE_EE
OGE_ED
OGE_ES
OGE_IQNT
OGE_CWCO
OGE_WGL
OGE_NJR
OGE_YORW
OGE_EIX
OGE_OKE
OGE_WMB
OGE_NWE
OGE_NWN
OGE_BKH
OGE_SJW
OGE_SJI
OGE_MSEX
OGE_CPK
OGE_DTE
OGE_FE
OGE_ALE
OGE_ATNI
OGE_OTTR
OGE_DUK
OGE_ITC
OGE_EXC
OGE_PLT
OGE_PPL
OGE_SHEN
OGE_T
OGE_VOD
OGE_IDT
OGE_IDA
OGE_SRE
EGHT_EE
EGHT_ED
EGHT_ES
EGHT_IQNT
EGHT_CWCO
EGHT_WGL
EGHT_NJR
EGHT_YORW
EGHT_EIX
EGHT_OKE
EGHT_WMB
EGHT_NWE
EGHT_NWN
EGHT_BKH
EGHT_SJW
EGHT_SJI
EGHT_MSEX
EGHT_CPK
EGHT_DTE
EGHT_FE
EGHT_ALE
EGHT_ATNI
EGHT_OTTR
EGHT_DUK
EGHT_ITC
EGHT_EXC
EGHT_PLT
EGHT_PPL
EGHT_SHEN
EGHT_T
EGHT_VOD
EGHT_IDT
EGHT_IDA
EGHT_SRE
EE_ED
EE_ES
EE_IQNT
EE_CWCO
EE_WGL
EE_NJR
EE_YORW
EE_EIX
EE_OKE
EE_WMB
EE_NWE
EE_NWN
EE_BKH
EE_SJW
EE_SJI
EE_MSEX
EE_CPK
EE_DTE
EE_FE
EE_ALE
EE_ATNI
EE_OTTR
EE_DUK
EE_ITC
EE_EXC
EE_PLT
EE_PPL
EE_SHEN
EE_T
EE_VOD
EE_IDT
EE_IDA
EE_SRE
ED_ES
ED_IQNT
ED_CWCO
ED_WGL
ED_NJR
ED_YORW
ED_EIX
ED_OKE
ED_WMB
ED_NWE
ED_NWN
ED_BKH
ED_SJW
ED_SJI
ED_MSEX
ED_CPK
ED_DTE
ED_FE
ED_ALE
ED_ATNI
ED_OTTR
ED_DUK
ED_ITC
ED_EXC
ED_PLT
ED_PPL
ED_SHEN
ED_T
ED_VOD
ED_IDT
ED_IDA
ED_SRE
ES_IQNT
ES_CWCO
ES_WGL
ES_NJR
ES_YORW
ES_EIX
ES_OKE
ES_WMB
ES_NWE
ES_NWN
ES_BKH
ES_SJW
ES_SJI
ES_MSEX
ES_CPK
ES_DTE
ES_FE
ES_ALE
ES_ATNI
ES_OTTR
ES_DUK
ES_ITC
ES_EXC
ES_PLT
ES_PPL
ES_SHEN
ES_T
ES_VOD
ES_IDT
ES_IDA
ES_SRE
IQNT_CWCO
IQNT_WGL
IQNT_NJR
IQNT_YORW
IQNT_EIX
IQNT_OKE
IQNT_WMB
IQNT_NWE
IQNT_NWN
IQNT_BKH
IQNT_SJW
IQNT_SJI
IQNT_MSEX
IQNT_CPK
IQNT_DTE
IQNT_FE
IQNT_ALE
IQNT_ATNI
IQNT_OTTR
IQNT_DUK
IQNT_ITC
IQNT_EXC
IQNT_PLT
IQNT_PPL
IQNT_SHEN
IQNT_T
IQNT_VOD
IQNT_IDT
IQNT_IDA
IQNT_SRE
CWCO_WGL
CWCO_NJR
CWCO_YORW
CWCO_EIX
CWCO_OKE
CWCO_WMB
CWCO_NWE
CWCO_NWN
CWCO_BKH
CWCO_SJW
CWCO_SJI
CWCO_MSEX
CWCO_CPK
CWCO_DTE
CWCO_FE
CWCO_ALE
CWCO_ATNI
CWCO_OTTR
CWCO_DUK
CWCO_ITC
CWCO_EXC
CWCO_PLT
CWCO_PPL
CWCO_SHEN
CWCO_T
CWCO_VOD
CWCO_IDT
CWCO_IDA
CWCO_SRE
WGL_NJR
WGL_YORW
WGL_EIX
WGL_OKE
WGL_WMB
WGL_NWE
WGL_NWN
WGL_BKH
WGL_SJW
WGL_SJI
WGL_MSEX
WGL_CPK
WGL_DTE
WGL_FE
WGL_ALE
WGL_ATNI
WGL_OTTR
WGL_DUK
WGL_ITC
WGL_EXC
WGL_PLT
WGL_PPL
WGL_SHEN
WGL_T
WGL_VOD
WGL_IDT
WGL_IDA
WGL_SRE
NJR_YORW
NJR_EIX
NJR_OKE
NJR_WMB
NJR_NWE
NJR_NWN
NJR_BKH
NJR_SJW
NJR_SJI
NJR_MSEX
NJR_CPK
NJR_DTE
NJR_FE
NJR_ALE
NJR_ATNI
NJR_OTTR
NJR_DUK
NJR_ITC
NJR_EXC
NJR_PLT
NJR_PPL
NJR_SHEN
NJR_T
NJR_VOD
NJR_IDT
NJR_IDA
NJR_SRE
YORW_EIX
YORW_OKE
YORW_WMB
YORW_NWE
YORW_NWN
YORW_BKH
YORW_SJW
YORW_SJI
YORW_MSEX
YORW_CPK
YORW_DTE
YORW_FE
YORW_ALE
YORW_ATNI
YORW_OTTR
YORW_DUK
YORW_ITC
YORW_EXC
YORW_PLT
YORW_PPL
YORW_SHEN
YORW_T
YORW_VOD
YORW_IDT
YORW_IDA
YORW_SRE
EIX_OKE
EIX_WMB
EIX_NWE
EIX_NWN
EIX_BKH
EIX_SJW
EIX_SJI
EIX_MSEX
EIX_CPK
EIX_DTE
EIX_FE
EIX_ALE
EIX_ATNI
EIX_OTTR
EIX_DUK
EIX_ITC
EIX_EXC
EIX_PLT
EIX_PPL
EIX_SHEN
EIX_T
EIX_VOD
EIX_IDT
EIX_IDA
EIX_SRE
OKE_WMB
OKE_NWE
OKE_NWN
OKE_BKH
OKE_SJW
OKE_SJI
OKE_MSEX
OKE_CPK
OKE_DTE
OKE_FE
OKE_ALE
OKE_ATNI
OKE_OTTR
OKE_DUK
OKE_ITC
OKE_EXC
OKE_PLT
OKE_PPL
OKE_SHEN
OKE_T
OKE_VOD
OKE_IDT
OKE_IDA
OKE_SRE
WMB_NWE
WMB_NWN
WMB_BKH
WMB_SJW
WMB_SJI
WMB_MSEX
WMB_CPK
WMB_DTE
WMB_FE
WMB_ALE
WMB_ATNI
WMB_OTTR
WMB_DUK
WMB_ITC
WMB_EXC
WMB_PLT
WMB_PPL
WMB_SHEN
WMB_T
WMB_VOD
WMB_IDT
WMB_IDA
WMB_SRE
NWE_NWN
NWE_BKH
NWE_SJW
NWE_SJI
NWE_MSEX
NWE_CPK
NWE_DTE
NWE_FE
NWE_ALE
NWE_ATNI
NWE_OTTR
NWE_DUK
NWE_ITC
NWE_EXC
NWE_PLT
NWE_PPL
NWE_SHEN
NWE_T
NWE_VOD
NWE_IDT
NWE_IDA
NWE_SRE
NWN_BKH
NWN_SJW
NWN_SJI
NWN_MSEX
NWN_CPK
NWN_DTE
NWN_FE
NWN_ALE
NWN_ATNI
NWN_OTTR
NWN_DUK
NWN_ITC
NWN_EXC
NWN_PLT
NWN_PPL
NWN_SHEN
NWN_T
NWN_VOD
NWN_IDT
NWN_IDA
NWN_SRE
BKH_SJW
BKH_SJI
BKH_MSEX
BKH_CPK
BKH_DTE
BKH_FE
BKH_ALE
BKH_ATNI
BKH_OTTR
BKH_DUK
BKH_ITC
BKH_EXC
BKH_PLT
BKH_PPL
BKH_SHEN
BKH_T
BKH_VOD
BKH_IDT
BKH_IDA
BKH_SRE
SJW_SJI
SJW_MSEX
SJW_CPK
SJW_DTE
SJW_FE
SJW_ALE
SJW_ATNI
SJW_OTTR
SJW_DUK
SJW_ITC
SJW_EXC
SJW_PLT
SJW_PPL
SJW_SHEN
SJW_T
SJW_VOD
SJW_IDT
SJW_IDA
SJW_SRE
SJI_MSEX
SJI_CPK
SJI_DTE
SJI_FE
SJI_ALE
SJI_ATNI
SJI_OTTR
SJI_DUK
SJI_ITC
SJI_EXC
SJI_PLT
SJI_PPL
SJI_SHEN
SJI_T
SJI_VOD
SJI_IDT
SJI_IDA
SJI_SRE
MSEX_CPK
MSEX_DTE
MSEX_FE
MSEX_ALE
MSEX_ATNI
MSEX_OTTR
MSEX_DUK
MSEX_ITC
MSEX_EXC
MSEX_PLT
MSEX_PPL
MSEX_SHEN
MSEX_T
MSEX_VOD
MSEX_IDT
MSEX_IDA
MSEX_SRE
CPK_DTE
CPK_FE
CPK_ALE
CPK_ATNI
CPK_OTTR
CPK_DUK
CPK_ITC
CPK_EXC
CPK_PLT
CPK_PPL
CPK_SHEN
CPK_T
CPK_VOD
CPK_IDT
CPK_IDA
CPK_SRE
DTE_FE
DTE_ALE
DTE_ATNI
DTE_OTTR
DTE_DUK
DTE_ITC
DTE_EXC
DTE_PLT
DTE_PPL
DTE_SHEN
DTE_T
DTE_VOD
DTE_IDT
DTE_IDA
DTE_SRE
FE_ALE
FE_ATNI
FE_OTTR
FE_DUK
FE_ITC
FE_EXC
FE_PLT
FE_PPL
FE_SHEN
FE_T
FE_VOD
FE_IDT
FE_IDA
FE_SRE
ALE_ATNI
ALE_OTTR
ALE_DUK
ALE_ITC
ALE_EXC
ALE_PLT
ALE_PPL
ALE_SHEN
ALE_T
ALE_VOD
ALE_IDT
ALE_IDA
ALE_SRE
ATNI_OTTR
ATNI_DUK
ATNI_ITC
ATNI_EXC
ATNI_PLT
ATNI_PPL
ATNI_SHEN
ATNI_T
ATNI_VOD
ATNI_IDT
ATNI_IDA
ATNI_SRE
OTTR_DUK
OTTR_ITC
OTTR_EXC
OTTR_PLT
OTTR_PPL
OTTR_SHEN
OTTR_T
OTTR_VOD
OTTR_IDT
OTTR_IDA
OTTR_SRE
DUK_ITC
DUK_EXC
DUK_PLT
DUK_PPL
DUK_SHEN
DUK_T
DUK_VOD
DUK_IDT
DUK_IDA
DUK_SRE
ITC_EXC
ITC_PLT
ITC_PPL
ITC_SHEN
ITC_T
ITC_VOD
ITC_IDT
ITC_IDA
ITC_SRE
EXC_PLT
EXC_PPL
EXC_SHEN
EXC_T
EXC_VOD
EXC_IDT
EXC_IDA
EXC_SRE
PLT_PPL
PLT_SHEN
PLT_T
PLT_VOD
PLT_IDT
PLT_IDA
PLT_SRE
PPL_SHEN
PPL_T
PPL_VOD
PPL_IDT
PPL_IDA
PPL_SRE
SHEN_T
SHEN_VOD
SHEN_IDT
SHEN_IDA
SHEN_SRE
T_VOD
T_IDT
T_IDA
T_SRE
VOD_IDT
VOD_IDA
VOD_SRE
IDT_IDA
IDT_SRE
IDA_SRE
