GT_CPRT
GT_CTB
GT_WHR
GT_SAH
GT_DAKT
GT_FELE
GT_DLX
GT_IPHS
GT_PAG
GT_TILE
GT_INWK
GT_KMB
GT_HNI
GT_ETH
GT_RUSHA
GT_USNA
GT_LFUS
GT_SCS
GT_AVY
GT_BRC
GT_MLHR
GT_CENTA
GT_POWL
GT_SCHN
GT_IRBT
GT_CLX
GT_ACCO
GT_KNL
GT_HELE
GT_CASY
GT_AIT
GT_HOFT
GT_ESE
GT_LEG
GT_AZZ
GT_FLXS
GT_BLL
GT_LZB
GT_SON
GT_AOS
GT_AYI
GT_BMS
GT_JCI
GT_BEAV
GT_RBC
GT_CRMT
GT_HWKN
GT_MHK
GT_KAMN
GT_WSO
GT_CCK
GT_OI
GT_AME
GT_AN
GT_LAD
GT_CODI
GT_LYTS
GT_SLGN
GT_ABG
GT_PKG
GT_NC
GT_ASH
GT_POOL
GT_GPI
GT_GPK
GT_SCSS
GT_TPX
GT_BSET
GT_KMX
CPRT_CTB
CPRT_WHR
CPRT_SAH
CPRT_DAKT
CPRT_FELE
CPRT_DLX
CPRT_IPHS
CPRT_PAG
CPRT_TILE
CPRT_INWK
CPRT_KMB
CPRT_HNI
CPRT_ETH
CPRT_RUSHA
CPRT_USNA
CPRT_LFUS
CPRT_SCS
CPRT_AVY
CPRT_BRC
CPRT_MLHR
CPRT_CENTA
CPRT_POWL
CPRT_SCHN
CPRT_IRBT
CPRT_CLX
CPRT_ACCO
CPRT_KNL
CPRT_HELE
CPRT_CASY
CPRT_AIT
CPRT_HOFT
CPRT_ESE
CPRT_LEG
CPRT_AZZ
CPRT_FLXS
CPRT_BLL
CPRT_LZB
CPRT_SON
CPRT_AOS
CPRT_AYI
CPRT_BMS
CPRT_JCI
CPRT_BEAV
CPRT_RBC
CPRT_CRMT
CPRT_HWKN
CPRT_MHK
CPRT_KAMN
CPRT_WSO
CPRT_CCK
CPRT_OI
CPRT_AME
CPRT_AN
CPRT_LAD
CPRT_CODI
CPRT_LYTS
CPRT_SLGN
CPRT_ABG
CPRT_PKG
CPRT_NC
CPRT_ASH
CPRT_POOL
CPRT_GPI
CPRT_GPK
CPRT_SCSS
CPRT_TPX
CPRT_BSET
CPRT_KMX
CTB_WHR
CTB_SAH
CTB_DAKT
CTB_FELE
CTB_DLX
CTB_IPHS
CTB_PAG
CTB_TILE
CTB_INWK
CTB_KMB
CTB_HNI
CTB_ETH
CTB_RUSHA
CTB_USNA
CTB_LFUS
CTB_SCS
CTB_AVY
CTB_BRC
CTB_MLHR
CTB_CENTA
CTB_POWL
CTB_SCHN
CTB_IRBT
CTB_CLX
CTB_ACCO
CTB_KNL
CTB_HELE
CTB_CASY
CTB_AIT
CTB_HOFT
CTB_ESE
CTB_LEG
CTB_AZZ
CTB_FLXS
CTB_BLL
CTB_LZB
CTB_SON
CTB_AOS
CTB_AYI
CTB_BMS
CTB_JCI
CTB_BEAV
CTB_RBC
CTB_CRMT
CTB_HWKN
CTB_MHK
CTB_KAMN
CTB_WSO
CTB_CCK
CTB_OI
CTB_AME
CTB_AN
CTB_LAD
CTB_CODI
CTB_LYTS
CTB_SLGN
CTB_ABG
CTB_PKG
CTB_NC
CTB_ASH
CTB_POOL
CTB_GPI
CTB_GPK
CTB_SCSS
CTB_TPX
CTB_BSET
CTB_KMX
WHR_SAH
WHR_DAKT
WHR_FELE
WHR_DLX
WHR_IPHS
WHR_PAG
WHR_TILE
WHR_INWK
WHR_KMB
WHR_HNI
WHR_ETH
WHR_RUSHA
WHR_USNA
WHR_LFUS
WHR_SCS
WHR_AVY
WHR_BRC
WHR_MLHR
WHR_CENTA
WHR_POWL
WHR_SCHN
WHR_IRBT
WHR_CLX
WHR_ACCO
WHR_KNL
WHR_HELE
WHR_CASY
WHR_AIT
WHR_HOFT
WHR_ESE
WHR_LEG
WHR_AZZ
WHR_FLXS
WHR_BLL
WHR_LZB
WHR_SON
WHR_AOS
WHR_AYI
WHR_BMS
WHR_JCI
WHR_BEAV
WHR_RBC
WHR_CRMT
WHR_HWKN
WHR_MHK
WHR_KAMN
WHR_WSO
WHR_CCK
WHR_OI
WHR_AME
WHR_AN
WHR_LAD
WHR_CODI
WHR_LYTS
WHR_SLGN
WHR_ABG
WHR_PKG
WHR_NC
WHR_ASH
WHR_POOL
WHR_GPI
WHR_GPK
WHR_SCSS
WHR_TPX
WHR_BSET
WHR_KMX
SAH_DAKT
SAH_FELE
SAH_DLX
SAH_IPHS
SAH_PAG
SAH_TILE
SAH_INWK
SAH_KMB
SAH_HNI
SAH_ETH
SAH_RUSHA
SAH_USNA
SAH_LFUS
SAH_SCS
SAH_AVY
SAH_BRC
SAH_MLHR
SAH_CENTA
SAH_POWL
SAH_SCHN
SAH_IRBT
SAH_CLX
SAH_ACCO
SAH_KNL
SAH_HELE
SAH_CASY
SAH_AIT
SAH_HOFT
SAH_ESE
SAH_LEG
SAH_AZZ
SAH_FLXS
SAH_BLL
SAH_LZB
SAH_SON
SAH_AOS
SAH_AYI
SAH_BMS
SAH_JCI
SAH_BEAV
SAH_RBC
SAH_CRMT
SAH_HWKN
SAH_MHK
SAH_KAMN
SAH_WSO
SAH_CCK
SAH_OI
SAH_AME
SAH_AN
SAH_LAD
SAH_CODI
SAH_LYTS
SAH_SLGN
SAH_ABG
SAH_PKG
SAH_NC
SAH_ASH
SAH_POOL
SAH_GPI
SAH_GPK
SAH_SCSS
SAH_TPX
SAH_BSET
SAH_KMX
DAKT_FELE
DAKT_DLX
DAKT_IPHS
DAKT_PAG
DAKT_TILE
DAKT_INWK
DAKT_KMB
DAKT_HNI
DAKT_ETH
DAKT_RUSHA
DAKT_USNA
DAKT_LFUS
DAKT_SCS
DAKT_AVY
DAKT_BRC
DAKT_MLHR
DAKT_CENTA
DAKT_POWL
DAKT_SCHN
DAKT_IRBT
DAKT_CLX
DAKT_ACCO
DAKT_KNL
DAKT_HELE
DAKT_CASY
DAKT_AIT
DAKT_HOFT
DAKT_ESE
DAKT_LEG
DAKT_AZZ
DAKT_FLXS
DAKT_BLL
DAKT_LZB
DAKT_SON
DAKT_AOS
DAKT_AYI
DAKT_BMS
DAKT_JCI
DAKT_BEAV
DAKT_RBC
DAKT_CRMT
DAKT_HWKN
DAKT_MHK
DAKT_KAMN
DAKT_WSO
DAKT_CCK
DAKT_OI
DAKT_AME
DAKT_AN
DAKT_LAD
DAKT_CODI
DAKT_LYTS
DAKT_SLGN
DAKT_ABG
DAKT_PKG
DAKT_NC
DAKT_ASH
DAKT_POOL
DAKT_GPI
DAKT_GPK
DAKT_SCSS
DAKT_TPX
DAKT_BSET
DAKT_KMX
FELE_DLX
FELE_IPHS
FELE_PAG
FELE_TILE
FELE_INWK
FELE_KMB
FELE_HNI
FELE_ETH
FELE_RUSHA
FELE_USNA
FELE_LFUS
FELE_SCS
FELE_AVY
FELE_BRC
FELE_MLHR
FELE_CENTA
FELE_POWL
FELE_SCHN
FELE_IRBT
FELE_CLX
FELE_ACCO
FELE_KNL
FELE_HELE
FELE_CASY
FELE_AIT
FELE_HOFT
FELE_ESE
FELE_LEG
FELE_AZZ
FELE_FLXS
FELE_BLL
FELE_LZB
FELE_SON
FELE_AOS
FELE_AYI
FELE_BMS
FELE_JCI
FELE_BEAV
FELE_RBC
FELE_CRMT
FELE_HWKN
FELE_MHK
FELE_KAMN
FELE_WSO
FELE_CCK
FELE_OI
FELE_AME
FELE_AN
FELE_LAD
FELE_CODI
FELE_LYTS
FELE_SLGN
FELE_ABG
FELE_PKG
FELE_NC
FELE_ASH
FELE_POOL
FELE_GPI
FELE_GPK
FELE_SCSS
FELE_TPX
FELE_BSET
FELE_KMX
DLX_IPHS
DLX_PAG
DLX_TILE
DLX_INWK
DLX_KMB
DLX_HNI
DLX_ETH
DLX_RUSHA
DLX_USNA
DLX_LFUS
DLX_SCS
DLX_AVY
DLX_BRC
DLX_MLHR
DLX_CENTA
DLX_POWL
DLX_SCHN
DLX_IRBT
DLX_CLX
DLX_ACCO
DLX_KNL
DLX_HELE
DLX_CASY
DLX_AIT
DLX_HOFT
DLX_ESE
DLX_LEG
DLX_AZZ
DLX_FLXS
DLX_BLL
DLX_LZB
DLX_SON
DLX_AOS
DLX_AYI
DLX_BMS
DLX_JCI
DLX_BEAV
DLX_RBC
DLX_CRMT
DLX_HWKN
DLX_MHK
DLX_KAMN
DLX_WSO
DLX_CCK
DLX_OI
DLX_AME
DLX_AN
DLX_LAD
DLX_CODI
DLX_LYTS
DLX_SLGN
DLX_ABG
DLX_PKG
DLX_NC
DLX_ASH
DLX_POOL
DLX_GPI
DLX_GPK
DLX_SCSS
DLX_TPX
DLX_BSET
DLX_KMX
IPHS_PAG
IPHS_TILE
IPHS_INWK
IPHS_KMB
IPHS_HNI
IPHS_ETH
IPHS_RUSHA
IPHS_USNA
IPHS_LFUS
IPHS_SCS
IPHS_AVY
IPHS_BRC
IPHS_MLHR
IPHS_CENTA
IPHS_POWL
IPHS_SCHN
IPHS_IRBT
IPHS_CLX
IPHS_ACCO
IPHS_KNL
IPHS_HELE
IPHS_CASY
IPHS_AIT
IPHS_HOFT
IPHS_ESE
IPHS_LEG
IPHS_AZZ
IPHS_FLXS
IPHS_BLL
IPHS_LZB
IPHS_SON
IPHS_AOS
IPHS_AYI
IPHS_BMS
IPHS_JCI
IPHS_BEAV
IPHS_RBC
IPHS_CRMT
IPHS_HWKN
IPHS_MHK
IPHS_KAMN
IPHS_WSO
IPHS_CCK
IPHS_OI
IPHS_AME
IPHS_AN
IPHS_LAD
IPHS_CODI
IPHS_LYTS
IPHS_SLGN
IPHS_ABG
IPHS_PKG
IPHS_NC
IPHS_ASH
IPHS_POOL
IPHS_GPI
IPHS_GPK
IPHS_SCSS
IPHS_TPX
IPHS_BSET
IPHS_KMX
PAG_TILE
PAG_INWK
PAG_KMB
PAG_HNI
PAG_ETH
PAG_RUSHA
PAG_USNA
PAG_LFUS
PAG_SCS
PAG_AVY
PAG_BRC
PAG_MLHR
PAG_CENTA
PAG_POWL
PAG_SCHN
PAG_IRBT
PAG_CLX
PAG_ACCO
PAG_KNL
PAG_HELE
PAG_CASY
PAG_AIT
PAG_HOFT
PAG_ESE
PAG_LEG
PAG_AZZ
PAG_FLXS
PAG_BLL
PAG_LZB
PAG_SON
PAG_AOS
PAG_AYI
PAG_BMS
PAG_JCI
PAG_BEAV
PAG_RBC
PAG_CRMT
PAG_HWKN
PAG_MHK
PAG_KAMN
PAG_WSO
PAG_CCK
PAG_OI
PAG_AME
PAG_AN
PAG_LAD
PAG_CODI
PAG_LYTS
PAG_SLGN
PAG_ABG
PAG_PKG
PAG_NC
PAG_ASH
PAG_POOL
PAG_GPI
PAG_GPK
PAG_SCSS
PAG_TPX
PAG_BSET
PAG_KMX
TILE_INWK
TILE_KMB
TILE_HNI
TILE_ETH
TILE_RUSHA
TILE_USNA
TILE_LFUS
TILE_SCS
TILE_AVY
TILE_BRC
TILE_MLHR
TILE_CENTA
TILE_POWL
TILE_SCHN
TILE_IRBT
TILE_CLX
TILE_ACCO
TILE_KNL
TILE_HELE
TILE_CASY
TILE_AIT
TILE_HOFT
TILE_ESE
TILE_LEG
TILE_AZZ
TILE_FLXS
TILE_BLL
TILE_LZB
TILE_SON
TILE_AOS
TILE_AYI
TILE_BMS
TILE_JCI
TILE_BEAV
TILE_RBC
TILE_CRMT
TILE_HWKN
TILE_MHK
TILE_KAMN
TILE_WSO
TILE_CCK
TILE_OI
TILE_AME
TILE_AN
TILE_LAD
TILE_CODI
TILE_LYTS
TILE_SLGN
TILE_ABG
TILE_PKG
TILE_NC
TILE_ASH
TILE_POOL
TILE_GPI
TILE_GPK
TILE_SCSS
TILE_TPX
TILE_BSET
TILE_KMX
INWK_KMB
INWK_HNI
INWK_ETH
INWK_RUSHA
INWK_USNA
INWK_LFUS
INWK_SCS
INWK_AVY
INWK_BRC
INWK_MLHR
INWK_CENTA
INWK_POWL
INWK_SCHN
INWK_IRBT
INWK_CLX
INWK_ACCO
INWK_KNL
INWK_HELE
INWK_CASY
INWK_AIT
INWK_HOFT
INWK_ESE
INWK_LEG
INWK_AZZ
INWK_FLXS
INWK_BLL
INWK_LZB
INWK_SON
INWK_AOS
INWK_AYI
INWK_BMS
INWK_JCI
INWK_BEAV
INWK_RBC
INWK_CRMT
INWK_HWKN
INWK_MHK
INWK_KAMN
INWK_WSO
INWK_CCK
INWK_OI
INWK_AME
INWK_AN
INWK_LAD
INWK_CODI
INWK_LYTS
INWK_SLGN
INWK_ABG
INWK_PKG
INWK_NC
INWK_ASH
INWK_POOL
INWK_GPI
INWK_GPK
INWK_SCSS
INWK_TPX
INWK_BSET
INWK_KMX
KMB_HNI
KMB_ETH
KMB_RUSHA
KMB_USNA
KMB_LFUS
KMB_SCS
KMB_AVY
KMB_BRC
KMB_MLHR
KMB_CENTA
KMB_POWL
KMB_SCHN
KMB_IRBT
KMB_CLX
KMB_ACCO
KMB_KNL
KMB_HELE
KMB_CASY
KMB_AIT
KMB_HOFT
KMB_ESE
KMB_LEG
KMB_AZZ
KMB_FLXS
KMB_BLL
KMB_LZB
KMB_SON
KMB_AOS
KMB_AYI
KMB_BMS
KMB_JCI
KMB_BEAV
KMB_RBC
KMB_CRMT
KMB_HWKN
KMB_MHK
KMB_KAMN
KMB_WSO
KMB_CCK
KMB_OI
KMB_AME
KMB_AN
KMB_LAD
KMB_CODI
KMB_LYTS
KMB_SLGN
KMB_ABG
KMB_PKG
KMB_NC
KMB_ASH
KMB_POOL
KMB_GPI
KMB_GPK
KMB_SCSS
KMB_TPX
KMB_BSET
KMB_KMX
HNI_ETH
HNI_RUSHA
HNI_USNA
HNI_LFUS
HNI_SCS
HNI_AVY
HNI_BRC
HNI_MLHR
HNI_CENTA
HNI_POWL
HNI_SCHN
HNI_IRBT
HNI_CLX
HNI_ACCO
HNI_KNL
HNI_HELE
HNI_CASY
HNI_AIT
HNI_HOFT
HNI_ESE
HNI_LEG
HNI_AZZ
HNI_FLXS
HNI_BLL
HNI_LZB
HNI_SON
HNI_AOS
HNI_AYI
HNI_BMS
HNI_JCI
HNI_BEAV
HNI_RBC
HNI_CRMT
HNI_HWKN
HNI_MHK
HNI_KAMN
HNI_WSO
HNI_CCK
HNI_OI
HNI_AME
HNI_AN
HNI_LAD
HNI_CODI
HNI_LYTS
HNI_SLGN
HNI_ABG
HNI_PKG
HNI_NC
HNI_ASH
HNI_POOL
HNI_GPI
HNI_GPK
HNI_SCSS
HNI_TPX
HNI_BSET
HNI_KMX
ETH_RUSHA
ETH_USNA
ETH_LFUS
ETH_SCS
ETH_AVY
ETH_BRC
ETH_MLHR
ETH_CENTA
ETH_POWL
ETH_SCHN
ETH_IRBT
ETH_CLX
ETH_ACCO
ETH_KNL
ETH_HELE
ETH_CASY
ETH_AIT
ETH_HOFT
ETH_ESE
ETH_LEG
ETH_AZZ
ETH_FLXS
ETH_BLL
ETH_LZB
ETH_SON
ETH_AOS
ETH_AYI
ETH_BMS
ETH_JCI
ETH_BEAV
ETH_RBC
ETH_CRMT
ETH_HWKN
ETH_MHK
ETH_KAMN
ETH_WSO
ETH_CCK
ETH_OI
ETH_AME
ETH_AN
ETH_LAD
ETH_CODI
ETH_LYTS
ETH_SLGN
ETH_ABG
ETH_PKG
ETH_NC
ETH_ASH
ETH_POOL
ETH_GPI
ETH_GPK
ETH_SCSS
ETH_TPX
ETH_BSET
ETH_KMX
RUSHA_USNA
RUSHA_LFUS
RUSHA_SCS
RUSHA_AVY
RUSHA_BRC
RUSHA_MLHR
RUSHA_CENTA
RUSHA_POWL
RUSHA_SCHN
RUSHA_IRBT
RUSHA_CLX
RUSHA_ACCO
RUSHA_KNL
RUSHA_HELE
RUSHA_CASY
RUSHA_AIT
RUSHA_HOFT
RUSHA_ESE
RUSHA_LEG
RUSHA_AZZ
RUSHA_FLXS
RUSHA_BLL
RUSHA_LZB
RUSHA_SON
RUSHA_AOS
RUSHA_AYI
RUSHA_BMS
RUSHA_JCI
RUSHA_BEAV
RUSHA_RBC
RUSHA_CRMT
RUSHA_HWKN
RUSHA_MHK
RUSHA_KAMN
RUSHA_WSO
RUSHA_CCK
RUSHA_OI
RUSHA_AME
RUSHA_AN
RUSHA_LAD
RUSHA_CODI
RUSHA_LYTS
RUSHA_SLGN
RUSHA_ABG
RUSHA_PKG
RUSHA_NC
RUSHA_ASH
RUSHA_POOL
RUSHA_GPI
RUSHA_GPK
RUSHA_SCSS
RUSHA_TPX
RUSHA_BSET
RUSHA_KMX
USNA_LFUS
USNA_SCS
USNA_AVY
USNA_BRC
USNA_MLHR
USNA_CENTA
USNA_POWL
USNA_SCHN
USNA_IRBT
USNA_CLX
USNA_ACCO
USNA_KNL
USNA_HELE
USNA_CASY
USNA_AIT
USNA_HOFT
USNA_ESE
USNA_LEG
USNA_AZZ
USNA_FLXS
USNA_BLL
USNA_LZB
USNA_SON
USNA_AOS
USNA_AYI
USNA_BMS
USNA_JCI
USNA_BEAV
USNA_RBC
USNA_CRMT
USNA_HWKN
USNA_MHK
USNA_KAMN
USNA_WSO
USNA_CCK
USNA_OI
USNA_AME
USNA_AN
USNA_LAD
USNA_CODI
USNA_LYTS
USNA_SLGN
USNA_ABG
USNA_PKG
USNA_NC
USNA_ASH
USNA_POOL
USNA_GPI
USNA_GPK
USNA_SCSS
USNA_TPX
USNA_BSET
USNA_KMX
LFUS_SCS
LFUS_AVY
LFUS_BRC
LFUS_MLHR
LFUS_CENTA
LFUS_POWL
LFUS_SCHN
LFUS_IRBT
LFUS_CLX
LFUS_ACCO
LFUS_KNL
LFUS_HELE
LFUS_CASY
LFUS_AIT
LFUS_HOFT
LFUS_ESE
LFUS_LEG
LFUS_AZZ
LFUS_FLXS
LFUS_BLL
LFUS_LZB
LFUS_SON
LFUS_AOS
LFUS_AYI
LFUS_BMS
LFUS_JCI
LFUS_BEAV
LFUS_RBC
LFUS_CRMT
LFUS_HWKN
LFUS_MHK
LFUS_KAMN
LFUS_WSO
LFUS_CCK
LFUS_OI
LFUS_AME
LFUS_AN
LFUS_LAD
LFUS_CODI
LFUS_LYTS
LFUS_SLGN
LFUS_ABG
LFUS_PKG
LFUS_NC
LFUS_ASH
LFUS_POOL
LFUS_GPI
LFUS_GPK
LFUS_SCSS
LFUS_TPX
LFUS_BSET
LFUS_KMX
SCS_AVY
SCS_BRC
SCS_MLHR
SCS_CENTA
SCS_POWL
SCS_SCHN
SCS_IRBT
SCS_CLX
SCS_ACCO
SCS_KNL
SCS_HELE
SCS_CASY
SCS_AIT
SCS_HOFT
SCS_ESE
SCS_LEG
SCS_AZZ
SCS_FLXS
SCS_BLL
SCS_LZB
SCS_SON
SCS_AOS
SCS_AYI
SCS_BMS
SCS_JCI
SCS_BEAV
SCS_RBC
SCS_CRMT
SCS_HWKN
SCS_MHK
SCS_KAMN
SCS_WSO
SCS_CCK
SCS_OI
SCS_AME
SCS_AN
SCS_LAD
SCS_CODI
SCS_LYTS
SCS_SLGN
SCS_ABG
SCS_PKG
SCS_NC
SCS_ASH
SCS_POOL
SCS_GPI
SCS_GPK
SCS_SCSS
SCS_TPX
SCS_BSET
SCS_KMX
AVY_BRC
AVY_MLHR
AVY_CENTA
AVY_POWL
AVY_SCHN
AVY_IRBT
AVY_CLX
AVY_ACCO
AVY_KNL
AVY_HELE
AVY_CASY
AVY_AIT
AVY_HOFT
AVY_ESE
AVY_LEG
AVY_AZZ
AVY_FLXS
AVY_BLL
AVY_LZB
AVY_SON
AVY_AOS
AVY_AYI
AVY_BMS
AVY_JCI
AVY_BEAV
AVY_RBC
AVY_CRMT
AVY_HWKN
AVY_MHK
AVY_KAMN
AVY_WSO
AVY_CCK
AVY_OI
AVY_AME
AVY_AN
AVY_LAD
AVY_CODI
AVY_LYTS
AVY_SLGN
AVY_ABG
AVY_PKG
AVY_NC
AVY_ASH
AVY_POOL
AVY_GPI
AVY_GPK
AVY_SCSS
AVY_TPX
AVY_BSET
AVY_KMX
BRC_MLHR
BRC_CENTA
BRC_POWL
BRC_SCHN
BRC_IRBT
BRC_CLX
BRC_ACCO
BRC_KNL
BRC_HELE
BRC_CASY
BRC_AIT
BRC_HOFT
BRC_ESE
BRC_LEG
BRC_AZZ
BRC_FLXS
BRC_BLL
BRC_LZB
BRC_SON
BRC_AOS
BRC_AYI
BRC_BMS
BRC_JCI
BRC_BEAV
BRC_RBC
BRC_CRMT
BRC_HWKN
BRC_MHK
BRC_KAMN
BRC_WSO
BRC_CCK
BRC_OI
BRC_AME
BRC_AN
BRC_LAD
BRC_CODI
BRC_LYTS
BRC_SLGN
BRC_ABG
BRC_PKG
BRC_NC
BRC_ASH
BRC_POOL
BRC_GPI
BRC_GPK
BRC_SCSS
BRC_TPX
BRC_BSET
BRC_KMX
MLHR_CENTA
MLHR_POWL
MLHR_SCHN
MLHR_IRBT
MLHR_CLX
MLHR_ACCO
MLHR_KNL
MLHR_HELE
MLHR_CASY
MLHR_AIT
MLHR_HOFT
MLHR_ESE
MLHR_LEG
MLHR_AZZ
MLHR_FLXS
MLHR_BLL
MLHR_LZB
MLHR_SON
MLHR_AOS
MLHR_AYI
MLHR_BMS
MLHR_JCI
MLHR_BEAV
MLHR_RBC
MLHR_CRMT
MLHR_HWKN
MLHR_MHK
MLHR_KAMN
MLHR_WSO
MLHR_CCK
MLHR_OI
MLHR_AME
MLHR_AN
MLHR_LAD
MLHR_CODI
MLHR_LYTS
MLHR_SLGN
MLHR_ABG
MLHR_PKG
MLHR_NC
MLHR_ASH
MLHR_POOL
MLHR_GPI
MLHR_GPK
MLHR_SCSS
MLHR_TPX
MLHR_BSET
MLHR_KMX
CENTA_POWL
CENTA_SCHN
CENTA_IRBT
CENTA_CLX
CENTA_ACCO
CENTA_KNL
CENTA_HELE
CENTA_CASY
CENTA_AIT
CENTA_HOFT
CENTA_ESE
CENTA_LEG
CENTA_AZZ
CENTA_FLXS
CENTA_BLL
CENTA_LZB
CENTA_SON
CENTA_AOS
CENTA_AYI
CENTA_BMS
CENTA_JCI
CENTA_BEAV
CENTA_RBC
CENTA_CRMT
CENTA_HWKN
CENTA_MHK
CENTA_KAMN
CENTA_WSO
CENTA_CCK
CENTA_OI
CENTA_AME
CENTA_AN
CENTA_LAD
CENTA_CODI
CENTA_LYTS
CENTA_SLGN
CENTA_ABG
CENTA_PKG
CENTA_NC
CENTA_ASH
CENTA_POOL
CENTA_GPI
CENTA_GPK
CENTA_SCSS
CENTA_TPX
CENTA_BSET
CENTA_KMX
POWL_SCHN
POWL_IRBT
POWL_CLX
POWL_ACCO
POWL_KNL
POWL_HELE
POWL_CASY
POWL_AIT
POWL_HOFT
POWL_ESE
POWL_LEG
POWL_AZZ
POWL_FLXS
POWL_BLL
POWL_LZB
POWL_SON
POWL_AOS
POWL_AYI
POWL_BMS
POWL_JCI
POWL_BEAV
POWL_RBC
POWL_CRMT
POWL_HWKN
POWL_MHK
POWL_KAMN
POWL_WSO
POWL_CCK
POWL_OI
POWL_AME
POWL_AN
POWL_LAD
POWL_CODI
POWL_LYTS
POWL_SLGN
POWL_ABG
POWL_PKG
POWL_NC
POWL_ASH
POWL_POOL
POWL_GPI
POWL_GPK
POWL_SCSS
POWL_TPX
POWL_BSET
POWL_KMX
SCHN_IRBT
SCHN_CLX
SCHN_ACCO
SCHN_KNL
SCHN_HELE
SCHN_CASY
SCHN_AIT
SCHN_HOFT
SCHN_ESE
SCHN_LEG
SCHN_AZZ
SCHN_FLXS
SCHN_BLL
SCHN_LZB
SCHN_SON
SCHN_AOS
SCHN_AYI
SCHN_BMS
SCHN_JCI
SCHN_BEAV
SCHN_RBC
SCHN_CRMT
SCHN_HWKN
SCHN_MHK
SCHN_KAMN
SCHN_WSO
SCHN_CCK
SCHN_OI
SCHN_AME
SCHN_AN
SCHN_LAD
SCHN_CODI
SCHN_LYTS
SCHN_SLGN
SCHN_ABG
SCHN_PKG
SCHN_NC
SCHN_ASH
SCHN_POOL
SCHN_GPI
SCHN_GPK
SCHN_SCSS
SCHN_TPX
SCHN_BSET
SCHN_KMX
IRBT_CLX
IRBT_ACCO
IRBT_KNL
IRBT_HELE
IRBT_CASY
IRBT_AIT
IRBT_HOFT
IRBT_ESE
IRBT_LEG
IRBT_AZZ
IRBT_FLXS
IRBT_BLL
IRBT_LZB
IRBT_SON
IRBT_AOS
IRBT_AYI
IRBT_BMS
IRBT_JCI
IRBT_BEAV
IRBT_RBC
IRBT_CRMT
IRBT_HWKN
IRBT_MHK
IRBT_KAMN
IRBT_WSO
IRBT_CCK
IRBT_OI
IRBT_AME
IRBT_AN
IRBT_LAD
IRBT_CODI
IRBT_LYTS
IRBT_SLGN
IRBT_ABG
IRBT_PKG
IRBT_NC
IRBT_ASH
IRBT_POOL
IRBT_GPI
IRBT_GPK
IRBT_SCSS
IRBT_TPX
IRBT_BSET
IRBT_KMX
CLX_ACCO
CLX_KNL
CLX_HELE
CLX_CASY
CLX_AIT
CLX_HOFT
CLX_ESE
CLX_LEG
CLX_AZZ
CLX_FLXS
CLX_BLL
CLX_LZB
CLX_SON
CLX_AOS
CLX_AYI
CLX_BMS
CLX_JCI
CLX_BEAV
CLX_RBC
CLX_CRMT
CLX_HWKN
CLX_MHK
CLX_KAMN
CLX_WSO
CLX_CCK
CLX_OI
CLX_AME
CLX_AN
CLX_LAD
CLX_CODI
CLX_LYTS
CLX_SLGN
CLX_ABG
CLX_PKG
CLX_NC
CLX_ASH
CLX_POOL
CLX_GPI
CLX_GPK
CLX_SCSS
CLX_TPX
CLX_BSET
CLX_KMX
ACCO_KNL
ACCO_HELE
ACCO_CASY
ACCO_AIT
ACCO_HOFT
ACCO_ESE
ACCO_LEG
ACCO_AZZ
ACCO_FLXS
ACCO_BLL
ACCO_LZB
ACCO_SON
ACCO_AOS
ACCO_AYI
ACCO_BMS
ACCO_JCI
ACCO_BEAV
ACCO_RBC
ACCO_CRMT
ACCO_HWKN
ACCO_MHK
ACCO_KAMN
ACCO_WSO
ACCO_CCK
ACCO_OI
ACCO_AME
ACCO_AN
ACCO_LAD
ACCO_CODI
ACCO_LYTS
ACCO_SLGN
ACCO_ABG
ACCO_PKG
ACCO_NC
ACCO_ASH
ACCO_POOL
ACCO_GPI
ACCO_GPK
ACCO_SCSS
ACCO_TPX
ACCO_BSET
ACCO_KMX
KNL_HELE
KNL_CASY
KNL_AIT
KNL_HOFT
KNL_ESE
KNL_LEG
KNL_AZZ
KNL_FLXS
KNL_BLL
KNL_LZB
KNL_SON
KNL_AOS
KNL_AYI
KNL_BMS
KNL_JCI
KNL_BEAV
KNL_RBC
KNL_CRMT
KNL_HWKN
KNL_MHK
KNL_KAMN
KNL_WSO
KNL_CCK
KNL_OI
KNL_AME
KNL_AN
KNL_LAD
KNL_CODI
KNL_LYTS
KNL_SLGN
KNL_ABG
KNL_PKG
KNL_NC
KNL_ASH
KNL_POOL
KNL_GPI
KNL_GPK
KNL_SCSS
KNL_TPX
KNL_BSET
KNL_KMX
HELE_CASY
HELE_AIT
HELE_HOFT
HELE_ESE
HELE_LEG
HELE_AZZ
HELE_FLXS
HELE_BLL
HELE_LZB
HELE_SON
HELE_AOS
HELE_AYI
HELE_BMS
HELE_JCI
HELE_BEAV
HELE_RBC
HELE_CRMT
HELE_HWKN
HELE_MHK
HELE_KAMN
HELE_WSO
HELE_CCK
HELE_OI
HELE_AME
HELE_AN
HELE_LAD
HELE_CODI
HELE_LYTS
HELE_SLGN
HELE_ABG
HELE_PKG
HELE_NC
HELE_ASH
HELE_POOL
HELE_GPI
HELE_GPK
HELE_SCSS
HELE_TPX
HELE_BSET
HELE_KMX
CASY_AIT
CASY_HOFT
CASY_ESE
CASY_LEG
CASY_AZZ
CASY_FLXS
CASY_BLL
CASY_LZB
CASY_SON
CASY_AOS
CASY_AYI
CASY_BMS
CASY_JCI
CASY_BEAV
CASY_RBC
CASY_CRMT
CASY_HWKN
CASY_MHK
CASY_KAMN
CASY_WSO
CASY_CCK
CASY_OI
CASY_AME
CASY_AN
CASY_LAD
CASY_CODI
CASY_LYTS
CASY_SLGN
CASY_ABG
CASY_PKG
CASY_NC
CASY_ASH
CASY_POOL
CASY_GPI
CASY_GPK
CASY_SCSS
CASY_TPX
CASY_BSET
CASY_KMX
AIT_HOFT
AIT_ESE
AIT_LEG
AIT_AZZ
AIT_FLXS
AIT_BLL
AIT_LZB
AIT_SON
AIT_AOS
AIT_AYI
AIT_BMS
AIT_JCI
AIT_BEAV
AIT_RBC
AIT_CRMT
AIT_HWKN
AIT_MHK
AIT_KAMN
AIT_WSO
AIT_CCK
AIT_OI
AIT_AME
AIT_AN
AIT_LAD
AIT_CODI
AIT_LYTS
AIT_SLGN
AIT_ABG
AIT_PKG
AIT_NC
AIT_ASH
AIT_POOL
AIT_GPI
AIT_GPK
AIT_SCSS
AIT_TPX
AIT_BSET
AIT_KMX
HOFT_ESE
HOFT_LEG
HOFT_AZZ
HOFT_FLXS
HOFT_BLL
HOFT_LZB
HOFT_SON
HOFT_AOS
HOFT_AYI
HOFT_BMS
HOFT_JCI
HOFT_BEAV
HOFT_RBC
HOFT_CRMT
HOFT_HWKN
HOFT_MHK
HOFT_KAMN
HOFT_WSO
HOFT_CCK
HOFT_OI
HOFT_AME
HOFT_AN
HOFT_LAD
HOFT_CODI
HOFT_LYTS
HOFT_SLGN
HOFT_ABG
HOFT_PKG
HOFT_NC
HOFT_ASH
HOFT_POOL
HOFT_GPI
HOFT_GPK
HOFT_SCSS
HOFT_TPX
HOFT_BSET
HOFT_KMX
ESE_LEG
ESE_AZZ
ESE_FLXS
ESE_BLL
ESE_LZB
ESE_SON
ESE_AOS
ESE_AYI
ESE_BMS
ESE_JCI
ESE_BEAV
ESE_RBC
ESE_CRMT
ESE_HWKN
ESE_MHK
ESE_KAMN
ESE_WSO
ESE_CCK
ESE_OI
ESE_AME
ESE_AN
ESE_LAD
ESE_CODI
ESE_LYTS
ESE_SLGN
ESE_ABG
ESE_PKG
ESE_NC
ESE_ASH
ESE_POOL
ESE_GPI
ESE_GPK
ESE_SCSS
ESE_TPX
ESE_BSET
ESE_KMX
LEG_AZZ
LEG_FLXS
LEG_BLL
LEG_LZB
LEG_SON
LEG_AOS
LEG_AYI
LEG_BMS
LEG_JCI
LEG_BEAV
LEG_RBC
LEG_CRMT
LEG_HWKN
LEG_MHK
LEG_KAMN
LEG_WSO
LEG_CCK
LEG_OI
LEG_AME
LEG_AN
LEG_LAD
LEG_CODI
LEG_LYTS
LEG_SLGN
LEG_ABG
LEG_PKG
LEG_NC
LEG_ASH
LEG_POOL
LEG_GPI
LEG_GPK
LEG_SCSS
LEG_TPX
LEG_BSET
LEG_KMX
AZZ_FLXS
AZZ_BLL
AZZ_LZB
AZZ_SON
AZZ_AOS
AZZ_AYI
AZZ_BMS
AZZ_JCI
AZZ_BEAV
AZZ_RBC
AZZ_CRMT
AZZ_HWKN
AZZ_MHK
AZZ_KAMN
AZZ_WSO
AZZ_CCK
AZZ_OI
AZZ_AME
AZZ_AN
AZZ_LAD
AZZ_CODI
AZZ_LYTS
AZZ_SLGN
AZZ_ABG
AZZ_PKG
AZZ_NC
AZZ_ASH
AZZ_POOL
AZZ_GPI
AZZ_GPK
AZZ_SCSS
AZZ_TPX
AZZ_BSET
AZZ_KMX
FLXS_BLL
FLXS_LZB
FLXS_SON
FLXS_AOS
FLXS_AYI
FLXS_BMS
FLXS_JCI
FLXS_BEAV
FLXS_RBC
FLXS_CRMT
FLXS_HWKN
FLXS_MHK
FLXS_KAMN
FLXS_WSO
FLXS_CCK
FLXS_OI
FLXS_AME
FLXS_AN
FLXS_LAD
FLXS_CODI
FLXS_LYTS
FLXS_SLGN
FLXS_ABG
FLXS_PKG
FLXS_NC
FLXS_ASH
FLXS_POOL
FLXS_GPI
FLXS_GPK
FLXS_SCSS
FLXS_TPX
FLXS_BSET
FLXS_KMX
BLL_LZB
BLL_SON
BLL_AOS
BLL_AYI
BLL_BMS
BLL_JCI
BLL_BEAV
BLL_RBC
BLL_CRMT
BLL_HWKN
BLL_MHK
BLL_KAMN
BLL_WSO
BLL_CCK
BLL_OI
BLL_AME
BLL_AN
BLL_LAD
BLL_CODI
BLL_LYTS
BLL_SLGN
BLL_ABG
BLL_PKG
BLL_NC
BLL_ASH
BLL_POOL
BLL_GPI
BLL_GPK
BLL_SCSS
BLL_TPX
BLL_BSET
BLL_KMX
LZB_SON
LZB_AOS
LZB_AYI
LZB_BMS
LZB_JCI
LZB_BEAV
LZB_RBC
LZB_CRMT
LZB_HWKN
LZB_MHK
LZB_KAMN
LZB_WSO
LZB_CCK
LZB_OI
LZB_AME
LZB_AN
LZB_LAD
LZB_CODI
LZB_LYTS
LZB_SLGN
LZB_ABG
LZB_PKG
LZB_NC
LZB_ASH
LZB_POOL
LZB_GPI
LZB_GPK
LZB_SCSS
LZB_TPX
LZB_BSET
LZB_KMX
SON_AOS
SON_AYI
SON_BMS
SON_JCI
SON_BEAV
SON_RBC
SON_CRMT
SON_HWKN
SON_MHK
SON_KAMN
SON_WSO
SON_CCK
SON_OI
SON_AME
SON_AN
SON_LAD
SON_CODI
SON_LYTS
SON_SLGN
SON_ABG
SON_PKG
SON_NC
SON_ASH
SON_POOL
SON_GPI
SON_GPK
SON_SCSS
SON_TPX
SON_BSET
SON_KMX
AOS_AYI
AOS_BMS
AOS_JCI
AOS_BEAV
AOS_RBC
AOS_CRMT
AOS_HWKN
AOS_MHK
AOS_KAMN
AOS_WSO
AOS_CCK
AOS_OI
AOS_AME
AOS_AN
AOS_LAD
AOS_CODI
AOS_LYTS
AOS_SLGN
AOS_ABG
AOS_PKG
AOS_NC
AOS_ASH
AOS_POOL
AOS_GPI
AOS_GPK
AOS_SCSS
AOS_TPX
AOS_BSET
AOS_KMX
AYI_BMS
AYI_JCI
AYI_BEAV
AYI_RBC
AYI_CRMT
AYI_HWKN
AYI_MHK
AYI_KAMN
AYI_WSO
AYI_CCK
AYI_OI
AYI_AME
AYI_AN
AYI_LAD
AYI_CODI
AYI_LYTS
AYI_SLGN
AYI_ABG
AYI_PKG
AYI_NC
AYI_ASH
AYI_POOL
AYI_GPI
AYI_GPK
AYI_SCSS
AYI_TPX
AYI_BSET
AYI_KMX
BMS_JCI
BMS_BEAV
BMS_RBC
BMS_CRMT
BMS_HWKN
BMS_MHK
BMS_KAMN
BMS_WSO
BMS_CCK
BMS_OI
BMS_AME
BMS_AN
BMS_LAD
BMS_CODI
BMS_LYTS
BMS_SLGN
BMS_ABG
BMS_PKG
BMS_NC
BMS_ASH
BMS_POOL
BMS_GPI
BMS_GPK
BMS_SCSS
BMS_TPX
BMS_BSET
BMS_KMX
JCI_BEAV
JCI_RBC
JCI_CRMT
JCI_HWKN
JCI_MHK
JCI_KAMN
JCI_WSO
JCI_CCK
JCI_OI
JCI_AME
JCI_AN
JCI_LAD
JCI_CODI
JCI_LYTS
JCI_SLGN
JCI_ABG
JCI_PKG
JCI_NC
JCI_ASH
JCI_POOL
JCI_GPI
JCI_GPK
JCI_SCSS
JCI_TPX
JCI_BSET
JCI_KMX
BEAV_RBC
BEAV_CRMT
BEAV_HWKN
BEAV_MHK
BEAV_KAMN
BEAV_WSO
BEAV_CCK
BEAV_OI
BEAV_AME
BEAV_AN
BEAV_LAD
BEAV_CODI
BEAV_LYTS
BEAV_SLGN
BEAV_ABG
BEAV_PKG
BEAV_NC
BEAV_ASH
BEAV_POOL
BEAV_GPI
BEAV_GPK
BEAV_SCSS
BEAV_TPX
BEAV_BSET
BEAV_KMX
RBC_CRMT
RBC_HWKN
RBC_MHK
RBC_KAMN
RBC_WSO
RBC_CCK
RBC_OI
RBC_AME
RBC_AN
RBC_LAD
RBC_CODI
RBC_LYTS
RBC_SLGN
RBC_ABG
RBC_PKG
RBC_NC
RBC_ASH
RBC_POOL
RBC_GPI
RBC_GPK
RBC_SCSS
RBC_TPX
RBC_BSET
RBC_KMX
CRMT_HWKN
CRMT_MHK
CRMT_KAMN
CRMT_WSO
CRMT_CCK
CRMT_OI
CRMT_AME
CRMT_AN
CRMT_LAD
CRMT_CODI
CRMT_LYTS
CRMT_SLGN
CRMT_ABG
CRMT_PKG
CRMT_NC
CRMT_ASH
CRMT_POOL
CRMT_GPI
CRMT_GPK
CRMT_SCSS
CRMT_TPX
CRMT_BSET
CRMT_KMX
HWKN_MHK
HWKN_KAMN
HWKN_WSO
HWKN_CCK
HWKN_OI
HWKN_AME
HWKN_AN
HWKN_LAD
HWKN_CODI
HWKN_LYTS
HWKN_SLGN
HWKN_ABG
HWKN_PKG
HWKN_NC
HWKN_ASH
HWKN_POOL
HWKN_GPI
HWKN_GPK
HWKN_SCSS
HWKN_TPX
HWKN_BSET
HWKN_KMX
MHK_KAMN
MHK_WSO
MHK_CCK
MHK_OI
MHK_AME
MHK_AN
MHK_LAD
MHK_CODI
MHK_LYTS
MHK_SLGN
MHK_ABG
MHK_PKG
MHK_NC
MHK_ASH
MHK_POOL
MHK_GPI
MHK_GPK
MHK_SCSS
MHK_TPX
MHK_BSET
MHK_KMX
KAMN_WSO
KAMN_CCK
KAMN_OI
KAMN_AME
KAMN_AN
KAMN_LAD
KAMN_CODI
KAMN_LYTS
KAMN_SLGN
KAMN_ABG
KAMN_PKG
KAMN_NC
KAMN_ASH
KAMN_POOL
KAMN_GPI
KAMN_GPK
KAMN_SCSS
KAMN_TPX
KAMN_BSET
KAMN_KMX
WSO_CCK
WSO_OI
WSO_AME
WSO_AN
WSO_LAD
WSO_CODI
WSO_LYTS
WSO_SLGN
WSO_ABG
WSO_PKG
WSO_NC
WSO_ASH
WSO_POOL
WSO_GPI
WSO_GPK
WSO_SCSS
WSO_TPX
WSO_BSET
WSO_KMX
CCK_OI
CCK_AME
CCK_AN
CCK_LAD
CCK_CODI
CCK_LYTS
CCK_SLGN
CCK_ABG
CCK_PKG
CCK_NC
CCK_ASH
CCK_POOL
CCK_GPI
CCK_GPK
CCK_SCSS
CCK_TPX
CCK_BSET
CCK_KMX
OI_AME
OI_AN
OI_LAD
OI_CODI
OI_LYTS
OI_SLGN
OI_ABG
OI_PKG
OI_NC
OI_ASH
OI_POOL
OI_GPI
OI_GPK
OI_SCSS
OI_TPX
OI_BSET
OI_KMX
AME_AN
AME_LAD
AME_CODI
AME_LYTS
AME_SLGN
AME_ABG
AME_PKG
AME_NC
AME_ASH
AME_POOL
AME_GPI
AME_GPK
AME_SCSS
AME_TPX
AME_BSET
AME_KMX
AN_LAD
AN_CODI
AN_LYTS
AN_SLGN
AN_ABG
AN_PKG
AN_NC
AN_ASH
AN_POOL
AN_GPI
AN_GPK
AN_SCSS
AN_TPX
AN_BSET
AN_KMX
LAD_CODI
LAD_LYTS
LAD_SLGN
LAD_ABG
LAD_PKG
LAD_NC
LAD_ASH
LAD_POOL
LAD_GPI
LAD_GPK
LAD_SCSS
LAD_TPX
LAD_BSET
LAD_KMX
CODI_LYTS
CODI_SLGN
CODI_ABG
CODI_PKG
CODI_NC
CODI_ASH
CODI_POOL
CODI_GPI
CODI_GPK
CODI_SCSS
CODI_TPX
CODI_BSET
CODI_KMX
LYTS_SLGN
LYTS_ABG
LYTS_PKG
LYTS_NC
LYTS_ASH
LYTS_POOL
LYTS_GPI
LYTS_GPK
LYTS_SCSS
LYTS_TPX
LYTS_BSET
LYTS_KMX
SLGN_ABG
SLGN_PKG
SLGN_NC
SLGN_ASH
SLGN_POOL
SLGN_GPI
SLGN_GPK
SLGN_SCSS
SLGN_TPX
SLGN_BSET
SLGN_KMX
ABG_PKG
ABG_NC
ABG_ASH
ABG_POOL
ABG_GPI
ABG_GPK
ABG_SCSS
ABG_TPX
ABG_BSET
ABG_KMX
PKG_NC
PKG_ASH
PKG_POOL
PKG_GPI
PKG_GPK
PKG_SCSS
PKG_TPX
PKG_BSET
PKG_KMX
NC_ASH
NC_POOL
NC_GPI
NC_GPK
NC_SCSS
NC_TPX
NC_BSET
NC_KMX
ASH_POOL
ASH_GPI
ASH_GPK
ASH_SCSS
ASH_TPX
ASH_BSET
ASH_KMX
POOL_GPI
POOL_GPK
POOL_SCSS
POOL_TPX
POOL_BSET
POOL_KMX
GPI_GPK
GPI_SCSS
GPI_TPX
GPI_BSET
GPI_KMX
GPK_SCSS
GPK_TPX
GPK_BSET
GPK_KMX
SCSS_TPX
SCSS_BSET
SCSS_KMX
TPX_BSET
TPX_KMX
BSET_KMX
