AGX_MAS
AGX_USLM
AGX_GRA
AGX_CFI
AGX_CHD
AGX_MTRX
AGX_APD
AGX_ECL
AGX_NUE
AGX_VMC
AGX_POL
AGX_FSTR
AGX_HUN
AGX_SRCL
AGX_X
AGX_AES
AGX_MOS
AGX_MON
AGX_CF
AGX_CE
AGX_CVA
AGX_GPRE
AGX_STLD
AGX_SCL
AGX_AVD
AGX_ZEUS
AGX_VAL
AGX_CMP
AGX_DOW
AGX_GLW
AGX_KOP
AGX_RS
AGX_TPC
AGX_WST
AGX_ATI
AGX_MERC
AGX_SEE
AGX_CLH
AGX_SWM
AGX_DD
AGX_DY
AGX_SCCO
AGX_MLM
AGX_PX
AGX_LNDC
AGX_EMN
AGX_FOE
AGX_AMWD
AGX_UFS
AGX_AIN
AGX_IP
AGX_PG
AGX_SXT
AGX_FLR
AGX_NP
AGX_FBR
AGX_LEN
AGX_NPO
AGX_KBR
AGX_REX
AGX_FMC
AGX_CMC
AGX_RPM
AGX_HXL
AGX_CVCO
AGX_SHLM
AGX_BCPC
AGX_CCC
AGX_DEL
AGX_GLT
AGX_NEM
AGX_NEU
AGX_GVA
AGX_WLK
AGX_CBI
AGX_CBT
AGX_SMG
AGX_MDU
AGX_JEC
AGX_ALB
AGX_LPX
AGX_IFF
AGX_FUL
AGX_CSL
AGX_KS
AGX_PATK
AGX_KWR
AGX_NWPX
AGX_BGC
AGX_IOSP
AGX_CRS
AGX_AEGN
AGX_WDFC
AGX_OLN
AGX_RGLD
AGX_UFPI
AGX_PPG
AGX_MTZ
AGX_MTX
AGX_AXLL
AGX_KMG
AGX_TREX
AGX_ROG
AGX_BDC
MAS_USLM
MAS_GRA
MAS_CFI
MAS_CHD
MAS_MTRX
MAS_APD
MAS_ECL
MAS_NUE
MAS_VMC
MAS_POL
MAS_FSTR
MAS_HUN
MAS_SRCL
MAS_X
MAS_AES
MAS_MOS
MAS_MON
MAS_CF
MAS_CE
MAS_CVA
MAS_GPRE
MAS_STLD
MAS_SCL
MAS_AVD
MAS_ZEUS
MAS_VAL
MAS_CMP
MAS_DOW
MAS_GLW
MAS_KOP
MAS_RS
MAS_TPC
MAS_WST
MAS_ATI
MAS_MERC
MAS_SEE
MAS_CLH
MAS_SWM
MAS_DD
MAS_DY
MAS_SCCO
MAS_MLM
MAS_PX
MAS_LNDC
MAS_EMN
MAS_FOE
MAS_AMWD
MAS_UFS
MAS_AIN
MAS_IP
MAS_PG
MAS_SXT
MAS_FLR
MAS_NP
MAS_FBR
MAS_LEN
MAS_NPO
MAS_KBR
MAS_REX
MAS_FMC
MAS_CMC
MAS_RPM
MAS_HXL
MAS_CVCO
MAS_SHLM
MAS_BCPC
MAS_CCC
MAS_DEL
MAS_GLT
MAS_NEM
MAS_NEU
MAS_GVA
MAS_WLK
MAS_CBI
MAS_CBT
MAS_SMG
MAS_MDU
MAS_JEC
MAS_ALB
MAS_LPX
MAS_IFF
MAS_FUL
MAS_CSL
MAS_KS
MAS_PATK
MAS_KWR
MAS_NWPX
MAS_BGC
MAS_IOSP
MAS_CRS
MAS_AEGN
MAS_WDFC
MAS_OLN
MAS_RGLD
MAS_UFPI
MAS_PPG
MAS_MTZ
MAS_MTX
MAS_AXLL
MAS_KMG
MAS_TREX
MAS_ROG
MAS_BDC
USLM_GRA
USLM_CFI
USLM_CHD
USLM_MTRX
USLM_APD
USLM_ECL
USLM_NUE
USLM_VMC
USLM_POL
USLM_FSTR
USLM_HUN
USLM_SRCL
USLM_X
USLM_AES
USLM_MOS
USLM_MON
USLM_CF
USLM_CE
USLM_CVA
USLM_GPRE
USLM_STLD
USLM_SCL
USLM_AVD
USLM_ZEUS
USLM_VAL
USLM_CMP
USLM_DOW
USLM_GLW
USLM_KOP
USLM_RS
USLM_TPC
USLM_WST
USLM_ATI
USLM_MERC
USLM_SEE
USLM_CLH
USLM_SWM
USLM_DD
USLM_DY
USLM_SCCO
USLM_MLM
USLM_PX
USLM_LNDC
USLM_EMN
USLM_FOE
USLM_AMWD
USLM_UFS
USLM_AIN
USLM_IP
USLM_PG
USLM_SXT
USLM_FLR
USLM_NP
USLM_FBR
USLM_LEN
USLM_NPO
USLM_KBR
USLM_REX
USLM_FMC
USLM_CMC
USLM_RPM
USLM_HXL
USLM_CVCO
USLM_SHLM
USLM_BCPC
USLM_CCC
USLM_DEL
USLM_GLT
USLM_NEM
USLM_NEU
USLM_GVA
USLM_WLK
USLM_CBI
USLM_CBT
USLM_SMG
USLM_MDU
USLM_JEC
USLM_ALB
USLM_LPX
USLM_IFF
USLM_FUL
USLM_CSL
USLM_KS
USLM_PATK
USLM_KWR
USLM_NWPX
USLM_BGC
USLM_IOSP
USLM_CRS
USLM_AEGN
USLM_WDFC
USLM_OLN
USLM_RGLD
USLM_UFPI
USLM_PPG
USLM_MTZ
USLM_MTX
USLM_AXLL
USLM_KMG
USLM_TREX
USLM_ROG
USLM_BDC
GRA_CFI
GRA_CHD
GRA_MTRX
GRA_APD
GRA_ECL
GRA_NUE
GRA_VMC
GRA_POL
GRA_FSTR
GRA_HUN
GRA_SRCL
GRA_X
GRA_AES
GRA_MOS
GRA_MON
GRA_CF
GRA_CE
GRA_CVA
GRA_GPRE
GRA_STLD
GRA_SCL
GRA_AVD
GRA_ZEUS
GRA_VAL
GRA_CMP
GRA_DOW
GRA_GLW
GRA_KOP
GRA_RS
GRA_TPC
GRA_WST
GRA_ATI
GRA_MERC
GRA_SEE
GRA_CLH
GRA_SWM
GRA_DD
GRA_DY
GRA_SCCO
GRA_MLM
GRA_PX
GRA_LNDC
GRA_EMN
GRA_FOE
GRA_AMWD
GRA_UFS
GRA_AIN
GRA_IP
GRA_PG
GRA_SXT
GRA_FLR
GRA_NP
GRA_FBR
GRA_LEN
GRA_NPO
GRA_KBR
GRA_REX
GRA_FMC
GRA_CMC
GRA_RPM
GRA_HXL
GRA_CVCO
GRA_SHLM
GRA_BCPC
GRA_CCC
GRA_DEL
GRA_GLT
GRA_NEM
GRA_NEU
GRA_GVA
GRA_WLK
GRA_CBI
GRA_CBT
GRA_SMG
GRA_MDU
GRA_JEC
GRA_ALB
GRA_LPX
GRA_IFF
GRA_FUL
GRA_CSL
GRA_KS
GRA_PATK
GRA_KWR
GRA_NWPX
GRA_BGC
GRA_IOSP
GRA_CRS
GRA_AEGN
GRA_WDFC
GRA_OLN
GRA_RGLD
GRA_UFPI
GRA_PPG
GRA_MTZ
GRA_MTX
GRA_AXLL
GRA_KMG
GRA_TREX
GRA_ROG
GRA_BDC
CFI_CHD
CFI_MTRX
CFI_APD
CFI_ECL
CFI_NUE
CFI_VMC
CFI_POL
CFI_FSTR
CFI_HUN
CFI_SRCL
CFI_X
CFI_AES
CFI_MOS
CFI_MON
CFI_CF
CFI_CE
CFI_CVA
CFI_GPRE
CFI_STLD
CFI_SCL
CFI_AVD
CFI_ZEUS
CFI_VAL
CFI_CMP
CFI_DOW
CFI_GLW
CFI_KOP
CFI_RS
CFI_TPC
CFI_WST
CFI_ATI
CFI_MERC
CFI_SEE
CFI_CLH
CFI_SWM
CFI_DD
CFI_DY
CFI_SCCO
CFI_MLM
CFI_PX
CFI_LNDC
CFI_EMN
CFI_FOE
CFI_AMWD
CFI_UFS
CFI_AIN
CFI_IP
CFI_PG
CFI_SXT
CFI_FLR
CFI_NP
CFI_FBR
CFI_LEN
CFI_NPO
CFI_KBR
CFI_REX
CFI_FMC
CFI_CMC
CFI_RPM
CFI_HXL
CFI_CVCO
CFI_SHLM
CFI_BCPC
CFI_CCC
CFI_DEL
CFI_GLT
CFI_NEM
CFI_NEU
CFI_GVA
CFI_WLK
CFI_CBI
CFI_CBT
CFI_SMG
CFI_MDU
CFI_JEC
CFI_ALB
CFI_LPX
CFI_IFF
CFI_FUL
CFI_CSL
CFI_KS
CFI_PATK
CFI_KWR
CFI_NWPX
CFI_BGC
CFI_IOSP
CFI_CRS
CFI_AEGN
CFI_WDFC
CFI_OLN
CFI_RGLD
CFI_UFPI
CFI_PPG
CFI_MTZ
CFI_MTX
CFI_AXLL
CFI_KMG
CFI_TREX
CFI_ROG
CFI_BDC
CHD_MTRX
CHD_APD
CHD_ECL
CHD_NUE
CHD_VMC
CHD_POL
CHD_FSTR
CHD_HUN
CHD_SRCL
CHD_X
CHD_AES
CHD_MOS
CHD_MON
CHD_CF
CHD_CE
CHD_CVA
CHD_GPRE
CHD_STLD
CHD_SCL
CHD_AVD
CHD_ZEUS
CHD_VAL
CHD_CMP
CHD_DOW
CHD_GLW
CHD_KOP
CHD_RS
CHD_TPC
CHD_WST
CHD_ATI
CHD_MERC
CHD_SEE
CHD_CLH
CHD_SWM
CHD_DD
CHD_DY
CHD_SCCO
CHD_MLM
CHD_PX
CHD_LNDC
CHD_EMN
CHD_FOE
CHD_AMWD
CHD_UFS
CHD_AIN
CHD_IP
CHD_PG
CHD_SXT
CHD_FLR
CHD_NP
CHD_FBR
CHD_LEN
CHD_NPO
CHD_KBR
CHD_REX
CHD_FMC
CHD_CMC
CHD_RPM
CHD_HXL
CHD_CVCO
CHD_SHLM
CHD_BCPC
CHD_CCC
CHD_DEL
CHD_GLT
CHD_NEM
CHD_NEU
CHD_GVA
CHD_WLK
CHD_CBI
CHD_CBT
CHD_SMG
CHD_MDU
CHD_JEC
CHD_ALB
CHD_LPX
CHD_IFF
CHD_FUL
CHD_CSL
CHD_KS
CHD_PATK
CHD_KWR
CHD_NWPX
CHD_BGC
CHD_IOSP
CHD_CRS
CHD_AEGN
CHD_WDFC
CHD_OLN
CHD_RGLD
CHD_UFPI
CHD_PPG
CHD_MTZ
CHD_MTX
CHD_AXLL
CHD_KMG
CHD_TREX
CHD_ROG
CHD_BDC
MTRX_APD
MTRX_ECL
MTRX_NUE
MTRX_VMC
MTRX_POL
MTRX_FSTR
MTRX_HUN
MTRX_SRCL
MTRX_X
MTRX_AES
MTRX_MOS
MTRX_MON
MTRX_CF
MTRX_CE
MTRX_CVA
MTRX_GPRE
MTRX_STLD
MTRX_SCL
MTRX_AVD
MTRX_ZEUS
MTRX_VAL
MTRX_CMP
MTRX_DOW
MTRX_GLW
MTRX_KOP
MTRX_RS
MTRX_TPC
MTRX_WST
MTRX_ATI
MTRX_MERC
MTRX_SEE
MTRX_CLH
MTRX_SWM
MTRX_DD
MTRX_DY
MTRX_SCCO
MTRX_MLM
MTRX_PX
MTRX_LNDC
MTRX_EMN
MTRX_FOE
MTRX_AMWD
MTRX_UFS
MTRX_AIN
MTRX_IP
MTRX_PG
MTRX_SXT
MTRX_FLR
MTRX_NP
MTRX_FBR
MTRX_LEN
MTRX_NPO
MTRX_KBR
MTRX_REX
MTRX_FMC
MTRX_CMC
MTRX_RPM
MTRX_HXL
MTRX_CVCO
MTRX_SHLM
MTRX_BCPC
MTRX_CCC
MTRX_DEL
MTRX_GLT
MTRX_NEM
MTRX_NEU
MTRX_GVA
MTRX_WLK
MTRX_CBI
MTRX_CBT
MTRX_SMG
MTRX_MDU
MTRX_JEC
MTRX_ALB
MTRX_LPX
MTRX_IFF
MTRX_FUL
MTRX_CSL
MTRX_KS
MTRX_PATK
MTRX_KWR
MTRX_NWPX
MTRX_BGC
MTRX_IOSP
MTRX_CRS
MTRX_AEGN
MTRX_WDFC
MTRX_OLN
MTRX_RGLD
MTRX_UFPI
MTRX_PPG
MTRX_MTZ
MTRX_MTX
MTRX_AXLL
MTRX_KMG
MTRX_TREX
MTRX_ROG
MTRX_BDC
APD_ECL
APD_NUE
APD_VMC
APD_POL
APD_FSTR
APD_HUN
APD_SRCL
APD_X
APD_AES
APD_MOS
APD_MON
APD_CF
APD_CE
APD_CVA
APD_GPRE
APD_STLD
APD_SCL
APD_AVD
APD_ZEUS
APD_VAL
APD_CMP
APD_DOW
APD_GLW
APD_KOP
APD_RS
APD_TPC
APD_WST
APD_ATI
APD_MERC
APD_SEE
APD_CLH
APD_SWM
APD_DD
APD_DY
APD_SCCO
APD_MLM
APD_PX
APD_LNDC
APD_EMN
APD_FOE
APD_AMWD
APD_UFS
APD_AIN
APD_IP
APD_PG
APD_SXT
APD_FLR
APD_NP
APD_FBR
APD_LEN
APD_NPO
APD_KBR
APD_REX
APD_FMC
APD_CMC
APD_RPM
APD_HXL
APD_CVCO
APD_SHLM
APD_BCPC
APD_CCC
APD_DEL
APD_GLT
APD_NEM
APD_NEU
APD_GVA
APD_WLK
APD_CBI
APD_CBT
APD_SMG
APD_MDU
APD_JEC
APD_ALB
APD_LPX
APD_IFF
APD_FUL
APD_CSL
APD_KS
APD_PATK
APD_KWR
APD_NWPX
APD_BGC
APD_IOSP
APD_CRS
APD_AEGN
APD_WDFC
APD_OLN
APD_RGLD
APD_UFPI
APD_PPG
APD_MTZ
APD_MTX
APD_AXLL
APD_KMG
APD_TREX
APD_ROG
APD_BDC
ECL_NUE
ECL_VMC
ECL_POL
ECL_FSTR
ECL_HUN
ECL_SRCL
ECL_X
ECL_AES
ECL_MOS
ECL_MON
ECL_CF
ECL_CE
ECL_CVA
ECL_GPRE
ECL_STLD
ECL_SCL
ECL_AVD
ECL_ZEUS
ECL_VAL
ECL_CMP
ECL_DOW
ECL_GLW
ECL_KOP
ECL_RS
ECL_TPC
ECL_WST
ECL_ATI
ECL_MERC
ECL_SEE
ECL_CLH
ECL_SWM
ECL_DD
ECL_DY
ECL_SCCO
ECL_MLM
ECL_PX
ECL_LNDC
ECL_EMN
ECL_FOE
ECL_AMWD
ECL_UFS
ECL_AIN
ECL_IP
ECL_PG
ECL_SXT
ECL_FLR
ECL_NP
ECL_FBR
ECL_LEN
ECL_NPO
ECL_KBR
ECL_REX
ECL_FMC
ECL_CMC
ECL_RPM
ECL_HXL
ECL_CVCO
ECL_SHLM
ECL_BCPC
ECL_CCC
ECL_DEL
ECL_GLT
ECL_NEM
ECL_NEU
ECL_GVA
ECL_WLK
ECL_CBI
ECL_CBT
ECL_SMG
ECL_MDU
ECL_JEC
ECL_ALB
ECL_LPX
ECL_IFF
ECL_FUL
ECL_CSL
ECL_KS
ECL_PATK
ECL_KWR
ECL_NWPX
ECL_BGC
ECL_IOSP
ECL_CRS
ECL_AEGN
ECL_WDFC
ECL_OLN
ECL_RGLD
ECL_UFPI
ECL_PPG
ECL_MTZ
ECL_MTX
ECL_AXLL
ECL_KMG
ECL_TREX
ECL_ROG
ECL_BDC
NUE_VMC
NUE_POL
NUE_FSTR
NUE_HUN
NUE_SRCL
NUE_X
NUE_AES
NUE_MOS
NUE_MON
NUE_CF
NUE_CE
NUE_CVA
NUE_GPRE
NUE_STLD
NUE_SCL
NUE_AVD
NUE_ZEUS
NUE_VAL
NUE_CMP
NUE_DOW
NUE_GLW
NUE_KOP
NUE_RS
NUE_TPC
NUE_WST
NUE_ATI
NUE_MERC
NUE_SEE
NUE_CLH
NUE_SWM
NUE_DD
NUE_DY
NUE_SCCO
NUE_MLM
NUE_PX
NUE_LNDC
NUE_EMN
NUE_FOE
NUE_AMWD
NUE_UFS
NUE_AIN
NUE_IP
NUE_PG
NUE_SXT
NUE_FLR
NUE_NP
NUE_FBR
NUE_LEN
NUE_NPO
NUE_KBR
NUE_REX
NUE_FMC
NUE_CMC
NUE_RPM
NUE_HXL
NUE_CVCO
NUE_SHLM
NUE_BCPC
NUE_CCC
NUE_DEL
NUE_GLT
NUE_NEM
NUE_NEU
NUE_GVA
NUE_WLK
NUE_CBI
NUE_CBT
NUE_SMG
NUE_MDU
NUE_JEC
NUE_ALB
NUE_LPX
NUE_IFF
NUE_FUL
NUE_CSL
NUE_KS
NUE_PATK
NUE_KWR
NUE_NWPX
NUE_BGC
NUE_IOSP
NUE_CRS
NUE_AEGN
NUE_WDFC
NUE_OLN
NUE_RGLD
NUE_UFPI
NUE_PPG
NUE_MTZ
NUE_MTX
NUE_AXLL
NUE_KMG
NUE_TREX
NUE_ROG
NUE_BDC
VMC_POL
VMC_FSTR
VMC_HUN
VMC_SRCL
VMC_X
VMC_AES
VMC_MOS
VMC_MON
VMC_CF
VMC_CE
VMC_CVA
VMC_GPRE
VMC_STLD
VMC_SCL
VMC_AVD
VMC_ZEUS
VMC_VAL
VMC_CMP
VMC_DOW
VMC_GLW
VMC_KOP
VMC_RS
VMC_TPC
VMC_WST
VMC_ATI
VMC_MERC
VMC_SEE
VMC_CLH
VMC_SWM
VMC_DD
VMC_DY
VMC_SCCO
VMC_MLM
VMC_PX
VMC_LNDC
VMC_EMN
VMC_FOE
VMC_AMWD
VMC_UFS
VMC_AIN
VMC_IP
VMC_PG
VMC_SXT
VMC_FLR
VMC_NP
VMC_FBR
VMC_LEN
VMC_NPO
VMC_KBR
VMC_REX
VMC_FMC
VMC_CMC
VMC_RPM
VMC_HXL
VMC_CVCO
VMC_SHLM
VMC_BCPC
VMC_CCC
VMC_DEL
VMC_GLT
VMC_NEM
VMC_NEU
VMC_GVA
VMC_WLK
VMC_CBI
VMC_CBT
VMC_SMG
VMC_MDU
VMC_JEC
VMC_ALB
VMC_LPX
VMC_IFF
VMC_FUL
VMC_CSL
VMC_KS
VMC_PATK
VMC_KWR
VMC_NWPX
VMC_BGC
VMC_IOSP
VMC_CRS
VMC_AEGN
VMC_WDFC
VMC_OLN
VMC_RGLD
VMC_UFPI
VMC_PPG
VMC_MTZ
VMC_MTX
VMC_AXLL
VMC_KMG
VMC_TREX
VMC_ROG
VMC_BDC
POL_FSTR
POL_HUN
POL_SRCL
POL_X
POL_AES
POL_MOS
POL_MON
POL_CF
POL_CE
POL_CVA
POL_GPRE
POL_STLD
POL_SCL
POL_AVD
POL_ZEUS
POL_VAL
POL_CMP
POL_DOW
POL_GLW
POL_KOP
POL_RS
POL_TPC
POL_WST
POL_ATI
POL_MERC
POL_SEE
POL_CLH
POL_SWM
POL_DD
POL_DY
POL_SCCO
POL_MLM
POL_PX
POL_LNDC
POL_EMN
POL_FOE
POL_AMWD
POL_UFS
POL_AIN
POL_IP
POL_PG
POL_SXT
POL_FLR
POL_NP
POL_FBR
POL_LEN
POL_NPO
POL_KBR
POL_REX
POL_FMC
POL_CMC
POL_RPM
POL_HXL
POL_CVCO
POL_SHLM
POL_BCPC
POL_CCC
POL_DEL
POL_GLT
POL_NEM
POL_NEU
POL_GVA
POL_WLK
POL_CBI
POL_CBT
POL_SMG
POL_MDU
POL_JEC
POL_ALB
POL_LPX
POL_IFF
POL_FUL
POL_CSL
POL_KS
POL_PATK
POL_KWR
POL_NWPX
POL_BGC
POL_IOSP
POL_CRS
POL_AEGN
POL_WDFC
POL_OLN
POL_RGLD
POL_UFPI
POL_PPG
POL_MTZ
POL_MTX
POL_AXLL
POL_KMG
POL_TREX
POL_ROG
POL_BDC
FSTR_HUN
FSTR_SRCL
FSTR_X
FSTR_AES
FSTR_MOS
FSTR_MON
FSTR_CF
FSTR_CE
FSTR_CVA
FSTR_GPRE
FSTR_STLD
FSTR_SCL
FSTR_AVD
FSTR_ZEUS
FSTR_VAL
FSTR_CMP
FSTR_DOW
FSTR_GLW
FSTR_KOP
FSTR_RS
FSTR_TPC
FSTR_WST
FSTR_ATI
FSTR_MERC
FSTR_SEE
FSTR_CLH
FSTR_SWM
FSTR_DD
FSTR_DY
FSTR_SCCO
FSTR_MLM
FSTR_PX
FSTR_LNDC
FSTR_EMN
FSTR_FOE
FSTR_AMWD
FSTR_UFS
FSTR_AIN
FSTR_IP
FSTR_PG
FSTR_SXT
FSTR_FLR
FSTR_NP
FSTR_FBR
FSTR_LEN
FSTR_NPO
FSTR_KBR
FSTR_REX
FSTR_FMC
FSTR_CMC
FSTR_RPM
FSTR_HXL
FSTR_CVCO
FSTR_SHLM
FSTR_BCPC
FSTR_CCC
FSTR_DEL
FSTR_GLT
FSTR_NEM
FSTR_NEU
FSTR_GVA
FSTR_WLK
FSTR_CBI
FSTR_CBT
FSTR_SMG
FSTR_MDU
FSTR_JEC
FSTR_ALB
FSTR_LPX
FSTR_IFF
FSTR_FUL
FSTR_CSL
FSTR_KS
FSTR_PATK
FSTR_KWR
FSTR_NWPX
FSTR_BGC
FSTR_IOSP
FSTR_CRS
FSTR_AEGN
FSTR_WDFC
FSTR_OLN
FSTR_RGLD
FSTR_UFPI
FSTR_PPG
FSTR_MTZ
FSTR_MTX
FSTR_AXLL
FSTR_KMG
FSTR_TREX
FSTR_ROG
FSTR_BDC
HUN_SRCL
HUN_X
HUN_AES
HUN_MOS
HUN_MON
HUN_CF
HUN_CE
HUN_CVA
HUN_GPRE
HUN_STLD
HUN_SCL
HUN_AVD
HUN_ZEUS
HUN_VAL
HUN_CMP
HUN_DOW
HUN_GLW
HUN_KOP
HUN_RS
HUN_TPC
HUN_WST
HUN_ATI
HUN_MERC
HUN_SEE
HUN_CLH
HUN_SWM
HUN_DD
HUN_DY
HUN_SCCO
HUN_MLM
HUN_PX
HUN_LNDC
HUN_EMN
HUN_FOE
HUN_AMWD
HUN_UFS
HUN_AIN
HUN_IP
HUN_PG
HUN_SXT
HUN_FLR
HUN_NP
HUN_FBR
HUN_LEN
HUN_NPO
HUN_KBR
HUN_REX
HUN_FMC
HUN_CMC
HUN_RPM
HUN_HXL
HUN_CVCO
HUN_SHLM
HUN_BCPC
HUN_CCC
HUN_DEL
HUN_GLT
HUN_NEM
HUN_NEU
HUN_GVA
HUN_WLK
HUN_CBI
HUN_CBT
HUN_SMG
HUN_MDU
HUN_JEC
HUN_ALB
HUN_LPX
HUN_IFF
HUN_FUL
HUN_CSL
HUN_KS
HUN_PATK
HUN_KWR
HUN_NWPX
HUN_BGC
HUN_IOSP
HUN_CRS
HUN_AEGN
HUN_WDFC
HUN_OLN
HUN_RGLD
HUN_UFPI
HUN_PPG
HUN_MTZ
HUN_MTX
HUN_AXLL
HUN_KMG
HUN_TREX
HUN_ROG
HUN_BDC
SRCL_X
SRCL_AES
SRCL_MOS
SRCL_MON
SRCL_CF
SRCL_CE
SRCL_CVA
SRCL_GPRE
SRCL_STLD
SRCL_SCL
SRCL_AVD
SRCL_ZEUS
SRCL_VAL
SRCL_CMP
SRCL_DOW
SRCL_GLW
SRCL_KOP
SRCL_RS
SRCL_TPC
SRCL_WST
SRCL_ATI
SRCL_MERC
SRCL_SEE
SRCL_CLH
SRCL_SWM
SRCL_DD
SRCL_DY
SRCL_SCCO
SRCL_MLM
SRCL_PX
SRCL_LNDC
SRCL_EMN
SRCL_FOE
SRCL_AMWD
SRCL_UFS
SRCL_AIN
SRCL_IP
SRCL_PG
SRCL_SXT
SRCL_FLR
SRCL_NP
SRCL_FBR
SRCL_LEN
SRCL_NPO
SRCL_KBR
SRCL_REX
SRCL_FMC
SRCL_CMC
SRCL_RPM
SRCL_HXL
SRCL_CVCO
SRCL_SHLM
SRCL_BCPC
SRCL_CCC
SRCL_DEL
SRCL_GLT
SRCL_NEM
SRCL_NEU
SRCL_GVA
SRCL_WLK
SRCL_CBI
SRCL_CBT
SRCL_SMG
SRCL_MDU
SRCL_JEC
SRCL_ALB
SRCL_LPX
SRCL_IFF
SRCL_FUL
SRCL_CSL
SRCL_KS
SRCL_PATK
SRCL_KWR
SRCL_NWPX
SRCL_BGC
SRCL_IOSP
SRCL_CRS
SRCL_AEGN
SRCL_WDFC
SRCL_OLN
SRCL_RGLD
SRCL_UFPI
SRCL_PPG
SRCL_MTZ
SRCL_MTX
SRCL_AXLL
SRCL_KMG
SRCL_TREX
SRCL_ROG
SRCL_BDC
X_AES
X_MOS
X_MON
X_CF
X_CE
X_CVA
X_GPRE
X_STLD
X_SCL
X_AVD
X_ZEUS
X_VAL
X_CMP
X_DOW
X_GLW
X_KOP
X_RS
X_TPC
X_WST
X_ATI
X_MERC
X_SEE
X_CLH
X_SWM
X_DD
X_DY
X_SCCO
X_MLM
X_PX
X_LNDC
X_EMN
X_FOE
X_AMWD
X_UFS
X_AIN
X_IP
X_PG
X_SXT
X_FLR
X_NP
X_FBR
X_LEN
X_NPO
X_KBR
X_REX
X_FMC
X_CMC
X_RPM
X_HXL
X_CVCO
X_SHLM
X_BCPC
X_CCC
X_DEL
X_GLT
X_NEM
X_NEU
X_GVA
X_WLK
X_CBI
X_CBT
X_SMG
X_MDU
X_JEC
X_ALB
X_LPX
X_IFF
X_FUL
X_CSL
X_KS
X_PATK
X_KWR
X_NWPX
X_BGC
X_IOSP
X_CRS
X_AEGN
X_WDFC
X_OLN
X_RGLD
X_UFPI
X_PPG
X_MTZ
X_MTX
X_AXLL
X_KMG
X_TREX
X_ROG
X_BDC
AES_MOS
AES_MON
AES_CF
AES_CE
AES_CVA
AES_GPRE
AES_STLD
AES_SCL
AES_AVD
AES_ZEUS
AES_VAL
AES_CMP
AES_DOW
AES_GLW
AES_KOP
AES_RS
AES_TPC
AES_WST
AES_ATI
AES_MERC
AES_SEE
AES_CLH
AES_SWM
AES_DD
AES_DY
AES_SCCO
AES_MLM
AES_PX
AES_LNDC
AES_EMN
AES_FOE
AES_AMWD
AES_UFS
AES_AIN
AES_IP
AES_PG
AES_SXT
AES_FLR
AES_NP
AES_FBR
AES_LEN
AES_NPO
AES_KBR
AES_REX
AES_FMC
AES_CMC
AES_RPM
AES_HXL
AES_CVCO
AES_SHLM
AES_BCPC
AES_CCC
AES_DEL
AES_GLT
AES_NEM
AES_NEU
AES_GVA
AES_WLK
AES_CBI
AES_CBT
AES_SMG
AES_MDU
AES_JEC
AES_ALB
AES_LPX
AES_IFF
AES_FUL
AES_CSL
AES_KS
AES_PATK
AES_KWR
AES_NWPX
AES_BGC
AES_IOSP
AES_CRS
AES_AEGN
AES_WDFC
AES_OLN
AES_RGLD
AES_UFPI
AES_PPG
AES_MTZ
AES_MTX
AES_AXLL
AES_KMG
AES_TREX
AES_ROG
AES_BDC
MOS_MON
MOS_CF
MOS_CE
MOS_CVA
MOS_GPRE
MOS_STLD
MOS_SCL
MOS_AVD
MOS_ZEUS
MOS_VAL
MOS_CMP
MOS_DOW
MOS_GLW
MOS_KOP
MOS_RS
MOS_TPC
MOS_WST
MOS_ATI
MOS_MERC
MOS_SEE
MOS_CLH
MOS_SWM
MOS_DD
MOS_DY
MOS_SCCO
MOS_MLM
MOS_PX
MOS_LNDC
MOS_EMN
MOS_FOE
MOS_AMWD
MOS_UFS
MOS_AIN
MOS_IP
MOS_PG
MOS_SXT
MOS_FLR
MOS_NP
MOS_FBR
MOS_LEN
MOS_NPO
MOS_KBR
MOS_REX
MOS_FMC
MOS_CMC
MOS_RPM
MOS_HXL
MOS_CVCO
MOS_SHLM
MOS_BCPC
MOS_CCC
MOS_DEL
MOS_GLT
MOS_NEM
MOS_NEU
MOS_GVA
MOS_WLK
MOS_CBI
MOS_CBT
MOS_SMG
MOS_MDU
MOS_JEC
MOS_ALB
MOS_LPX
MOS_IFF
MOS_FUL
MOS_CSL
MOS_KS
MOS_PATK
MOS_KWR
MOS_NWPX
MOS_BGC
MOS_IOSP
MOS_CRS
MOS_AEGN
MOS_WDFC
MOS_OLN
MOS_RGLD
MOS_UFPI
MOS_PPG
MOS_MTZ
MOS_MTX
MOS_AXLL
MOS_KMG
MOS_TREX
MOS_ROG
MOS_BDC
MON_CF
MON_CE
MON_CVA
MON_GPRE
MON_STLD
MON_SCL
MON_AVD
MON_ZEUS
MON_VAL
MON_CMP
MON_DOW
MON_GLW
MON_KOP
MON_RS
MON_TPC
MON_WST
MON_ATI
MON_MERC
MON_SEE
MON_CLH
MON_SWM
MON_DD
MON_DY
MON_SCCO
MON_MLM
MON_PX
MON_LNDC
MON_EMN
MON_FOE
MON_AMWD
MON_UFS
MON_AIN
MON_IP
MON_PG
MON_SXT
MON_FLR
MON_NP
MON_FBR
MON_LEN
MON_NPO
MON_KBR
MON_REX
MON_FMC
MON_CMC
MON_RPM
MON_HXL
MON_CVCO
MON_SHLM
MON_BCPC
MON_CCC
MON_DEL
MON_GLT
MON_NEM
MON_NEU
MON_GVA
MON_WLK
MON_CBI
MON_CBT
MON_SMG
MON_MDU
MON_JEC
MON_ALB
MON_LPX
MON_IFF
MON_FUL
MON_CSL
MON_KS
MON_PATK
MON_KWR
MON_NWPX
MON_BGC
MON_IOSP
MON_CRS
MON_AEGN
MON_WDFC
MON_OLN
MON_RGLD
MON_UFPI
MON_PPG
MON_MTZ
MON_MTX
MON_AXLL
MON_KMG
MON_TREX
MON_ROG
MON_BDC
CF_CE
CF_CVA
CF_GPRE
CF_STLD
CF_SCL
CF_AVD
CF_ZEUS
CF_VAL
CF_CMP
CF_DOW
CF_GLW
CF_KOP
CF_RS
CF_TPC
CF_WST
CF_ATI
CF_MERC
CF_SEE
CF_CLH
CF_SWM
CF_DD
CF_DY
CF_SCCO
CF_MLM
CF_PX
CF_LNDC
CF_EMN
CF_FOE
CF_AMWD
CF_UFS
CF_AIN
CF_IP
CF_PG
CF_SXT
CF_FLR
CF_NP
CF_FBR
CF_LEN
CF_NPO
CF_KBR
CF_REX
CF_FMC
CF_CMC
CF_RPM
CF_HXL
CF_CVCO
CF_SHLM
CF_BCPC
CF_CCC
CF_DEL
CF_GLT
CF_NEM
CF_NEU
CF_GVA
CF_WLK
CF_CBI
CF_CBT
CF_SMG
CF_MDU
CF_JEC
CF_ALB
CF_LPX
CF_IFF
CF_FUL
CF_CSL
CF_KS
CF_PATK
CF_KWR
CF_NWPX
CF_BGC
CF_IOSP
CF_CRS
CF_AEGN
CF_WDFC
CF_OLN
CF_RGLD
CF_UFPI
CF_PPG
CF_MTZ
CF_MTX
CF_AXLL
CF_KMG
CF_TREX
CF_ROG
CF_BDC
CE_CVA
CE_GPRE
CE_STLD
CE_SCL
CE_AVD
CE_ZEUS
CE_VAL
CE_CMP
CE_DOW
CE_GLW
CE_KOP
CE_RS
CE_TPC
CE_WST
CE_ATI
CE_MERC
CE_SEE
CE_CLH
CE_SWM
CE_DD
CE_DY
CE_SCCO
CE_MLM
CE_PX
CE_LNDC
CE_EMN
CE_FOE
CE_AMWD
CE_UFS
CE_AIN
CE_IP
CE_PG
CE_SXT
CE_FLR
CE_NP
CE_FBR
CE_LEN
CE_NPO
CE_KBR
CE_REX
CE_FMC
CE_CMC
CE_RPM
CE_HXL
CE_CVCO
CE_SHLM
CE_BCPC
CE_CCC
CE_DEL
CE_GLT
CE_NEM
CE_NEU
CE_GVA
CE_WLK
CE_CBI
CE_CBT
CE_SMG
CE_MDU
CE_JEC
CE_ALB
CE_LPX
CE_IFF
CE_FUL
CE_CSL
CE_KS
CE_PATK
CE_KWR
CE_NWPX
CE_BGC
CE_IOSP
CE_CRS
CE_AEGN
CE_WDFC
CE_OLN
CE_RGLD
CE_UFPI
CE_PPG
CE_MTZ
CE_MTX
CE_AXLL
CE_KMG
CE_TREX
CE_ROG
CE_BDC
CVA_GPRE
CVA_STLD
CVA_SCL
CVA_AVD
CVA_ZEUS
CVA_VAL
CVA_CMP
CVA_DOW
CVA_GLW
CVA_KOP
CVA_RS
CVA_TPC
CVA_WST
CVA_ATI
CVA_MERC
CVA_SEE
CVA_CLH
CVA_SWM
CVA_DD
CVA_DY
CVA_SCCO
CVA_MLM
CVA_PX
CVA_LNDC
CVA_EMN
CVA_FOE
CVA_AMWD
CVA_UFS
CVA_AIN
CVA_IP
CVA_PG
CVA_SXT
CVA_FLR
CVA_NP
CVA_FBR
CVA_LEN
CVA_NPO
CVA_KBR
CVA_REX
CVA_FMC
CVA_CMC
CVA_RPM
CVA_HXL
CVA_CVCO
CVA_SHLM
CVA_BCPC
CVA_CCC
CVA_DEL
CVA_GLT
CVA_NEM
CVA_NEU
CVA_GVA
CVA_WLK
CVA_CBI
CVA_CBT
CVA_SMG
CVA_MDU
CVA_JEC
CVA_ALB
CVA_LPX
CVA_IFF
CVA_FUL
CVA_CSL
CVA_KS
CVA_PATK
CVA_KWR
CVA_NWPX
CVA_BGC
CVA_IOSP
CVA_CRS
CVA_AEGN
CVA_WDFC
CVA_OLN
CVA_RGLD
CVA_UFPI
CVA_PPG
CVA_MTZ
CVA_MTX
CVA_AXLL
CVA_KMG
CVA_TREX
CVA_ROG
CVA_BDC
GPRE_STLD
GPRE_SCL
GPRE_AVD
GPRE_ZEUS
GPRE_VAL
GPRE_CMP
GPRE_DOW
GPRE_GLW
GPRE_KOP
GPRE_RS
GPRE_TPC
GPRE_WST
GPRE_ATI
GPRE_MERC
GPRE_SEE
GPRE_CLH
GPRE_SWM
GPRE_DD
GPRE_DY
GPRE_SCCO
GPRE_MLM
GPRE_PX
GPRE_LNDC
GPRE_EMN
GPRE_FOE
GPRE_AMWD
GPRE_UFS
GPRE_AIN
GPRE_IP
GPRE_PG
GPRE_SXT
GPRE_FLR
GPRE_NP
GPRE_FBR
GPRE_LEN
GPRE_NPO
GPRE_KBR
GPRE_REX
GPRE_FMC
GPRE_CMC
GPRE_RPM
GPRE_HXL
GPRE_CVCO
GPRE_SHLM
GPRE_BCPC
GPRE_CCC
GPRE_DEL
GPRE_GLT
GPRE_NEM
GPRE_NEU
GPRE_GVA
GPRE_WLK
GPRE_CBI
GPRE_CBT
GPRE_SMG
GPRE_MDU
GPRE_JEC
GPRE_ALB
GPRE_LPX
GPRE_IFF
GPRE_FUL
GPRE_CSL
GPRE_KS
GPRE_PATK
GPRE_KWR
GPRE_NWPX
GPRE_BGC
GPRE_IOSP
GPRE_CRS
GPRE_AEGN
GPRE_WDFC
GPRE_OLN
GPRE_RGLD
GPRE_UFPI
GPRE_PPG
GPRE_MTZ
GPRE_MTX
GPRE_AXLL
GPRE_KMG
GPRE_TREX
GPRE_ROG
GPRE_BDC
STLD_SCL
STLD_AVD
STLD_ZEUS
STLD_VAL
STLD_CMP
STLD_DOW
STLD_GLW
STLD_KOP
STLD_RS
STLD_TPC
STLD_WST
STLD_ATI
STLD_MERC
STLD_SEE
STLD_CLH
STLD_SWM
STLD_DD
STLD_DY
STLD_SCCO
STLD_MLM
STLD_PX
STLD_LNDC
STLD_EMN
STLD_FOE
STLD_AMWD
STLD_UFS
STLD_AIN
STLD_IP
STLD_PG
STLD_SXT
STLD_FLR
STLD_NP
STLD_FBR
STLD_LEN
STLD_NPO
STLD_KBR
STLD_REX
STLD_FMC
STLD_CMC
STLD_RPM
STLD_HXL
STLD_CVCO
STLD_SHLM
STLD_BCPC
STLD_CCC
STLD_DEL
STLD_GLT
STLD_NEM
STLD_NEU
STLD_GVA
STLD_WLK
STLD_CBI
STLD_CBT
STLD_SMG
STLD_MDU
STLD_JEC
STLD_ALB
STLD_LPX
STLD_IFF
STLD_FUL
STLD_CSL
STLD_KS
STLD_PATK
STLD_KWR
STLD_NWPX
STLD_BGC
STLD_IOSP
STLD_CRS
STLD_AEGN
STLD_WDFC
STLD_OLN
STLD_RGLD
STLD_UFPI
STLD_PPG
STLD_MTZ
STLD_MTX
STLD_AXLL
STLD_KMG
STLD_TREX
STLD_ROG
STLD_BDC
SCL_AVD
SCL_ZEUS
SCL_VAL
SCL_CMP
SCL_DOW
SCL_GLW
SCL_KOP
SCL_RS
SCL_TPC
SCL_WST
SCL_ATI
SCL_MERC
SCL_SEE
SCL_CLH
SCL_SWM
SCL_DD
SCL_DY
SCL_SCCO
SCL_MLM
SCL_PX
SCL_LNDC
SCL_EMN
SCL_FOE
SCL_AMWD
SCL_UFS
SCL_AIN
SCL_IP
SCL_PG
SCL_SXT
SCL_FLR
SCL_NP
SCL_FBR
SCL_LEN
SCL_NPO
SCL_KBR
SCL_REX
SCL_FMC
SCL_CMC
SCL_RPM
SCL_HXL
SCL_CVCO
SCL_SHLM
SCL_BCPC
SCL_CCC
SCL_DEL
SCL_GLT
SCL_NEM
SCL_NEU
SCL_GVA
SCL_WLK
SCL_CBI
SCL_CBT
SCL_SMG
SCL_MDU
SCL_JEC
SCL_ALB
SCL_LPX
SCL_IFF
SCL_FUL
SCL_CSL
SCL_KS
SCL_PATK
SCL_KWR
SCL_NWPX
SCL_BGC
SCL_IOSP
SCL_CRS
SCL_AEGN
SCL_WDFC
SCL_OLN
SCL_RGLD
SCL_UFPI
SCL_PPG
SCL_MTZ
SCL_MTX
SCL_AXLL
SCL_KMG
SCL_TREX
SCL_ROG
SCL_BDC
AVD_ZEUS
AVD_VAL
AVD_CMP
AVD_DOW
AVD_GLW
AVD_KOP
AVD_RS
AVD_TPC
AVD_WST
AVD_ATI
AVD_MERC
AVD_SEE
AVD_CLH
AVD_SWM
AVD_DD
AVD_DY
AVD_SCCO
AVD_MLM
AVD_PX
AVD_LNDC
AVD_EMN
AVD_FOE
AVD_AMWD
AVD_UFS
AVD_AIN
AVD_IP
AVD_PG
AVD_SXT
AVD_FLR
AVD_NP
AVD_FBR
AVD_LEN
AVD_NPO
AVD_KBR
AVD_REX
AVD_FMC
AVD_CMC
AVD_RPM
AVD_HXL
AVD_CVCO
AVD_SHLM
AVD_BCPC
AVD_CCC
AVD_DEL
AVD_GLT
AVD_NEM
AVD_NEU
AVD_GVA
AVD_WLK
AVD_CBI
AVD_CBT
AVD_SMG
AVD_MDU
AVD_JEC
AVD_ALB
AVD_LPX
AVD_IFF
AVD_FUL
AVD_CSL
AVD_KS
AVD_PATK
AVD_KWR
AVD_NWPX
AVD_BGC
AVD_IOSP
AVD_CRS
AVD_AEGN
AVD_WDFC
AVD_OLN
AVD_RGLD
AVD_UFPI
AVD_PPG
AVD_MTZ
AVD_MTX
AVD_AXLL
AVD_KMG
AVD_TREX
AVD_ROG
AVD_BDC
ZEUS_VAL
ZEUS_CMP
ZEUS_DOW
ZEUS_GLW
ZEUS_KOP
ZEUS_RS
ZEUS_TPC
ZEUS_WST
ZEUS_ATI
ZEUS_MERC
ZEUS_SEE
ZEUS_CLH
ZEUS_SWM
ZEUS_DD
ZEUS_DY
ZEUS_SCCO
ZEUS_MLM
ZEUS_PX
ZEUS_LNDC
ZEUS_EMN
ZEUS_FOE
ZEUS_AMWD
ZEUS_UFS
ZEUS_AIN
ZEUS_IP
ZEUS_PG
ZEUS_SXT
ZEUS_FLR
ZEUS_NP
ZEUS_FBR
ZEUS_LEN
ZEUS_NPO
ZEUS_KBR
ZEUS_REX
ZEUS_FMC
ZEUS_CMC
ZEUS_RPM
ZEUS_HXL
ZEUS_CVCO
ZEUS_SHLM
ZEUS_BCPC
ZEUS_CCC
ZEUS_DEL
ZEUS_GLT
ZEUS_NEM
ZEUS_NEU
ZEUS_GVA
ZEUS_WLK
ZEUS_CBI
ZEUS_CBT
ZEUS_SMG
ZEUS_MDU
ZEUS_JEC
ZEUS_ALB
ZEUS_LPX
ZEUS_IFF
ZEUS_FUL
ZEUS_CSL
ZEUS_KS
ZEUS_PATK
ZEUS_KWR
ZEUS_NWPX
ZEUS_BGC
ZEUS_IOSP
ZEUS_CRS
ZEUS_AEGN
ZEUS_WDFC
ZEUS_OLN
ZEUS_RGLD
ZEUS_UFPI
ZEUS_PPG
ZEUS_MTZ
ZEUS_MTX
ZEUS_AXLL
ZEUS_KMG
ZEUS_TREX
ZEUS_ROG
ZEUS_BDC
VAL_CMP
VAL_DOW
VAL_GLW
VAL_KOP
VAL_RS
VAL_TPC
VAL_WST
VAL_ATI
VAL_MERC
VAL_SEE
VAL_CLH
VAL_SWM
VAL_DD
VAL_DY
VAL_SCCO
VAL_MLM
VAL_PX
VAL_LNDC
VAL_EMN
VAL_FOE
VAL_AMWD
VAL_UFS
VAL_AIN
VAL_IP
VAL_PG
VAL_SXT
VAL_FLR
VAL_NP
VAL_FBR
VAL_LEN
VAL_NPO
VAL_KBR
VAL_REX
VAL_FMC
VAL_CMC
VAL_RPM
VAL_HXL
VAL_CVCO
VAL_SHLM
VAL_BCPC
VAL_CCC
VAL_DEL
VAL_GLT
VAL_NEM
VAL_NEU
VAL_GVA
VAL_WLK
VAL_CBI
VAL_CBT
VAL_SMG
VAL_MDU
VAL_JEC
VAL_ALB
VAL_LPX
VAL_IFF
VAL_FUL
VAL_CSL
VAL_KS
VAL_PATK
VAL_KWR
VAL_NWPX
VAL_BGC
VAL_IOSP
VAL_CRS
VAL_AEGN
VAL_WDFC
VAL_OLN
VAL_RGLD
VAL_UFPI
VAL_PPG
VAL_MTZ
VAL_MTX
VAL_AXLL
VAL_KMG
VAL_TREX
VAL_ROG
VAL_BDC
CMP_DOW
CMP_GLW
CMP_KOP
CMP_RS
CMP_TPC
CMP_WST
CMP_ATI
CMP_MERC
CMP_SEE
CMP_CLH
CMP_SWM
CMP_DD
CMP_DY
CMP_SCCO
CMP_MLM
CMP_PX
CMP_LNDC
CMP_EMN
CMP_FOE
CMP_AMWD
CMP_UFS
CMP_AIN
CMP_IP
CMP_PG
CMP_SXT
CMP_FLR
CMP_NP
CMP_FBR
CMP_LEN
CMP_NPO
CMP_KBR
CMP_REX
CMP_FMC
CMP_CMC
CMP_RPM
CMP_HXL
CMP_CVCO
CMP_SHLM
CMP_BCPC
CMP_CCC
CMP_DEL
CMP_GLT
CMP_NEM
CMP_NEU
CMP_GVA
CMP_WLK
CMP_CBI
CMP_CBT
CMP_SMG
CMP_MDU
CMP_JEC
CMP_ALB
CMP_LPX
CMP_IFF
CMP_FUL
CMP_CSL
CMP_KS
CMP_PATK
CMP_KWR
CMP_NWPX
CMP_BGC
CMP_IOSP
CMP_CRS
CMP_AEGN
CMP_WDFC
CMP_OLN
CMP_RGLD
CMP_UFPI
CMP_PPG
CMP_MTZ
CMP_MTX
CMP_AXLL
CMP_KMG
CMP_TREX
CMP_ROG
CMP_BDC
DOW_GLW
DOW_KOP
DOW_RS
DOW_TPC
DOW_WST
DOW_ATI
DOW_MERC
DOW_SEE
DOW_CLH
DOW_SWM
DOW_DD
DOW_DY
DOW_SCCO
DOW_MLM
DOW_PX
DOW_LNDC
DOW_EMN
DOW_FOE
DOW_AMWD
DOW_UFS
DOW_AIN
DOW_IP
DOW_PG
DOW_SXT
DOW_FLR
DOW_NP
DOW_FBR
DOW_LEN
DOW_NPO
DOW_KBR
DOW_REX
DOW_FMC
DOW_CMC
DOW_RPM
DOW_HXL
DOW_CVCO
DOW_SHLM
DOW_BCPC
DOW_CCC
DOW_DEL
DOW_GLT
DOW_NEM
DOW_NEU
DOW_GVA
DOW_WLK
DOW_CBI
DOW_CBT
DOW_SMG
DOW_MDU
DOW_JEC
DOW_ALB
DOW_LPX
DOW_IFF
DOW_FUL
DOW_CSL
DOW_KS
DOW_PATK
DOW_KWR
DOW_NWPX
DOW_BGC
DOW_IOSP
DOW_CRS
DOW_AEGN
DOW_WDFC
DOW_OLN
DOW_RGLD
DOW_UFPI
DOW_PPG
DOW_MTZ
DOW_MTX
DOW_AXLL
DOW_KMG
DOW_TREX
DOW_ROG
DOW_BDC
GLW_KOP
GLW_RS
GLW_TPC
GLW_WST
GLW_ATI
GLW_MERC
GLW_SEE
GLW_CLH
GLW_SWM
GLW_DD
GLW_DY
GLW_SCCO
GLW_MLM
GLW_PX
GLW_LNDC
GLW_EMN
GLW_FOE
GLW_AMWD
GLW_UFS
GLW_AIN
GLW_IP
GLW_PG
GLW_SXT
GLW_FLR
GLW_NP
GLW_FBR
GLW_LEN
GLW_NPO
GLW_KBR
GLW_REX
GLW_FMC
GLW_CMC
GLW_RPM
GLW_HXL
GLW_CVCO
GLW_SHLM
GLW_BCPC
GLW_CCC
GLW_DEL
GLW_GLT
GLW_NEM
GLW_NEU
GLW_GVA
GLW_WLK
GLW_CBI
GLW_CBT
GLW_SMG
GLW_MDU
GLW_JEC
GLW_ALB
GLW_LPX
GLW_IFF
GLW_FUL
GLW_CSL
GLW_KS
GLW_PATK
GLW_KWR
GLW_NWPX
GLW_BGC
GLW_IOSP
GLW_CRS
GLW_AEGN
GLW_WDFC
GLW_OLN
GLW_RGLD
GLW_UFPI
GLW_PPG
GLW_MTZ
GLW_MTX
GLW_AXLL
GLW_KMG
GLW_TREX
GLW_ROG
GLW_BDC
KOP_RS
KOP_TPC
KOP_WST
KOP_ATI
KOP_MERC
KOP_SEE
KOP_CLH
KOP_SWM
KOP_DD
KOP_DY
KOP_SCCO
KOP_MLM
KOP_PX
KOP_LNDC
KOP_EMN
KOP_FOE
KOP_AMWD
KOP_UFS
KOP_AIN
KOP_IP
KOP_PG
KOP_SXT
KOP_FLR
KOP_NP
KOP_FBR
KOP_LEN
KOP_NPO
KOP_KBR
KOP_REX
KOP_FMC
KOP_CMC
KOP_RPM
KOP_HXL
KOP_CVCO
KOP_SHLM
KOP_BCPC
KOP_CCC
KOP_DEL
KOP_GLT
KOP_NEM
KOP_NEU
KOP_GVA
KOP_WLK
KOP_CBI
KOP_CBT
KOP_SMG
KOP_MDU
KOP_JEC
KOP_ALB
KOP_LPX
KOP_IFF
KOP_FUL
KOP_CSL
KOP_KS
KOP_PATK
KOP_KWR
KOP_NWPX
KOP_BGC
KOP_IOSP
KOP_CRS
KOP_AEGN
KOP_WDFC
KOP_OLN
KOP_RGLD
KOP_UFPI
KOP_PPG
KOP_MTZ
KOP_MTX
KOP_AXLL
KOP_KMG
KOP_TREX
KOP_ROG
KOP_BDC
RS_TPC
RS_WST
RS_ATI
RS_MERC
RS_SEE
RS_CLH
RS_SWM
RS_DD
RS_DY
RS_SCCO
RS_MLM
RS_PX
RS_LNDC
RS_EMN
RS_FOE
RS_AMWD
RS_UFS
RS_AIN
RS_IP
RS_PG
RS_SXT
RS_FLR
RS_NP
RS_FBR
RS_LEN
RS_NPO
RS_KBR
RS_REX
RS_FMC
RS_CMC
RS_RPM
RS_HXL
RS_CVCO
RS_SHLM
RS_BCPC
RS_CCC
RS_DEL
RS_GLT
RS_NEM
RS_NEU
RS_GVA
RS_WLK
RS_CBI
RS_CBT
RS_SMG
RS_MDU
RS_JEC
RS_ALB
RS_LPX
RS_IFF
RS_FUL
RS_CSL
RS_KS
RS_PATK
RS_KWR
RS_NWPX
RS_BGC
RS_IOSP
RS_CRS
RS_AEGN
RS_WDFC
RS_OLN
RS_RGLD
RS_UFPI
RS_PPG
RS_MTZ
RS_MTX
RS_AXLL
RS_KMG
RS_TREX
RS_ROG
RS_BDC
TPC_WST
TPC_ATI
TPC_MERC
TPC_SEE
TPC_CLH
TPC_SWM
TPC_DD
TPC_DY
TPC_SCCO
TPC_MLM
TPC_PX
TPC_LNDC
TPC_EMN
TPC_FOE
TPC_AMWD
TPC_UFS
TPC_AIN
TPC_IP
TPC_PG
TPC_SXT
TPC_FLR
TPC_NP
TPC_FBR
TPC_LEN
TPC_NPO
TPC_KBR
TPC_REX
TPC_FMC
TPC_CMC
TPC_RPM
TPC_HXL
TPC_CVCO
TPC_SHLM
TPC_BCPC
TPC_CCC
TPC_DEL
TPC_GLT
TPC_NEM
TPC_NEU
TPC_GVA
TPC_WLK
TPC_CBI
TPC_CBT
TPC_SMG
TPC_MDU
TPC_JEC
TPC_ALB
TPC_LPX
TPC_IFF
TPC_FUL
TPC_CSL
TPC_KS
TPC_PATK
TPC_KWR
TPC_NWPX
TPC_BGC
TPC_IOSP
TPC_CRS
TPC_AEGN
TPC_WDFC
TPC_OLN
TPC_RGLD
TPC_UFPI
TPC_PPG
TPC_MTZ
TPC_MTX
TPC_AXLL
TPC_KMG
TPC_TREX
TPC_ROG
TPC_BDC
WST_ATI
WST_MERC
WST_SEE
WST_CLH
WST_SWM
WST_DD
WST_DY
WST_SCCO
WST_MLM
WST_PX
WST_LNDC
WST_EMN
WST_FOE
WST_AMWD
WST_UFS
WST_AIN
WST_IP
WST_PG
WST_SXT
WST_FLR
WST_NP
WST_FBR
WST_LEN
WST_NPO
WST_KBR
WST_REX
WST_FMC
WST_CMC
WST_RPM
WST_HXL
WST_CVCO
WST_SHLM
WST_BCPC
WST_CCC
WST_DEL
WST_GLT
WST_NEM
WST_NEU
WST_GVA
WST_WLK
WST_CBI
WST_CBT
WST_SMG
WST_MDU
WST_JEC
WST_ALB
WST_LPX
WST_IFF
WST_FUL
WST_CSL
WST_KS
WST_PATK
WST_KWR
WST_NWPX
WST_BGC
WST_IOSP
WST_CRS
WST_AEGN
WST_WDFC
WST_OLN
WST_RGLD
WST_UFPI
WST_PPG
WST_MTZ
WST_MTX
WST_AXLL
WST_KMG
WST_TREX
WST_ROG
WST_BDC
ATI_MERC
ATI_SEE
ATI_CLH
ATI_SWM
ATI_DD
ATI_DY
ATI_SCCO
ATI_MLM
ATI_PX
ATI_LNDC
ATI_EMN
ATI_FOE
ATI_AMWD
ATI_UFS
ATI_AIN
ATI_IP
ATI_PG
ATI_SXT
ATI_FLR
ATI_NP
ATI_FBR
ATI_LEN
ATI_NPO
ATI_KBR
ATI_REX
ATI_FMC
ATI_CMC
ATI_RPM
ATI_HXL
ATI_CVCO
ATI_SHLM
ATI_BCPC
ATI_CCC
ATI_DEL
ATI_GLT
ATI_NEM
ATI_NEU
ATI_GVA
ATI_WLK
ATI_CBI
ATI_CBT
ATI_SMG
ATI_MDU
ATI_JEC
ATI_ALB
ATI_LPX
ATI_IFF
ATI_FUL
ATI_CSL
ATI_KS
ATI_PATK
ATI_KWR
ATI_NWPX
ATI_BGC
ATI_IOSP
ATI_CRS
ATI_AEGN
ATI_WDFC
ATI_OLN
ATI_RGLD
ATI_UFPI
ATI_PPG
ATI_MTZ
ATI_MTX
ATI_AXLL
ATI_KMG
ATI_TREX
ATI_ROG
ATI_BDC
MERC_SEE
MERC_CLH
MERC_SWM
MERC_DD
MERC_DY
MERC_SCCO
MERC_MLM
MERC_PX
MERC_LNDC
MERC_EMN
MERC_FOE
MERC_AMWD
MERC_UFS
MERC_AIN
MERC_IP
MERC_PG
MERC_SXT
MERC_FLR
MERC_NP
MERC_FBR
MERC_LEN
MERC_NPO
MERC_KBR
MERC_REX
MERC_FMC
MERC_CMC
MERC_RPM
MERC_HXL
MERC_CVCO
MERC_SHLM
MERC_BCPC
MERC_CCC
MERC_DEL
MERC_GLT
MERC_NEM
MERC_NEU
MERC_GVA
MERC_WLK
MERC_CBI
MERC_CBT
MERC_SMG
MERC_MDU
MERC_JEC
MERC_ALB
MERC_LPX
MERC_IFF
MERC_FUL
MERC_CSL
MERC_KS
MERC_PATK
MERC_KWR
MERC_NWPX
MERC_BGC
MERC_IOSP
MERC_CRS
MERC_AEGN
MERC_WDFC
MERC_OLN
MERC_RGLD
MERC_UFPI
MERC_PPG
MERC_MTZ
MERC_MTX
MERC_AXLL
MERC_KMG
MERC_TREX
MERC_ROG
MERC_BDC
SEE_CLH
SEE_SWM
SEE_DD
SEE_DY
SEE_SCCO
SEE_MLM
SEE_PX
SEE_LNDC
SEE_EMN
SEE_FOE
SEE_AMWD
SEE_UFS
SEE_AIN
SEE_IP
SEE_PG
SEE_SXT
SEE_FLR
SEE_NP
SEE_FBR
SEE_LEN
SEE_NPO
SEE_KBR
SEE_REX
SEE_FMC
SEE_CMC
SEE_RPM
SEE_HXL
SEE_CVCO
SEE_SHLM
SEE_BCPC
SEE_CCC
SEE_DEL
SEE_GLT
SEE_NEM
SEE_NEU
SEE_GVA
SEE_WLK
SEE_CBI
SEE_CBT
SEE_SMG
SEE_MDU
SEE_JEC
SEE_ALB
SEE_LPX
SEE_IFF
SEE_FUL
SEE_CSL
SEE_KS
SEE_PATK
SEE_KWR
SEE_NWPX
SEE_BGC
SEE_IOSP
SEE_CRS
SEE_AEGN
SEE_WDFC
SEE_OLN
SEE_RGLD
SEE_UFPI
SEE_PPG
SEE_MTZ
SEE_MTX
SEE_AXLL
SEE_KMG
SEE_TREX
SEE_ROG
SEE_BDC
CLH_SWM
CLH_DD
CLH_DY
CLH_SCCO
CLH_MLM
CLH_PX
CLH_LNDC
CLH_EMN
CLH_FOE
CLH_AMWD
CLH_UFS
CLH_AIN
CLH_IP
CLH_PG
CLH_SXT
CLH_FLR
CLH_NP
CLH_FBR
CLH_LEN
CLH_NPO
CLH_KBR
CLH_REX
CLH_FMC
CLH_CMC
CLH_RPM
CLH_HXL
CLH_CVCO
CLH_SHLM
CLH_BCPC
CLH_CCC
CLH_DEL
CLH_GLT
CLH_NEM
CLH_NEU
CLH_GVA
CLH_WLK
CLH_CBI
CLH_CBT
CLH_SMG
CLH_MDU
CLH_JEC
CLH_ALB
CLH_LPX
CLH_IFF
CLH_FUL
CLH_CSL
CLH_KS
CLH_PATK
CLH_KWR
CLH_NWPX
CLH_BGC
CLH_IOSP
CLH_CRS
CLH_AEGN
CLH_WDFC
CLH_OLN
CLH_RGLD
CLH_UFPI
CLH_PPG
CLH_MTZ
CLH_MTX
CLH_AXLL
CLH_KMG
CLH_TREX
CLH_ROG
CLH_BDC
SWM_DD
SWM_DY
SWM_SCCO
SWM_MLM
SWM_PX
SWM_LNDC
SWM_EMN
SWM_FOE
SWM_AMWD
SWM_UFS
SWM_AIN
SWM_IP
SWM_PG
SWM_SXT
SWM_FLR
SWM_NP
SWM_FBR
SWM_LEN
SWM_NPO
SWM_KBR
SWM_REX
SWM_FMC
SWM_CMC
SWM_RPM
SWM_HXL
SWM_CVCO
SWM_SHLM
SWM_BCPC
SWM_CCC
SWM_DEL
SWM_GLT
SWM_NEM
SWM_NEU
SWM_GVA
SWM_WLK
SWM_CBI
SWM_CBT
SWM_SMG
SWM_MDU
SWM_JEC
SWM_ALB
SWM_LPX
SWM_IFF
SWM_FUL
SWM_CSL
SWM_KS
SWM_PATK
SWM_KWR
SWM_NWPX
SWM_BGC
SWM_IOSP
SWM_CRS
SWM_AEGN
SWM_WDFC
SWM_OLN
SWM_RGLD
SWM_UFPI
SWM_PPG
SWM_MTZ
SWM_MTX
SWM_AXLL
SWM_KMG
SWM_TREX
SWM_ROG
SWM_BDC
DD_DY
DD_SCCO
DD_MLM
DD_PX
DD_LNDC
DD_EMN
DD_FOE
DD_AMWD
DD_UFS
DD_AIN
DD_IP
DD_PG
DD_SXT
DD_FLR
DD_NP
DD_FBR
DD_LEN
DD_NPO
DD_KBR
DD_REX
DD_FMC
DD_CMC
DD_RPM
DD_HXL
DD_CVCO
DD_SHLM
DD_BCPC
DD_CCC
DD_DEL
DD_GLT
DD_NEM
DD_NEU
DD_GVA
DD_WLK
DD_CBI
DD_CBT
DD_SMG
DD_MDU
DD_JEC
DD_ALB
DD_LPX
DD_IFF
DD_FUL
DD_CSL
DD_KS
DD_PATK
DD_KWR
DD_NWPX
DD_BGC
DD_IOSP
DD_CRS
DD_AEGN
DD_WDFC
DD_OLN
DD_RGLD
DD_UFPI
DD_PPG
DD_MTZ
DD_MTX
DD_AXLL
DD_KMG
DD_TREX
DD_ROG
DD_BDC
DY_SCCO
DY_MLM
DY_PX
DY_LNDC
DY_EMN
DY_FOE
DY_AMWD
DY_UFS
DY_AIN
DY_IP
DY_PG
DY_SXT
DY_FLR
DY_NP
DY_FBR
DY_LEN
DY_NPO
DY_KBR
DY_REX
DY_FMC
DY_CMC
DY_RPM
DY_HXL
DY_CVCO
DY_SHLM
DY_BCPC
DY_CCC
DY_DEL
DY_GLT
DY_NEM
DY_NEU
DY_GVA
DY_WLK
DY_CBI
DY_CBT
DY_SMG
DY_MDU
DY_JEC
DY_ALB
DY_LPX
DY_IFF
DY_FUL
DY_CSL
DY_KS
DY_PATK
DY_KWR
DY_NWPX
DY_BGC
DY_IOSP
DY_CRS
DY_AEGN
DY_WDFC
DY_OLN
DY_RGLD
DY_UFPI
DY_PPG
DY_MTZ
DY_MTX
DY_AXLL
DY_KMG
DY_TREX
DY_ROG
DY_BDC
SCCO_MLM
SCCO_PX
SCCO_LNDC
SCCO_EMN
SCCO_FOE
SCCO_AMWD
SCCO_UFS
SCCO_AIN
SCCO_IP
SCCO_PG
SCCO_SXT
SCCO_FLR
SCCO_NP
SCCO_FBR
SCCO_LEN
SCCO_NPO
SCCO_KBR
SCCO_REX
SCCO_FMC
SCCO_CMC
SCCO_RPM
SCCO_HXL
SCCO_CVCO
SCCO_SHLM
SCCO_BCPC
SCCO_CCC
SCCO_DEL
SCCO_GLT
SCCO_NEM
SCCO_NEU
SCCO_GVA
SCCO_WLK
SCCO_CBI
SCCO_CBT
SCCO_SMG
SCCO_MDU
SCCO_JEC
SCCO_ALB
SCCO_LPX
SCCO_IFF
SCCO_FUL
SCCO_CSL
SCCO_KS
SCCO_PATK
SCCO_KWR
SCCO_NWPX
SCCO_BGC
SCCO_IOSP
SCCO_CRS
SCCO_AEGN
SCCO_WDFC
SCCO_OLN
SCCO_RGLD
SCCO_UFPI
SCCO_PPG
SCCO_MTZ
SCCO_MTX
SCCO_AXLL
SCCO_KMG
SCCO_TREX
SCCO_ROG
SCCO_BDC
MLM_PX
MLM_LNDC
MLM_EMN
MLM_FOE
MLM_AMWD
MLM_UFS
MLM_AIN
MLM_IP
MLM_PG
MLM_SXT
MLM_FLR
MLM_NP
MLM_FBR
MLM_LEN
MLM_NPO
MLM_KBR
MLM_REX
MLM_FMC
MLM_CMC
MLM_RPM
MLM_HXL
MLM_CVCO
MLM_SHLM
MLM_BCPC
MLM_CCC
MLM_DEL
MLM_GLT
MLM_NEM
MLM_NEU
MLM_GVA
MLM_WLK
MLM_CBI
MLM_CBT
MLM_SMG
MLM_MDU
MLM_JEC
MLM_ALB
MLM_LPX
MLM_IFF
MLM_FUL
MLM_CSL
MLM_KS
MLM_PATK
MLM_KWR
MLM_NWPX
MLM_BGC
MLM_IOSP
MLM_CRS
MLM_AEGN
MLM_WDFC
MLM_OLN
MLM_RGLD
MLM_UFPI
MLM_PPG
MLM_MTZ
MLM_MTX
MLM_AXLL
MLM_KMG
MLM_TREX
MLM_ROG
MLM_BDC
PX_LNDC
PX_EMN
PX_FOE
PX_AMWD
PX_UFS
PX_AIN
PX_IP
PX_PG
PX_SXT
PX_FLR
PX_NP
PX_FBR
PX_LEN
PX_NPO
PX_KBR
PX_REX
PX_FMC
PX_CMC
PX_RPM
PX_HXL
PX_CVCO
PX_SHLM
PX_BCPC
PX_CCC
PX_DEL
PX_GLT
PX_NEM
PX_NEU
PX_GVA
PX_WLK
PX_CBI
PX_CBT
PX_SMG
PX_MDU
PX_JEC
PX_ALB
PX_LPX
PX_IFF
PX_FUL
PX_CSL
PX_KS
PX_PATK
PX_KWR
PX_NWPX
PX_BGC
PX_IOSP
PX_CRS
PX_AEGN
PX_WDFC
PX_OLN
PX_RGLD
PX_UFPI
PX_PPG
PX_MTZ
PX_MTX
PX_AXLL
PX_KMG
PX_TREX
PX_ROG
PX_BDC
LNDC_EMN
LNDC_FOE
LNDC_AMWD
LNDC_UFS
LNDC_AIN
LNDC_IP
LNDC_PG
LNDC_SXT
LNDC_FLR
LNDC_NP
LNDC_FBR
LNDC_LEN
LNDC_NPO
LNDC_KBR
LNDC_REX
LNDC_FMC
LNDC_CMC
LNDC_RPM
LNDC_HXL
LNDC_CVCO
LNDC_SHLM
LNDC_BCPC
LNDC_CCC
LNDC_DEL
LNDC_GLT
LNDC_NEM
LNDC_NEU
LNDC_GVA
LNDC_WLK
LNDC_CBI
LNDC_CBT
LNDC_SMG
LNDC_MDU
LNDC_JEC
LNDC_ALB
LNDC_LPX
LNDC_IFF
LNDC_FUL
LNDC_CSL
LNDC_KS
LNDC_PATK
LNDC_KWR
LNDC_NWPX
LNDC_BGC
LNDC_IOSP
LNDC_CRS
LNDC_AEGN
LNDC_WDFC
LNDC_OLN
LNDC_RGLD
LNDC_UFPI
LNDC_PPG
LNDC_MTZ
LNDC_MTX
LNDC_AXLL
LNDC_KMG
LNDC_TREX
LNDC_ROG
LNDC_BDC
EMN_FOE
EMN_AMWD
EMN_UFS
EMN_AIN
EMN_IP
EMN_PG
EMN_SXT
EMN_FLR
EMN_NP
EMN_FBR
EMN_LEN
EMN_NPO
EMN_KBR
EMN_REX
EMN_FMC
EMN_CMC
EMN_RPM
EMN_HXL
EMN_CVCO
EMN_SHLM
EMN_BCPC
EMN_CCC
EMN_DEL
EMN_GLT
EMN_NEM
EMN_NEU
EMN_GVA
EMN_WLK
EMN_CBI
EMN_CBT
EMN_SMG
EMN_MDU
EMN_JEC
EMN_ALB
EMN_LPX
EMN_IFF
EMN_FUL
EMN_CSL
EMN_KS
EMN_PATK
EMN_KWR
EMN_NWPX
EMN_BGC
EMN_IOSP
EMN_CRS
EMN_AEGN
EMN_WDFC
EMN_OLN
EMN_RGLD
EMN_UFPI
EMN_PPG
EMN_MTZ
EMN_MTX
EMN_AXLL
EMN_KMG
EMN_TREX
EMN_ROG
EMN_BDC
FOE_AMWD
FOE_UFS
FOE_AIN
FOE_IP
FOE_PG
FOE_SXT
FOE_FLR
FOE_NP
FOE_FBR
FOE_LEN
FOE_NPO
FOE_KBR
FOE_REX
FOE_FMC
FOE_CMC
FOE_RPM
FOE_HXL
FOE_CVCO
FOE_SHLM
FOE_BCPC
FOE_CCC
FOE_DEL
FOE_GLT
FOE_NEM
FOE_NEU
FOE_GVA
FOE_WLK
FOE_CBI
FOE_CBT
FOE_SMG
FOE_MDU
FOE_JEC
FOE_ALB
FOE_LPX
FOE_IFF
FOE_FUL
FOE_CSL
FOE_KS
FOE_PATK
FOE_KWR
FOE_NWPX
FOE_BGC
FOE_IOSP
FOE_CRS
FOE_AEGN
FOE_WDFC
FOE_OLN
FOE_RGLD
FOE_UFPI
FOE_PPG
FOE_MTZ
FOE_MTX
FOE_AXLL
FOE_KMG
FOE_TREX
FOE_ROG
FOE_BDC
AMWD_UFS
AMWD_AIN
AMWD_IP
AMWD_PG
AMWD_SXT
AMWD_FLR
AMWD_NP
AMWD_FBR
AMWD_LEN
AMWD_NPO
AMWD_KBR
AMWD_REX
AMWD_FMC
AMWD_CMC
AMWD_RPM
AMWD_HXL
AMWD_CVCO
AMWD_SHLM
AMWD_BCPC
AMWD_CCC
AMWD_DEL
AMWD_GLT
AMWD_NEM
AMWD_NEU
AMWD_GVA
AMWD_WLK
AMWD_CBI
AMWD_CBT
AMWD_SMG
AMWD_MDU
AMWD_JEC
AMWD_ALB
AMWD_LPX
AMWD_IFF
AMWD_FUL
AMWD_CSL
AMWD_KS
AMWD_PATK
AMWD_KWR
AMWD_NWPX
AMWD_BGC
AMWD_IOSP
AMWD_CRS
AMWD_AEGN
AMWD_WDFC
AMWD_OLN
AMWD_RGLD
AMWD_UFPI
AMWD_PPG
AMWD_MTZ
AMWD_MTX
AMWD_AXLL
AMWD_KMG
AMWD_TREX
AMWD_ROG
AMWD_BDC
UFS_AIN
UFS_IP
UFS_PG
UFS_SXT
UFS_FLR
UFS_NP
UFS_FBR
UFS_LEN
UFS_NPO
UFS_KBR
UFS_REX
UFS_FMC
UFS_CMC
UFS_RPM
UFS_HXL
UFS_CVCO
UFS_SHLM
UFS_BCPC
UFS_CCC
UFS_DEL
UFS_GLT
UFS_NEM
UFS_NEU
UFS_GVA
UFS_WLK
UFS_CBI
UFS_CBT
UFS_SMG
UFS_MDU
UFS_JEC
UFS_ALB
UFS_LPX
UFS_IFF
UFS_FUL
UFS_CSL
UFS_KS
UFS_PATK
UFS_KWR
UFS_NWPX
UFS_BGC
UFS_IOSP
UFS_CRS
UFS_AEGN
UFS_WDFC
UFS_OLN
UFS_RGLD
UFS_UFPI
UFS_PPG
UFS_MTZ
UFS_MTX
UFS_AXLL
UFS_KMG
UFS_TREX
UFS_ROG
UFS_BDC
AIN_IP
AIN_PG
AIN_SXT
AIN_FLR
AIN_NP
AIN_FBR
AIN_LEN
AIN_NPO
AIN_KBR
AIN_REX
AIN_FMC
AIN_CMC
AIN_RPM
AIN_HXL
AIN_CVCO
AIN_SHLM
AIN_BCPC
AIN_CCC
AIN_DEL
AIN_GLT
AIN_NEM
AIN_NEU
AIN_GVA
AIN_WLK
AIN_CBI
AIN_CBT
AIN_SMG
AIN_MDU
AIN_JEC
AIN_ALB
AIN_LPX
AIN_IFF
AIN_FUL
AIN_CSL
AIN_KS
AIN_PATK
AIN_KWR
AIN_NWPX
AIN_BGC
AIN_IOSP
AIN_CRS
AIN_AEGN
AIN_WDFC
AIN_OLN
AIN_RGLD
AIN_UFPI
AIN_PPG
AIN_MTZ
AIN_MTX
AIN_AXLL
AIN_KMG
AIN_TREX
AIN_ROG
AIN_BDC
IP_PG
IP_SXT
IP_FLR
IP_NP
IP_FBR
IP_LEN
IP_NPO
IP_KBR
IP_REX
IP_FMC
IP_CMC
IP_RPM
IP_HXL
IP_CVCO
IP_SHLM
IP_BCPC
IP_CCC
IP_DEL
IP_GLT
IP_NEM
IP_NEU
IP_GVA
IP_WLK
IP_CBI
IP_CBT
IP_SMG
IP_MDU
IP_JEC
IP_ALB
IP_LPX
IP_IFF
IP_FUL
IP_CSL
IP_KS
IP_PATK
IP_KWR
IP_NWPX
IP_BGC
IP_IOSP
IP_CRS
IP_AEGN
IP_WDFC
IP_OLN
IP_RGLD
IP_UFPI
IP_PPG
IP_MTZ
IP_MTX
IP_AXLL
IP_KMG
IP_TREX
IP_ROG
IP_BDC
PG_SXT
PG_FLR
PG_NP
PG_FBR
PG_LEN
PG_NPO
PG_KBR
PG_REX
PG_FMC
PG_CMC
PG_RPM
PG_HXL
PG_CVCO
PG_SHLM
PG_BCPC
PG_CCC
PG_DEL
PG_GLT
PG_NEM
PG_NEU
PG_GVA
PG_WLK
PG_CBI
PG_CBT
PG_SMG
PG_MDU
PG_JEC
PG_ALB
PG_LPX
PG_IFF
PG_FUL
PG_CSL
PG_KS
PG_PATK
PG_KWR
PG_NWPX
PG_BGC
PG_IOSP
PG_CRS
PG_AEGN
PG_WDFC
PG_OLN
PG_RGLD
PG_UFPI
PG_PPG
PG_MTZ
PG_MTX
PG_AXLL
PG_KMG
PG_TREX
PG_ROG
PG_BDC
SXT_FLR
SXT_NP
SXT_FBR
SXT_LEN
SXT_NPO
SXT_KBR
SXT_REX
SXT_FMC
SXT_CMC
SXT_RPM
SXT_HXL
SXT_CVCO
SXT_SHLM
SXT_BCPC
SXT_CCC
SXT_DEL
SXT_GLT
SXT_NEM
SXT_NEU
SXT_GVA
SXT_WLK
SXT_CBI
SXT_CBT
SXT_SMG
SXT_MDU
SXT_JEC
SXT_ALB
SXT_LPX
SXT_IFF
SXT_FUL
SXT_CSL
SXT_KS
SXT_PATK
SXT_KWR
SXT_NWPX
SXT_BGC
SXT_IOSP
SXT_CRS
SXT_AEGN
SXT_WDFC
SXT_OLN
SXT_RGLD
SXT_UFPI
SXT_PPG
SXT_MTZ
SXT_MTX
SXT_AXLL
SXT_KMG
SXT_TREX
SXT_ROG
SXT_BDC
FLR_NP
FLR_FBR
FLR_LEN
FLR_NPO
FLR_KBR
FLR_REX
FLR_FMC
FLR_CMC
FLR_RPM
FLR_HXL
FLR_CVCO
FLR_SHLM
FLR_BCPC
FLR_CCC
FLR_DEL
FLR_GLT
FLR_NEM
FLR_NEU
FLR_GVA
FLR_WLK
FLR_CBI
FLR_CBT
FLR_SMG
FLR_MDU
FLR_JEC
FLR_ALB
FLR_LPX
FLR_IFF
FLR_FUL
FLR_CSL
FLR_KS
FLR_PATK
FLR_KWR
FLR_NWPX
FLR_BGC
FLR_IOSP
FLR_CRS
FLR_AEGN
FLR_WDFC
FLR_OLN
FLR_RGLD
FLR_UFPI
FLR_PPG
FLR_MTZ
FLR_MTX
FLR_AXLL
FLR_KMG
FLR_TREX
FLR_ROG
FLR_BDC
NP_FBR
NP_LEN
NP_NPO
NP_KBR
NP_REX
NP_FMC
NP_CMC
NP_RPM
NP_HXL
NP_CVCO
NP_SHLM
NP_BCPC
NP_CCC
NP_DEL
NP_GLT
NP_NEM
NP_NEU
NP_GVA
NP_WLK
NP_CBI
NP_CBT
NP_SMG
NP_MDU
NP_JEC
NP_ALB
NP_LPX
NP_IFF
NP_FUL
NP_CSL
NP_KS
NP_PATK
NP_KWR
NP_NWPX
NP_BGC
NP_IOSP
NP_CRS
NP_AEGN
NP_WDFC
NP_OLN
NP_RGLD
NP_UFPI
NP_PPG
NP_MTZ
NP_MTX
NP_AXLL
NP_KMG
NP_TREX
NP_ROG
NP_BDC
FBR_LEN
FBR_NPO
FBR_KBR
FBR_REX
FBR_FMC
FBR_CMC
FBR_RPM
FBR_HXL
FBR_CVCO
FBR_SHLM
FBR_BCPC
FBR_CCC
FBR_DEL
FBR_GLT
FBR_NEM
FBR_NEU
FBR_GVA
FBR_WLK
FBR_CBI
FBR_CBT
FBR_SMG
FBR_MDU
FBR_JEC
FBR_ALB
FBR_LPX
FBR_IFF
FBR_FUL
FBR_CSL
FBR_KS
FBR_PATK
FBR_KWR
FBR_NWPX
FBR_BGC
FBR_IOSP
FBR_CRS
FBR_AEGN
FBR_WDFC
FBR_OLN
FBR_RGLD
FBR_UFPI
FBR_PPG
FBR_MTZ
FBR_MTX
FBR_AXLL
FBR_KMG
FBR_TREX
FBR_ROG
FBR_BDC
LEN_NPO
LEN_KBR
LEN_REX
LEN_FMC
LEN_CMC
LEN_RPM
LEN_HXL
LEN_CVCO
LEN_SHLM
LEN_BCPC
LEN_CCC
LEN_DEL
LEN_GLT
LEN_NEM
LEN_NEU
LEN_GVA
LEN_WLK
LEN_CBI
LEN_CBT
LEN_SMG
LEN_MDU
LEN_JEC
LEN_ALB
LEN_LPX
LEN_IFF
LEN_FUL
LEN_CSL
LEN_KS
LEN_PATK
LEN_KWR
LEN_NWPX
LEN_BGC
LEN_IOSP
LEN_CRS
LEN_AEGN
LEN_WDFC
LEN_OLN
LEN_RGLD
LEN_UFPI
LEN_PPG
LEN_MTZ
LEN_MTX
LEN_AXLL
LEN_KMG
LEN_TREX
LEN_ROG
LEN_BDC
NPO_KBR
NPO_REX
NPO_FMC
NPO_CMC
NPO_RPM
NPO_HXL
NPO_CVCO
NPO_SHLM
NPO_BCPC
NPO_CCC
NPO_DEL
NPO_GLT
NPO_NEM
NPO_NEU
NPO_GVA
NPO_WLK
NPO_CBI
NPO_CBT
NPO_SMG
NPO_MDU
NPO_JEC
NPO_ALB
NPO_LPX
NPO_IFF
NPO_FUL
NPO_CSL
NPO_KS
NPO_PATK
NPO_KWR
NPO_NWPX
NPO_BGC
NPO_IOSP
NPO_CRS
NPO_AEGN
NPO_WDFC
NPO_OLN
NPO_RGLD
NPO_UFPI
NPO_PPG
NPO_MTZ
NPO_MTX
NPO_AXLL
NPO_KMG
NPO_TREX
NPO_ROG
NPO_BDC
KBR_REX
KBR_FMC
KBR_CMC
KBR_RPM
KBR_HXL
KBR_CVCO
KBR_SHLM
KBR_BCPC
KBR_CCC
KBR_DEL
KBR_GLT
KBR_NEM
KBR_NEU
KBR_GVA
KBR_WLK
KBR_CBI
KBR_CBT
KBR_SMG
KBR_MDU
KBR_JEC
KBR_ALB
KBR_LPX
KBR_IFF
KBR_FUL
KBR_CSL
KBR_KS
KBR_PATK
KBR_KWR
KBR_NWPX
KBR_BGC
KBR_IOSP
KBR_CRS
KBR_AEGN
KBR_WDFC
KBR_OLN
KBR_RGLD
KBR_UFPI
KBR_PPG
KBR_MTZ
KBR_MTX
KBR_AXLL
KBR_KMG
KBR_TREX
KBR_ROG
KBR_BDC
REX_FMC
REX_CMC
REX_RPM
REX_HXL
REX_CVCO
REX_SHLM
REX_BCPC
REX_CCC
REX_DEL
REX_GLT
REX_NEM
REX_NEU
REX_GVA
REX_WLK
REX_CBI
REX_CBT
REX_SMG
REX_MDU
REX_JEC
REX_ALB
REX_LPX
REX_IFF
REX_FUL
REX_CSL
REX_KS
REX_PATK
REX_KWR
REX_NWPX
REX_BGC
REX_IOSP
REX_CRS
REX_AEGN
REX_WDFC
REX_OLN
REX_RGLD
REX_UFPI
REX_PPG
REX_MTZ
REX_MTX
REX_AXLL
REX_KMG
REX_TREX
REX_ROG
REX_BDC
FMC_CMC
FMC_RPM
FMC_HXL
FMC_CVCO
FMC_SHLM
FMC_BCPC
FMC_CCC
FMC_DEL
FMC_GLT
FMC_NEM
FMC_NEU
FMC_GVA
FMC_WLK
FMC_CBI
FMC_CBT
FMC_SMG
FMC_MDU
FMC_JEC
FMC_ALB
FMC_LPX
FMC_IFF
FMC_FUL
FMC_CSL
FMC_KS
FMC_PATK
FMC_KWR
FMC_NWPX
FMC_BGC
FMC_IOSP
FMC_CRS
FMC_AEGN
FMC_WDFC
FMC_OLN
FMC_RGLD
FMC_UFPI
FMC_PPG
FMC_MTZ
FMC_MTX
FMC_AXLL
FMC_KMG
FMC_TREX
FMC_ROG
FMC_BDC
CMC_RPM
CMC_HXL
CMC_CVCO
CMC_SHLM
CMC_BCPC
CMC_CCC
CMC_DEL
CMC_GLT
CMC_NEM
CMC_NEU
CMC_GVA
CMC_WLK
CMC_CBI
CMC_CBT
CMC_SMG
CMC_MDU
CMC_JEC
CMC_ALB
CMC_LPX
CMC_IFF
CMC_FUL
CMC_CSL
CMC_KS
CMC_PATK
CMC_KWR
CMC_NWPX
CMC_BGC
CMC_IOSP
CMC_CRS
CMC_AEGN
CMC_WDFC
CMC_OLN
CMC_RGLD
CMC_UFPI
CMC_PPG
CMC_MTZ
CMC_MTX
CMC_AXLL
CMC_KMG
CMC_TREX
CMC_ROG
CMC_BDC
RPM_HXL
RPM_CVCO
RPM_SHLM
RPM_BCPC
RPM_CCC
RPM_DEL
RPM_GLT
RPM_NEM
RPM_NEU
RPM_GVA
RPM_WLK
RPM_CBI
RPM_CBT
RPM_SMG
RPM_MDU
RPM_JEC
RPM_ALB
RPM_LPX
RPM_IFF
RPM_FUL
RPM_CSL
RPM_KS
RPM_PATK
RPM_KWR
RPM_NWPX
RPM_BGC
RPM_IOSP
RPM_CRS
RPM_AEGN
RPM_WDFC
RPM_OLN
RPM_RGLD
RPM_UFPI
RPM_PPG
RPM_MTZ
RPM_MTX
RPM_AXLL
RPM_KMG
RPM_TREX
RPM_ROG
RPM_BDC
HXL_CVCO
HXL_SHLM
HXL_BCPC
HXL_CCC
HXL_DEL
HXL_GLT
HXL_NEM
HXL_NEU
HXL_GVA
HXL_WLK
HXL_CBI
HXL_CBT
HXL_SMG
HXL_MDU
HXL_JEC
HXL_ALB
HXL_LPX
HXL_IFF
HXL_FUL
HXL_CSL
HXL_KS
HXL_PATK
HXL_KWR
HXL_NWPX
HXL_BGC
HXL_IOSP
HXL_CRS
HXL_AEGN
HXL_WDFC
HXL_OLN
HXL_RGLD
HXL_UFPI
HXL_PPG
HXL_MTZ
HXL_MTX
HXL_AXLL
HXL_KMG
HXL_TREX
HXL_ROG
HXL_BDC
CVCO_SHLM
CVCO_BCPC
CVCO_CCC
CVCO_DEL
CVCO_GLT
CVCO_NEM
CVCO_NEU
CVCO_GVA
CVCO_WLK
CVCO_CBI
CVCO_CBT
CVCO_SMG
CVCO_MDU
CVCO_JEC
CVCO_ALB
CVCO_LPX
CVCO_IFF
CVCO_FUL
CVCO_CSL
CVCO_KS
CVCO_PATK
CVCO_KWR
CVCO_NWPX
CVCO_BGC
CVCO_IOSP
CVCO_CRS
CVCO_AEGN
CVCO_WDFC
CVCO_OLN
CVCO_RGLD
CVCO_UFPI
CVCO_PPG
CVCO_MTZ
CVCO_MTX
CVCO_AXLL
CVCO_KMG
CVCO_TREX
CVCO_ROG
CVCO_BDC
SHLM_BCPC
SHLM_CCC
SHLM_DEL
SHLM_GLT
SHLM_NEM
SHLM_NEU
SHLM_GVA
SHLM_WLK
SHLM_CBI
SHLM_CBT
SHLM_SMG
SHLM_MDU
SHLM_JEC
SHLM_ALB
SHLM_LPX
SHLM_IFF
SHLM_FUL
SHLM_CSL
SHLM_KS
SHLM_PATK
SHLM_KWR
SHLM_NWPX
SHLM_BGC
SHLM_IOSP
SHLM_CRS
SHLM_AEGN
SHLM_WDFC
SHLM_OLN
SHLM_RGLD
SHLM_UFPI
SHLM_PPG
SHLM_MTZ
SHLM_MTX
SHLM_AXLL
SHLM_KMG
SHLM_TREX
SHLM_ROG
SHLM_BDC
BCPC_CCC
BCPC_DEL
BCPC_GLT
BCPC_NEM
BCPC_NEU
BCPC_GVA
BCPC_WLK
BCPC_CBI
BCPC_CBT
BCPC_SMG
BCPC_MDU
BCPC_JEC
BCPC_ALB
BCPC_LPX
BCPC_IFF
BCPC_FUL
BCPC_CSL
BCPC_KS
BCPC_PATK
BCPC_KWR
BCPC_NWPX
BCPC_BGC
BCPC_IOSP
BCPC_CRS
BCPC_AEGN
BCPC_WDFC
BCPC_OLN
BCPC_RGLD
BCPC_UFPI
BCPC_PPG
BCPC_MTZ
BCPC_MTX
BCPC_AXLL
BCPC_KMG
BCPC_TREX
BCPC_ROG
BCPC_BDC
CCC_DEL
CCC_GLT
CCC_NEM
CCC_NEU
CCC_GVA
CCC_WLK
CCC_CBI
CCC_CBT
CCC_SMG
CCC_MDU
CCC_JEC
CCC_ALB
CCC_LPX
CCC_IFF
CCC_FUL
CCC_CSL
CCC_KS
CCC_PATK
CCC_KWR
CCC_NWPX
CCC_BGC
CCC_IOSP
CCC_CRS
CCC_AEGN
CCC_WDFC
CCC_OLN
CCC_RGLD
CCC_UFPI
CCC_PPG
CCC_MTZ
CCC_MTX
CCC_AXLL
CCC_KMG
CCC_TREX
CCC_ROG
CCC_BDC
DEL_GLT
DEL_NEM
DEL_NEU
DEL_GVA
DEL_WLK
DEL_CBI
DEL_CBT
DEL_SMG
DEL_MDU
DEL_JEC
DEL_ALB
DEL_LPX
DEL_IFF
DEL_FUL
DEL_CSL
DEL_KS
DEL_PATK
DEL_KWR
DEL_NWPX
DEL_BGC
DEL_IOSP
DEL_CRS
DEL_AEGN
DEL_WDFC
DEL_OLN
DEL_RGLD
DEL_UFPI
DEL_PPG
DEL_MTZ
DEL_MTX
DEL_AXLL
DEL_KMG
DEL_TREX
DEL_ROG
DEL_BDC
GLT_NEM
GLT_NEU
GLT_GVA
GLT_WLK
GLT_CBI
GLT_CBT
GLT_SMG
GLT_MDU
GLT_JEC
GLT_ALB
GLT_LPX
GLT_IFF
GLT_FUL
GLT_CSL
GLT_KS
GLT_PATK
GLT_KWR
GLT_NWPX
GLT_BGC
GLT_IOSP
GLT_CRS
GLT_AEGN
GLT_WDFC
GLT_OLN
GLT_RGLD
GLT_UFPI
GLT_PPG
GLT_MTZ
GLT_MTX
GLT_AXLL
GLT_KMG
GLT_TREX
GLT_ROG
GLT_BDC
NEM_NEU
NEM_GVA
NEM_WLK
NEM_CBI
NEM_CBT
NEM_SMG
NEM_MDU
NEM_JEC
NEM_ALB
NEM_LPX
NEM_IFF
NEM_FUL
NEM_CSL
NEM_KS
NEM_PATK
NEM_KWR
NEM_NWPX
NEM_BGC
NEM_IOSP
NEM_CRS
NEM_AEGN
NEM_WDFC
NEM_OLN
NEM_RGLD
NEM_UFPI
NEM_PPG
NEM_MTZ
NEM_MTX
NEM_AXLL
NEM_KMG
NEM_TREX
NEM_ROG
NEM_BDC
NEU_GVA
NEU_WLK
NEU_CBI
NEU_CBT
NEU_SMG
NEU_MDU
NEU_JEC
NEU_ALB
NEU_LPX
NEU_IFF
NEU_FUL
NEU_CSL
NEU_KS
NEU_PATK
NEU_KWR
NEU_NWPX
NEU_BGC
NEU_IOSP
NEU_CRS
NEU_AEGN
NEU_WDFC
NEU_OLN
NEU_RGLD
NEU_UFPI
NEU_PPG
NEU_MTZ
NEU_MTX
NEU_AXLL
NEU_KMG
NEU_TREX
NEU_ROG
NEU_BDC
GVA_WLK
GVA_CBI
GVA_CBT
GVA_SMG
GVA_MDU
GVA_JEC
GVA_ALB
GVA_LPX
GVA_IFF
GVA_FUL
GVA_CSL
GVA_KS
GVA_PATK
GVA_KWR
GVA_NWPX
GVA_BGC
GVA_IOSP
GVA_CRS
GVA_AEGN
GVA_WDFC
GVA_OLN
GVA_RGLD
GVA_UFPI
GVA_PPG
GVA_MTZ
GVA_MTX
GVA_AXLL
GVA_KMG
GVA_TREX
GVA_ROG
GVA_BDC
WLK_CBI
WLK_CBT
WLK_SMG
WLK_MDU
WLK_JEC
WLK_ALB
WLK_LPX
WLK_IFF
WLK_FUL
WLK_CSL
WLK_KS
WLK_PATK
WLK_KWR
WLK_NWPX
WLK_BGC
WLK_IOSP
WLK_CRS
WLK_AEGN
WLK_WDFC
WLK_OLN
WLK_RGLD
WLK_UFPI
WLK_PPG
WLK_MTZ
WLK_MTX
WLK_AXLL
WLK_KMG
WLK_TREX
WLK_ROG
WLK_BDC
CBI_CBT
CBI_SMG
CBI_MDU
CBI_JEC
CBI_ALB
CBI_LPX
CBI_IFF
CBI_FUL
CBI_CSL
CBI_KS
CBI_PATK
CBI_KWR
CBI_NWPX
CBI_BGC
CBI_IOSP
CBI_CRS
CBI_AEGN
CBI_WDFC
CBI_OLN
CBI_RGLD
CBI_UFPI
CBI_PPG
CBI_MTZ
CBI_MTX
CBI_AXLL
CBI_KMG
CBI_TREX
CBI_ROG
CBI_BDC
CBT_SMG
CBT_MDU
CBT_JEC
CBT_ALB
CBT_LPX
CBT_IFF
CBT_FUL
CBT_CSL
CBT_KS
CBT_PATK
CBT_KWR
CBT_NWPX
CBT_BGC
CBT_IOSP
CBT_CRS
CBT_AEGN
CBT_WDFC
CBT_OLN
CBT_RGLD
CBT_UFPI
CBT_PPG
CBT_MTZ
CBT_MTX
CBT_AXLL
CBT_KMG
CBT_TREX
CBT_ROG
CBT_BDC
SMG_MDU
SMG_JEC
SMG_ALB
SMG_LPX
SMG_IFF
SMG_FUL
SMG_CSL
SMG_KS
SMG_PATK
SMG_KWR
SMG_NWPX
SMG_BGC
SMG_IOSP
SMG_CRS
SMG_AEGN
SMG_WDFC
SMG_OLN
SMG_RGLD
SMG_UFPI
SMG_PPG
SMG_MTZ
SMG_MTX
SMG_AXLL
SMG_KMG
SMG_TREX
SMG_ROG
SMG_BDC
MDU_JEC
MDU_ALB
MDU_LPX
MDU_IFF
MDU_FUL
MDU_CSL
MDU_KS
MDU_PATK
MDU_KWR
MDU_NWPX
MDU_BGC
MDU_IOSP
MDU_CRS
MDU_AEGN
MDU_WDFC
MDU_OLN
MDU_RGLD
MDU_UFPI
MDU_PPG
MDU_MTZ
MDU_MTX
MDU_AXLL
MDU_KMG
MDU_TREX
MDU_ROG
MDU_BDC
JEC_ALB
JEC_LPX
JEC_IFF
JEC_FUL
JEC_CSL
JEC_KS
JEC_PATK
JEC_KWR
JEC_NWPX
JEC_BGC
JEC_IOSP
JEC_CRS
JEC_AEGN
JEC_WDFC
JEC_OLN
JEC_RGLD
JEC_UFPI
JEC_PPG
JEC_MTZ
JEC_MTX
JEC_AXLL
JEC_KMG
JEC_TREX
JEC_ROG
JEC_BDC
ALB_LPX
ALB_IFF
ALB_FUL
ALB_CSL
ALB_KS
ALB_PATK
ALB_KWR
ALB_NWPX
ALB_BGC
ALB_IOSP
ALB_CRS
ALB_AEGN
ALB_WDFC
ALB_OLN
ALB_RGLD
ALB_UFPI
ALB_PPG
ALB_MTZ
ALB_MTX
ALB_AXLL
ALB_KMG
ALB_TREX
ALB_ROG
ALB_BDC
LPX_IFF
LPX_FUL
LPX_CSL
LPX_KS
LPX_PATK
LPX_KWR
LPX_NWPX
LPX_BGC
LPX_IOSP
LPX_CRS
LPX_AEGN
LPX_WDFC
LPX_OLN
LPX_RGLD
LPX_UFPI
LPX_PPG
LPX_MTZ
LPX_MTX
LPX_AXLL
LPX_KMG
LPX_TREX
LPX_ROG
LPX_BDC
IFF_FUL
IFF_CSL
IFF_KS
IFF_PATK
IFF_KWR
IFF_NWPX
IFF_BGC
IFF_IOSP
IFF_CRS
IFF_AEGN
IFF_WDFC
IFF_OLN
IFF_RGLD
IFF_UFPI
IFF_PPG
IFF_MTZ
IFF_MTX
IFF_AXLL
IFF_KMG
IFF_TREX
IFF_ROG
IFF_BDC
FUL_CSL
FUL_KS
FUL_PATK
FUL_KWR
FUL_NWPX
FUL_BGC
FUL_IOSP
FUL_CRS
FUL_AEGN
FUL_WDFC
FUL_OLN
FUL_RGLD
FUL_UFPI
FUL_PPG
FUL_MTZ
FUL_MTX
FUL_AXLL
FUL_KMG
FUL_TREX
FUL_ROG
FUL_BDC
CSL_KS
CSL_PATK
CSL_KWR
CSL_NWPX
CSL_BGC
CSL_IOSP
CSL_CRS
CSL_AEGN
CSL_WDFC
CSL_OLN
CSL_RGLD
CSL_UFPI
CSL_PPG
CSL_MTZ
CSL_MTX
CSL_AXLL
CSL_KMG
CSL_TREX
CSL_ROG
CSL_BDC
KS_PATK
KS_KWR
KS_NWPX
KS_BGC
KS_IOSP
KS_CRS
KS_AEGN
KS_WDFC
KS_OLN
KS_RGLD
KS_UFPI
KS_PPG
KS_MTZ
KS_MTX
KS_AXLL
KS_KMG
KS_TREX
KS_ROG
KS_BDC
PATK_KWR
PATK_NWPX
PATK_BGC
PATK_IOSP
PATK_CRS
PATK_AEGN
PATK_WDFC
PATK_OLN
PATK_RGLD
PATK_UFPI
PATK_PPG
PATK_MTZ
PATK_MTX
PATK_AXLL
PATK_KMG
PATK_TREX
PATK_ROG
PATK_BDC
KWR_NWPX
KWR_BGC
KWR_IOSP
KWR_CRS
KWR_AEGN
KWR_WDFC
KWR_OLN
KWR_RGLD
KWR_UFPI
KWR_PPG
KWR_MTZ
KWR_MTX
KWR_AXLL
KWR_KMG
KWR_TREX
KWR_ROG
KWR_BDC
NWPX_BGC
NWPX_IOSP
NWPX_CRS
NWPX_AEGN
NWPX_WDFC
NWPX_OLN
NWPX_RGLD
NWPX_UFPI
NWPX_PPG
NWPX_MTZ
NWPX_MTX
NWPX_AXLL
NWPX_KMG
NWPX_TREX
NWPX_ROG
NWPX_BDC
BGC_IOSP
BGC_CRS
BGC_AEGN
BGC_WDFC
BGC_OLN
BGC_RGLD
BGC_UFPI
BGC_PPG
BGC_MTZ
BGC_MTX
BGC_AXLL
BGC_KMG
BGC_TREX
BGC_ROG
BGC_BDC
IOSP_CRS
IOSP_AEGN
IOSP_WDFC
IOSP_OLN
IOSP_RGLD
IOSP_UFPI
IOSP_PPG
IOSP_MTZ
IOSP_MTX
IOSP_AXLL
IOSP_KMG
IOSP_TREX
IOSP_ROG
IOSP_BDC
CRS_AEGN
CRS_WDFC
CRS_OLN
CRS_RGLD
CRS_UFPI
CRS_PPG
CRS_MTZ
CRS_MTX
CRS_AXLL
CRS_KMG
CRS_TREX
CRS_ROG
CRS_BDC
AEGN_WDFC
AEGN_OLN
AEGN_RGLD
AEGN_UFPI
AEGN_PPG
AEGN_MTZ
AEGN_MTX
AEGN_AXLL
AEGN_KMG
AEGN_TREX
AEGN_ROG
AEGN_BDC
WDFC_OLN
WDFC_RGLD
WDFC_UFPI
WDFC_PPG
WDFC_MTZ
WDFC_MTX
WDFC_AXLL
WDFC_KMG
WDFC_TREX
WDFC_ROG
WDFC_BDC
OLN_RGLD
OLN_UFPI
OLN_PPG
OLN_MTZ
OLN_MTX
OLN_AXLL
OLN_KMG
OLN_TREX
OLN_ROG
OLN_BDC
RGLD_UFPI
RGLD_PPG
RGLD_MTZ
RGLD_MTX
RGLD_AXLL
RGLD_KMG
RGLD_TREX
RGLD_ROG
RGLD_BDC
UFPI_PPG
UFPI_MTZ
UFPI_MTX
UFPI_AXLL
UFPI_KMG
UFPI_TREX
UFPI_ROG
UFPI_BDC
PPG_MTZ
PPG_MTX
PPG_AXLL
PPG_KMG
PPG_TREX
PPG_ROG
PPG_BDC
MTZ_MTX
MTZ_AXLL
MTZ_KMG
MTZ_TREX
MTZ_ROG
MTZ_BDC
MTX_AXLL
MTX_KMG
MTX_TREX
MTX_ROG
MTX_BDC
AXLL_KMG
AXLL_TREX
AXLL_ROG
AXLL_BDC
KMG_TREX
KMG_ROG
KMG_BDC
TREX_ROG
TREX_BDC
ROG_BDC
