CSX_EXPD
CSX_PHIIK
CSX_FWRD
CSX_AIRM
CSX_CKH
CSX_BCO
CSX_WERN
CSX_HUBG
CSX_HA
CSX_JBLU
CSX_BRS
CSX_FRO
CSX_KNX
CSX_NSC
CSX_SFL
CSX_MRTN
CSX_JBHT
CSX_LSTR
CSX_SAIA
CSX_YRCW
CSX_LUV
CSX_KSU
CSX_ATSG
CSX_GWR
CSX_ODFL
CSX_UPS
CSX_HTLD
CSX_CPA
CSX_UAL
CSX_AAWW
CSX_ALK
CSX_USAK
CSX_ALGT
CSX_UNP
CSX_CVTI
CSX_FDX
CSX_RYAAY
CSX_CHRW
CSX_CGI
CSX_SKYW
CSX_DAL
EXPD_PHIIK
EXPD_FWRD
EXPD_AIRM
EXPD_CKH
EXPD_BCO
EXPD_WERN
EXPD_HUBG
EXPD_HA
EXPD_JBLU
EXPD_BRS
EXPD_FRO
EXPD_KNX
EXPD_NSC
EXPD_SFL
EXPD_MRTN
EXPD_JBHT
EXPD_LSTR
EXPD_SAIA
EXPD_YRCW
EXPD_LUV
EXPD_KSU
EXPD_ATSG
EXPD_GWR
EXPD_ODFL
EXPD_UPS
EXPD_HTLD
EXPD_CPA
EXPD_UAL
EXPD_AAWW
EXPD_ALK
EXPD_USAK
EXPD_ALGT
EXPD_UNP
EXPD_CVTI
EXPD_FDX
EXPD_RYAAY
EXPD_CHRW
EXPD_CGI
EXPD_SKYW
EXPD_DAL
PHIIK_FWRD
PHIIK_AIRM
PHIIK_CKH
PHIIK_BCO
PHIIK_WERN
PHIIK_HUBG
PHIIK_HA
PHIIK_JBLU
PHIIK_BRS
PHIIK_FRO
PHIIK_KNX
PHIIK_NSC
PHIIK_SFL
PHIIK_MRTN
PHIIK_JBHT
PHIIK_LSTR
PHIIK_SAIA
PHIIK_YRCW
PHIIK_LUV
PHIIK_KSU
PHIIK_ATSG
PHIIK_GWR
PHIIK_ODFL
PHIIK_UPS
PHIIK_HTLD
PHIIK_CPA
PHIIK_UAL
PHIIK_AAWW
PHIIK_ALK
PHIIK_USAK
PHIIK_ALGT
PHIIK_UNP
PHIIK_CVTI
PHIIK_FDX
PHIIK_RYAAY
PHIIK_CHRW
PHIIK_CGI
PHIIK_SKYW
PHIIK_DAL
FWRD_AIRM
FWRD_CKH
FWRD_BCO
FWRD_WERN
FWRD_HUBG
FWRD_HA
FWRD_JBLU
FWRD_BRS
FWRD_FRO
FWRD_KNX
FWRD_NSC
FWRD_SFL
FWRD_MRTN
FWRD_JBHT
FWRD_LSTR
FWRD_SAIA
FWRD_YRCW
FWRD_LUV
FWRD_KSU
FWRD_ATSG
FWRD_GWR
FWRD_ODFL
FWRD_UPS
FWRD_HTLD
FWRD_CPA
FWRD_UAL
FWRD_AAWW
FWRD_ALK
FWRD_USAK
FWRD_ALGT
FWRD_UNP
FWRD_CVTI
FWRD_FDX
FWRD_RYAAY
FWRD_CHRW
FWRD_CGI
FWRD_SKYW
FWRD_DAL
AIRM_CKH
AIRM_BCO
AIRM_WERN
AIRM_HUBG
AIRM_HA
AIRM_JBLU
AIRM_BRS
AIRM_FRO
AIRM_KNX
AIRM_NSC
AIRM_SFL
AIRM_MRTN
AIRM_JBHT
AIRM_LSTR
AIRM_SAIA
AIRM_YRCW
AIRM_LUV
AIRM_KSU
AIRM_ATSG
AIRM_GWR
AIRM_ODFL
AIRM_UPS
AIRM_HTLD
AIRM_CPA
AIRM_UAL
AIRM_AAWW
AIRM_ALK
AIRM_USAK
AIRM_ALGT
AIRM_UNP
AIRM_CVTI
AIRM_FDX
AIRM_RYAAY
AIRM_CHRW
AIRM_CGI
AIRM_SKYW
AIRM_DAL
CKH_BCO
CKH_WERN
CKH_HUBG
CKH_HA
CKH_JBLU
CKH_BRS
CKH_FRO
CKH_KNX
CKH_NSC
CKH_SFL
CKH_MRTN
CKH_JBHT
CKH_LSTR
CKH_SAIA
CKH_YRCW
CKH_LUV
CKH_KSU
CKH_ATSG
CKH_GWR
CKH_ODFL
CKH_UPS
CKH_HTLD
CKH_CPA
CKH_UAL
CKH_AAWW
CKH_ALK
CKH_USAK
CKH_ALGT
CKH_UNP
CKH_CVTI
CKH_FDX
CKH_RYAAY
CKH_CHRW
CKH_CGI
CKH_SKYW
CKH_DAL
BCO_WERN
BCO_HUBG
BCO_HA
BCO_JBLU
BCO_BRS
BCO_FRO
BCO_KNX
BCO_NSC
BCO_SFL
BCO_MRTN
BCO_JBHT
BCO_LSTR
BCO_SAIA
BCO_YRCW
BCO_LUV
BCO_KSU
BCO_ATSG
BCO_GWR
BCO_ODFL
BCO_UPS
BCO_HTLD
BCO_CPA
BCO_UAL
BCO_AAWW
BCO_ALK
BCO_USAK
BCO_ALGT
BCO_UNP
BCO_CVTI
BCO_FDX
BCO_RYAAY
BCO_CHRW
BCO_CGI
BCO_SKYW
BCO_DAL
WERN_HUBG
WERN_HA
WERN_JBLU
WERN_BRS
WERN_FRO
WERN_KNX
WERN_NSC
WERN_SFL
WERN_MRTN
WERN_JBHT
WERN_LSTR
WERN_SAIA
WERN_YRCW
WERN_LUV
WERN_KSU
WERN_ATSG
WERN_GWR
WERN_ODFL
WERN_UPS
WERN_HTLD
WERN_CPA
WERN_UAL
WERN_AAWW
WERN_ALK
WERN_USAK
WERN_ALGT
WERN_UNP
WERN_CVTI
WERN_FDX
WERN_RYAAY
WERN_CHRW
WERN_CGI
WERN_SKYW
WERN_DAL
HUBG_HA
HUBG_JBLU
HUBG_BRS
HUBG_FRO
HUBG_KNX
HUBG_NSC
HUBG_SFL
HUBG_MRTN
HUBG_JBHT
HUBG_LSTR
HUBG_SAIA
HUBG_YRCW
HUBG_LUV
HUBG_KSU
HUBG_ATSG
HUBG_GWR
HUBG_ODFL
HUBG_UPS
HUBG_HTLD
HUBG_CPA
HUBG_UAL
HUBG_AAWW
HUBG_ALK
HUBG_USAK
HUBG_ALGT
HUBG_UNP
HUBG_CVTI
HUBG_FDX
HUBG_RYAAY
HUBG_CHRW
HUBG_CGI
HUBG_SKYW
HUBG_DAL
HA_JBLU
HA_BRS
HA_FRO
HA_KNX
HA_NSC
HA_SFL
HA_MRTN
HA_JBHT
HA_LSTR
HA_SAIA
HA_YRCW
HA_LUV
HA_KSU
HA_ATSG
HA_GWR
HA_ODFL
HA_UPS
HA_HTLD
HA_CPA
HA_UAL
HA_AAWW
HA_ALK
HA_USAK
HA_ALGT
HA_UNP
HA_CVTI
HA_FDX
HA_RYAAY
HA_CHRW
HA_CGI
HA_SKYW
HA_DAL
JBLU_BRS
JBLU_FRO
JBLU_KNX
JBLU_NSC
JBLU_SFL
JBLU_MRTN
JBLU_JBHT
JBLU_LSTR
JBLU_SAIA
JBLU_YRCW
JBLU_LUV
JBLU_KSU
JBLU_ATSG
JBLU_GWR
JBLU_ODFL
JBLU_UPS
JBLU_HTLD
JBLU_CPA
JBLU_UAL
JBLU_AAWW
JBLU_ALK
JBLU_USAK
JBLU_ALGT
JBLU_UNP
JBLU_CVTI
JBLU_FDX
JBLU_RYAAY
JBLU_CHRW
JBLU_CGI
JBLU_SKYW
JBLU_DAL
BRS_FRO
BRS_KNX
BRS_NSC
BRS_SFL
BRS_MRTN
BRS_JBHT
BRS_LSTR
BRS_SAIA
BRS_YRCW
BRS_LUV
BRS_KSU
BRS_ATSG
BRS_GWR
BRS_ODFL
BRS_UPS
BRS_HTLD
BRS_CPA
BRS_UAL
BRS_AAWW
BRS_ALK
BRS_USAK
BRS_ALGT
BRS_UNP
BRS_CVTI
BRS_FDX
BRS_RYAAY
BRS_CHRW
BRS_CGI
BRS_SKYW
BRS_DAL
FRO_KNX
FRO_NSC
FRO_SFL
FRO_MRTN
FRO_JBHT
FRO_LSTR
FRO_SAIA
FRO_YRCW
FRO_LUV
FRO_KSU
FRO_ATSG
FRO_GWR
FRO_ODFL
FRO_UPS
FRO_HTLD
FRO_CPA
FRO_UAL
FRO_AAWW
FRO_ALK
FRO_USAK
FRO_ALGT
FRO_UNP
FRO_CVTI
FRO_FDX
FRO_RYAAY
FRO_CHRW
FRO_CGI
FRO_SKYW
FRO_DAL
KNX_NSC
KNX_SFL
KNX_MRTN
KNX_JBHT
KNX_LSTR
KNX_SAIA
KNX_YRCW
KNX_LUV
KNX_KSU
KNX_ATSG
KNX_GWR
KNX_ODFL
KNX_UPS
KNX_HTLD
KNX_CPA
KNX_UAL
KNX_AAWW
KNX_ALK
KNX_USAK
KNX_ALGT
KNX_UNP
KNX_CVTI
KNX_FDX
KNX_RYAAY
KNX_CHRW
KNX_CGI
KNX_SKYW
KNX_DAL
NSC_SFL
NSC_MRTN
NSC_JBHT
NSC_LSTR
NSC_SAIA
NSC_YRCW
NSC_LUV
NSC_KSU
NSC_ATSG
NSC_GWR
NSC_ODFL
NSC_UPS
NSC_HTLD
NSC_CPA
NSC_UAL
NSC_AAWW
NSC_ALK
NSC_USAK
NSC_ALGT
NSC_UNP
NSC_CVTI
NSC_FDX
NSC_RYAAY
NSC_CHRW
NSC_CGI
NSC_SKYW
NSC_DAL
SFL_MRTN
SFL_JBHT
SFL_LSTR
SFL_SAIA
SFL_YRCW
SFL_LUV
SFL_KSU
SFL_ATSG
SFL_GWR
SFL_ODFL
SFL_UPS
SFL_HTLD
SFL_CPA
SFL_UAL
SFL_AAWW
SFL_ALK
SFL_USAK
SFL_ALGT
SFL_UNP
SFL_CVTI
SFL_FDX
SFL_RYAAY
SFL_CHRW
SFL_CGI
SFL_SKYW
SFL_DAL
MRTN_JBHT
MRTN_LSTR
MRTN_SAIA
MRTN_YRCW
MRTN_LUV
MRTN_KSU
MRTN_ATSG
MRTN_GWR
MRTN_ODFL
MRTN_UPS
MRTN_HTLD
MRTN_CPA
MRTN_UAL
MRTN_AAWW
MRTN_ALK
MRTN_USAK
MRTN_ALGT
MRTN_UNP
MRTN_CVTI
MRTN_FDX
MRTN_RYAAY
MRTN_CHRW
MRTN_CGI
MRTN_SKYW
MRTN_DAL
JBHT_LSTR
JBHT_SAIA
JBHT_YRCW
JBHT_LUV
JBHT_KSU
JBHT_ATSG
JBHT_GWR
JBHT_ODFL
JBHT_UPS
JBHT_HTLD
JBHT_CPA
JBHT_UAL
JBHT_AAWW
JBHT_ALK
JBHT_USAK
JBHT_ALGT
JBHT_UNP
JBHT_CVTI
JBHT_FDX
JBHT_RYAAY
JBHT_CHRW
JBHT_CGI
JBHT_SKYW
JBHT_DAL
LSTR_SAIA
LSTR_YRCW
LSTR_LUV
LSTR_KSU
LSTR_ATSG
LSTR_GWR
LSTR_ODFL
LSTR_UPS
LSTR_HTLD
LSTR_CPA
LSTR_UAL
LSTR_AAWW
LSTR_ALK
LSTR_USAK
LSTR_ALGT
LSTR_UNP
LSTR_CVTI
LSTR_FDX
LSTR_RYAAY
LSTR_CHRW
LSTR_CGI
LSTR_SKYW
LSTR_DAL
SAIA_YRCW
SAIA_LUV
SAIA_KSU
SAIA_ATSG
SAIA_GWR
SAIA_ODFL
SAIA_UPS
SAIA_HTLD
SAIA_CPA
SAIA_UAL
SAIA_AAWW
SAIA_ALK
SAIA_USAK
SAIA_ALGT
SAIA_UNP
SAIA_CVTI
SAIA_FDX
SAIA_RYAAY
SAIA_CHRW
SAIA_CGI
SAIA_SKYW
SAIA_DAL
YRCW_LUV
YRCW_KSU
YRCW_ATSG
YRCW_GWR
YRCW_ODFL
YRCW_UPS
YRCW_HTLD
YRCW_CPA
YRCW_UAL
YRCW_AAWW
YRCW_ALK
YRCW_USAK
YRCW_ALGT
YRCW_UNP
YRCW_CVTI
YRCW_FDX
YRCW_RYAAY
YRCW_CHRW
YRCW_CGI
YRCW_SKYW
YRCW_DAL
LUV_KSU
LUV_ATSG
LUV_GWR
LUV_ODFL
LUV_UPS
LUV_HTLD
LUV_CPA
LUV_UAL
LUV_AAWW
LUV_ALK
LUV_USAK
LUV_ALGT
LUV_UNP
LUV_CVTI
LUV_FDX
LUV_RYAAY
LUV_CHRW
LUV_CGI
LUV_SKYW
LUV_DAL
KSU_ATSG
KSU_GWR
KSU_ODFL
KSU_UPS
KSU_HTLD
KSU_CPA
KSU_UAL
KSU_AAWW
KSU_ALK
KSU_USAK
KSU_ALGT
KSU_UNP
KSU_CVTI
KSU_FDX
KSU_RYAAY
KSU_CHRW
KSU_CGI
KSU_SKYW
KSU_DAL
ATSG_GWR
ATSG_ODFL
ATSG_UPS
ATSG_HTLD
ATSG_CPA
ATSG_UAL
ATSG_AAWW
ATSG_ALK
ATSG_USAK
ATSG_ALGT
ATSG_UNP
ATSG_CVTI
ATSG_FDX
ATSG_RYAAY
ATSG_CHRW
ATSG_CGI
ATSG_SKYW
ATSG_DAL
GWR_ODFL
GWR_UPS
GWR_HTLD
GWR_CPA
GWR_UAL
GWR_AAWW
GWR_ALK
GWR_USAK
GWR_ALGT
GWR_UNP
GWR_CVTI
GWR_FDX
GWR_RYAAY
GWR_CHRW
GWR_CGI
GWR_SKYW
GWR_DAL
ODFL_UPS
ODFL_HTLD
ODFL_CPA
ODFL_UAL
ODFL_AAWW
ODFL_ALK
ODFL_USAK
ODFL_ALGT
ODFL_UNP
ODFL_CVTI
ODFL_FDX
ODFL_RYAAY
ODFL_CHRW
ODFL_CGI
ODFL_SKYW
ODFL_DAL
UPS_HTLD
UPS_CPA
UPS_UAL
UPS_AAWW
UPS_ALK
UPS_USAK
UPS_ALGT
UPS_UNP
UPS_CVTI
UPS_FDX
UPS_RYAAY
UPS_CHRW
UPS_CGI
UPS_SKYW
UPS_DAL
HTLD_CPA
HTLD_UAL
HTLD_AAWW
HTLD_ALK
HTLD_USAK
HTLD_ALGT
HTLD_UNP
HTLD_CVTI
HTLD_FDX
HTLD_RYAAY
HTLD_CHRW
HTLD_CGI
HTLD_SKYW
HTLD_DAL
CPA_UAL
CPA_AAWW
CPA_ALK
CPA_USAK
CPA_ALGT
CPA_UNP
CPA_CVTI
CPA_FDX
CPA_RYAAY
CPA_CHRW
CPA_CGI
CPA_SKYW
CPA_DAL
UAL_AAWW
UAL_ALK
UAL_USAK
UAL_ALGT
UAL_UNP
UAL_CVTI
UAL_FDX
UAL_RYAAY
UAL_CHRW
UAL_CGI
UAL_SKYW
UAL_DAL
AAWW_ALK
AAWW_USAK
AAWW_ALGT
AAWW_UNP
AAWW_CVTI
AAWW_FDX
AAWW_RYAAY
AAWW_CHRW
AAWW_CGI
AAWW_SKYW
AAWW_DAL
ALK_USAK
ALK_ALGT
ALK_UNP
ALK_CVTI
ALK_FDX
ALK_RYAAY
ALK_CHRW
ALK_CGI
ALK_SKYW
ALK_DAL
USAK_ALGT
USAK_UNP
USAK_CVTI
USAK_FDX
USAK_RYAAY
USAK_CHRW
USAK_CGI
USAK_SKYW
USAK_DAL
ALGT_UNP
ALGT_CVTI
ALGT_FDX
ALGT_RYAAY
ALGT_CHRW
ALGT_CGI
ALGT_SKYW
ALGT_DAL
UNP_CVTI
UNP_FDX
UNP_RYAAY
UNP_CHRW
UNP_CGI
UNP_SKYW
UNP_DAL
CVTI_FDX
CVTI_RYAAY
CVTI_CHRW
CVTI_CGI
CVTI_SKYW
CVTI_DAL
FDX_RYAAY
FDX_CHRW
FDX_CGI
FDX_SKYW
FDX_DAL
RYAAY_CHRW
RYAAY_CGI
RYAAY_SKYW
RYAAY_DAL
CHRW_CGI
CHRW_SKYW
CHRW_DAL
CGI_SKYW
CGI_DAL
SKYW_DAL
