MAT_JBSS
MAT_UEIC
MAT_FARM
MAT_DPZ
MAT_CALM
MAT_FIZZ
MAT_GIII
MAT_SAM
MAT_NLS
MAT_LANC
MAT_TUP
MAT_ENTG
MAT_AWI
MAT_MOV
MAT_CL
MAT_KKD
MAT_AVT
MAT_TEL
MAT_CORE
MAT_ADM
MAT_HOG
MAT_SHOO
MAT_CHKE
MAT_INGR
MAT_JAKK
MAT_MO
MAT_RDEN
MAT_WOOF
MAT_STZ
MAT_SPTN
MAT_VFC
MAT_RL
MAT_HRL
MAT_OXM
MAT_ENS
MAT_ATR
MAT_CVGW
MAT_PVH
MAT_DF
MAT_SJM
MAT_HSY
MAT_MED
MAT_HAR
MAT_HAS
MAT_SYY
MAT_VGR
MAT_PEP
MAT_COH
MAT_UFI
MAT_MNST
MAT_EPC
MAT_SAFM
MAT_FLO
MAT_ELY
MAT_IPAR
MAT_TAP
MAT_GIS
MAT_TSN
MAT_K
MAT_REV
MAT_MKC
MAT_UNFI
MAT_CAL
MAT_CAG
MAT_WCC
MAT_LNCE
MAT_EL
MAT_LUK
MAT_AXE
MAT_SKX
MAT_GES
MAT_WGO
MAT_SENEA
MAT_CCU
MAT_CCE
MAT_MYE
MAT_JJSF
MAT_NWL
MAT_WWW
MAT_TR
MAT_NKE
MAT_CPB
MAT_CROX
MAT_HAIN
MAT_PERY
MAT_DECK
MAT_RAI
MAT_OME
MAT_KO
MAT_CTAS
MAT_JOUT
MAT_MGPI
MAT_BGS
MAT_THS
MAT_THO
MAT_FDP
MAT_CRI
MAT_PPC
MAT_ARW
MAT_BG
MAT_DAR
MAT_MDLZ
MAT_UA
MAT_FOSL
MAT_LULU
MAT_COLM
MAT_COKE
JBSS_UEIC
JBSS_FARM
JBSS_DPZ
JBSS_CALM
JBSS_FIZZ
JBSS_GIII
JBSS_SAM
JBSS_NLS
JBSS_LANC
JBSS_TUP
JBSS_ENTG
JBSS_AWI
JBSS_MOV
JBSS_CL
JBSS_KKD
JBSS_AVT
JBSS_TEL
JBSS_CORE
JBSS_ADM
JBSS_HOG
JBSS_SHOO
JBSS_CHKE
JBSS_INGR
JBSS_JAKK
JBSS_MO
JBSS_RDEN
JBSS_WOOF
JBSS_STZ
JBSS_SPTN
JBSS_VFC
JBSS_RL
JBSS_HRL
JBSS_OXM
JBSS_ENS
JBSS_ATR
JBSS_CVGW
JBSS_PVH
JBSS_DF
JBSS_SJM
JBSS_HSY
JBSS_MED
JBSS_HAR
JBSS_HAS
JBSS_SYY
JBSS_VGR
JBSS_PEP
JBSS_COH
JBSS_UFI
JBSS_MNST
JBSS_EPC
JBSS_SAFM
JBSS_FLO
JBSS_ELY
JBSS_IPAR
JBSS_TAP
JBSS_GIS
JBSS_TSN
JBSS_K
JBSS_REV
JBSS_MKC
JBSS_UNFI
JBSS_CAL
JBSS_CAG
JBSS_WCC
JBSS_LNCE
JBSS_EL
JBSS_LUK
JBSS_AXE
JBSS_SKX
JBSS_GES
JBSS_WGO
JBSS_SENEA
JBSS_CCU
JBSS_CCE
JBSS_MYE
JBSS_JJSF
JBSS_NWL
JBSS_WWW
JBSS_TR
JBSS_NKE
JBSS_CPB
JBSS_CROX
JBSS_HAIN
JBSS_PERY
JBSS_DECK
JBSS_RAI
JBSS_OME
JBSS_KO
JBSS_CTAS
JBSS_JOUT
JBSS_MGPI
JBSS_BGS
JBSS_THS
JBSS_THO
JBSS_FDP
JBSS_CRI
JBSS_PPC
JBSS_ARW
JBSS_BG
JBSS_DAR
JBSS_MDLZ
JBSS_UA
JBSS_FOSL
JBSS_LULU
JBSS_COLM
JBSS_COKE
UEIC_FARM
UEIC_DPZ
UEIC_CALM
UEIC_FIZZ
UEIC_GIII
UEIC_SAM
UEIC_NLS
UEIC_LANC
UEIC_TUP
UEIC_ENTG
UEIC_AWI
UEIC_MOV
UEIC_CL
UEIC_KKD
UEIC_AVT
UEIC_TEL
UEIC_CORE
UEIC_ADM
UEIC_HOG
UEIC_SHOO
UEIC_CHKE
UEIC_INGR
UEIC_JAKK
UEIC_MO
UEIC_RDEN
UEIC_WOOF
UEIC_STZ
UEIC_SPTN
UEIC_VFC
UEIC_RL
UEIC_HRL
UEIC_OXM
UEIC_ENS
UEIC_ATR
UEIC_CVGW
UEIC_PVH
UEIC_DF
UEIC_SJM
UEIC_HSY
UEIC_MED
UEIC_HAR
UEIC_HAS
UEIC_SYY
UEIC_VGR
UEIC_PEP
UEIC_COH
UEIC_UFI
UEIC_MNST
UEIC_EPC
UEIC_SAFM
UEIC_FLO
UEIC_ELY
UEIC_IPAR
UEIC_TAP
UEIC_GIS
UEIC_TSN
UEIC_K
UEIC_REV
UEIC_MKC
UEIC_UNFI
UEIC_CAL
UEIC_CAG
UEIC_WCC
UEIC_LNCE
UEIC_EL
UEIC_LUK
UEIC_AXE
UEIC_SKX
UEIC_GES
UEIC_WGO
UEIC_SENEA
UEIC_CCU
UEIC_CCE
UEIC_MYE
UEIC_JJSF
UEIC_NWL
UEIC_WWW
UEIC_TR
UEIC_NKE
UEIC_CPB
UEIC_CROX
UEIC_HAIN
UEIC_PERY
UEIC_DECK
UEIC_RAI
UEIC_OME
UEIC_KO
UEIC_CTAS
UEIC_JOUT
UEIC_MGPI
UEIC_BGS
UEIC_THS
UEIC_THO
UEIC_FDP
UEIC_CRI
UEIC_PPC
UEIC_ARW
UEIC_BG
UEIC_DAR
UEIC_MDLZ
UEIC_UA
UEIC_FOSL
UEIC_LULU
UEIC_COLM
UEIC_COKE
FARM_DPZ
FARM_CALM
FARM_FIZZ
FARM_GIII
FARM_SAM
FARM_NLS
FARM_LANC
FARM_TUP
FARM_ENTG
FARM_AWI
FARM_MOV
FARM_CL
FARM_KKD
FARM_AVT
FARM_TEL
FARM_CORE
FARM_ADM
FARM_HOG
FARM_SHOO
FARM_CHKE
FARM_INGR
FARM_JAKK
FARM_MO
FARM_RDEN
FARM_WOOF
FARM_STZ
FARM_SPTN
FARM_VFC
FARM_RL
FARM_HRL
FARM_OXM
FARM_ENS
FARM_ATR
FARM_CVGW
FARM_PVH
FARM_DF
FARM_SJM
FARM_HSY
FARM_MED
FARM_HAR
FARM_HAS
FARM_SYY
FARM_VGR
FARM_PEP
FARM_COH
FARM_UFI
FARM_MNST
FARM_EPC
FARM_SAFM
FARM_FLO
FARM_ELY
FARM_IPAR
FARM_TAP
FARM_GIS
FARM_TSN
FARM_K
FARM_REV
FARM_MKC
FARM_UNFI
FARM_CAL
FARM_CAG
FARM_WCC
FARM_LNCE
FARM_EL
FARM_LUK
FARM_AXE
FARM_SKX
FARM_GES
FARM_WGO
FARM_SENEA
FARM_CCU
FARM_CCE
FARM_MYE
FARM_JJSF
FARM_NWL
FARM_WWW
FARM_TR
FARM_NKE
FARM_CPB
FARM_CROX
FARM_HAIN
FARM_PERY
FARM_DECK
FARM_RAI
FARM_OME
FARM_KO
FARM_CTAS
FARM_JOUT
FARM_MGPI
FARM_BGS
FARM_THS
FARM_THO
FARM_FDP
FARM_CRI
FARM_PPC
FARM_ARW
FARM_BG
FARM_DAR
FARM_MDLZ
FARM_UA
FARM_FOSL
FARM_LULU
FARM_COLM
FARM_COKE
DPZ_CALM
DPZ_FIZZ
DPZ_GIII
DPZ_SAM
DPZ_NLS
DPZ_LANC
DPZ_TUP
DPZ_ENTG
DPZ_AWI
DPZ_MOV
DPZ_CL
DPZ_KKD
DPZ_AVT
DPZ_TEL
DPZ_CORE
DPZ_ADM
DPZ_HOG
DPZ_SHOO
DPZ_CHKE
DPZ_INGR
DPZ_JAKK
DPZ_MO
DPZ_RDEN
DPZ_WOOF
DPZ_STZ
DPZ_SPTN
DPZ_VFC
DPZ_RL
DPZ_HRL
DPZ_OXM
DPZ_ENS
DPZ_ATR
DPZ_CVGW
DPZ_PVH
DPZ_DF
DPZ_SJM
DPZ_HSY
DPZ_MED
DPZ_HAR
DPZ_HAS
DPZ_SYY
DPZ_VGR
DPZ_PEP
DPZ_COH
DPZ_UFI
DPZ_MNST
DPZ_EPC
DPZ_SAFM
DPZ_FLO
DPZ_ELY
DPZ_IPAR
DPZ_TAP
DPZ_GIS
DPZ_TSN
DPZ_K
DPZ_REV
DPZ_MKC
DPZ_UNFI
DPZ_CAL
DPZ_CAG
DPZ_WCC
DPZ_LNCE
DPZ_EL
DPZ_LUK
DPZ_AXE
DPZ_SKX
DPZ_GES
DPZ_WGO
DPZ_SENEA
DPZ_CCU
DPZ_CCE
DPZ_MYE
DPZ_JJSF
DPZ_NWL
DPZ_WWW
DPZ_TR
DPZ_NKE
DPZ_CPB
DPZ_CROX
DPZ_HAIN
DPZ_PERY
DPZ_DECK
DPZ_RAI
DPZ_OME
DPZ_KO
DPZ_CTAS
DPZ_JOUT
DPZ_MGPI
DPZ_BGS
DPZ_THS
DPZ_THO
DPZ_FDP
DPZ_CRI
DPZ_PPC
DPZ_ARW
DPZ_BG
DPZ_DAR
DPZ_MDLZ
DPZ_UA
DPZ_FOSL
DPZ_LULU
DPZ_COLM
DPZ_COKE
CALM_FIZZ
CALM_GIII
CALM_SAM
CALM_NLS
CALM_LANC
CALM_TUP
CALM_ENTG
CALM_AWI
CALM_MOV
CALM_CL
CALM_KKD
CALM_AVT
CALM_TEL
CALM_CORE
CALM_ADM
CALM_HOG
CALM_SHOO
CALM_CHKE
CALM_INGR
CALM_JAKK
CALM_MO
CALM_RDEN
CALM_WOOF
CALM_STZ
CALM_SPTN
CALM_VFC
CALM_RL
CALM_HRL
CALM_OXM
CALM_ENS
CALM_ATR
CALM_CVGW
CALM_PVH
CALM_DF
CALM_SJM
CALM_HSY
CALM_MED
CALM_HAR
CALM_HAS
CALM_SYY
CALM_VGR
CALM_PEP
CALM_COH
CALM_UFI
CALM_MNST
CALM_EPC
CALM_SAFM
CALM_FLO
CALM_ELY
CALM_IPAR
CALM_TAP
CALM_GIS
CALM_TSN
CALM_K
CALM_REV
CALM_MKC
CALM_UNFI
CALM_CAL
CALM_CAG
CALM_WCC
CALM_LNCE
CALM_EL
CALM_LUK
CALM_AXE
CALM_SKX
CALM_GES
CALM_WGO
CALM_SENEA
CALM_CCU
CALM_CCE
CALM_MYE
CALM_JJSF
CALM_NWL
CALM_WWW
CALM_TR
CALM_NKE
CALM_CPB
CALM_CROX
CALM_HAIN
CALM_PERY
CALM_DECK
CALM_RAI
CALM_OME
CALM_KO
CALM_CTAS
CALM_JOUT
CALM_MGPI
CALM_BGS
CALM_THS
CALM_THO
CALM_FDP
CALM_CRI
CALM_PPC
CALM_ARW
CALM_BG
CALM_DAR
CALM_MDLZ
CALM_UA
CALM_FOSL
CALM_LULU
CALM_COLM
CALM_COKE
FIZZ_GIII
FIZZ_SAM
FIZZ_NLS
FIZZ_LANC
FIZZ_TUP
FIZZ_ENTG
FIZZ_AWI
FIZZ_MOV
FIZZ_CL
FIZZ_KKD
FIZZ_AVT
FIZZ_TEL
FIZZ_CORE
FIZZ_ADM
FIZZ_HOG
FIZZ_SHOO
FIZZ_CHKE
FIZZ_INGR
FIZZ_JAKK
FIZZ_MO
FIZZ_RDEN
FIZZ_WOOF
FIZZ_STZ
FIZZ_SPTN
FIZZ_VFC
FIZZ_RL
FIZZ_HRL
FIZZ_OXM
FIZZ_ENS
FIZZ_ATR
FIZZ_CVGW
FIZZ_PVH
FIZZ_DF
FIZZ_SJM
FIZZ_HSY
FIZZ_MED
FIZZ_HAR
FIZZ_HAS
FIZZ_SYY
FIZZ_VGR
FIZZ_PEP
FIZZ_COH
FIZZ_UFI
FIZZ_MNST
FIZZ_EPC
FIZZ_SAFM
FIZZ_FLO
FIZZ_ELY
FIZZ_IPAR
FIZZ_TAP
FIZZ_GIS
FIZZ_TSN
FIZZ_K
FIZZ_REV
FIZZ_MKC
FIZZ_UNFI
FIZZ_CAL
FIZZ_CAG
FIZZ_WCC
FIZZ_LNCE
FIZZ_EL
FIZZ_LUK
FIZZ_AXE
FIZZ_SKX
FIZZ_GES
FIZZ_WGO
FIZZ_SENEA
FIZZ_CCU
FIZZ_CCE
FIZZ_MYE
FIZZ_JJSF
FIZZ_NWL
FIZZ_WWW
FIZZ_TR
FIZZ_NKE
FIZZ_CPB
FIZZ_CROX
FIZZ_HAIN
FIZZ_PERY
FIZZ_DECK
FIZZ_RAI
FIZZ_OME
FIZZ_KO
FIZZ_CTAS
FIZZ_JOUT
FIZZ_MGPI
FIZZ_BGS
FIZZ_THS
FIZZ_THO
FIZZ_FDP
FIZZ_CRI
FIZZ_PPC
FIZZ_ARW
FIZZ_BG
FIZZ_DAR
FIZZ_MDLZ
FIZZ_UA
FIZZ_FOSL
FIZZ_LULU
FIZZ_COLM
FIZZ_COKE
GIII_SAM
GIII_NLS
GIII_LANC
GIII_TUP
GIII_ENTG
GIII_AWI
GIII_MOV
GIII_CL
GIII_KKD
GIII_AVT
GIII_TEL
GIII_CORE
GIII_ADM
GIII_HOG
GIII_SHOO
GIII_CHKE
GIII_INGR
GIII_JAKK
GIII_MO
GIII_RDEN
GIII_WOOF
GIII_STZ
GIII_SPTN
GIII_VFC
GIII_RL
GIII_HRL
GIII_OXM
GIII_ENS
GIII_ATR
GIII_CVGW
GIII_PVH
GIII_DF
GIII_SJM
GIII_HSY
GIII_MED
GIII_HAR
GIII_HAS
GIII_SYY
GIII_VGR
GIII_PEP
GIII_COH
GIII_UFI
GIII_MNST
GIII_EPC
GIII_SAFM
GIII_FLO
GIII_ELY
GIII_IPAR
GIII_TAP
GIII_GIS
GIII_TSN
GIII_K
GIII_REV
GIII_MKC
GIII_UNFI
GIII_CAL
GIII_CAG
GIII_WCC
GIII_LNCE
GIII_EL
GIII_LUK
GIII_AXE
GIII_SKX
GIII_GES
GIII_WGO
GIII_SENEA
GIII_CCU
GIII_CCE
GIII_MYE
GIII_JJSF
GIII_NWL
GIII_WWW
GIII_TR
GIII_NKE
GIII_CPB
GIII_CROX
GIII_HAIN
GIII_PERY
GIII_DECK
GIII_RAI
GIII_OME
GIII_KO
GIII_CTAS
GIII_JOUT
GIII_MGPI
GIII_BGS
GIII_THS
GIII_THO
GIII_FDP
GIII_CRI
GIII_PPC
GIII_ARW
GIII_BG
GIII_DAR
GIII_MDLZ
GIII_UA
GIII_FOSL
GIII_LULU
GIII_COLM
GIII_COKE
SAM_NLS
SAM_LANC
SAM_TUP
SAM_ENTG
SAM_AWI
SAM_MOV
SAM_CL
SAM_KKD
SAM_AVT
SAM_TEL
SAM_CORE
SAM_ADM
SAM_HOG
SAM_SHOO
SAM_CHKE
SAM_INGR
SAM_JAKK
SAM_MO
SAM_RDEN
SAM_WOOF
SAM_STZ
SAM_SPTN
SAM_VFC
SAM_RL
SAM_HRL
SAM_OXM
SAM_ENS
SAM_ATR
SAM_CVGW
SAM_PVH
SAM_DF
SAM_SJM
SAM_HSY
SAM_MED
SAM_HAR
SAM_HAS
SAM_SYY
SAM_VGR
SAM_PEP
SAM_COH
SAM_UFI
SAM_MNST
SAM_EPC
SAM_SAFM
SAM_FLO
SAM_ELY
SAM_IPAR
SAM_TAP
SAM_GIS
SAM_TSN
SAM_K
SAM_REV
SAM_MKC
SAM_UNFI
SAM_CAL
SAM_CAG
SAM_WCC
SAM_LNCE
SAM_EL
SAM_LUK
SAM_AXE
SAM_SKX
SAM_GES
SAM_WGO
SAM_SENEA
SAM_CCU
SAM_CCE
SAM_MYE
SAM_JJSF
SAM_NWL
SAM_WWW
SAM_TR
SAM_NKE
SAM_CPB
SAM_CROX
SAM_HAIN
SAM_PERY
SAM_DECK
SAM_RAI
SAM_OME
SAM_KO
SAM_CTAS
SAM_JOUT
SAM_MGPI
SAM_BGS
SAM_THS
SAM_THO
SAM_FDP
SAM_CRI
SAM_PPC
SAM_ARW
SAM_BG
SAM_DAR
SAM_MDLZ
SAM_UA
SAM_FOSL
SAM_LULU
SAM_COLM
SAM_COKE
NLS_LANC
NLS_TUP
NLS_ENTG
NLS_AWI
NLS_MOV
NLS_CL
NLS_KKD
NLS_AVT
NLS_TEL
NLS_CORE
NLS_ADM
NLS_HOG
NLS_SHOO
NLS_CHKE
NLS_INGR
NLS_JAKK
NLS_MO
NLS_RDEN
NLS_WOOF
NLS_STZ
NLS_SPTN
NLS_VFC
NLS_RL
NLS_HRL
NLS_OXM
NLS_ENS
NLS_ATR
NLS_CVGW
NLS_PVH
NLS_DF
NLS_SJM
NLS_HSY
NLS_MED
NLS_HAR
NLS_HAS
NLS_SYY
NLS_VGR
NLS_PEP
NLS_COH
NLS_UFI
NLS_MNST
NLS_EPC
NLS_SAFM
NLS_FLO
NLS_ELY
NLS_IPAR
NLS_TAP
NLS_GIS
NLS_TSN
NLS_K
NLS_REV
NLS_MKC
NLS_UNFI
NLS_CAL
NLS_CAG
NLS_WCC
NLS_LNCE
NLS_EL
NLS_LUK
NLS_AXE
NLS_SKX
NLS_GES
NLS_WGO
NLS_SENEA
NLS_CCU
NLS_CCE
NLS_MYE
NLS_JJSF
NLS_NWL
NLS_WWW
NLS_TR
NLS_NKE
NLS_CPB
NLS_CROX
NLS_HAIN
NLS_PERY
NLS_DECK
NLS_RAI
NLS_OME
NLS_KO
NLS_CTAS
NLS_JOUT
NLS_MGPI
NLS_BGS
NLS_THS
NLS_THO
NLS_FDP
NLS_CRI
NLS_PPC
NLS_ARW
NLS_BG
NLS_DAR
NLS_MDLZ
NLS_UA
NLS_FOSL
NLS_LULU
NLS_COLM
NLS_COKE
LANC_TUP
LANC_ENTG
LANC_AWI
LANC_MOV
LANC_CL
LANC_KKD
LANC_AVT
LANC_TEL
LANC_CORE
LANC_ADM
LANC_HOG
LANC_SHOO
LANC_CHKE
LANC_INGR
LANC_JAKK
LANC_MO
LANC_RDEN
LANC_WOOF
LANC_STZ
LANC_SPTN
LANC_VFC
LANC_RL
LANC_HRL
LANC_OXM
LANC_ENS
LANC_ATR
LANC_CVGW
LANC_PVH
LANC_DF
LANC_SJM
LANC_HSY
LANC_MED
LANC_HAR
LANC_HAS
LANC_SYY
LANC_VGR
LANC_PEP
LANC_COH
LANC_UFI
LANC_MNST
LANC_EPC
LANC_SAFM
LANC_FLO
LANC_ELY
LANC_IPAR
LANC_TAP
LANC_GIS
LANC_TSN
LANC_K
LANC_REV
LANC_MKC
LANC_UNFI
LANC_CAL
LANC_CAG
LANC_WCC
LANC_LNCE
LANC_EL
LANC_LUK
LANC_AXE
LANC_SKX
LANC_GES
LANC_WGO
LANC_SENEA
LANC_CCU
LANC_CCE
LANC_MYE
LANC_JJSF
LANC_NWL
LANC_WWW
LANC_TR
LANC_NKE
LANC_CPB
LANC_CROX
LANC_HAIN
LANC_PERY
LANC_DECK
LANC_RAI
LANC_OME
LANC_KO
LANC_CTAS
LANC_JOUT
LANC_MGPI
LANC_BGS
LANC_THS
LANC_THO
LANC_FDP
LANC_CRI
LANC_PPC
LANC_ARW
LANC_BG
LANC_DAR
LANC_MDLZ
LANC_UA
LANC_FOSL
LANC_LULU
LANC_COLM
LANC_COKE
TUP_ENTG
TUP_AWI
TUP_MOV
TUP_CL
TUP_KKD
TUP_AVT
TUP_TEL
TUP_CORE
TUP_ADM
TUP_HOG
TUP_SHOO
TUP_CHKE
TUP_INGR
TUP_JAKK
TUP_MO
TUP_RDEN
TUP_WOOF
TUP_STZ
TUP_SPTN
TUP_VFC
TUP_RL
TUP_HRL
TUP_OXM
TUP_ENS
TUP_ATR
TUP_CVGW
TUP_PVH
TUP_DF
TUP_SJM
TUP_HSY
TUP_MED
TUP_HAR
TUP_HAS
TUP_SYY
TUP_VGR
TUP_PEP
TUP_COH
TUP_UFI
TUP_MNST
TUP_EPC
TUP_SAFM
TUP_FLO
TUP_ELY
TUP_IPAR
TUP_TAP
TUP_GIS
TUP_TSN
TUP_K
TUP_REV
TUP_MKC
TUP_UNFI
TUP_CAL
TUP_CAG
TUP_WCC
TUP_LNCE
TUP_EL
TUP_LUK
TUP_AXE
TUP_SKX
TUP_GES
TUP_WGO
TUP_SENEA
TUP_CCU
TUP_CCE
TUP_MYE
TUP_JJSF
TUP_NWL
TUP_WWW
TUP_TR
TUP_NKE
TUP_CPB
TUP_CROX
TUP_HAIN
TUP_PERY
TUP_DECK
TUP_RAI
TUP_OME
TUP_KO
TUP_CTAS
TUP_JOUT
TUP_MGPI
TUP_BGS
TUP_THS
TUP_THO
TUP_FDP
TUP_CRI
TUP_PPC
TUP_ARW
TUP_BG
TUP_DAR
TUP_MDLZ
TUP_UA
TUP_FOSL
TUP_LULU
TUP_COLM
TUP_COKE
ENTG_AWI
ENTG_MOV
ENTG_CL
ENTG_KKD
ENTG_AVT
ENTG_TEL
ENTG_CORE
ENTG_ADM
ENTG_HOG
ENTG_SHOO
ENTG_CHKE
ENTG_INGR
ENTG_JAKK
ENTG_MO
ENTG_RDEN
ENTG_WOOF
ENTG_STZ
ENTG_SPTN
ENTG_VFC
ENTG_RL
ENTG_HRL
ENTG_OXM
ENTG_ENS
ENTG_ATR
ENTG_CVGW
ENTG_PVH
ENTG_DF
ENTG_SJM
ENTG_HSY
ENTG_MED
ENTG_HAR
ENTG_HAS
ENTG_SYY
ENTG_VGR
ENTG_PEP
ENTG_COH
ENTG_UFI
ENTG_MNST
ENTG_EPC
ENTG_SAFM
ENTG_FLO
ENTG_ELY
ENTG_IPAR
ENTG_TAP
ENTG_GIS
ENTG_TSN
ENTG_K
ENTG_REV
ENTG_MKC
ENTG_UNFI
ENTG_CAL
ENTG_CAG
ENTG_WCC
ENTG_LNCE
ENTG_EL
ENTG_LUK
ENTG_AXE
ENTG_SKX
ENTG_GES
ENTG_WGO
ENTG_SENEA
ENTG_CCU
ENTG_CCE
ENTG_MYE
ENTG_JJSF
ENTG_NWL
ENTG_WWW
ENTG_TR
ENTG_NKE
ENTG_CPB
ENTG_CROX
ENTG_HAIN
ENTG_PERY
ENTG_DECK
ENTG_RAI
ENTG_OME
ENTG_KO
ENTG_CTAS
ENTG_JOUT
ENTG_MGPI
ENTG_BGS
ENTG_THS
ENTG_THO
ENTG_FDP
ENTG_CRI
ENTG_PPC
ENTG_ARW
ENTG_BG
ENTG_DAR
ENTG_MDLZ
ENTG_UA
ENTG_FOSL
ENTG_LULU
ENTG_COLM
ENTG_COKE
AWI_MOV
AWI_CL
AWI_KKD
AWI_AVT
AWI_TEL
AWI_CORE
AWI_ADM
AWI_HOG
AWI_SHOO
AWI_CHKE
AWI_INGR
AWI_JAKK
AWI_MO
AWI_RDEN
AWI_WOOF
AWI_STZ
AWI_SPTN
AWI_VFC
AWI_RL
AWI_HRL
AWI_OXM
AWI_ENS
AWI_ATR
AWI_CVGW
AWI_PVH
AWI_DF
AWI_SJM
AWI_HSY
AWI_MED
AWI_HAR
AWI_HAS
AWI_SYY
AWI_VGR
AWI_PEP
AWI_COH
AWI_UFI
AWI_MNST
AWI_EPC
AWI_SAFM
AWI_FLO
AWI_ELY
AWI_IPAR
AWI_TAP
AWI_GIS
AWI_TSN
AWI_K
AWI_REV
AWI_MKC
AWI_UNFI
AWI_CAL
AWI_CAG
AWI_WCC
AWI_LNCE
AWI_EL
AWI_LUK
AWI_AXE
AWI_SKX
AWI_GES
AWI_WGO
AWI_SENEA
AWI_CCU
AWI_CCE
AWI_MYE
AWI_JJSF
AWI_NWL
AWI_WWW
AWI_TR
AWI_NKE
AWI_CPB
AWI_CROX
AWI_HAIN
AWI_PERY
AWI_DECK
AWI_RAI
AWI_OME
AWI_KO
AWI_CTAS
AWI_JOUT
AWI_MGPI
AWI_BGS
AWI_THS
AWI_THO
AWI_FDP
AWI_CRI
AWI_PPC
AWI_ARW
AWI_BG
AWI_DAR
AWI_MDLZ
AWI_UA
AWI_FOSL
AWI_LULU
AWI_COLM
AWI_COKE
MOV_CL
MOV_KKD
MOV_AVT
MOV_TEL
MOV_CORE
MOV_ADM
MOV_HOG
MOV_SHOO
MOV_CHKE
MOV_INGR
MOV_JAKK
MOV_MO
MOV_RDEN
MOV_WOOF
MOV_STZ
MOV_SPTN
MOV_VFC
MOV_RL
MOV_HRL
MOV_OXM
MOV_ENS
MOV_ATR
MOV_CVGW
MOV_PVH
MOV_DF
MOV_SJM
MOV_HSY
MOV_MED
MOV_HAR
MOV_HAS
MOV_SYY
MOV_VGR
MOV_PEP
MOV_COH
MOV_UFI
MOV_MNST
MOV_EPC
MOV_SAFM
MOV_FLO
MOV_ELY
MOV_IPAR
MOV_TAP
MOV_GIS
MOV_TSN
MOV_K
MOV_REV
MOV_MKC
MOV_UNFI
MOV_CAL
MOV_CAG
MOV_WCC
MOV_LNCE
MOV_EL
MOV_LUK
MOV_AXE
MOV_SKX
MOV_GES
MOV_WGO
MOV_SENEA
MOV_CCU
MOV_CCE
MOV_MYE
MOV_JJSF
MOV_NWL
MOV_WWW
MOV_TR
MOV_NKE
MOV_CPB
MOV_CROX
MOV_HAIN
MOV_PERY
MOV_DECK
MOV_RAI
MOV_OME
MOV_KO
MOV_CTAS
MOV_JOUT
MOV_MGPI
MOV_BGS
MOV_THS
MOV_THO
MOV_FDP
MOV_CRI
MOV_PPC
MOV_ARW
MOV_BG
MOV_DAR
MOV_MDLZ
MOV_UA
MOV_FOSL
MOV_LULU
MOV_COLM
MOV_COKE
CL_KKD
CL_AVT
CL_TEL
CL_CORE
CL_ADM
CL_HOG
CL_SHOO
CL_CHKE
CL_INGR
CL_JAKK
CL_MO
CL_RDEN
CL_WOOF
CL_STZ
CL_SPTN
CL_VFC
CL_RL
CL_HRL
CL_OXM
CL_ENS
CL_ATR
CL_CVGW
CL_PVH
CL_DF
CL_SJM
CL_HSY
CL_MED
CL_HAR
CL_HAS
CL_SYY
CL_VGR
CL_PEP
CL_COH
CL_UFI
CL_MNST
CL_EPC
CL_SAFM
CL_FLO
CL_ELY
CL_IPAR
CL_TAP
CL_GIS
CL_TSN
CL_K
CL_REV
CL_MKC
CL_UNFI
CL_CAL
CL_CAG
CL_WCC
CL_LNCE
CL_EL
CL_LUK
CL_AXE
CL_SKX
CL_GES
CL_WGO
CL_SENEA
CL_CCU
CL_CCE
CL_MYE
CL_JJSF
CL_NWL
CL_WWW
CL_TR
CL_NKE
CL_CPB
CL_CROX
CL_HAIN
CL_PERY
CL_DECK
CL_RAI
CL_OME
CL_KO
CL_CTAS
CL_JOUT
CL_MGPI
CL_BGS
CL_THS
CL_THO
CL_FDP
CL_CRI
CL_PPC
CL_ARW
CL_BG
CL_DAR
CL_MDLZ
CL_UA
CL_FOSL
CL_LULU
CL_COLM
CL_COKE
KKD_AVT
KKD_TEL
KKD_CORE
KKD_ADM
KKD_HOG
KKD_SHOO
KKD_CHKE
KKD_INGR
KKD_JAKK
KKD_MO
KKD_RDEN
KKD_WOOF
KKD_STZ
KKD_SPTN
KKD_VFC
KKD_RL
KKD_HRL
KKD_OXM
KKD_ENS
KKD_ATR
KKD_CVGW
KKD_PVH
KKD_DF
KKD_SJM
KKD_HSY
KKD_MED
KKD_HAR
KKD_HAS
KKD_SYY
KKD_VGR
KKD_PEP
KKD_COH
KKD_UFI
KKD_MNST
KKD_EPC
KKD_SAFM
KKD_FLO
KKD_ELY
KKD_IPAR
KKD_TAP
KKD_GIS
KKD_TSN
KKD_K
KKD_REV
KKD_MKC
KKD_UNFI
KKD_CAL
KKD_CAG
KKD_WCC
KKD_LNCE
KKD_EL
KKD_LUK
KKD_AXE
KKD_SKX
KKD_GES
KKD_WGO
KKD_SENEA
KKD_CCU
KKD_CCE
KKD_MYE
KKD_JJSF
KKD_NWL
KKD_WWW
KKD_TR
KKD_NKE
KKD_CPB
KKD_CROX
KKD_HAIN
KKD_PERY
KKD_DECK
KKD_RAI
KKD_OME
KKD_KO
KKD_CTAS
KKD_JOUT
KKD_MGPI
KKD_BGS
KKD_THS
KKD_THO
KKD_FDP
KKD_CRI
KKD_PPC
KKD_ARW
KKD_BG
KKD_DAR
KKD_MDLZ
KKD_UA
KKD_FOSL
KKD_LULU
KKD_COLM
KKD_COKE
AVT_TEL
AVT_CORE
AVT_ADM
AVT_HOG
AVT_SHOO
AVT_CHKE
AVT_INGR
AVT_JAKK
AVT_MO
AVT_RDEN
AVT_WOOF
AVT_STZ
AVT_SPTN
AVT_VFC
AVT_RL
AVT_HRL
AVT_OXM
AVT_ENS
AVT_ATR
AVT_CVGW
AVT_PVH
AVT_DF
AVT_SJM
AVT_HSY
AVT_MED
AVT_HAR
AVT_HAS
AVT_SYY
AVT_VGR
AVT_PEP
AVT_COH
AVT_UFI
AVT_MNST
AVT_EPC
AVT_SAFM
AVT_FLO
AVT_ELY
AVT_IPAR
AVT_TAP
AVT_GIS
AVT_TSN
AVT_K
AVT_REV
AVT_MKC
AVT_UNFI
AVT_CAL
AVT_CAG
AVT_WCC
AVT_LNCE
AVT_EL
AVT_LUK
AVT_AXE
AVT_SKX
AVT_GES
AVT_WGO
AVT_SENEA
AVT_CCU
AVT_CCE
AVT_MYE
AVT_JJSF
AVT_NWL
AVT_WWW
AVT_TR
AVT_NKE
AVT_CPB
AVT_CROX
AVT_HAIN
AVT_PERY
AVT_DECK
AVT_RAI
AVT_OME
AVT_KO
AVT_CTAS
AVT_JOUT
AVT_MGPI
AVT_BGS
AVT_THS
AVT_THO
AVT_FDP
AVT_CRI
AVT_PPC
AVT_ARW
AVT_BG
AVT_DAR
AVT_MDLZ
AVT_UA
AVT_FOSL
AVT_LULU
AVT_COLM
AVT_COKE
TEL_CORE
TEL_ADM
TEL_HOG
TEL_SHOO
TEL_CHKE
TEL_INGR
TEL_JAKK
TEL_MO
TEL_RDEN
TEL_WOOF
TEL_STZ
TEL_SPTN
TEL_VFC
TEL_RL
TEL_HRL
TEL_OXM
TEL_ENS
TEL_ATR
TEL_CVGW
TEL_PVH
TEL_DF
TEL_SJM
TEL_HSY
TEL_MED
TEL_HAR
TEL_HAS
TEL_SYY
TEL_VGR
TEL_PEP
TEL_COH
TEL_UFI
TEL_MNST
TEL_EPC
TEL_SAFM
TEL_FLO
TEL_ELY
TEL_IPAR
TEL_TAP
TEL_GIS
TEL_TSN
TEL_K
TEL_REV
TEL_MKC
TEL_UNFI
TEL_CAL
TEL_CAG
TEL_WCC
TEL_LNCE
TEL_EL
TEL_LUK
TEL_AXE
TEL_SKX
TEL_GES
TEL_WGO
TEL_SENEA
TEL_CCU
TEL_CCE
TEL_MYE
TEL_JJSF
TEL_NWL
TEL_WWW
TEL_TR
TEL_NKE
TEL_CPB
TEL_CROX
TEL_HAIN
TEL_PERY
TEL_DECK
TEL_RAI
TEL_OME
TEL_KO
TEL_CTAS
TEL_JOUT
TEL_MGPI
TEL_BGS
TEL_THS
TEL_THO
TEL_FDP
TEL_CRI
TEL_PPC
TEL_ARW
TEL_BG
TEL_DAR
TEL_MDLZ
TEL_UA
TEL_FOSL
TEL_LULU
TEL_COLM
TEL_COKE
CORE_ADM
CORE_HOG
CORE_SHOO
CORE_CHKE
CORE_INGR
CORE_JAKK
CORE_MO
CORE_RDEN
CORE_WOOF
CORE_STZ
CORE_SPTN
CORE_VFC
CORE_RL
CORE_HRL
CORE_OXM
CORE_ENS
CORE_ATR
CORE_CVGW
CORE_PVH
CORE_DF
CORE_SJM
CORE_HSY
CORE_MED
CORE_HAR
CORE_HAS
CORE_SYY
CORE_VGR
CORE_PEP
CORE_COH
CORE_UFI
CORE_MNST
CORE_EPC
CORE_SAFM
CORE_FLO
CORE_ELY
CORE_IPAR
CORE_TAP
CORE_GIS
CORE_TSN
CORE_K
CORE_REV
CORE_MKC
CORE_UNFI
CORE_CAL
CORE_CAG
CORE_WCC
CORE_LNCE
CORE_EL
CORE_LUK
CORE_AXE
CORE_SKX
CORE_GES
CORE_WGO
CORE_SENEA
CORE_CCU
CORE_CCE
CORE_MYE
CORE_JJSF
CORE_NWL
CORE_WWW
CORE_TR
CORE_NKE
CORE_CPB
CORE_CROX
CORE_HAIN
CORE_PERY
CORE_DECK
CORE_RAI
CORE_OME
CORE_KO
CORE_CTAS
CORE_JOUT
CORE_MGPI
CORE_BGS
CORE_THS
CORE_THO
CORE_FDP
CORE_CRI
CORE_PPC
CORE_ARW
CORE_BG
CORE_DAR
CORE_MDLZ
CORE_UA
CORE_FOSL
CORE_LULU
CORE_COLM
CORE_COKE
ADM_HOG
ADM_SHOO
ADM_CHKE
ADM_INGR
ADM_JAKK
ADM_MO
ADM_RDEN
ADM_WOOF
ADM_STZ
ADM_SPTN
ADM_VFC
ADM_RL
ADM_HRL
ADM_OXM
ADM_ENS
ADM_ATR
ADM_CVGW
ADM_PVH
ADM_DF
ADM_SJM
ADM_HSY
ADM_MED
ADM_HAR
ADM_HAS
ADM_SYY
ADM_VGR
ADM_PEP
ADM_COH
ADM_UFI
ADM_MNST
ADM_EPC
ADM_SAFM
ADM_FLO
ADM_ELY
ADM_IPAR
ADM_TAP
ADM_GIS
ADM_TSN
ADM_K
ADM_REV
ADM_MKC
ADM_UNFI
ADM_CAL
ADM_CAG
ADM_WCC
ADM_LNCE
ADM_EL
ADM_LUK
ADM_AXE
ADM_SKX
ADM_GES
ADM_WGO
ADM_SENEA
ADM_CCU
ADM_CCE
ADM_MYE
ADM_JJSF
ADM_NWL
ADM_WWW
ADM_TR
ADM_NKE
ADM_CPB
ADM_CROX
ADM_HAIN
ADM_PERY
ADM_DECK
ADM_RAI
ADM_OME
ADM_KO
ADM_CTAS
ADM_JOUT
ADM_MGPI
ADM_BGS
ADM_THS
ADM_THO
ADM_FDP
ADM_CRI
ADM_PPC
ADM_ARW
ADM_BG
ADM_DAR
ADM_MDLZ
ADM_UA
ADM_FOSL
ADM_LULU
ADM_COLM
ADM_COKE
HOG_SHOO
HOG_CHKE
HOG_INGR
HOG_JAKK
HOG_MO
HOG_RDEN
HOG_WOOF
HOG_STZ
HOG_SPTN
HOG_VFC
HOG_RL
HOG_HRL
HOG_OXM
HOG_ENS
HOG_ATR
HOG_CVGW
HOG_PVH
HOG_DF
HOG_SJM
HOG_HSY
HOG_MED
HOG_HAR
HOG_HAS
HOG_SYY
HOG_VGR
HOG_PEP
HOG_COH
HOG_UFI
HOG_MNST
HOG_EPC
HOG_SAFM
HOG_FLO
HOG_ELY
HOG_IPAR
HOG_TAP
HOG_GIS
HOG_TSN
HOG_K
HOG_REV
HOG_MKC
HOG_UNFI
HOG_CAL
HOG_CAG
HOG_WCC
HOG_LNCE
HOG_EL
HOG_LUK
HOG_AXE
HOG_SKX
HOG_GES
HOG_WGO
HOG_SENEA
HOG_CCU
HOG_CCE
HOG_MYE
HOG_JJSF
HOG_NWL
HOG_WWW
HOG_TR
HOG_NKE
HOG_CPB
HOG_CROX
HOG_HAIN
HOG_PERY
HOG_DECK
HOG_RAI
HOG_OME
HOG_KO
HOG_CTAS
HOG_JOUT
HOG_MGPI
HOG_BGS
HOG_THS
HOG_THO
HOG_FDP
HOG_CRI
HOG_PPC
HOG_ARW
HOG_BG
HOG_DAR
HOG_MDLZ
HOG_UA
HOG_FOSL
HOG_LULU
HOG_COLM
HOG_COKE
SHOO_CHKE
SHOO_INGR
SHOO_JAKK
SHOO_MO
SHOO_RDEN
SHOO_WOOF
SHOO_STZ
SHOO_SPTN
SHOO_VFC
SHOO_RL
SHOO_HRL
SHOO_OXM
SHOO_ENS
SHOO_ATR
SHOO_CVGW
SHOO_PVH
SHOO_DF
SHOO_SJM
SHOO_HSY
SHOO_MED
SHOO_HAR
SHOO_HAS
SHOO_SYY
SHOO_VGR
SHOO_PEP
SHOO_COH
SHOO_UFI
SHOO_MNST
SHOO_EPC
SHOO_SAFM
SHOO_FLO
SHOO_ELY
SHOO_IPAR
SHOO_TAP
SHOO_GIS
SHOO_TSN
SHOO_K
SHOO_REV
SHOO_MKC
SHOO_UNFI
SHOO_CAL
SHOO_CAG
SHOO_WCC
SHOO_LNCE
SHOO_EL
SHOO_LUK
SHOO_AXE
SHOO_SKX
SHOO_GES
SHOO_WGO
SHOO_SENEA
SHOO_CCU
SHOO_CCE
SHOO_MYE
SHOO_JJSF
SHOO_NWL
SHOO_WWW
SHOO_TR
SHOO_NKE
SHOO_CPB
SHOO_CROX
SHOO_HAIN
SHOO_PERY
SHOO_DECK
SHOO_RAI
SHOO_OME
SHOO_KO
SHOO_CTAS
SHOO_JOUT
SHOO_MGPI
SHOO_BGS
SHOO_THS
SHOO_THO
SHOO_FDP
SHOO_CRI
SHOO_PPC
SHOO_ARW
SHOO_BG
SHOO_DAR
SHOO_MDLZ
SHOO_UA
SHOO_FOSL
SHOO_LULU
SHOO_COLM
SHOO_COKE
CHKE_INGR
CHKE_JAKK
CHKE_MO
CHKE_RDEN
CHKE_WOOF
CHKE_STZ
CHKE_SPTN
CHKE_VFC
CHKE_RL
CHKE_HRL
CHKE_OXM
CHKE_ENS
CHKE_ATR
CHKE_CVGW
CHKE_PVH
CHKE_DF
CHKE_SJM
CHKE_HSY
CHKE_MED
CHKE_HAR
CHKE_HAS
CHKE_SYY
CHKE_VGR
CHKE_PEP
CHKE_COH
CHKE_UFI
CHKE_MNST
CHKE_EPC
CHKE_SAFM
CHKE_FLO
CHKE_ELY
CHKE_IPAR
CHKE_TAP
CHKE_GIS
CHKE_TSN
CHKE_K
CHKE_REV
CHKE_MKC
CHKE_UNFI
CHKE_CAL
CHKE_CAG
CHKE_WCC
CHKE_LNCE
CHKE_EL
CHKE_LUK
CHKE_AXE
CHKE_SKX
CHKE_GES
CHKE_WGO
CHKE_SENEA
CHKE_CCU
CHKE_CCE
CHKE_MYE
CHKE_JJSF
CHKE_NWL
CHKE_WWW
CHKE_TR
CHKE_NKE
CHKE_CPB
CHKE_CROX
CHKE_HAIN
CHKE_PERY
CHKE_DECK
CHKE_RAI
CHKE_OME
CHKE_KO
CHKE_CTAS
CHKE_JOUT
CHKE_MGPI
CHKE_BGS
CHKE_THS
CHKE_THO
CHKE_FDP
CHKE_CRI
CHKE_PPC
CHKE_ARW
CHKE_BG
CHKE_DAR
CHKE_MDLZ
CHKE_UA
CHKE_FOSL
CHKE_LULU
CHKE_COLM
CHKE_COKE
INGR_JAKK
INGR_MO
INGR_RDEN
INGR_WOOF
INGR_STZ
INGR_SPTN
INGR_VFC
INGR_RL
INGR_HRL
INGR_OXM
INGR_ENS
INGR_ATR
INGR_CVGW
INGR_PVH
INGR_DF
INGR_SJM
INGR_HSY
INGR_MED
INGR_HAR
INGR_HAS
INGR_SYY
INGR_VGR
INGR_PEP
INGR_COH
INGR_UFI
INGR_MNST
INGR_EPC
INGR_SAFM
INGR_FLO
INGR_ELY
INGR_IPAR
INGR_TAP
INGR_GIS
INGR_TSN
INGR_K
INGR_REV
INGR_MKC
INGR_UNFI
INGR_CAL
INGR_CAG
INGR_WCC
INGR_LNCE
INGR_EL
INGR_LUK
INGR_AXE
INGR_SKX
INGR_GES
INGR_WGO
INGR_SENEA
INGR_CCU
INGR_CCE
INGR_MYE
INGR_JJSF
INGR_NWL
INGR_WWW
INGR_TR
INGR_NKE
INGR_CPB
INGR_CROX
INGR_HAIN
INGR_PERY
INGR_DECK
INGR_RAI
INGR_OME
INGR_KO
INGR_CTAS
INGR_JOUT
INGR_MGPI
INGR_BGS
INGR_THS
INGR_THO
INGR_FDP
INGR_CRI
INGR_PPC
INGR_ARW
INGR_BG
INGR_DAR
INGR_MDLZ
INGR_UA
INGR_FOSL
INGR_LULU
INGR_COLM
INGR_COKE
JAKK_MO
JAKK_RDEN
JAKK_WOOF
JAKK_STZ
JAKK_SPTN
JAKK_VFC
JAKK_RL
JAKK_HRL
JAKK_OXM
JAKK_ENS
JAKK_ATR
JAKK_CVGW
JAKK_PVH
JAKK_DF
JAKK_SJM
JAKK_HSY
JAKK_MED
JAKK_HAR
JAKK_HAS
JAKK_SYY
JAKK_VGR
JAKK_PEP
JAKK_COH
JAKK_UFI
JAKK_MNST
JAKK_EPC
JAKK_SAFM
JAKK_FLO
JAKK_ELY
JAKK_IPAR
JAKK_TAP
JAKK_GIS
JAKK_TSN
JAKK_K
JAKK_REV
JAKK_MKC
JAKK_UNFI
JAKK_CAL
JAKK_CAG
JAKK_WCC
JAKK_LNCE
JAKK_EL
JAKK_LUK
JAKK_AXE
JAKK_SKX
JAKK_GES
JAKK_WGO
JAKK_SENEA
JAKK_CCU
JAKK_CCE
JAKK_MYE
JAKK_JJSF
JAKK_NWL
JAKK_WWW
JAKK_TR
JAKK_NKE
JAKK_CPB
JAKK_CROX
JAKK_HAIN
JAKK_PERY
JAKK_DECK
JAKK_RAI
JAKK_OME
JAKK_KO
JAKK_CTAS
JAKK_JOUT
JAKK_MGPI
JAKK_BGS
JAKK_THS
JAKK_THO
JAKK_FDP
JAKK_CRI
JAKK_PPC
JAKK_ARW
JAKK_BG
JAKK_DAR
JAKK_MDLZ
JAKK_UA
JAKK_FOSL
JAKK_LULU
JAKK_COLM
JAKK_COKE
MO_RDEN
MO_WOOF
MO_STZ
MO_SPTN
MO_VFC
MO_RL
MO_HRL
MO_OXM
MO_ENS
MO_ATR
MO_CVGW
MO_PVH
MO_DF
MO_SJM
MO_HSY
MO_MED
MO_HAR
MO_HAS
MO_SYY
MO_VGR
MO_PEP
MO_COH
MO_UFI
MO_MNST
MO_EPC
MO_SAFM
MO_FLO
MO_ELY
MO_IPAR
MO_TAP
MO_GIS
MO_TSN
MO_K
MO_REV
MO_MKC
MO_UNFI
MO_CAL
MO_CAG
MO_WCC
MO_LNCE
MO_EL
MO_LUK
MO_AXE
MO_SKX
MO_GES
MO_WGO
MO_SENEA
MO_CCU
MO_CCE
MO_MYE
MO_JJSF
MO_NWL
MO_WWW
MO_TR
MO_NKE
MO_CPB
MO_CROX
MO_HAIN
MO_PERY
MO_DECK
MO_RAI
MO_OME
MO_KO
MO_CTAS
MO_JOUT
MO_MGPI
MO_BGS
MO_THS
MO_THO
MO_FDP
MO_CRI
MO_PPC
MO_ARW
MO_BG
MO_DAR
MO_MDLZ
MO_UA
MO_FOSL
MO_LULU
MO_COLM
MO_COKE
RDEN_WOOF
RDEN_STZ
RDEN_SPTN
RDEN_VFC
RDEN_RL
RDEN_HRL
RDEN_OXM
RDEN_ENS
RDEN_ATR
RDEN_CVGW
RDEN_PVH
RDEN_DF
RDEN_SJM
RDEN_HSY
RDEN_MED
RDEN_HAR
RDEN_HAS
RDEN_SYY
RDEN_VGR
RDEN_PEP
RDEN_COH
RDEN_UFI
RDEN_MNST
RDEN_EPC
RDEN_SAFM
RDEN_FLO
RDEN_ELY
RDEN_IPAR
RDEN_TAP
RDEN_GIS
RDEN_TSN
RDEN_K
RDEN_REV
RDEN_MKC
RDEN_UNFI
RDEN_CAL
RDEN_CAG
RDEN_WCC
RDEN_LNCE
RDEN_EL
RDEN_LUK
RDEN_AXE
RDEN_SKX
RDEN_GES
RDEN_WGO
RDEN_SENEA
RDEN_CCU
RDEN_CCE
RDEN_MYE
RDEN_JJSF
RDEN_NWL
RDEN_WWW
RDEN_TR
RDEN_NKE
RDEN_CPB
RDEN_CROX
RDEN_HAIN
RDEN_PERY
RDEN_DECK
RDEN_RAI
RDEN_OME
RDEN_KO
RDEN_CTAS
RDEN_JOUT
RDEN_MGPI
RDEN_BGS
RDEN_THS
RDEN_THO
RDEN_FDP
RDEN_CRI
RDEN_PPC
RDEN_ARW
RDEN_BG
RDEN_DAR
RDEN_MDLZ
RDEN_UA
RDEN_FOSL
RDEN_LULU
RDEN_COLM
RDEN_COKE
WOOF_STZ
WOOF_SPTN
WOOF_VFC
WOOF_RL
WOOF_HRL
WOOF_OXM
WOOF_ENS
WOOF_ATR
WOOF_CVGW
WOOF_PVH
WOOF_DF
WOOF_SJM
WOOF_HSY
WOOF_MED
WOOF_HAR
WOOF_HAS
WOOF_SYY
WOOF_VGR
WOOF_PEP
WOOF_COH
WOOF_UFI
WOOF_MNST
WOOF_EPC
WOOF_SAFM
WOOF_FLO
WOOF_ELY
WOOF_IPAR
WOOF_TAP
WOOF_GIS
WOOF_TSN
WOOF_K
WOOF_REV
WOOF_MKC
WOOF_UNFI
WOOF_CAL
WOOF_CAG
WOOF_WCC
WOOF_LNCE
WOOF_EL
WOOF_LUK
WOOF_AXE
WOOF_SKX
WOOF_GES
WOOF_WGO
WOOF_SENEA
WOOF_CCU
WOOF_CCE
WOOF_MYE
WOOF_JJSF
WOOF_NWL
WOOF_WWW
WOOF_TR
WOOF_NKE
WOOF_CPB
WOOF_CROX
WOOF_HAIN
WOOF_PERY
WOOF_DECK
WOOF_RAI
WOOF_OME
WOOF_KO
WOOF_CTAS
WOOF_JOUT
WOOF_MGPI
WOOF_BGS
WOOF_THS
WOOF_THO
WOOF_FDP
WOOF_CRI
WOOF_PPC
WOOF_ARW
WOOF_BG
WOOF_DAR
WOOF_MDLZ
WOOF_UA
WOOF_FOSL
WOOF_LULU
WOOF_COLM
WOOF_COKE
STZ_SPTN
STZ_VFC
STZ_RL
STZ_HRL
STZ_OXM
STZ_ENS
STZ_ATR
STZ_CVGW
STZ_PVH
STZ_DF
STZ_SJM
STZ_HSY
STZ_MED
STZ_HAR
STZ_HAS
STZ_SYY
STZ_VGR
STZ_PEP
STZ_COH
STZ_UFI
STZ_MNST
STZ_EPC
STZ_SAFM
STZ_FLO
STZ_ELY
STZ_IPAR
STZ_TAP
STZ_GIS
STZ_TSN
STZ_K
STZ_REV
STZ_MKC
STZ_UNFI
STZ_CAL
STZ_CAG
STZ_WCC
STZ_LNCE
STZ_EL
STZ_LUK
STZ_AXE
STZ_SKX
STZ_GES
STZ_WGO
STZ_SENEA
STZ_CCU
STZ_CCE
STZ_MYE
STZ_JJSF
STZ_NWL
STZ_WWW
STZ_TR
STZ_NKE
STZ_CPB
STZ_CROX
STZ_HAIN
STZ_PERY
STZ_DECK
STZ_RAI
STZ_OME
STZ_KO
STZ_CTAS
STZ_JOUT
STZ_MGPI
STZ_BGS
STZ_THS
STZ_THO
STZ_FDP
STZ_CRI
STZ_PPC
STZ_ARW
STZ_BG
STZ_DAR
STZ_MDLZ
STZ_UA
STZ_FOSL
STZ_LULU
STZ_COLM
STZ_COKE
SPTN_VFC
SPTN_RL
SPTN_HRL
SPTN_OXM
SPTN_ENS
SPTN_ATR
SPTN_CVGW
SPTN_PVH
SPTN_DF
SPTN_SJM
SPTN_HSY
SPTN_MED
SPTN_HAR
SPTN_HAS
SPTN_SYY
SPTN_VGR
SPTN_PEP
SPTN_COH
SPTN_UFI
SPTN_MNST
SPTN_EPC
SPTN_SAFM
SPTN_FLO
SPTN_ELY
SPTN_IPAR
SPTN_TAP
SPTN_GIS
SPTN_TSN
SPTN_K
SPTN_REV
SPTN_MKC
SPTN_UNFI
SPTN_CAL
SPTN_CAG
SPTN_WCC
SPTN_LNCE
SPTN_EL
SPTN_LUK
SPTN_AXE
SPTN_SKX
SPTN_GES
SPTN_WGO
SPTN_SENEA
SPTN_CCU
SPTN_CCE
SPTN_MYE
SPTN_JJSF
SPTN_NWL
SPTN_WWW
SPTN_TR
SPTN_NKE
SPTN_CPB
SPTN_CROX
SPTN_HAIN
SPTN_PERY
SPTN_DECK
SPTN_RAI
SPTN_OME
SPTN_KO
SPTN_CTAS
SPTN_JOUT
SPTN_MGPI
SPTN_BGS
SPTN_THS
SPTN_THO
SPTN_FDP
SPTN_CRI
SPTN_PPC
SPTN_ARW
SPTN_BG
SPTN_DAR
SPTN_MDLZ
SPTN_UA
SPTN_FOSL
SPTN_LULU
SPTN_COLM
SPTN_COKE
VFC_RL
VFC_HRL
VFC_OXM
VFC_ENS
VFC_ATR
VFC_CVGW
VFC_PVH
VFC_DF
VFC_SJM
VFC_HSY
VFC_MED
VFC_HAR
VFC_HAS
VFC_SYY
VFC_VGR
VFC_PEP
VFC_COH
VFC_UFI
VFC_MNST
VFC_EPC
VFC_SAFM
VFC_FLO
VFC_ELY
VFC_IPAR
VFC_TAP
VFC_GIS
VFC_TSN
VFC_K
VFC_REV
VFC_MKC
VFC_UNFI
VFC_CAL
VFC_CAG
VFC_WCC
VFC_LNCE
VFC_EL
VFC_LUK
VFC_AXE
VFC_SKX
VFC_GES
VFC_WGO
VFC_SENEA
VFC_CCU
VFC_CCE
VFC_MYE
VFC_JJSF
VFC_NWL
VFC_WWW
VFC_TR
VFC_NKE
VFC_CPB
VFC_CROX
VFC_HAIN
VFC_PERY
VFC_DECK
VFC_RAI
VFC_OME
VFC_KO
VFC_CTAS
VFC_JOUT
VFC_MGPI
VFC_BGS
VFC_THS
VFC_THO
VFC_FDP
VFC_CRI
VFC_PPC
VFC_ARW
VFC_BG
VFC_DAR
VFC_MDLZ
VFC_UA
VFC_FOSL
VFC_LULU
VFC_COLM
VFC_COKE
RL_HRL
RL_OXM
RL_ENS
RL_ATR
RL_CVGW
RL_PVH
RL_DF
RL_SJM
RL_HSY
RL_MED
RL_HAR
RL_HAS
RL_SYY
RL_VGR
RL_PEP
RL_COH
RL_UFI
RL_MNST
RL_EPC
RL_SAFM
RL_FLO
RL_ELY
RL_IPAR
RL_TAP
RL_GIS
RL_TSN
RL_K
RL_REV
RL_MKC
RL_UNFI
RL_CAL
RL_CAG
RL_WCC
RL_LNCE
RL_EL
RL_LUK
RL_AXE
RL_SKX
RL_GES
RL_WGO
RL_SENEA
RL_CCU
RL_CCE
RL_MYE
RL_JJSF
RL_NWL
RL_WWW
RL_TR
RL_NKE
RL_CPB
RL_CROX
RL_HAIN
RL_PERY
RL_DECK
RL_RAI
RL_OME
RL_KO
RL_CTAS
RL_JOUT
RL_MGPI
RL_BGS
RL_THS
RL_THO
RL_FDP
RL_CRI
RL_PPC
RL_ARW
RL_BG
RL_DAR
RL_MDLZ
RL_UA
RL_FOSL
RL_LULU
RL_COLM
RL_COKE
HRL_OXM
HRL_ENS
HRL_ATR
HRL_CVGW
HRL_PVH
HRL_DF
HRL_SJM
HRL_HSY
HRL_MED
HRL_HAR
HRL_HAS
HRL_SYY
HRL_VGR
HRL_PEP
HRL_COH
HRL_UFI
HRL_MNST
HRL_EPC
HRL_SAFM
HRL_FLO
HRL_ELY
HRL_IPAR
HRL_TAP
HRL_GIS
HRL_TSN
HRL_K
HRL_REV
HRL_MKC
HRL_UNFI
HRL_CAL
HRL_CAG
HRL_WCC
HRL_LNCE
HRL_EL
HRL_LUK
HRL_AXE
HRL_SKX
HRL_GES
HRL_WGO
HRL_SENEA
HRL_CCU
HRL_CCE
HRL_MYE
HRL_JJSF
HRL_NWL
HRL_WWW
HRL_TR
HRL_NKE
HRL_CPB
HRL_CROX
HRL_HAIN
HRL_PERY
HRL_DECK
HRL_RAI
HRL_OME
HRL_KO
HRL_CTAS
HRL_JOUT
HRL_MGPI
HRL_BGS
HRL_THS
HRL_THO
HRL_FDP
HRL_CRI
HRL_PPC
HRL_ARW
HRL_BG
HRL_DAR
HRL_MDLZ
HRL_UA
HRL_FOSL
HRL_LULU
HRL_COLM
HRL_COKE
OXM_ENS
OXM_ATR
OXM_CVGW
OXM_PVH
OXM_DF
OXM_SJM
OXM_HSY
OXM_MED
OXM_HAR
OXM_HAS
OXM_SYY
OXM_VGR
OXM_PEP
OXM_COH
OXM_UFI
OXM_MNST
OXM_EPC
OXM_SAFM
OXM_FLO
OXM_ELY
OXM_IPAR
OXM_TAP
OXM_GIS
OXM_TSN
OXM_K
OXM_REV
OXM_MKC
OXM_UNFI
OXM_CAL
OXM_CAG
OXM_WCC
OXM_LNCE
OXM_EL
OXM_LUK
OXM_AXE
OXM_SKX
OXM_GES
OXM_WGO
OXM_SENEA
OXM_CCU
OXM_CCE
OXM_MYE
OXM_JJSF
OXM_NWL
OXM_WWW
OXM_TR
OXM_NKE
OXM_CPB
OXM_CROX
OXM_HAIN
OXM_PERY
OXM_DECK
OXM_RAI
OXM_OME
OXM_KO
OXM_CTAS
OXM_JOUT
OXM_MGPI
OXM_BGS
OXM_THS
OXM_THO
OXM_FDP
OXM_CRI
OXM_PPC
OXM_ARW
OXM_BG
OXM_DAR
OXM_MDLZ
OXM_UA
OXM_FOSL
OXM_LULU
OXM_COLM
OXM_COKE
ENS_ATR
ENS_CVGW
ENS_PVH
ENS_DF
ENS_SJM
ENS_HSY
ENS_MED
ENS_HAR
ENS_HAS
ENS_SYY
ENS_VGR
ENS_PEP
ENS_COH
ENS_UFI
ENS_MNST
ENS_EPC
ENS_SAFM
ENS_FLO
ENS_ELY
ENS_IPAR
ENS_TAP
ENS_GIS
ENS_TSN
ENS_K
ENS_REV
ENS_MKC
ENS_UNFI
ENS_CAL
ENS_CAG
ENS_WCC
ENS_LNCE
ENS_EL
ENS_LUK
ENS_AXE
ENS_SKX
ENS_GES
ENS_WGO
ENS_SENEA
ENS_CCU
ENS_CCE
ENS_MYE
ENS_JJSF
ENS_NWL
ENS_WWW
ENS_TR
ENS_NKE
ENS_CPB
ENS_CROX
ENS_HAIN
ENS_PERY
ENS_DECK
ENS_RAI
ENS_OME
ENS_KO
ENS_CTAS
ENS_JOUT
ENS_MGPI
ENS_BGS
ENS_THS
ENS_THO
ENS_FDP
ENS_CRI
ENS_PPC
ENS_ARW
ENS_BG
ENS_DAR
ENS_MDLZ
ENS_UA
ENS_FOSL
ENS_LULU
ENS_COLM
ENS_COKE
ATR_CVGW
ATR_PVH
ATR_DF
ATR_SJM
ATR_HSY
ATR_MED
ATR_HAR
ATR_HAS
ATR_SYY
ATR_VGR
ATR_PEP
ATR_COH
ATR_UFI
ATR_MNST
ATR_EPC
ATR_SAFM
ATR_FLO
ATR_ELY
ATR_IPAR
ATR_TAP
ATR_GIS
ATR_TSN
ATR_K
ATR_REV
ATR_MKC
ATR_UNFI
ATR_CAL
ATR_CAG
ATR_WCC
ATR_LNCE
ATR_EL
ATR_LUK
ATR_AXE
ATR_SKX
ATR_GES
ATR_WGO
ATR_SENEA
ATR_CCU
ATR_CCE
ATR_MYE
ATR_JJSF
ATR_NWL
ATR_WWW
ATR_TR
ATR_NKE
ATR_CPB
ATR_CROX
ATR_HAIN
ATR_PERY
ATR_DECK
ATR_RAI
ATR_OME
ATR_KO
ATR_CTAS
ATR_JOUT
ATR_MGPI
ATR_BGS
ATR_THS
ATR_THO
ATR_FDP
ATR_CRI
ATR_PPC
ATR_ARW
ATR_BG
ATR_DAR
ATR_MDLZ
ATR_UA
ATR_FOSL
ATR_LULU
ATR_COLM
ATR_COKE
CVGW_PVH
CVGW_DF
CVGW_SJM
CVGW_HSY
CVGW_MED
CVGW_HAR
CVGW_HAS
CVGW_SYY
CVGW_VGR
CVGW_PEP
CVGW_COH
CVGW_UFI
CVGW_MNST
CVGW_EPC
CVGW_SAFM
CVGW_FLO
CVGW_ELY
CVGW_IPAR
CVGW_TAP
CVGW_GIS
CVGW_TSN
CVGW_K
CVGW_REV
CVGW_MKC
CVGW_UNFI
CVGW_CAL
CVGW_CAG
CVGW_WCC
CVGW_LNCE
CVGW_EL
CVGW_LUK
CVGW_AXE
CVGW_SKX
CVGW_GES
CVGW_WGO
CVGW_SENEA
CVGW_CCU
CVGW_CCE
CVGW_MYE
CVGW_JJSF
CVGW_NWL
CVGW_WWW
CVGW_TR
CVGW_NKE
CVGW_CPB
CVGW_CROX
CVGW_HAIN
CVGW_PERY
CVGW_DECK
CVGW_RAI
CVGW_OME
CVGW_KO
CVGW_CTAS
CVGW_JOUT
CVGW_MGPI
CVGW_BGS
CVGW_THS
CVGW_THO
CVGW_FDP
CVGW_CRI
CVGW_PPC
CVGW_ARW
CVGW_BG
CVGW_DAR
CVGW_MDLZ
CVGW_UA
CVGW_FOSL
CVGW_LULU
CVGW_COLM
CVGW_COKE
PVH_DF
PVH_SJM
PVH_HSY
PVH_MED
PVH_HAR
PVH_HAS
PVH_SYY
PVH_VGR
PVH_PEP
PVH_COH
PVH_UFI
PVH_MNST
PVH_EPC
PVH_SAFM
PVH_FLO
PVH_ELY
PVH_IPAR
PVH_TAP
PVH_GIS
PVH_TSN
PVH_K
PVH_REV
PVH_MKC
PVH_UNFI
PVH_CAL
PVH_CAG
PVH_WCC
PVH_LNCE
PVH_EL
PVH_LUK
PVH_AXE
PVH_SKX
PVH_GES
PVH_WGO
PVH_SENEA
PVH_CCU
PVH_CCE
PVH_MYE
PVH_JJSF
PVH_NWL
PVH_WWW
PVH_TR
PVH_NKE
PVH_CPB
PVH_CROX
PVH_HAIN
PVH_PERY
PVH_DECK
PVH_RAI
PVH_OME
PVH_KO
PVH_CTAS
PVH_JOUT
PVH_MGPI
PVH_BGS
PVH_THS
PVH_THO
PVH_FDP
PVH_CRI
PVH_PPC
PVH_ARW
PVH_BG
PVH_DAR
PVH_MDLZ
PVH_UA
PVH_FOSL
PVH_LULU
PVH_COLM
PVH_COKE
DF_SJM
DF_HSY
DF_MED
DF_HAR
DF_HAS
DF_SYY
DF_VGR
DF_PEP
DF_COH
DF_UFI
DF_MNST
DF_EPC
DF_SAFM
DF_FLO
DF_ELY
DF_IPAR
DF_TAP
DF_GIS
DF_TSN
DF_K
DF_REV
DF_MKC
DF_UNFI
DF_CAL
DF_CAG
DF_WCC
DF_LNCE
DF_EL
DF_LUK
DF_AXE
DF_SKX
DF_GES
DF_WGO
DF_SENEA
DF_CCU
DF_CCE
DF_MYE
DF_JJSF
DF_NWL
DF_WWW
DF_TR
DF_NKE
DF_CPB
DF_CROX
DF_HAIN
DF_PERY
DF_DECK
DF_RAI
DF_OME
DF_KO
DF_CTAS
DF_JOUT
DF_MGPI
DF_BGS
DF_THS
DF_THO
DF_FDP
DF_CRI
DF_PPC
DF_ARW
DF_BG
DF_DAR
DF_MDLZ
DF_UA
DF_FOSL
DF_LULU
DF_COLM
DF_COKE
SJM_HSY
SJM_MED
SJM_HAR
SJM_HAS
SJM_SYY
SJM_VGR
SJM_PEP
SJM_COH
SJM_UFI
SJM_MNST
SJM_EPC
SJM_SAFM
SJM_FLO
SJM_ELY
SJM_IPAR
SJM_TAP
SJM_GIS
SJM_TSN
SJM_K
SJM_REV
SJM_MKC
SJM_UNFI
SJM_CAL
SJM_CAG
SJM_WCC
SJM_LNCE
SJM_EL
SJM_LUK
SJM_AXE
SJM_SKX
SJM_GES
SJM_WGO
SJM_SENEA
SJM_CCU
SJM_CCE
SJM_MYE
SJM_JJSF
SJM_NWL
SJM_WWW
SJM_TR
SJM_NKE
SJM_CPB
SJM_CROX
SJM_HAIN
SJM_PERY
SJM_DECK
SJM_RAI
SJM_OME
SJM_KO
SJM_CTAS
SJM_JOUT
SJM_MGPI
SJM_BGS
SJM_THS
SJM_THO
SJM_FDP
SJM_CRI
SJM_PPC
SJM_ARW
SJM_BG
SJM_DAR
SJM_MDLZ
SJM_UA
SJM_FOSL
SJM_LULU
SJM_COLM
SJM_COKE
HSY_MED
HSY_HAR
HSY_HAS
HSY_SYY
HSY_VGR
HSY_PEP
HSY_COH
HSY_UFI
HSY_MNST
HSY_EPC
HSY_SAFM
HSY_FLO
HSY_ELY
HSY_IPAR
HSY_TAP
HSY_GIS
HSY_TSN
HSY_K
HSY_REV
HSY_MKC
HSY_UNFI
HSY_CAL
HSY_CAG
HSY_WCC
HSY_LNCE
HSY_EL
HSY_LUK
HSY_AXE
HSY_SKX
HSY_GES
HSY_WGO
HSY_SENEA
HSY_CCU
HSY_CCE
HSY_MYE
HSY_JJSF
HSY_NWL
HSY_WWW
HSY_TR
HSY_NKE
HSY_CPB
HSY_CROX
HSY_HAIN
HSY_PERY
HSY_DECK
HSY_RAI
HSY_OME
HSY_KO
HSY_CTAS
HSY_JOUT
HSY_MGPI
HSY_BGS
HSY_THS
HSY_THO
HSY_FDP
HSY_CRI
HSY_PPC
HSY_ARW
HSY_BG
HSY_DAR
HSY_MDLZ
HSY_UA
HSY_FOSL
HSY_LULU
HSY_COLM
HSY_COKE
MED_HAR
MED_HAS
MED_SYY
MED_VGR
MED_PEP
MED_COH
MED_UFI
MED_MNST
MED_EPC
MED_SAFM
MED_FLO
MED_ELY
MED_IPAR
MED_TAP
MED_GIS
MED_TSN
MED_K
MED_REV
MED_MKC
MED_UNFI
MED_CAL
MED_CAG
MED_WCC
MED_LNCE
MED_EL
MED_LUK
MED_AXE
MED_SKX
MED_GES
MED_WGO
MED_SENEA
MED_CCU
MED_CCE
MED_MYE
MED_JJSF
MED_NWL
MED_WWW
MED_TR
MED_NKE
MED_CPB
MED_CROX
MED_HAIN
MED_PERY
MED_DECK
MED_RAI
MED_OME
MED_KO
MED_CTAS
MED_JOUT
MED_MGPI
MED_BGS
MED_THS
MED_THO
MED_FDP
MED_CRI
MED_PPC
MED_ARW
MED_BG
MED_DAR
MED_MDLZ
MED_UA
MED_FOSL
MED_LULU
MED_COLM
MED_COKE
HAR_HAS
HAR_SYY
HAR_VGR
HAR_PEP
HAR_COH
HAR_UFI
HAR_MNST
HAR_EPC
HAR_SAFM
HAR_FLO
HAR_ELY
HAR_IPAR
HAR_TAP
HAR_GIS
HAR_TSN
HAR_K
HAR_REV
HAR_MKC
HAR_UNFI
HAR_CAL
HAR_CAG
HAR_WCC
HAR_LNCE
HAR_EL
HAR_LUK
HAR_AXE
HAR_SKX
HAR_GES
HAR_WGO
HAR_SENEA
HAR_CCU
HAR_CCE
HAR_MYE
HAR_JJSF
HAR_NWL
HAR_WWW
HAR_TR
HAR_NKE
HAR_CPB
HAR_CROX
HAR_HAIN
HAR_PERY
HAR_DECK
HAR_RAI
HAR_OME
HAR_KO
HAR_CTAS
HAR_JOUT
HAR_MGPI
HAR_BGS
HAR_THS
HAR_THO
HAR_FDP
HAR_CRI
HAR_PPC
HAR_ARW
HAR_BG
HAR_DAR
HAR_MDLZ
HAR_UA
HAR_FOSL
HAR_LULU
HAR_COLM
HAR_COKE
HAS_SYY
HAS_VGR
HAS_PEP
HAS_COH
HAS_UFI
HAS_MNST
HAS_EPC
HAS_SAFM
HAS_FLO
HAS_ELY
HAS_IPAR
HAS_TAP
HAS_GIS
HAS_TSN
HAS_K
HAS_REV
HAS_MKC
HAS_UNFI
HAS_CAL
HAS_CAG
HAS_WCC
HAS_LNCE
HAS_EL
HAS_LUK
HAS_AXE
HAS_SKX
HAS_GES
HAS_WGO
HAS_SENEA
HAS_CCU
HAS_CCE
HAS_MYE
HAS_JJSF
HAS_NWL
HAS_WWW
HAS_TR
HAS_NKE
HAS_CPB
HAS_CROX
HAS_HAIN
HAS_PERY
HAS_DECK
HAS_RAI
HAS_OME
HAS_KO
HAS_CTAS
HAS_JOUT
HAS_MGPI
HAS_BGS
HAS_THS
HAS_THO
HAS_FDP
HAS_CRI
HAS_PPC
HAS_ARW
HAS_BG
HAS_DAR
HAS_MDLZ
HAS_UA
HAS_FOSL
HAS_LULU
HAS_COLM
HAS_COKE
SYY_VGR
SYY_PEP
SYY_COH
SYY_UFI
SYY_MNST
SYY_EPC
SYY_SAFM
SYY_FLO
SYY_ELY
SYY_IPAR
SYY_TAP
SYY_GIS
SYY_TSN
SYY_K
SYY_REV
SYY_MKC
SYY_UNFI
SYY_CAL
SYY_CAG
SYY_WCC
SYY_LNCE
SYY_EL
SYY_LUK
SYY_AXE
SYY_SKX
SYY_GES
SYY_WGO
SYY_SENEA
SYY_CCU
SYY_CCE
SYY_MYE
SYY_JJSF
SYY_NWL
SYY_WWW
SYY_TR
SYY_NKE
SYY_CPB
SYY_CROX
SYY_HAIN
SYY_PERY
SYY_DECK
SYY_RAI
SYY_OME
SYY_KO
SYY_CTAS
SYY_JOUT
SYY_MGPI
SYY_BGS
SYY_THS
SYY_THO
SYY_FDP
SYY_CRI
SYY_PPC
SYY_ARW
SYY_BG
SYY_DAR
SYY_MDLZ
SYY_UA
SYY_FOSL
SYY_LULU
SYY_COLM
SYY_COKE
VGR_PEP
VGR_COH
VGR_UFI
VGR_MNST
VGR_EPC
VGR_SAFM
VGR_FLO
VGR_ELY
VGR_IPAR
VGR_TAP
VGR_GIS
VGR_TSN
VGR_K
VGR_REV
VGR_MKC
VGR_UNFI
VGR_CAL
VGR_CAG
VGR_WCC
VGR_LNCE
VGR_EL
VGR_LUK
VGR_AXE
VGR_SKX
VGR_GES
VGR_WGO
VGR_SENEA
VGR_CCU
VGR_CCE
VGR_MYE
VGR_JJSF
VGR_NWL
VGR_WWW
VGR_TR
VGR_NKE
VGR_CPB
VGR_CROX
VGR_HAIN
VGR_PERY
VGR_DECK
VGR_RAI
VGR_OME
VGR_KO
VGR_CTAS
VGR_JOUT
VGR_MGPI
VGR_BGS
VGR_THS
VGR_THO
VGR_FDP
VGR_CRI
VGR_PPC
VGR_ARW
VGR_BG
VGR_DAR
VGR_MDLZ
VGR_UA
VGR_FOSL
VGR_LULU
VGR_COLM
VGR_COKE
PEP_COH
PEP_UFI
PEP_MNST
PEP_EPC
PEP_SAFM
PEP_FLO
PEP_ELY
PEP_IPAR
PEP_TAP
PEP_GIS
PEP_TSN
PEP_K
PEP_REV
PEP_MKC
PEP_UNFI
PEP_CAL
PEP_CAG
PEP_WCC
PEP_LNCE
PEP_EL
PEP_LUK
PEP_AXE
PEP_SKX
PEP_GES
PEP_WGO
PEP_SENEA
PEP_CCU
PEP_CCE
PEP_MYE
PEP_JJSF
PEP_NWL
PEP_WWW
PEP_TR
PEP_NKE
PEP_CPB
PEP_CROX
PEP_HAIN
PEP_PERY
PEP_DECK
PEP_RAI
PEP_OME
PEP_KO
PEP_CTAS
PEP_JOUT
PEP_MGPI
PEP_BGS
PEP_THS
PEP_THO
PEP_FDP
PEP_CRI
PEP_PPC
PEP_ARW
PEP_BG
PEP_DAR
PEP_MDLZ
PEP_UA
PEP_FOSL
PEP_LULU
PEP_COLM
PEP_COKE
COH_UFI
COH_MNST
COH_EPC
COH_SAFM
COH_FLO
COH_ELY
COH_IPAR
COH_TAP
COH_GIS
COH_TSN
COH_K
COH_REV
COH_MKC
COH_UNFI
COH_CAL
COH_CAG
COH_WCC
COH_LNCE
COH_EL
COH_LUK
COH_AXE
COH_SKX
COH_GES
COH_WGO
COH_SENEA
COH_CCU
COH_CCE
COH_MYE
COH_JJSF
COH_NWL
COH_WWW
COH_TR
COH_NKE
COH_CPB
COH_CROX
COH_HAIN
COH_PERY
COH_DECK
COH_RAI
COH_OME
COH_KO
COH_CTAS
COH_JOUT
COH_MGPI
COH_BGS
COH_THS
COH_THO
COH_FDP
COH_CRI
COH_PPC
COH_ARW
COH_BG
COH_DAR
COH_MDLZ
COH_UA
COH_FOSL
COH_LULU
COH_COLM
COH_COKE
UFI_MNST
UFI_EPC
UFI_SAFM
UFI_FLO
UFI_ELY
UFI_IPAR
UFI_TAP
UFI_GIS
UFI_TSN
UFI_K
UFI_REV
UFI_MKC
UFI_UNFI
UFI_CAL
UFI_CAG
UFI_WCC
UFI_LNCE
UFI_EL
UFI_LUK
UFI_AXE
UFI_SKX
UFI_GES
UFI_WGO
UFI_SENEA
UFI_CCU
UFI_CCE
UFI_MYE
UFI_JJSF
UFI_NWL
UFI_WWW
UFI_TR
UFI_NKE
UFI_CPB
UFI_CROX
UFI_HAIN
UFI_PERY
UFI_DECK
UFI_RAI
UFI_OME
UFI_KO
UFI_CTAS
UFI_JOUT
UFI_MGPI
UFI_BGS
UFI_THS
UFI_THO
UFI_FDP
UFI_CRI
UFI_PPC
UFI_ARW
UFI_BG
UFI_DAR
UFI_MDLZ
UFI_UA
UFI_FOSL
UFI_LULU
UFI_COLM
UFI_COKE
MNST_EPC
MNST_SAFM
MNST_FLO
MNST_ELY
MNST_IPAR
MNST_TAP
MNST_GIS
MNST_TSN
MNST_K
MNST_REV
MNST_MKC
MNST_UNFI
MNST_CAL
MNST_CAG
MNST_WCC
MNST_LNCE
MNST_EL
MNST_LUK
MNST_AXE
MNST_SKX
MNST_GES
MNST_WGO
MNST_SENEA
MNST_CCU
MNST_CCE
MNST_MYE
MNST_JJSF
MNST_NWL
MNST_WWW
MNST_TR
MNST_NKE
MNST_CPB
MNST_CROX
MNST_HAIN
MNST_PERY
MNST_DECK
MNST_RAI
MNST_OME
MNST_KO
MNST_CTAS
MNST_JOUT
MNST_MGPI
MNST_BGS
MNST_THS
MNST_THO
MNST_FDP
MNST_CRI
MNST_PPC
MNST_ARW
MNST_BG
MNST_DAR
MNST_MDLZ
MNST_UA
MNST_FOSL
MNST_LULU
MNST_COLM
MNST_COKE
EPC_SAFM
EPC_FLO
EPC_ELY
EPC_IPAR
EPC_TAP
EPC_GIS
EPC_TSN
EPC_K
EPC_REV
EPC_MKC
EPC_UNFI
EPC_CAL
EPC_CAG
EPC_WCC
EPC_LNCE
EPC_EL
EPC_LUK
EPC_AXE
EPC_SKX
EPC_GES
EPC_WGO
EPC_SENEA
EPC_CCU
EPC_CCE
EPC_MYE
EPC_JJSF
EPC_NWL
EPC_WWW
EPC_TR
EPC_NKE
EPC_CPB
EPC_CROX
EPC_HAIN
EPC_PERY
EPC_DECK
EPC_RAI
EPC_OME
EPC_KO
EPC_CTAS
EPC_JOUT
EPC_MGPI
EPC_BGS
EPC_THS
EPC_THO
EPC_FDP
EPC_CRI
EPC_PPC
EPC_ARW
EPC_BG
EPC_DAR
EPC_MDLZ
EPC_UA
EPC_FOSL
EPC_LULU
EPC_COLM
EPC_COKE
SAFM_FLO
SAFM_ELY
SAFM_IPAR
SAFM_TAP
SAFM_GIS
SAFM_TSN
SAFM_K
SAFM_REV
SAFM_MKC
SAFM_UNFI
SAFM_CAL
SAFM_CAG
SAFM_WCC
SAFM_LNCE
SAFM_EL
SAFM_LUK
SAFM_AXE
SAFM_SKX
SAFM_GES
SAFM_WGO
SAFM_SENEA
SAFM_CCU
SAFM_CCE
SAFM_MYE
SAFM_JJSF
SAFM_NWL
SAFM_WWW
SAFM_TR
SAFM_NKE
SAFM_CPB
SAFM_CROX
SAFM_HAIN
SAFM_PERY
SAFM_DECK
SAFM_RAI
SAFM_OME
SAFM_KO
SAFM_CTAS
SAFM_JOUT
SAFM_MGPI
SAFM_BGS
SAFM_THS
SAFM_THO
SAFM_FDP
SAFM_CRI
SAFM_PPC
SAFM_ARW
SAFM_BG
SAFM_DAR
SAFM_MDLZ
SAFM_UA
SAFM_FOSL
SAFM_LULU
SAFM_COLM
SAFM_COKE
FLO_ELY
FLO_IPAR
FLO_TAP
FLO_GIS
FLO_TSN
FLO_K
FLO_REV
FLO_MKC
FLO_UNFI
FLO_CAL
FLO_CAG
FLO_WCC
FLO_LNCE
FLO_EL
FLO_LUK
FLO_AXE
FLO_SKX
FLO_GES
FLO_WGO
FLO_SENEA
FLO_CCU
FLO_CCE
FLO_MYE
FLO_JJSF
FLO_NWL
FLO_WWW
FLO_TR
FLO_NKE
FLO_CPB
FLO_CROX
FLO_HAIN
FLO_PERY
FLO_DECK
FLO_RAI
FLO_OME
FLO_KO
FLO_CTAS
FLO_JOUT
FLO_MGPI
FLO_BGS
FLO_THS
FLO_THO
FLO_FDP
FLO_CRI
FLO_PPC
FLO_ARW
FLO_BG
FLO_DAR
FLO_MDLZ
FLO_UA
FLO_FOSL
FLO_LULU
FLO_COLM
FLO_COKE
ELY_IPAR
ELY_TAP
ELY_GIS
ELY_TSN
ELY_K
ELY_REV
ELY_MKC
ELY_UNFI
ELY_CAL
ELY_CAG
ELY_WCC
ELY_LNCE
ELY_EL
ELY_LUK
ELY_AXE
ELY_SKX
ELY_GES
ELY_WGO
ELY_SENEA
ELY_CCU
ELY_CCE
ELY_MYE
ELY_JJSF
ELY_NWL
ELY_WWW
ELY_TR
ELY_NKE
ELY_CPB
ELY_CROX
ELY_HAIN
ELY_PERY
ELY_DECK
ELY_RAI
ELY_OME
ELY_KO
ELY_CTAS
ELY_JOUT
ELY_MGPI
ELY_BGS
ELY_THS
ELY_THO
ELY_FDP
ELY_CRI
ELY_PPC
ELY_ARW
ELY_BG
ELY_DAR
ELY_MDLZ
ELY_UA
ELY_FOSL
ELY_LULU
ELY_COLM
ELY_COKE
IPAR_TAP
IPAR_GIS
IPAR_TSN
IPAR_K
IPAR_REV
IPAR_MKC
IPAR_UNFI
IPAR_CAL
IPAR_CAG
IPAR_WCC
IPAR_LNCE
IPAR_EL
IPAR_LUK
IPAR_AXE
IPAR_SKX
IPAR_GES
IPAR_WGO
IPAR_SENEA
IPAR_CCU
IPAR_CCE
IPAR_MYE
IPAR_JJSF
IPAR_NWL
IPAR_WWW
IPAR_TR
IPAR_NKE
IPAR_CPB
IPAR_CROX
IPAR_HAIN
IPAR_PERY
IPAR_DECK
IPAR_RAI
IPAR_OME
IPAR_KO
IPAR_CTAS
IPAR_JOUT
IPAR_MGPI
IPAR_BGS
IPAR_THS
IPAR_THO
IPAR_FDP
IPAR_CRI
IPAR_PPC
IPAR_ARW
IPAR_BG
IPAR_DAR
IPAR_MDLZ
IPAR_UA
IPAR_FOSL
IPAR_LULU
IPAR_COLM
IPAR_COKE
TAP_GIS
TAP_TSN
TAP_K
TAP_REV
TAP_MKC
TAP_UNFI
TAP_CAL
TAP_CAG
TAP_WCC
TAP_LNCE
TAP_EL
TAP_LUK
TAP_AXE
TAP_SKX
TAP_GES
TAP_WGO
TAP_SENEA
TAP_CCU
TAP_CCE
TAP_MYE
TAP_JJSF
TAP_NWL
TAP_WWW
TAP_TR
TAP_NKE
TAP_CPB
TAP_CROX
TAP_HAIN
TAP_PERY
TAP_DECK
TAP_RAI
TAP_OME
TAP_KO
TAP_CTAS
TAP_JOUT
TAP_MGPI
TAP_BGS
TAP_THS
TAP_THO
TAP_FDP
TAP_CRI
TAP_PPC
TAP_ARW
TAP_BG
TAP_DAR
TAP_MDLZ
TAP_UA
TAP_FOSL
TAP_LULU
TAP_COLM
TAP_COKE
GIS_TSN
GIS_K
GIS_REV
GIS_MKC
GIS_UNFI
GIS_CAL
GIS_CAG
GIS_WCC
GIS_LNCE
GIS_EL
GIS_LUK
GIS_AXE
GIS_SKX
GIS_GES
GIS_WGO
GIS_SENEA
GIS_CCU
GIS_CCE
GIS_MYE
GIS_JJSF
GIS_NWL
GIS_WWW
GIS_TR
GIS_NKE
GIS_CPB
GIS_CROX
GIS_HAIN
GIS_PERY
GIS_DECK
GIS_RAI
GIS_OME
GIS_KO
GIS_CTAS
GIS_JOUT
GIS_MGPI
GIS_BGS
GIS_THS
GIS_THO
GIS_FDP
GIS_CRI
GIS_PPC
GIS_ARW
GIS_BG
GIS_DAR
GIS_MDLZ
GIS_UA
GIS_FOSL
GIS_LULU
GIS_COLM
GIS_COKE
TSN_K
TSN_REV
TSN_MKC
TSN_UNFI
TSN_CAL
TSN_CAG
TSN_WCC
TSN_LNCE
TSN_EL
TSN_LUK
TSN_AXE
TSN_SKX
TSN_GES
TSN_WGO
TSN_SENEA
TSN_CCU
TSN_CCE
TSN_MYE
TSN_JJSF
TSN_NWL
TSN_WWW
TSN_TR
TSN_NKE
TSN_CPB
TSN_CROX
TSN_HAIN
TSN_PERY
TSN_DECK
TSN_RAI
TSN_OME
TSN_KO
TSN_CTAS
TSN_JOUT
TSN_MGPI
TSN_BGS
TSN_THS
TSN_THO
TSN_FDP
TSN_CRI
TSN_PPC
TSN_ARW
TSN_BG
TSN_DAR
TSN_MDLZ
TSN_UA
TSN_FOSL
TSN_LULU
TSN_COLM
TSN_COKE
K_REV
K_MKC
K_UNFI
K_CAL
K_CAG
K_WCC
K_LNCE
K_EL
K_LUK
K_AXE
K_SKX
K_GES
K_WGO
K_SENEA
K_CCU
K_CCE
K_MYE
K_JJSF
K_NWL
K_WWW
K_TR
K_NKE
K_CPB
K_CROX
K_HAIN
K_PERY
K_DECK
K_RAI
K_OME
K_KO
K_CTAS
K_JOUT
K_MGPI
K_BGS
K_THS
K_THO
K_FDP
K_CRI
K_PPC
K_ARW
K_BG
K_DAR
K_MDLZ
K_UA
K_FOSL
K_LULU
K_COLM
K_COKE
REV_MKC
REV_UNFI
REV_CAL
REV_CAG
REV_WCC
REV_LNCE
REV_EL
REV_LUK
REV_AXE
REV_SKX
REV_GES
REV_WGO
REV_SENEA
REV_CCU
REV_CCE
REV_MYE
REV_JJSF
REV_NWL
REV_WWW
REV_TR
REV_NKE
REV_CPB
REV_CROX
REV_HAIN
REV_PERY
REV_DECK
REV_RAI
REV_OME
REV_KO
REV_CTAS
REV_JOUT
REV_MGPI
REV_BGS
REV_THS
REV_THO
REV_FDP
REV_CRI
REV_PPC
REV_ARW
REV_BG
REV_DAR
REV_MDLZ
REV_UA
REV_FOSL
REV_LULU
REV_COLM
REV_COKE
MKC_UNFI
MKC_CAL
MKC_CAG
MKC_WCC
MKC_LNCE
MKC_EL
MKC_LUK
MKC_AXE
MKC_SKX
MKC_GES
MKC_WGO
MKC_SENEA
MKC_CCU
MKC_CCE
MKC_MYE
MKC_JJSF
MKC_NWL
MKC_WWW
MKC_TR
MKC_NKE
MKC_CPB
MKC_CROX
MKC_HAIN
MKC_PERY
MKC_DECK
MKC_RAI
MKC_OME
MKC_KO
MKC_CTAS
MKC_JOUT
MKC_MGPI
MKC_BGS
MKC_THS
MKC_THO
MKC_FDP
MKC_CRI
MKC_PPC
MKC_ARW
MKC_BG
MKC_DAR
MKC_MDLZ
MKC_UA
MKC_FOSL
MKC_LULU
MKC_COLM
MKC_COKE
UNFI_CAL
UNFI_CAG
UNFI_WCC
UNFI_LNCE
UNFI_EL
UNFI_LUK
UNFI_AXE
UNFI_SKX
UNFI_GES
UNFI_WGO
UNFI_SENEA
UNFI_CCU
UNFI_CCE
UNFI_MYE
UNFI_JJSF
UNFI_NWL
UNFI_WWW
UNFI_TR
UNFI_NKE
UNFI_CPB
UNFI_CROX
UNFI_HAIN
UNFI_PERY
UNFI_DECK
UNFI_RAI
UNFI_OME
UNFI_KO
UNFI_CTAS
UNFI_JOUT
UNFI_MGPI
UNFI_BGS
UNFI_THS
UNFI_THO
UNFI_FDP
UNFI_CRI
UNFI_PPC
UNFI_ARW
UNFI_BG
UNFI_DAR
UNFI_MDLZ
UNFI_UA
UNFI_FOSL
UNFI_LULU
UNFI_COLM
UNFI_COKE
CAL_CAG
CAL_WCC
CAL_LNCE
CAL_EL
CAL_LUK
CAL_AXE
CAL_SKX
CAL_GES
CAL_WGO
CAL_SENEA
CAL_CCU
CAL_CCE
CAL_MYE
CAL_JJSF
CAL_NWL
CAL_WWW
CAL_TR
CAL_NKE
CAL_CPB
CAL_CROX
CAL_HAIN
CAL_PERY
CAL_DECK
CAL_RAI
CAL_OME
CAL_KO
CAL_CTAS
CAL_JOUT
CAL_MGPI
CAL_BGS
CAL_THS
CAL_THO
CAL_FDP
CAL_CRI
CAL_PPC
CAL_ARW
CAL_BG
CAL_DAR
CAL_MDLZ
CAL_UA
CAL_FOSL
CAL_LULU
CAL_COLM
CAL_COKE
CAG_WCC
CAG_LNCE
CAG_EL
CAG_LUK
CAG_AXE
CAG_SKX
CAG_GES
CAG_WGO
CAG_SENEA
CAG_CCU
CAG_CCE
CAG_MYE
CAG_JJSF
CAG_NWL
CAG_WWW
CAG_TR
CAG_NKE
CAG_CPB
CAG_CROX
CAG_HAIN
CAG_PERY
CAG_DECK
CAG_RAI
CAG_OME
CAG_KO
CAG_CTAS
CAG_JOUT
CAG_MGPI
CAG_BGS
CAG_THS
CAG_THO
CAG_FDP
CAG_CRI
CAG_PPC
CAG_ARW
CAG_BG
CAG_DAR
CAG_MDLZ
CAG_UA
CAG_FOSL
CAG_LULU
CAG_COLM
CAG_COKE
WCC_LNCE
WCC_EL
WCC_LUK
WCC_AXE
WCC_SKX
WCC_GES
WCC_WGO
WCC_SENEA
WCC_CCU
WCC_CCE
WCC_MYE
WCC_JJSF
WCC_NWL
WCC_WWW
WCC_TR
WCC_NKE
WCC_CPB
WCC_CROX
WCC_HAIN
WCC_PERY
WCC_DECK
WCC_RAI
WCC_OME
WCC_KO
WCC_CTAS
WCC_JOUT
WCC_MGPI
WCC_BGS
WCC_THS
WCC_THO
WCC_FDP
WCC_CRI
WCC_PPC
WCC_ARW
WCC_BG
WCC_DAR
WCC_MDLZ
WCC_UA
WCC_FOSL
WCC_LULU
WCC_COLM
WCC_COKE
LNCE_EL
LNCE_LUK
LNCE_AXE
LNCE_SKX
LNCE_GES
LNCE_WGO
LNCE_SENEA
LNCE_CCU
LNCE_CCE
LNCE_MYE
LNCE_JJSF
LNCE_NWL
LNCE_WWW
LNCE_TR
LNCE_NKE
LNCE_CPB
LNCE_CROX
LNCE_HAIN
LNCE_PERY
LNCE_DECK
LNCE_RAI
LNCE_OME
LNCE_KO
LNCE_CTAS
LNCE_JOUT
LNCE_MGPI
LNCE_BGS
LNCE_THS
LNCE_THO
LNCE_FDP
LNCE_CRI
LNCE_PPC
LNCE_ARW
LNCE_BG
LNCE_DAR
LNCE_MDLZ
LNCE_UA
LNCE_FOSL
LNCE_LULU
LNCE_COLM
LNCE_COKE
EL_LUK
EL_AXE
EL_SKX
EL_GES
EL_WGO
EL_SENEA
EL_CCU
EL_CCE
EL_MYE
EL_JJSF
EL_NWL
EL_WWW
EL_TR
EL_NKE
EL_CPB
EL_CROX
EL_HAIN
EL_PERY
EL_DECK
EL_RAI
EL_OME
EL_KO
EL_CTAS
EL_JOUT
EL_MGPI
EL_BGS
EL_THS
EL_THO
EL_FDP
EL_CRI
EL_PPC
EL_ARW
EL_BG
EL_DAR
EL_MDLZ
EL_UA
EL_FOSL
EL_LULU
EL_COLM
EL_COKE
LUK_AXE
LUK_SKX
LUK_GES
LUK_WGO
LUK_SENEA
LUK_CCU
LUK_CCE
LUK_MYE
LUK_JJSF
LUK_NWL
LUK_WWW
LUK_TR
LUK_NKE
LUK_CPB
LUK_CROX
LUK_HAIN
LUK_PERY
LUK_DECK
LUK_RAI
LUK_OME
LUK_KO
LUK_CTAS
LUK_JOUT
LUK_MGPI
LUK_BGS
LUK_THS
LUK_THO
LUK_FDP
LUK_CRI
LUK_PPC
LUK_ARW
LUK_BG
LUK_DAR
LUK_MDLZ
LUK_UA
LUK_FOSL
LUK_LULU
LUK_COLM
LUK_COKE
AXE_SKX
AXE_GES
AXE_WGO
AXE_SENEA
AXE_CCU
AXE_CCE
AXE_MYE
AXE_JJSF
AXE_NWL
AXE_WWW
AXE_TR
AXE_NKE
AXE_CPB
AXE_CROX
AXE_HAIN
AXE_PERY
AXE_DECK
AXE_RAI
AXE_OME
AXE_KO
AXE_CTAS
AXE_JOUT
AXE_MGPI
AXE_BGS
AXE_THS
AXE_THO
AXE_FDP
AXE_CRI
AXE_PPC
AXE_ARW
AXE_BG
AXE_DAR
AXE_MDLZ
AXE_UA
AXE_FOSL
AXE_LULU
AXE_COLM
AXE_COKE
SKX_GES
SKX_WGO
SKX_SENEA
SKX_CCU
SKX_CCE
SKX_MYE
SKX_JJSF
SKX_NWL
SKX_WWW
SKX_TR
SKX_NKE
SKX_CPB
SKX_CROX
SKX_HAIN
SKX_PERY
SKX_DECK
SKX_RAI
SKX_OME
SKX_KO
SKX_CTAS
SKX_JOUT
SKX_MGPI
SKX_BGS
SKX_THS
SKX_THO
SKX_FDP
SKX_CRI
SKX_PPC
SKX_ARW
SKX_BG
SKX_DAR
SKX_MDLZ
SKX_UA
SKX_FOSL
SKX_LULU
SKX_COLM
SKX_COKE
GES_WGO
GES_SENEA
GES_CCU
GES_CCE
GES_MYE
GES_JJSF
GES_NWL
GES_WWW
GES_TR
GES_NKE
GES_CPB
GES_CROX
GES_HAIN
GES_PERY
GES_DECK
GES_RAI
GES_OME
GES_KO
GES_CTAS
GES_JOUT
GES_MGPI
GES_BGS
GES_THS
GES_THO
GES_FDP
GES_CRI
GES_PPC
GES_ARW
GES_BG
GES_DAR
GES_MDLZ
GES_UA
GES_FOSL
GES_LULU
GES_COLM
GES_COKE
WGO_SENEA
WGO_CCU
WGO_CCE
WGO_MYE
WGO_JJSF
WGO_NWL
WGO_WWW
WGO_TR
WGO_NKE
WGO_CPB
WGO_CROX
WGO_HAIN
WGO_PERY
WGO_DECK
WGO_RAI
WGO_OME
WGO_KO
WGO_CTAS
WGO_JOUT
WGO_MGPI
WGO_BGS
WGO_THS
WGO_THO
WGO_FDP
WGO_CRI
WGO_PPC
WGO_ARW
WGO_BG
WGO_DAR
WGO_MDLZ
WGO_UA
WGO_FOSL
WGO_LULU
WGO_COLM
WGO_COKE
SENEA_CCU
SENEA_CCE
SENEA_MYE
SENEA_JJSF
SENEA_NWL
SENEA_WWW
SENEA_TR
SENEA_NKE
SENEA_CPB
SENEA_CROX
SENEA_HAIN
SENEA_PERY
SENEA_DECK
SENEA_RAI
SENEA_OME
SENEA_KO
SENEA_CTAS
SENEA_JOUT
SENEA_MGPI
SENEA_BGS
SENEA_THS
SENEA_THO
SENEA_FDP
SENEA_CRI
SENEA_PPC
SENEA_ARW
SENEA_BG
SENEA_DAR
SENEA_MDLZ
SENEA_UA
SENEA_FOSL
SENEA_LULU
SENEA_COLM
SENEA_COKE
CCU_CCE
CCU_MYE
CCU_JJSF
CCU_NWL
CCU_WWW
CCU_TR
CCU_NKE
CCU_CPB
CCU_CROX
CCU_HAIN
CCU_PERY
CCU_DECK
CCU_RAI
CCU_OME
CCU_KO
CCU_CTAS
CCU_JOUT
CCU_MGPI
CCU_BGS
CCU_THS
CCU_THO
CCU_FDP
CCU_CRI
CCU_PPC
CCU_ARW
CCU_BG
CCU_DAR
CCU_MDLZ
CCU_UA
CCU_FOSL
CCU_LULU
CCU_COLM
CCU_COKE
CCE_MYE
CCE_JJSF
CCE_NWL
CCE_WWW
CCE_TR
CCE_NKE
CCE_CPB
CCE_CROX
CCE_HAIN
CCE_PERY
CCE_DECK
CCE_RAI
CCE_OME
CCE_KO
CCE_CTAS
CCE_JOUT
CCE_MGPI
CCE_BGS
CCE_THS
CCE_THO
CCE_FDP
CCE_CRI
CCE_PPC
CCE_ARW
CCE_BG
CCE_DAR
CCE_MDLZ
CCE_UA
CCE_FOSL
CCE_LULU
CCE_COLM
CCE_COKE
MYE_JJSF
MYE_NWL
MYE_WWW
MYE_TR
MYE_NKE
MYE_CPB
MYE_CROX
MYE_HAIN
MYE_PERY
MYE_DECK
MYE_RAI
MYE_OME
MYE_KO
MYE_CTAS
MYE_JOUT
MYE_MGPI
MYE_BGS
MYE_THS
MYE_THO
MYE_FDP
MYE_CRI
MYE_PPC
MYE_ARW
MYE_BG
MYE_DAR
MYE_MDLZ
MYE_UA
MYE_FOSL
MYE_LULU
MYE_COLM
MYE_COKE
JJSF_NWL
JJSF_WWW
JJSF_TR
JJSF_NKE
JJSF_CPB
JJSF_CROX
JJSF_HAIN
JJSF_PERY
JJSF_DECK
JJSF_RAI
JJSF_OME
JJSF_KO
JJSF_CTAS
JJSF_JOUT
JJSF_MGPI
JJSF_BGS
JJSF_THS
JJSF_THO
JJSF_FDP
JJSF_CRI
JJSF_PPC
JJSF_ARW
JJSF_BG
JJSF_DAR
JJSF_MDLZ
JJSF_UA
JJSF_FOSL
JJSF_LULU
JJSF_COLM
JJSF_COKE
NWL_WWW
NWL_TR
NWL_NKE
NWL_CPB
NWL_CROX
NWL_HAIN
NWL_PERY
NWL_DECK
NWL_RAI
NWL_OME
NWL_KO
NWL_CTAS
NWL_JOUT
NWL_MGPI
NWL_BGS
NWL_THS
NWL_THO
NWL_FDP
NWL_CRI
NWL_PPC
NWL_ARW
NWL_BG
NWL_DAR
NWL_MDLZ
NWL_UA
NWL_FOSL
NWL_LULU
NWL_COLM
NWL_COKE
WWW_TR
WWW_NKE
WWW_CPB
WWW_CROX
WWW_HAIN
WWW_PERY
WWW_DECK
WWW_RAI
WWW_OME
WWW_KO
WWW_CTAS
WWW_JOUT
WWW_MGPI
WWW_BGS
WWW_THS
WWW_THO
WWW_FDP
WWW_CRI
WWW_PPC
WWW_ARW
WWW_BG
WWW_DAR
WWW_MDLZ
WWW_UA
WWW_FOSL
WWW_LULU
WWW_COLM
WWW_COKE
TR_NKE
TR_CPB
TR_CROX
TR_HAIN
TR_PERY
TR_DECK
TR_RAI
TR_OME
TR_KO
TR_CTAS
TR_JOUT
TR_MGPI
TR_BGS
TR_THS
TR_THO
TR_FDP
TR_CRI
TR_PPC
TR_ARW
TR_BG
TR_DAR
TR_MDLZ
TR_UA
TR_FOSL
TR_LULU
TR_COLM
TR_COKE
NKE_CPB
NKE_CROX
NKE_HAIN
NKE_PERY
NKE_DECK
NKE_RAI
NKE_OME
NKE_KO
NKE_CTAS
NKE_JOUT
NKE_MGPI
NKE_BGS
NKE_THS
NKE_THO
NKE_FDP
NKE_CRI
NKE_PPC
NKE_ARW
NKE_BG
NKE_DAR
NKE_MDLZ
NKE_UA
NKE_FOSL
NKE_LULU
NKE_COLM
NKE_COKE
CPB_CROX
CPB_HAIN
CPB_PERY
CPB_DECK
CPB_RAI
CPB_OME
CPB_KO
CPB_CTAS
CPB_JOUT
CPB_MGPI
CPB_BGS
CPB_THS
CPB_THO
CPB_FDP
CPB_CRI
CPB_PPC
CPB_ARW
CPB_BG
CPB_DAR
CPB_MDLZ
CPB_UA
CPB_FOSL
CPB_LULU
CPB_COLM
CPB_COKE
CROX_HAIN
CROX_PERY
CROX_DECK
CROX_RAI
CROX_OME
CROX_KO
CROX_CTAS
CROX_JOUT
CROX_MGPI
CROX_BGS
CROX_THS
CROX_THO
CROX_FDP
CROX_CRI
CROX_PPC
CROX_ARW
CROX_BG
CROX_DAR
CROX_MDLZ
CROX_UA
CROX_FOSL
CROX_LULU
CROX_COLM
CROX_COKE
HAIN_PERY
HAIN_DECK
HAIN_RAI
HAIN_OME
HAIN_KO
HAIN_CTAS
HAIN_JOUT
HAIN_MGPI
HAIN_BGS
HAIN_THS
HAIN_THO
HAIN_FDP
HAIN_CRI
HAIN_PPC
HAIN_ARW
HAIN_BG
HAIN_DAR
HAIN_MDLZ
HAIN_UA
HAIN_FOSL
HAIN_LULU
HAIN_COLM
HAIN_COKE
PERY_DECK
PERY_RAI
PERY_OME
PERY_KO
PERY_CTAS
PERY_JOUT
PERY_MGPI
PERY_BGS
PERY_THS
PERY_THO
PERY_FDP
PERY_CRI
PERY_PPC
PERY_ARW
PERY_BG
PERY_DAR
PERY_MDLZ
PERY_UA
PERY_FOSL
PERY_LULU
PERY_COLM
PERY_COKE
DECK_RAI
DECK_OME
DECK_KO
DECK_CTAS
DECK_JOUT
DECK_MGPI
DECK_BGS
DECK_THS
DECK_THO
DECK_FDP
DECK_CRI
DECK_PPC
DECK_ARW
DECK_BG
DECK_DAR
DECK_MDLZ
DECK_UA
DECK_FOSL
DECK_LULU
DECK_COLM
DECK_COKE
RAI_OME
RAI_KO
RAI_CTAS
RAI_JOUT
RAI_MGPI
RAI_BGS
RAI_THS
RAI_THO
RAI_FDP
RAI_CRI
RAI_PPC
RAI_ARW
RAI_BG
RAI_DAR
RAI_MDLZ
RAI_UA
RAI_FOSL
RAI_LULU
RAI_COLM
RAI_COKE
OME_KO
OME_CTAS
OME_JOUT
OME_MGPI
OME_BGS
OME_THS
OME_THO
OME_FDP
OME_CRI
OME_PPC
OME_ARW
OME_BG
OME_DAR
OME_MDLZ
OME_UA
OME_FOSL
OME_LULU
OME_COLM
OME_COKE
KO_CTAS
KO_JOUT
KO_MGPI
KO_BGS
KO_THS
KO_THO
KO_FDP
KO_CRI
KO_PPC
KO_ARW
KO_BG
KO_DAR
KO_MDLZ
KO_UA
KO_FOSL
KO_LULU
KO_COLM
KO_COKE
CTAS_JOUT
CTAS_MGPI
CTAS_BGS
CTAS_THS
CTAS_THO
CTAS_FDP
CTAS_CRI
CTAS_PPC
CTAS_ARW
CTAS_BG
CTAS_DAR
CTAS_MDLZ
CTAS_UA
CTAS_FOSL
CTAS_LULU
CTAS_COLM
CTAS_COKE
JOUT_MGPI
JOUT_BGS
JOUT_THS
JOUT_THO
JOUT_FDP
JOUT_CRI
JOUT_PPC
JOUT_ARW
JOUT_BG
JOUT_DAR
JOUT_MDLZ
JOUT_UA
JOUT_FOSL
JOUT_LULU
JOUT_COLM
JOUT_COKE
MGPI_BGS
MGPI_THS
MGPI_THO
MGPI_FDP
MGPI_CRI
MGPI_PPC
MGPI_ARW
MGPI_BG
MGPI_DAR
MGPI_MDLZ
MGPI_UA
MGPI_FOSL
MGPI_LULU
MGPI_COLM
MGPI_COKE
BGS_THS
BGS_THO
BGS_FDP
BGS_CRI
BGS_PPC
BGS_ARW
BGS_BG
BGS_DAR
BGS_MDLZ
BGS_UA
BGS_FOSL
BGS_LULU
BGS_COLM
BGS_COKE
THS_THO
THS_FDP
THS_CRI
THS_PPC
THS_ARW
THS_BG
THS_DAR
THS_MDLZ
THS_UA
THS_FOSL
THS_LULU
THS_COLM
THS_COKE
THO_FDP
THO_CRI
THO_PPC
THO_ARW
THO_BG
THO_DAR
THO_MDLZ
THO_UA
THO_FOSL
THO_LULU
THO_COLM
THO_COKE
FDP_CRI
FDP_PPC
FDP_ARW
FDP_BG
FDP_DAR
FDP_MDLZ
FDP_UA
FDP_FOSL
FDP_LULU
FDP_COLM
FDP_COKE
CRI_PPC
CRI_ARW
CRI_BG
CRI_DAR
CRI_MDLZ
CRI_UA
CRI_FOSL
CRI_LULU
CRI_COLM
CRI_COKE
PPC_ARW
PPC_BG
PPC_DAR
PPC_MDLZ
PPC_UA
PPC_FOSL
PPC_LULU
PPC_COLM
PPC_COKE
ARW_BG
ARW_DAR
ARW_MDLZ
ARW_UA
ARW_FOSL
ARW_LULU
ARW_COLM
ARW_COKE
BG_DAR
BG_MDLZ
BG_UA
BG_FOSL
BG_LULU
BG_COLM
BG_COKE
DAR_MDLZ
DAR_UA
DAR_FOSL
DAR_LULU
DAR_COLM
DAR_COKE
MDLZ_UA
MDLZ_FOSL
MDLZ_LULU
MDLZ_COLM
MDLZ_COKE
UA_FOSL
UA_LULU
UA_COLM
UA_COKE
FOSL_LULU
FOSL_COLM
FOSL_COKE
LULU_COLM
LULU_COKE
COLM_COKE
